Component: ARM Compiler 5.06 update 6 (build 750) Tool: armlink [4d35ed]

==============================================================================

Section Cross References

    startup_stm32f407xx.o(RESET) refers to startup_stm32f407xx.o(STACK) for __initial_sp
    startup_stm32f407xx.o(RESET) refers to startup_stm32f407xx.o(.text) for Reset_Handler
    startup_stm32f407xx.o(RESET) refers to stm32f4xx_it.o(i.NMI_Handler) for NMI_Handler
    startup_stm32f407xx.o(RESET) refers to stm32f4xx_it.o(i.HardFault_Handler) for HardFault_Handler
    startup_stm32f407xx.o(RESET) refers to stm32f4xx_it.o(i.MemManage_Handler) for MemManage_Handler
    startup_stm32f407xx.o(RESET) refers to stm32f4xx_it.o(i.BusFault_Handler) for BusFault_Handler
    startup_stm32f407xx.o(RESET) refers to stm32f4xx_it.o(i.UsageFault_Handler) for UsageFault_Handler
    startup_stm32f407xx.o(RESET) refers to port.o(.emb_text) for SVC_Handler
    startup_stm32f407xx.o(RESET) refers to stm32f4xx_it.o(i.DebugMon_Handler) for DebugMon_Handler
    startup_stm32f407xx.o(RESET) refers to port.o(i.SysTick_Handler) for SysTick_Handler
    startup_stm32f407xx.o(RESET) refers to stm32f4xx_it.o(i.TIM1_UP_TIM10_IRQHandler) for TIM1_UP_TIM10_IRQHandler
    startup_stm32f407xx.o(RESET) refers to stm32f4xx_it.o(i.ETH_IRQHandler) for ETH_IRQHandler
    startup_stm32f407xx.o(.text) refers to system_stm32f4xx.o(i.SystemInit) for SystemInit
    startup_stm32f407xx.o(.text) refers to entry.o(.ARM.Collect$$$$00000000) for __main
    main.o(i.HAL_TIM_PeriodElapsedCallback) refers to stm32f4xx_hal.o(i.HAL_IncTick) for HAL_IncTick
    main.o(i.MX_GPIO_Init) refers to memseta.o(.text) for __aeabi_memclr4
    main.o(i.MX_GPIO_Init) refers to stm32f4xx_hal_gpio.o(i.HAL_GPIO_WritePin) for HAL_GPIO_WritePin
    main.o(i.MX_GPIO_Init) refers to stm32f4xx_hal_gpio.o(i.HAL_GPIO_Init) for HAL_GPIO_Init
    main.o(i.StartDefaultTask) refers to lwip.o(i.MX_LWIP_Init) for MX_LWIP_Init
    main.o(i.StartDefaultTask) refers to stm32f4xx_hal_gpio.o(i.HAL_GPIO_WritePin) for HAL_GPIO_WritePin
    main.o(i.StartDefaultTask) refers to cmsis_os2.o(i.osDelay) for osDelay
    main.o(i.SystemClock_Config) refers to memseta.o(.text) for __aeabi_memclr4
    main.o(i.SystemClock_Config) refers to stm32f4xx_hal_rcc.o(i.HAL_RCC_OscConfig) for HAL_RCC_OscConfig
    main.o(i.SystemClock_Config) refers to stm32f4xx_hal_rcc.o(i.HAL_RCC_ClockConfig) for HAL_RCC_ClockConfig
    main.o(i.main) refers to stm32f4xx_hal.o(i.HAL_Init) for HAL_Init
    main.o(i.main) refers to main.o(i.SystemClock_Config) for SystemClock_Config
    main.o(i.main) refers to main.o(i.MX_GPIO_Init) for MX_GPIO_Init
    main.o(i.main) refers to cmsis_os2.o(i.osKernelInitialize) for osKernelInitialize
    main.o(i.main) refers to cmsis_os2.o(i.osThreadNew) for osThreadNew
    main.o(i.main) refers to cmsis_os2.o(i.osKernelStart) for osKernelStart
    main.o(i.main) refers to main.o(.constdata) for .constdata
    main.o(i.main) refers to main.o(i.StartDefaultTask) for StartDefaultTask
    main.o(i.main) refers to main.o(.data) for .data
    main.o(.constdata) refers to main.o(.conststring) for .conststring
    lwip.o(i.MX_LWIP_Init) refers to tcpip.o(i.tcpip_init) for tcpip_init
    lwip.o(i.MX_LWIP_Init) refers to netif.o(i.netif_add) for netif_add
    lwip.o(i.MX_LWIP_Init) refers to netif.o(i.netif_set_default) for netif_set_default
    lwip.o(i.MX_LWIP_Init) refers to netif.o(i.netif_set_up) for netif_set_up
    lwip.o(i.MX_LWIP_Init) refers to netif.o(i.netif_set_down) for netif_set_down
    lwip.o(i.MX_LWIP_Init) refers to dhcp.o(i.dhcp_start) for dhcp_start
    lwip.o(i.MX_LWIP_Init) refers to lwip.o(.data) for .data
    lwip.o(i.MX_LWIP_Init) refers to tcpip.o(i.tcpip_input) for tcpip_input
    lwip.o(i.MX_LWIP_Init) refers to ethernetif.o(i.ethernetif_init) for ethernetif_init
    lwip.o(i.MX_LWIP_Init) refers to lwip.o(.bss) for .bss
    ethernetif.o(i.HAL_ETH_MspDeInit) refers to stm32f4xx_hal_gpio.o(i.HAL_GPIO_DeInit) for HAL_GPIO_DeInit
    ethernetif.o(i.HAL_ETH_MspDeInit) refers to stm32f4xx_hal_cortex.o(i.HAL_NVIC_DisableIRQ) for HAL_NVIC_DisableIRQ
    ethernetif.o(i.HAL_ETH_MspInit) refers to memseta.o(.text) for __aeabi_memclr4
    ethernetif.o(i.HAL_ETH_MspInit) refers to stm32f4xx_hal_gpio.o(i.HAL_GPIO_Init) for HAL_GPIO_Init
    ethernetif.o(i.HAL_ETH_MspInit) refers to stm32f4xx_hal_cortex.o(i.HAL_NVIC_SetPriority) for HAL_NVIC_SetPriority
    ethernetif.o(i.HAL_ETH_MspInit) refers to stm32f4xx_hal_cortex.o(i.HAL_NVIC_EnableIRQ) for HAL_NVIC_EnableIRQ
    ethernetif.o(i.HAL_ETH_RxCpltCallback) refers to cmsis_os2.o(i.osSemaphoreRelease) for osSemaphoreRelease
    ethernetif.o(i.HAL_ETH_RxCpltCallback) refers to ethernetif.o(.data) for .data
    ethernetif.o(i.ethernetif_init) refers to printf3.o(i.__0printf$3) for __2printf
    ethernetif.o(i.ethernetif_init) refers to ethernetif.o(i.low_level_init) for low_level_init
[...]
    HAL_ETH_GetReceivedFrame_IT              0x08000703   Thumb Code   136  stm32f4xx_hal_eth.o(i.HAL_ETH_GetReceivedFrame_IT)
    HAL_ETH_IRQHandler                       0x0800078b   Thumb Code   122  stm32f4xx_hal_eth.o(i.HAL_ETH_IRQHandler)
    HAL_ETH_Init                             0x08000805   Thumb Code   450  stm32f4xx_hal_eth.o(i.HAL_ETH_Init)
    HAL_ETH_MspInit                          0x080009f1   Thumb Code   210  ethernetif.o(i.HAL_ETH_MspInit)
    HAL_ETH_ReadPHYRegister                  0x08000ad9   Thumb Code   132  stm32f4xx_hal_eth.o(i.HAL_ETH_ReadPHYRegister)
    HAL_ETH_RxCpltCallback                   0x08000b5d   Thumb Code     8  ethernetif.o(i.HAL_ETH_RxCpltCallback)
    HAL_ETH_Start                            0x08000b69   Thumb Code   132  stm32f4xx_hal_eth.o(i.HAL_ETH_Start)
    HAL_ETH_TransmitFrame                    0x08000bed   Thumb Code   264  stm32f4xx_hal_eth.o(i.HAL_ETH_TransmitFrame)
    HAL_ETH_TxCpltCallback                   0x08000cf5   Thumb Code     2  stm32f4xx_hal_eth.o(i.HAL_ETH_TxCpltCallback)
    HAL_ETH_WritePHYRegister                 0x08000cf9   Thumb Code   120  stm32f4xx_hal_eth.o(i.HAL_ETH_WritePHYRegister)
    HAL_GPIO_Init                            0x08000d71   Thumb Code   394  stm32f4xx_hal_gpio.o(i.HAL_GPIO_Init)
    HAL_GPIO_WritePin                        0x08000f29   Thumb Code    10  stm32f4xx_hal_gpio.o(i.HAL_GPIO_WritePin)
    HAL_GetTick                              0x08000f35   Thumb Code     6  stm32f4xx_hal.o(i.HAL_GetTick)
    HAL_IncTick                              0x08000f41   Thumb Code    12  stm32f4xx_hal.o(i.HAL_IncTick)
    HAL_Init                                 0x08000f51   Thumb Code    48  stm32f4xx_hal.o(i.HAL_Init)
    HAL_InitTick                             0x08000f85   Thumb Code   100  stm32f4xx_hal_timebase_tim.o(i.HAL_InitTick)
    HAL_MspInit                              0x08000ff9   Thumb Code    52  stm32f4xx_hal_msp.o(i.HAL_MspInit)
    HAL_NVIC_EnableIRQ                       0x08001031   Thumb Code    26  stm32f4xx_hal_cortex.o(i.HAL_NVIC_EnableIRQ)
    HAL_NVIC_SetPriority                     0x0800104d   Thumb Code    60  stm32f4xx_hal_cortex.o(i.HAL_NVIC_SetPriority)
    HAL_NVIC_SetPriorityGrouping             0x0800108d   Thumb Code    26  stm32f4xx_hal_cortex.o(i.HAL_NVIC_SetPriorityGrouping)
    HAL_RCC_ClockConfig                      0x080010b1   Thumb Code   288  stm32f4xx_hal_rcc.o(i.HAL_RCC_ClockConfig)
    HAL_RCC_GetClockConfig                   0x080011e5   Thumb Code    54  stm32f4xx_hal_rcc.o(i.HAL_RCC_GetClockConfig)
    HAL_RCC_GetHCLKFreq                      0x08001225   Thumb Code     6  stm32f4xx_hal_rcc.o(i.HAL_RCC_GetHCLKFreq)
    HAL_RCC_GetPCLK2Freq                     0x08001231   Thumb Code    20  stm32f4xx_hal_rcc.o(i.HAL_RCC_GetPCLK2Freq)
    HAL_RCC_GetSysClockFreq                  0x08001251   Thumb Code    88  stm32f4xx_hal_rcc.o(i.HAL_RCC_GetSysClockFreq)
    HAL_RCC_OscConfig                        0x080012b1   Thumb Code   840  stm32f4xx_hal_rcc.o(i.HAL_RCC_OscConfig)
    HAL_TIMEx_BreakCallback                  0x0800160d   Thumb Code     2  stm32f4xx_hal_tim_ex.o(i.HAL_TIMEx_BreakCallback)
    HAL_TIMEx_CommutCallback                 0x0800160f   Thumb Code     2  stm32f4xx_hal_tim_ex.o(i.HAL_TIMEx_CommutCallback)
    HAL_TIM_Base_Init                        0x08001611   Thumb Code    54  stm32f4xx_hal_tim.o(i.HAL_TIM_Base_Init)
    HAL_TIM_Base_MspInit                     0x08001647   Thumb Code     2  stm32f4xx_hal_tim.o(i.HAL_TIM_Base_MspInit)
    HAL_TIM_Base_Start_IT                    0x08001649   Thumb Code    34  stm32f4xx_hal_tim.o(i.HAL_TIM_Base_Start_IT)
    HAL_TIM_IC_CaptureCallback               0x0800166b   Thumb Code     2  stm32f4xx_hal_tim.o(i.HAL_TIM_IC_CaptureCallback)
    HAL_TIM_IRQHandler                       0x0800166d   Thumb Code   358  stm32f4xx_hal_tim.o(i.HAL_TIM_IRQHandler)
    HAL_TIM_OC_DelayElapsedCallback          0x080017d3   Thumb Code     2  stm32f4xx_hal_tim.o(i.HAL_TIM_OC_DelayElapsedCallback)
    HAL_TIM_PWM_PulseFinishedCallback        0x080017d5   Thumb Code     2  stm32f4xx_hal_tim.o(i.HAL_TIM_PWM_PulseFinishedCallback)
    HAL_TIM_PeriodElapsedCallback            0x080017d9   Thumb Code    14  main.o(i.HAL_TIM_PeriodElapsedCallback)
    HAL_TIM_TriggerCallback                  0x080017ed   Thumb Code     2  stm32f4xx_hal_tim.o(i.HAL_TIM_TriggerCallback)
    HardFault_Handler                        0x080017ef   Thumb Code     2  stm32f4xx_it.o(i.HardFault_Handler)
    MX_LWIP_Init                             0x080018b9   Thumb Code    86  lwip.o(i.MX_LWIP_Init)
    MemManage_Handler                        0x08001921   Thumb Code     2  stm32f4xx_it.o(i.MemManage_Handler)
    NMI_Handler                              0x08001923   Thumb Code     2  stm32f4xx_it.o(i.NMI_Handler)
    StartDefaultTask                         0x08001925   Thumb Code    24  main.o(i.StartDefaultTask)
    SysTick_Handler                          0x08001941   Thumb Code    38  port.o(i.SysTick_Handler)
    SystemClock_Config                       0x0800196d   Thumb Code   126  main.o(i.SystemClock_Config)
    SystemInit                               0x080019f5   Thumb Code    22  system_stm32f4xx.o(i.SystemInit)
    TIM1_UP_TIM10_IRQHandler                 0x08001a11   Thumb Code     6  stm32f4xx_it.o(i.TIM1_UP_TIM10_IRQHandler)
    TIM_Base_SetConfig                       0x08001a1d   Thumb Code   156  stm32f4xx_hal_tim.o(i.TIM_Base_SetConfig)
    UsageFault_Handler                       0x08001ae5   Thumb Code     2  stm32f4xx_it.o(i.UsageFault_Handler)
    __0printf$3                              0x08001ae9   Thumb Code    22  printf3.o(i.__0printf$3)
    __1printf$3                              0x08001ae9   Thumb Code     0  printf3.o(i.__0printf$3)
    __2printf                                0x08001ae9   Thumb Code     0  printf3.o(i.__0printf$3)
    __scatterload_copy                       0x08001b29   Thumb Code    14  handlers.o(i.__scatterload_copy)
    __scatterload_null                       0x08001b37   Thumb Code     2  handlers.o(i.__scatterload_null)
    __scatterload_zeroinit                   0x08001b39   Thumb Code    14  handlers.o(i.__scatterload_zeroinit)
    dhcp_arp_reply                           0x08001d01   Thumb Code    42  dhcp.o(i.dhcp_arp_reply)
    dhcp_coarse_tmr                          0x08001f59   Thumb Code   168  dhcp.o(i.dhcp_coarse_tmr)
    dhcp_fine_tmr                            0x08002425   Thumb Code    46  dhcp.o(i.dhcp_fine_tmr)
    dhcp_release_and_stop                    0x08002f45   Thumb Code   180  dhcp.o(i.dhcp_release_and_stop)
    dhcp_renew                               0x08003001   Thumb Code   210  dhcp.o(i.dhcp_renew)
    dhcp_start                               0x080032e9   Thumb Code   148  dhcp.o(i.dhcp_start)
    dhcp_supplied_address                    0x08003411   Thumb Code    28  dhcp.o(i.dhcp_supplied_address)
    etharp_cleanup_netif                     0x080035f9   Thumb Code    40  etharp.o(i.etharp_cleanup_netif)
    etharp_input                             0x080038a9   Thumb Code   166  etharp.o(i.etharp_input)
    etharp_output                            0x080039c1   Thumb Code   280  etharp.o(i.etharp_output)
    etharp_query                             0x08003c81   Thumb Code   300  etharp.o(i.etharp_query)
    etharp_request                           0x08003fdd   Thumb Code     6  etharp.o(i.etharp_request)
    etharp_tmr                               0x08004009   Thumb Code    90  etharp.o(i.etharp_tmr)
    ethernet_input                           0x08004185   Thumb Code   160  ethernet.o(i.ethernet_input)
    ethernet_output                          0x08004229   Thumb Code    98  ethernet.o(i.ethernet_output)
    ethernetif_init                          0x08004321   Thumb Code    50  ethernetif.o(i.ethernetif_init)
    ethernetif_input                         0x080043a9   Thumb Code    66  ethernetif.o(i.ethernetif_input)
    fputc                                    0x080043f5   Thumb Code    18  fputc.o(i.fputc)
    icmp_dest_unreach                        0x08004407   Thumb Code     8  icmp.o(i.icmp_dest_unreach)
    icmp_input                               0x08004411   Thumb Code   280  icmp.o(i.icmp_input)
    icmp_time_exceeded                       0x08004709   Thumb Code     8  icmp.o(i.icmp_time_exceeded)
    ip4_addr_isbroadcast_u32                 0x08004711   Thumb Code    46  ip4_addr.o(i.ip4_addr_isbroadcast_u32)
    ip4_frag                                 0x08004741   Thumb Code   426  ip4_frag.o(i.ip4_frag)
    ip4_input                                0x080049a1   Thumb Code   394  ip4.o(i.ip4_input)
    ip4_output_if                            0x08004b61   Thumb Code    30  ip4.o(i.ip4_output_if)
    ip4_output_if_src                        0x08004b81   Thumb Code   214  ip4.o(i.ip4_output_if_src)
    ip4_reass                                0x08004cf9   Thumb Code   482  ip4_frag.o(i.ip4_reass)
    ip4_route                                0x08004f81   Thumb Code    86  ip4.o(i.ip4_route)
    ip_reass_tmr                             0x0800558d   Thumb Code    40  ip4_frag.o(i.ip_reass_tmr)
    lwip_htonl                               0x0800592d   Thumb Code     4  def.o(i.lwip_htonl)
    lwip_htons                               0x08005931   Thumb Code     4  def.o(i.lwip_htons)
    lwip_init                                0x08005935   Thumb Code    34  init.o(i.lwip_init)
    main                                     0x08005959   Thumb Code    36  main.o(i.main)
    mem_free                                 0x08005989   Thumb Code   208  mem.o(i.mem_free)
    mem_init                                 0x08005b51   Thumb Code    76  mem.o(i.mem_init)
    mem_malloc                               0x08005c19   Thumb Code   314  mem.o(i.mem_malloc)
    mem_trim                                 0x08005e75   Thumb Code   314  mem.o(i.mem_trim)
    memp_free                                0x08006059   Thumb Code    34  memp.o(i.memp_free)
    memp_init                                0x080060f5   Thumb Code    26  memp.o(i.memp_init)
    memp_init_pool                           0x08006115   Thumb Code    42  memp.o(i.memp_init_pool)
    memp_malloc                              0x08006141   Thumb Code    38  memp.o(i.memp_malloc)
    netif_add                                0x080061e5   Thumb Code   236  netif.o(i.netif_add)
    netif_get_by_index                       0x080064c5   Thumb Code    34  netif.o(i.netif_get_by_index)
    netif_init                               0x080064ed   Thumb Code     2  netif.o(i.netif_init)
    netif_set_addr                           0x080065b9   Thumb Code    90  netif.o(i.netif_set_addr)
    netif_set_default                        0x08006619   Thumb Code     6  netif.o(i.netif_set_default)
    netif_set_down                           0x08006625   Thumb Code    42  netif.o(i.netif_set_down)
    netif_set_up                             0x080066cd   Thumb Code    40  netif.o(i.netif_set_up)
    osDelay                                  0x0800676d   Thumb Code    46  cmsis_os2.o(i.osDelay)
    osKernelGetTickCount                     0x080067a1   Thumb Code    34  cmsis_os2.o(i.osKernelGetTickCount)
    osKernelInitialize                       0x080067c9   Thumb Code    48  cmsis_os2.o(i.osKernelInitialize)
    osKernelStart                            0x080067fd   Thumb Code    56  cmsis_os2.o(i.osKernelStart)
    osMessageQueueGet                        0x08006839   Thumb Code   118  cmsis_os2.o(i.osMessageQueueGet)
    osMessageQueueNew                        0x080068b9   Thumb Code   110  cmsis_os2.o(i.osMessageQueueNew)
    osMessageQueuePut                        0x0800692d   Thumb Code   122  cmsis_os2.o(i.osMessageQueuePut)
    osMutexAcquire                           0x080069b1   Thumb Code   104  cmsis_os2.o(i.osMutexAcquire)
    osMutexNew                               0x08006a1d   Thumb Code   124  cmsis_os2.o(i.osMutexNew)
    osMutexRelease                           0x08006a9d   Thumb Code    88  cmsis_os2.o(i.osMutexRelease)
    osSemaphoreAcquire                       0x08006af9   Thumb Code   110  cmsis_os2.o(i.osSemaphoreAcquire)
    osSemaphoreNew                           0x08006b71   Thumb Code   172  cmsis_os2.o(i.osSemaphoreNew)
    osSemaphoreRelease                       0x08006c21   Thumb Code   104  cmsis_os2.o(i.osSemaphoreRelease)
    osThreadNew                              0x08006c91   Thumb Code   158  cmsis_os2.o(i.osThreadNew)
    pbuf_add_header                          0x08006d35   Thumb Code     6  pbuf.o(i.pbuf_add_header)
    pbuf_alloc                               0x08006dfd   Thumb Code   336  pbuf.o(i.pbuf_alloc)
    pbuf_alloc_reference                     0x08007059   Thumb Code    68  pbuf.o(i.pbuf_alloc_reference)
    pbuf_alloced_custom                      0x08007109   Thumb Code    54  pbuf.o(i.pbuf_alloced_custom)
    pbuf_cat                                 0x08007141   Thumb Code    96  pbuf.o(i.pbuf_cat)
    pbuf_chain                               0x08007271   Thumb Code    18  pbuf.o(i.pbuf_chain)
    pbuf_clen                                0x08007283   Thumb Code    18  pbuf.o(i.pbuf_clen)
    pbuf_clone                               0x08007295   Thumb Code    48  pbuf.o(i.pbuf_clone)
    pbuf_copy                                0x08007331   Thumb Code   232  pbuf.o(i.pbuf_copy)
    pbuf_copy_partial                        0x08007511   Thumb Code   124  pbuf.o(i.pbuf_copy_partial)
    pbuf_free                                0x08007629   Thumb Code   176  pbuf.o(i.pbuf_free)
    pbuf_header_force                        0x080077c1   Thumb Code     6  pbuf.o(i.pbuf_header_force)
    pbuf_realloc                             0x080077f1   Thumb Code   142  pbuf.o(i.pbuf_realloc)
    pbuf_ref                                 0x08007925   Thumb Code    46  pbuf.o(i.pbuf_ref)
    pbuf_remove_header                       0x080079c1   Thumb Code    74  pbuf.o(i.pbuf_remove_header)
    pvPortMalloc                             0x080083e9   Thumb Code   210  heap_4.o(i.pvPortMalloc)
    pvTaskIncrementMutexHeldCount            0x080084c1   Thumb Code    18  tasks.o(i.pvTaskIncrementMutexHeldCount)
    pxPortInitialiseStack                    0x080084d9   Thumb Code    40  port.o(i.pxPortInitialiseStack)
    sys_arch_mbox_fetch                      0x08008505   Thumb Code    62  sys_arch.o(i.sys_arch_mbox_fetch)
    sys_arch_protect                         0x08008545   Thumb Code    18  sys_arch.o(i.sys_arch_protect)
    sys_arch_unprotect                       0x0800855d   Thumb Code     8  sys_arch.o(i.sys_arch_unprotect)
    sys_check_timeouts                       0x08008569   Thumb Code    62  timeouts.o(i.sys_check_timeouts)
    sys_init                                 0x080085ad   Thumb Code    14  sys_arch.o(i.sys_init)
    sys_mbox_new                             0x080085c1   Thumb Code    30  sys_arch.o(i.sys_mbox_new)
    sys_mbox_trypost                         0x080085df   Thumb Code    24  sys_arch.o(i.sys_mbox_trypost)
    sys_mbox_valid                           0x080085f7   Thumb Code    10  sys_arch.o(i.sys_mbox_valid)
    sys_mutex_lock                           0x08008601   Thumb Code    10  sys_arch.o(i.sys_mutex_lock)
    sys_mutex_new                            0x0800860b   Thumb Code    24  sys_arch.o(i.sys_mutex_new)
    sys_mutex_unlock                         0x08008623   Thumb Code     6  sys_arch.o(i.sys_mutex_unlock)
    sys_now                                  0x08008629   Thumb Code     4  ethernetif.o(i.sys_now)
    sys_thread_new                           0x0800862d   Thumb Code    46  sys_arch.o(i.sys_thread_new)
    sys_timeout                              0x0800865d   Thumb Code    46  timeouts.o(i.sys_timeout)
    sys_timeouts_init                        0x08008819   Thumb Code    30  timeouts.o(i.sys_timeouts_init)
    sys_timeouts_sleeptime                   0x08008841   Thumb Code    34  timeouts.o(i.sys_timeouts_sleeptime)
    tcp_abandon                              0x08008869   Thumb Code   256  tcp.o(i.tcp_abandon)
    tcp_abort                                0x08008a15   Thumb Code     6  tcp.o(i.tcp_abort)
    tcp_alloc                                0x08008a1d   Thumb Code   280  tcp.o(i.tcp_alloc)
    tcp_close                                0x08008b41   Thumb Code    48  tcp.o(i.tcp_close)
    tcp_eff_send_mss_netif                   0x08009001   Thumb Code    54  tcp.o(i.tcp_eff_send_mss_netif)
    tcp_enqueue_flags                        0x080090b9   Thumb Code   268  tcp_out.o(i.tcp_enqueue_flags)
    tcp_fasttmr                              0x080092ed   Thumb Code   102  tcp.o(i.tcp_fasttmr)
    tcp_free                                 0x08009359   Thumb Code    34  tcp.o(i.tcp_free)
    tcp_free_ooseq                           0x08009525   Thumb Code    20  tcp.o(i.tcp_free_ooseq)
    tcp_init                                 0x08009561   Thumb Code    20  tcp.o(i.tcp_init)
    tcp_input                                0x08009579   Thumb Code  1584  tcp_in.o(i.tcp_input)
    tcp_keepalive                            0x08009c9d   Thumb Code    82  tcp_out.o(i.tcp_keepalive)
    tcp_netif_ip_addr_changed                0x0800a02d   Thumb Code    70  tcp.o(i.tcp_netif_ip_addr_changed)
    tcp_next_iss                             0x0800a139   Thumb Code    32  tcp.o(i.tcp_next_iss)
    tcp_output                               0x0800a2dd   Thumb Code   552  tcp_out.o(i.tcp_output)
    tcp_pcb_purge                            0x0800acd1   Thumb Code    88  tcp.o(i.tcp_pcb_purge)
    tcp_pcb_remove                           0x0800ad9d   Thumb Code   174  tcp.o(i.tcp_pcb_remove)
    tcp_process_refused_data                 0x0800b3f1   Thumb Code   132  tcp.o(i.tcp_process_refused_data)
    tcp_recv_null                            0x0800bdf9   Thumb Code    60  tcp.o(i.tcp_recv_null)
    tcp_recved                               0x0800bea9   Thumb Code   104  tcp.o(i.tcp_recved)
    tcp_rexmit                               0x0800c001   Thumb Code   118  tcp_out.o(i.tcp_rexmit)
    tcp_rexmit_fast                          0x0800c0ed   Thumb Code   108  tcp_out.o(i.tcp_rexmit_fast)
    tcp_rexmit_rto                           0x0800c1d5   Thumb Code    42  tcp_out.o(i.tcp_rexmit_rto)
    tcp_rexmit_rto_commit                    0x0800c279   Thumb Code    44  tcp_out.o(i.tcp_rexmit_rto_commit)
    tcp_rexmit_rto_prepare                   0x0800c325   Thumb Code   118  tcp_out.o(i.tcp_rexmit_rto_prepare)
    tcp_rst                                  0x0800c42d   Thumb Code   128  tcp_out.o(i.tcp_rst)
    tcp_seg_copy                             0x0800c541   Thumb Code    56  tcp.o(i.tcp_seg_copy)
    tcp_seg_free                             0x0800c5ed   Thumb Code    28  tcp.o(i.tcp_seg_free)
    tcp_segs_free                            0x0800c609   Thumb Code    18  tcp.o(i.tcp_segs_free)
    tcp_send_empty_ack                       0x0800c61d   Thumb Code   110  tcp_out.o(i.tcp_send_empty_ack)
    tcp_send_fin                             0x0800c709   Thumb Code    84  tcp_out.o(i.tcp_send_fin)
    tcp_slowtmr                              0x0800c7d5   Thumb Code  1360  tcp.o(i.tcp_slowtmr)
    tcp_split_unsent_seg                     0x0800cda5   Thumb Code   360  tcp_out.o(i.tcp_split_unsent_seg)
    tcp_timer_needed                         0x0800cfd1   Thumb Code    36  timeouts.o(i.tcp_timer_needed)
    tcp_tmr                                  0x0800d105   Thumb Code    28  tcp.o(i.tcp_tmr)
    tcp_trigger_input_pcb_close              0x0800d125   Thumb Code    12  tcp_in.o(i.tcp_trigger_input_pcb_close)
    tcp_update_rcv_ann_wnd                   0x0800d135   Thumb Code    92  tcp.o(i.tcp_update_rcv_ann_wnd)
    tcp_zero_window_probe                    0x0800d229   Thumb Code   190  tcp_out.o(i.tcp_zero_window_probe)
    tcpip_init                               0x0800d369   Thumb Code    88  tcpip.o(i.tcpip_init)
    tcpip_inpkt                              0x0800d479   Thumb Code    82  tcpip.o(i.tcpip_inpkt)
    tcpip_input                              0x0800d539   Thumb Code    20  tcpip.o(i.tcpip_input)
    tcpip_try_callback                       0x0800d751   Thumb Code    78  tcpip.o(i.tcpip_try_callback)
    udp_bind                                 0x0800d80d   Thumb Code   186  udp.o(i.udp_bind)
    udp_connect                              0x0800d941   Thumb Code   108  udp.o(i.udp_connect)
    udp_init                                 0x0800da41   Thumb Code    20  udp.o(i.udp_init)
    udp_input                                0x0800da59   Thumb Code   310  udp.o(i.udp_input)
    udp_netif_ip_addr_changed                0x0800dd4d   Thumb Code    48  udp.o(i.udp_netif_ip_addr_changed)
    udp_new                                  0x0800dd81   Thumb Code    26  udp.o(i.udp_new)
    udp_recv                                 0x0800dd9d   Thumb Code    22  udp.o(i.udp_recv)
    udp_remove                               0x0800de25   Thumb Code    58  udp.o(i.udp_remove)
    udp_sendto_if                            0x0800ded5   Thumb Code   110  udp.o(i.udp_sendto_if)
    udp_sendto_if_src                        0x0800e015   Thumb Code   274  udp.o(i.udp_sendto_if_src)
    uxListRemove                             0x0800e25d   Thumb Code    38  list.o(i.uxListRemove)
    vApplicationGetIdleTaskMemory            0x0800e285   Thumb Code    16  cmsis_os2.o(i.vApplicationGetIdleTaskMemory)
    vApplicationGetTimerTaskMemory           0x0800e299   Thumb Code    18  cmsis_os2.o(i.vApplicationGetTimerTaskMemory)
    vListInitialise                          0x0800e2b1   Thumb Code    22  list.o(i.vListInitialise)
    vListInitialiseItem                      0x0800e2c7   Thumb Code     6  list.o(i.vListInitialiseItem)
    vListInsert                              0x0800e2cd   Thumb Code    48  list.o(i.vListInsert)
    vListInsertEnd                           0x0800e2fd   Thumb Code    24  list.o(i.vListInsertEnd)
    vPortEnterCritical                       0x0800e315   Thumb Code    54  port.o(i.vPortEnterCritical)
    vPortExitCritical                        0x0800e355   Thumb Code    34  port.o(i.vPortExitCritical)
    vPortFree                                0x0800e37d   Thumb Code    88  heap_4.o(i.vPortFree)
    vPortSetupTimerInterrupt                 0x0800e3d9   Thumb Code    32  port.o(i.vPortSetupTimerInterrupt)
    vPortValidateInterruptPriority           0x0800e3fd   Thumb Code    74  port.o(i.vPortValidateInterruptPriority)
    vQueueAddToRegistry                      0x0800e451   Thumb Code    34  queue.o(i.vQueueAddToRegistry)
    vQueueDelete                             0x0800e479   Thumb Code    46  queue.o(i.vQueueDelete)
    vQueueUnregisterQueue                    0x0800e4a9   Thumb Code    36  queue.o(i.vQueueUnregisterQueue)
    vQueueWaitForMessageRestricted           0x0800e4d1   Thumb Code    68  queue.o(i.vQueueWaitForMessageRestricted)
    vTaskDelay                               0x0800e515   Thumb Code    66  tasks.o(i.vTaskDelay)
    vTaskInternalSetTimeOutState             0x0800e561   Thumb Code    12  tasks.o(i.vTaskInternalSetTimeOutState)
    vTaskMissedYield                         0x0800e571   Thumb Code     8  tasks.o(i.vTaskMissedYield)
    vTaskPlaceOnEventList                    0x0800e57d   Thumb Code    44  tasks.o(i.vTaskPlaceOnEventList)
    vTaskPlaceOnEventListRestricted          0x0800e5ad   Thumb Code    52  tasks.o(i.vTaskPlaceOnEventListRestricted)
    vTaskPriorityDisinheritAfterTimeout      0x0800e5e5   Thumb Code   134  tasks.o(i.vTaskPriorityDisinheritAfterTimeout)
    vTaskStartScheduler                      0x0800e675   Thumb Code   118  tasks.o(i.vTaskStartScheduler)
    vTaskSuspendAll                          0x0800e6fd   Thumb Code    10  tasks.o(i.vTaskSuspendAll)
    vTaskSwitchContext                       0x0800e70d   Thumb Code    90  tasks.o(i.vTaskSwitchContext)
    xPortStartScheduler                      0x0800e771   Thumb Code   222  port.o(i.xPortStartScheduler)
    xQueueCreateCountingSemaphore            0x0800e865   Thumb Code    58  queue.o(i.xQueueCreateCountingSemaphore)
    xQueueCreateCountingSemaphoreStatic      0x0800e89f   Thumb Code    64  queue.o(i.xQueueCreateCountingSemaphoreStatic)
    xQueueCreateMutex                        0x0800e8df   Thumb Code    22  queue.o(i.xQueueCreateMutex)
    xQueueCreateMutexStatic                  0x0800e8f5   Thumb Code    26  queue.o(i.xQueueCreateMutexStatic)
    xQueueGenericCreate                      0x0800e90f   Thumb Code    72  queue.o(i.xQueueGenericCreate)
    xQueueGenericCreateStatic                0x0800e957   Thumb Code   102  queue.o(i.xQueueGenericCreateStatic)
    xQueueGenericReset                       0x0800e9bd   Thumb Code   132  queue.o(i.xQueueGenericReset)
    xQueueGenericSend                        0x0800ea45   Thumb Code   346  queue.o(i.xQueueGenericSend)
    xQueueGenericSendFromISR                 0x0800eba5   Thumb Code   188  queue.o(i.xQueueGenericSendFromISR)
    xQueueGiveFromISR                        0x0800ec61   Thumb Code   156  queue.o(i.xQueueGiveFromISR)
    xQueueGiveMutexRecursive                 0x0800ecfd   Thumb Code    62  queue.o(i.xQueueGiveMutexRecursive)
    xQueueReceive                            0x0800ed3d   Thumb Code   308  queue.o(i.xQueueReceive)
    xQueueReceiveFromISR                     0x0800ee75   Thumb Code   154  queue.o(i.xQueueReceiveFromISR)
    xQueueSemaphoreTake                      0x0800ef11   Thumb Code   372  queue.o(i.xQueueSemaphoreTake)
    xQueueTakeMutexRecursive                 0x0800f089   Thumb Code    64  queue.o(i.xQueueTakeMutexRecursive)
    xTaskCheckForTimeOut                     0x0800f0c9   Thumb Code   112  tasks.o(i.xTaskCheckForTimeOut)
    xTaskCreate                              0x0800f13d   Thumb Code    90  tasks.o(i.xTaskCreate)
    xTaskCreateStatic                        0x0800f197   Thumb Code    86  tasks.o(i.xTaskCreateStatic)
    xTaskGetCurrentTaskHandle                0x0800f1ed   Thumb Code     6  tasks.o(i.xTaskGetCurrentTaskHandle)
    xTaskGetSchedulerState                   0x0800f1f9   Thumb Code    22  tasks.o(i.xTaskGetSchedulerState)
    xTaskGetTickCount                        0x0800f215   Thumb Code     6  tasks.o(i.xTaskGetTickCount)
    xTaskGetTickCountFromISR                 0x0800f221   Thumb Code    12  tasks.o(i.xTaskGetTickCountFromISR)
    xTaskIncrementTick                       0x0800f231   Thumb Code   190  tasks.o(i.xTaskIncrementTick)
    xTaskPriorityDisinherit                  0x0800f2f9   Thumb Code   118  tasks.o(i.xTaskPriorityDisinherit)
    xTaskPriorityInherit                     0x0800f379   Thumb Code   112  tasks.o(i.xTaskPriorityInherit)
    xTaskRemoveFromEventList                 0x0800f3f1   Thumb Code    98  tasks.o(i.xTaskRemoveFromEventList)
    xTaskResumeAll                           0x0800f461   Thumb Code   182  tasks.o(i.xTaskResumeAll)
    xTimerCreateTimerTask                    0x0800f525   Thumb Code    78  timers.o(i.xTimerCreateTimerTask)
    xTimerGenericCommand                     0x0800f585   Thumb Code    98  timers.o(i.xTimerGenericCommand)
    defaultTask_attributes                   0x0800f5ec   Data          36  main.o(.constdata)
    AHBPrescTable                            0x0800f610   Data          16  system_stm32f4xx.o(.constdata)
    APBPrescTable                            0x0800f620   Data           8  system_stm32f4xx.o(.constdata)
    ethbroadcast                             0x0800f628   Data           6  ethernet.o(.constdata)
    ethzero                                  0x0800f62e   Data           6  ethernet.o(.constdata)
    memp_UDP_PCB                             0x0800f634   Data          12  memp.o(.constdata)
    memp_TCP_PCB                             0x0800f640   Data          12  memp.o(.constdata)
    memp_TCP_PCB_LISTEN                      0x0800f64c   Data          12  memp.o(.constdata)
    memp_TCP_SEG                             0x0800f658   Data          12  memp.o(.constdata)
    memp_REASSDATA                           0x0800f664   Data          12  memp.o(.constdata)
    memp_FRAG_PBUF                           0x0800f670   Data          12  memp.o(.constdata)
    memp_NETBUF                              0x0800f67c   Data          12  memp.o(.constdata)
    memp_NETCONN                             0x0800f688   Data          12  memp.o(.constdata)
    memp_TCPIP_MSG_API                       0x0800f694   Data          12  memp.o(.constdata)
    memp_TCPIP_MSG_INPKT                     0x0800f6a0   Data          12  memp.o(.constdata)
    memp_SYS_TIMEOUT                         0x0800f6ac   Data          12  memp.o(.constdata)
    memp_PBUF                                0x0800f6b8   Data          12  memp.o(.constdata)
    memp_PBUF_POOL                           0x0800f6c4   Data          12  memp.o(.constdata)
    memp_pools                               0x0800f6d0   Data          52  memp.o(.constdata)
    tcp_pcb_lists                            0x0800f748   Data          16  tcp.o(.constdata)
    lwip_cyclic_timers                       0x0800f758   Data          40  timeouts.o(.constdata)
    ip_addr_any                              0x0800f780   Data           4  ip4_addr.o(.constdata)
    ip_addr_broadcast                        0x0800f784   Data           4  ip4_addr.o(.constdata)
    Region$$Table$$Base                      0x0800f8ec   Number         0  anon$$obj.o(Region$$Table)
    Region$$Table$$Limit                     0x0800f90c   Number         0  anon$$obj.o(Region$$Table)
    defaultTaskHandle                        0x20000000   Data           4  main.o(.data)
    ipaddr                                   0x20000004   Data           4  lwip.o(.data)
    netmask                                  0x20000008   Data           4  lwip.o(.data)
    gw                                       0x2000000c   Data           4  lwip.o(.data)
    s_xSemaphore                             0x20000010   Data           4  ethernetif.o(.data)
    uwTickFreq                               0x20000014   Data           1  stm32f4xx_hal.o(.data)
    uwTickPrio                               0x20000018   Data           4  stm32f4xx_hal.o(.data)
    uwTick                                   0x2000001c   Data           4  stm32f4xx_hal.o(.data)
    SystemCoreClock                          0x20000020   Data           4  system_stm32f4xx.o(.data)
    pxCurrentTCB                             0x20000024   Data           4  tasks.o(.data)
    lock_tcpip_core                          0x200000a8   Data           4  tcpip.o(.data)
    netif_list                               0x200000f4   Data           4  netif.o(.data)
    netif_default                            0x200000f8   Data           4  netif.o(.data)
    pbuf_free_ooseq_pending                  0x200000fc   Data           1  pbuf.o(.data)
    tcp_active_pcbs_changed                  0x20000100   Data           1  tcp.o(.data)
    tcp_ticks                                0x2000010c   Data           4  tcp.o(.data)
    tcp_bound_pcbs                           0x20000110   Data           4  tcp.o(.data)
    tcp_listen_pcbs                          0x20000114   Data           4  tcp.o(.data)
    tcp_active_pcbs                          0x20000118   Data           4  tcp.o(.data)
    tcp_tw_pcbs                              0x2000011c   Data           4  tcp.o(.data)
    tcp_input_pcb                            0x20000140   Data           4  tcp_in.o(.data)
    udp_pcbs                                 0x20000154   Data           4  udp.o(.data)
    dhcp_rx_options_given                    0x20000164   Data           8  dhcp.o(.data)
    lwip_sys_mutex                           0x20000178   Data           4  sys_arch.o(.data)
    __stdout                                 0x20000180   Data           4  stdout.o(.data)
    gnetif                                   0x20000184   Data          52  lwip.o(.bss)
    DMARxDscrTab                             0x200001b8   Data         128  ethernetif.o(.bss)
    DMATxDscrTab                             0x20000238   Data         128  ethernetif.o(.bss)
    Rx_Buff                                  0x200002b8   Data        6096  ethernetif.o(.bss)
    Tx_Buff                                  0x20001a88   Data        6096  ethernetif.o(.bss)
    heth                                     0x20003258   Data          72  ethernetif.o(.bss)
    htim1                                    0x200032a0   Data          64  stm32f4xx_hal_timebase_tim.o(.bss)
    xQueueRegistry                           0x200032e0   Data          64  queue.o(.bss)
    ip_data                                  0x20007bb4   Data          24  ip.o(.bss)
    ram_heap                                 0x20007bcc   Data        1619  mem.o(.bss)
    memp_memory_UDP_PCB_base                 0x2000821f   Data         131  memp.o(.bss)
    memp_memory_TCP_PCB_base                 0x200082a2   Data         783  memp.o(.bss)
    memp_memory_TCP_PCB_LISTEN_base          0x200085b1   Data         227  memp.o(.bss)
    memp_memory_TCP_SEG_base                 0x20008694   Data         259  memp.o(.bss)
    memp_memory_REASSDATA_base               0x20008797   Data         163  memp.o(.bss)
    memp_memory_FRAG_PBUF_base               0x2000883a   Data         363  memp.o(.bss)
    memp_memory_NETBUF_base                  0x200089a5   Data          35  memp.o(.bss)
    memp_memory_NETCONN_base                 0x200089c8   Data         163  memp.o(.bss)
    memp_memory_TCPIP_MSG_API_base           0x20008a6b   Data         131  memp.o(.bss)
    memp_memory_TCPIP_MSG_INPKT_base         0x20008aee   Data         131  memp.o(.bss)
    memp_memory_SYS_TIMEOUT_base             0x20008b71   Data          83  memp.o(.bss)
    memp_memory_PBUF_base                    0x20008bc4   Data         259  memp.o(.bss)
    memp_memory_PBUF_POOL_base               0x20008cc7   Data        9731  memp.o(.bss)
    dhcp_rx_options_val                      0x2000b2dc   Data          32  dhcp.o(.bss)
    __initial_sp                             0x2000b7f0   Data           0  startup_stm32f407xx.o(STACK)



==============================================================================

Memory Map of the image

  Image Entry point : 0x08000189

  Load Region LR_IROM1 (Base: 0x08000000, Size: 0x0000fa90, Max: 0x00100000, ABSOLUTE, COMPRESSED[0x0000f928])

    Execution Region ER_IROM1 (Exec base: 0x08000000, Load base: 0x08000000, Size: 0x0000f90c, Max: 0x00100000, ABSOLUTE)

    Exec Addr    Load Addr    Size         Type   Attr      Idx    E Section Name        Object

    0x08000000   0x08000000   0x00000188   Data   RO            3    RESET               startup_stm32f407xx.o
    0x08000188   0x08000188   0x00000000   Code   RO         9471  * .ARM.Collect$$$$00000000  mc_w.l(entry.o)
    0x08000188   0x08000188   0x00000004   Code   RO         9792    .ARM.Collect$$$$00000001  mc_w.l(entry2.o)
    0x0800018c   0x0800018c   0x00000004   Code   RO         9795    .ARM.Collect$$$$00000004  mc_w.l(entry5.o)
    0x08000190   0x08000190   0x00000000   Code   RO         9797    .ARM.Collect$$$$00000008  mc_w.l(entry7b.o)
    0x08000190   0x08000190   0x00000000   Code   RO         9799    .ARM.Collect$$$$0000000A  mc_w.l(entry8b.o)
    0x08000190   0x08000190   0x00000008   Code   RO         9800    .ARM.Collect$$$$0000000B  mc_w.l(entry9a.o)
    0x08000198   0x08000198   0x00000000   Code   RO         9802    .ARM.Collect$$$$0000000D  mc_w.l(entry10a.o)
    0x08000198   0x08000198   0x00000000   Code   RO         9804    .ARM.Collect$$$$0000000F  mc_w.l(entry11a.o)
    0x08000198   0x08000198   0x00000004   Code   RO         9793    .ARM.Collect$$$$00002712  mc_w.l(entry2.o)
    0x0800019c   0x0800019c   0x000000be   Code   RO         4494    .emb_text           port.o
    0x0800025a   0x0800025a   0x00000002   PAD
    0x0800025c   0x0800025c   0x00000024   Code   RO            4    .text               startup_stm32f407xx.o
    0x08000280   0x08000280   0x00000062   Code   RO         9474    .text               mc_w.l(uldiv.o)
    0x080002e2   0x080002e2   0x00000002   PAD
    0x080002e4   0x080002e4   0x00000024   Code   RO         9504    .text               mc_w.l(rand.o)
    0x08000308   0x08000308   0x00000040   Code   RO         9509    .text               mc_w.l(memmovea.o)
    0x08000348   0x08000348   0x00000024   Code   RO         9513    .text               mc_w.l(memseta.o)
    0x0800036c   0x0800036c   0x0000001a   Code   RO         9521    .text               mc_w.l(memcmp.o)
    0x08000386   0x08000386   0x0000002c   Code   RO         9809    .text               mc_w.l(uidiv.o)
    0x080003b2   0x080003b2   0x0000001e   Code   RO         9811    .text               mc_w.l(llshl.o)
    0x080003d0   0x080003d0   0x00000020   Code   RO         9813    .text               mc_w.l(llushr.o)
    0x080003f0   0x080003f0   0x00000024   Code   RO         9835    .text               mc_w.l(init.o)
    0x08000414   0x08000414   0x00000000   Code   RO         9837    .text               mc_w.l(semi.o)
    0x08000414   0x08000414   0x00000000   Code   RO         9842    .text               mc_w.l(iusesemip.o)
    0x08000414   0x08000414   0x00000056   Code   RO         9855    .text               mc_w.l(__dczerorl2.o)
    0x0800046a   0x0800046a   0x00000002   Code   RO          541    i.BusFault_Handler  stm32f4xx_it.o
    0x0800046c   0x0800046c   0x00000002   Code   RO          542    i.DebugMon_Handler  stm32f4xx_it.o
    0x0800046e   0x0800046e   0x00000002   PAD
    0x08000470   0x08000470   0x00000020   Code   RO          674    i.ETH_Delay         stm32f4xx_hal_eth.o
    0x08000490   0x08000490   0x0000002e   Code   RO          675    i.ETH_FlushTransmitFIFO  stm32f4xx_hal_eth.o
    0x080004be   0x080004be   0x00000002   PAD
    0x080004c0   0x080004c0   0x0000000c   Code   RO          543    i.ETH_IRQHandler    stm32f4xx_it.o
    0x080004cc   0x080004cc   0x00000124   Code   RO          676    i.ETH_MACDMAConfig  stm32f4xx_hal_eth.o
    0x080005f0   0x080005f0   0x00000024   Code   RO         1708    i.HAL_Delay         stm32f4xx_hal.o
    0x08000614   0x08000614   0x00000074   Code   RO          679    i.HAL_ETH_DMARxDescListInit  stm32f4xx_hal_eth.o
    0x08000688   0x08000688   0x00000078   Code   RO          680    i.HAL_ETH_DMATxDescListInit  stm32f4xx_hal_eth.o
    0x08000700   0x08000700   0x00000002   Code   RO          682    i.HAL_ETH_ErrorCallback  stm32f4xx_hal_eth.o
    0x08000702   0x08000702   0x00000088   Code   RO          684    i.HAL_ETH_GetReceivedFrame_IT  stm32f4xx_hal_eth.o
    0x0800078a   0x0800078a   0x0000007a   Code   RO          686    i.HAL_ETH_IRQHandler  stm32f4xx_hal_eth.o
    0x08000804   0x08000804   0x000001ec   Code   RO          687    i.HAL_ETH_Init      stm32f4xx_hal_eth.o
    0x080009f0   0x080009f0   0x000000e8   Code   RO          431    i.HAL_ETH_MspInit   ethernetif.o
    0x08000ad8   0x08000ad8   0x00000084   Code   RO          690    i.HAL_ETH_ReadPHYRegister  stm32f4xx_hal_eth.o
    0x08000b5c   0x08000b5c   0x0000000c   Code   RO          432    i.HAL_ETH_RxCpltCallback  ethernetif.o
    0x08000b68   0x08000b68   0x00000084   Code   RO          692    i.HAL_ETH_Start     stm32f4xx_hal_eth.o
    0x08000bec   0x08000bec   0x00000108   Code   RO          694    i.HAL_ETH_TransmitFrame  stm32f4xx_hal_eth.o
    0x08000cf4   0x08000cf4   0x00000002   Code   RO          695    i.HAL_ETH_TxCpltCallback  stm32f4xx_hal_eth.o
    0x08000cf6   0x08000cf6   0x00000002   PAD
    0x08000cf8   0x08000cf8   0x00000078   Code   RO          696    i.HAL_ETH_WritePHYRegister  stm32f4xx_hal_eth.o
    0x08000d70   0x08000d70   0x000001b8   Code   RO         1182    i.HAL_GPIO_Init     stm32f4xx_hal_gpio.o
    0x08000f28   0x08000f28   0x0000000a   Code   RO         1186    i.HAL_GPIO_WritePin  stm32f4xx_hal_gpio.o
    0x08000f32   0x08000f32   0x00000002   PAD
    0x08000f34   0x08000f34   0x0000000c   Code   RO         1714    i.HAL_GetTick       stm32f4xx_hal.o
    0x08000f40   0x08000f40   0x00000010   Code   RO         1720    i.HAL_IncTick       stm32f4xx_hal.o
    0x08000f50   0x08000f50   0x00000034   Code   RO         1721    i.HAL_Init          stm32f4xx_hal.o
    0x08000f84   0x08000f84   0x00000074   Code   RO          635    i.HAL_InitTick      stm32f4xx_hal_timebase_tim.o
    0x08000ff8   0x08000ff8   0x00000038   Code   RO          611    i.HAL_MspInit       stm32f4xx_hal_msp.o
    0x08001030   0x08001030   0x0000001a   Code   RO         1571    i.HAL_NVIC_EnableIRQ  stm32f4xx_hal_cortex.o
    0x0800104a   0x0800104a   0x00000002   PAD
    0x0800104c   0x0800104c   0x00000040   Code   RO         1577    i.HAL_NVIC_SetPriority  stm32f4xx_hal_cortex.o
    0x0800108c   0x0800108c   0x00000024   Code   RO         1578    i.HAL_NVIC_SetPriorityGrouping  stm32f4xx_hal_cortex.o
    0x080010b0   0x080010b0   0x00000134   Code   RO          828    i.HAL_RCC_ClockConfig  stm32f4xx_hal_rcc.o
    0x080011e4   0x080011e4   0x00000040   Code   RO          832    i.HAL_RCC_GetClockConfig  stm32f4xx_hal_rcc.o
    0x08001224   0x08001224   0x0000000c   Code   RO          833    i.HAL_RCC_GetHCLKFreq  stm32f4xx_hal_rcc.o
    0x08001230   0x08001230   0x00000020   Code   RO          836    i.HAL_RCC_GetPCLK2Freq  stm32f4xx_hal_rcc.o
    0x08001250   0x08001250   0x00000060   Code   RO          837    i.HAL_RCC_GetSysClockFreq  stm32f4xx_hal_rcc.o
    0x080012b0   0x080012b0   0x0000035c   Code   RO          840    i.HAL_RCC_OscConfig  stm32f4xx_hal_rcc.o
    0x0800160c   0x0800160c   0x00000002   Code   RO         2636    i.HAL_TIMEx_BreakCallback  stm32f4xx_hal_tim_ex.o
    0x0800160e   0x0800160e   0x00000002   Code   RO         2637    i.HAL_TIMEx_CommutCallback  stm32f4xx_hal_tim_ex.o
    0x08001610   0x08001610   0x00000036   Code   RO         1961    i.HAL_TIM_Base_Init  stm32f4xx_hal_tim.o
    0x08001646   0x08001646   0x00000002   Code   RO         1963    i.HAL_TIM_Base_MspInit  stm32f4xx_hal_tim.o
    0x08001648   0x08001648   0x00000022   Code   RO         1966    i.HAL_TIM_Base_Start_IT  stm32f4xx_hal_tim.o
    0x0800166a   0x0800166a   0x00000002   Code   RO         1990    i.HAL_TIM_IC_CaptureCallback  stm32f4xx_hal_tim.o
    0x0800166c   0x0800166c   0x00000166   Code   RO         2004    i.HAL_TIM_IRQHandler  stm32f4xx_hal_tim.o
    0x080017d2   0x080017d2   0x00000002   Code   RO         2007    i.HAL_TIM_OC_DelayElapsedCallback  stm32f4xx_hal_tim.o
    0x080017d4   0x080017d4   0x00000002   Code   RO         2034    i.HAL_TIM_PWM_PulseFinishedCallback  stm32f4xx_hal_tim.o
    0x080017d6   0x080017d6   0x00000002   PAD
    0x080017d8   0x080017d8   0x00000014   Code   RO           14    i.HAL_TIM_PeriodElapsedCallback  main.o
    0x080017ec   0x080017ec   0x00000002   Code   RO         2047    i.HAL_TIM_TriggerCallback  stm32f4xx_hal_tim.o
    0x080017ee   0x080017ee   0x00000002   Code   RO          544    i.HardFault_Handler  stm32f4xx_it.o
    0x080017f0   0x080017f0   0x000000c8   Code   RO           15    i.MX_GPIO_Init      main.o
    0x080018b8   0x080018b8   0x00000068   Code   RO          369    i.MX_LWIP_Init      lwip.o
    0x08001920   0x08001920   0x00000002   Code   RO          545    i.MemManage_Handler  stm32f4xx_it.o
    0x08001922   0x08001922   0x00000002   Code   RO          546    i.NMI_Handler       stm32f4xx_it.o
    0x08001924   0x08001924   0x0000001c   Code   RO           16    i.StartDefaultTask  main.o
    0x08001940   0x08001940   0x0000002c   Code   RO         4495    i.SysTick_Handler   port.o
    0x0800196c   0x0800196c   0x00000088   Code   RO           17    i.SystemClock_Config  main.o
    0x080019f4   0x080019f4   0x0000001c   Code   RO         2888    i.SystemInit        system_stm32f4xx.o
    0x08001a10   0x08001a10   0x0000000c   Code   RO          547    i.TIM1_UP_TIM10_IRQHandler  stm32f4xx_it.o
    0x08001a1c   0x08001a1c   0x000000c8   Code   RO         2049    i.TIM_Base_SetConfig  stm32f4xx_hal_tim.o
    0x08001ae4   0x08001ae4   0x00000002   Code   RO          548    i.UsageFault_Handler  stm32f4xx_it.o
    0x08001ae6   0x08001ae6   0x00000002   PAD
    0x08001ae8   0x08001ae8   0x00000020   Code   RO         9618    i.__0printf$3       mc_w.l(printf3.o)
    0x08001b08   0x08001b08   0x00000020   Code   RO         1584    i.__NVIC_SetPriority  stm32f4xx_hal_cortex.o
    0x08001b28   0x08001b28   0x0000000e   Code   RO         9849    i.__scatterload_copy  mc_w.l(handlers.o)
    0x08001b36   0x08001b36   0x00000002   Code   RO         9850    i.__scatterload_null  mc_w.l(handlers.o)
    0x08001b38   0x08001b38   0x0000000e   Code   RO         9851    i.__scatterload_zeroinit  mc_w.l(handlers.o)
    0x08001b46   0x08001b46   0x00000002   PAD
    0x08001b48   0x08001b48   0x000001b8   Code   RO         9625    i._printf_core      mc_w.l(printf3.o)
    0x08001d00   0x08001d00   0x0000009c   Code   RO         8326    i.dhcp_arp_reply    dhcp.o
    0x08001d9c   0x08001d9c   0x00000188   Code   RO         8327    i.dhcp_bind         dhcp.o
    0x08001f24   0x08001f24   0x00000034   Code   RO         8328    i.dhcp_check        dhcp.o
    0x08001f58   0x08001f58   0x000000ac   Code   RO         8330    i.dhcp_coarse_tmr   dhcp.o
    0x08002004   0x08002004   0x000001e4   Code   RO         8331    i.dhcp_create_msg   dhcp.o
    0x080021e8   0x080021e8   0x000000b8   Code   RO         8332    i.dhcp_dec_pcb_refcount  dhcp.o
    0x080022a0   0x080022a0   0x0000009c   Code   RO         8333    i.dhcp_decline      dhcp.o
    0x0800233c   0x0800233c   0x000000e8   Code   RO         8334    i.dhcp_discover     dhcp.o
    0x08002424   0x08002424   0x00000034   Code   RO         8335    i.dhcp_fine_tmr     dhcp.o
    0x08002458   0x08002458   0x00000064   Code   RO         8336    i.dhcp_handle_ack   dhcp.o
    0x080024bc   0x080024bc   0x000000ec   Code   RO         8337    i.dhcp_inc_pcb_refcount  dhcp.o
    0x080025a8   0x080025a8   0x00000098   Code   RO         8340    i.dhcp_option       dhcp.o
    0x08002640   0x08002640   0x000000bc   Code   RO         8341    i.dhcp_option_byte  dhcp.o
    0x080026fc   0x080026fc   0x000000d8   Code   RO         8342    i.dhcp_option_long  dhcp.o
    0x080027d4   0x080027d4   0x000000c8   Code   RO         8343    i.dhcp_option_short  dhcp.o
    0x0800289c   0x0800289c   0x00000020   Code   RO         8344    i.dhcp_option_trailer  dhcp.o
    0x080028bc   0x080028bc   0x00000390   Code   RO         8345    i.dhcp_parse_reply  dhcp.o
    0x08002c4c   0x08002c4c   0x000000d8   Code   RO         8346    i.dhcp_rebind       dhcp.o
    0x08002d24   0x08002d24   0x00000100   Code   RO         8347    i.dhcp_reboot       dhcp.o
    0x08002e24   0x08002e24   0x00000120   Code   RO         8348    i.dhcp_recv         dhcp.o
    0x08002f44   0x08002f44   0x000000bc   Code   RO         8350    i.dhcp_release_and_stop  dhcp.o
    0x08003000   0x08003000   0x000000d8   Code   RO         8351    i.dhcp_renew        dhcp.o
    0x080030d8   0x080030d8   0x00000200   Code   RO         8352    i.dhcp_select       dhcp.o
    0x080032d8   0x080032d8   0x00000010   Code   RO         8353    i.dhcp_set_state    dhcp.o
    0x080032e8   0x080032e8   0x00000128   Code   RO         8355    i.dhcp_start        dhcp.o
    0x08003410   0x08003410   0x0000001c   Code   RO         8357    i.dhcp_supplied_address  dhcp.o
    0x0800342c   0x0800342c   0x0000006c   Code   RO         8358    i.dhcp_timeout      dhcp.o
    0x08003498   0x08003498   0x000000a8   Code   RO         6927    i.do_memp_free_pool  memp.o
    0x08003540   0x08003540   0x000000b8   Code   RO         6928    i.do_memp_malloc_pool  memp.o
    0x080035f8   0x080035f8   0x0000002c   Code   RO         8533    i.etharp_cleanup_netif  etharp.o
    0x08003624   0x08003624   0x00000260   Code   RO         8535    i.etharp_find_entry  etharp.o
    0x08003884   0x08003884   0x00000024   Code   RO         8536    i.etharp_free_entry  etharp.o
    0x080038a8   0x080038a8   0x00000118   Code   RO         8538    i.etharp_input      etharp.o
    0x080039c0   0x080039c0   0x000001b0   Code   RO         8539    i.etharp_output     etharp.o
    0x08003b70   0x08003b70   0x00000110   Code   RO         8540    i.etharp_output_to_arp_index  etharp.o
    0x08003c80   0x08003c80   0x000001e8   Code   RO         8541    i.etharp_query      etharp.o
    0x08003e68   0x08003e68   0x00000174   Code   RO         8542    i.etharp_raw        etharp.o
    0x08003fdc   0x08003fdc   0x0000000c   Code   RO         8543    i.etharp_request    etharp.o
    0x08003fe8   0x08003fe8   0x00000020   Code   RO         8544    i.etharp_request_dst  etharp.o
    0x08004008   0x08004008   0x00000060   Code   RO         8545    i.etharp_tmr        etharp.o
    0x08004068   0x08004068   0x0000011c   Code   RO         8546    i.etharp_update_arp_entry  etharp.o
    0x08004184   0x08004184   0x000000a4   Code   RO         5100    i.ethernet_input    ethernet.o
    0x08004228   0x08004228   0x000000f8   Code   RO         5101    i.ethernet_output   ethernet.o
    0x08004320   0x08004320   0x00000088   Code   RO          433    i.ethernetif_init   ethernetif.o
    0x080043a8   0x080043a8   0x0000004c   Code   RO          434    i.ethernetif_input  ethernetif.o
    0x080043f4   0x080043f4   0x00000012   Code   RO         9806    i.fputc             mc_w.l(fputc.o)
    0x08004406   0x08004406   0x00000008   Code   RO         8633    i.icmp_dest_unreach  icmp.o
    0x0800440e   0x0800440e   0x00000002   PAD
    0x08004410   0x08004410   0x000001e8   Code   RO         8634    i.icmp_input        icmp.o
    0x080045f8   0x080045f8   0x00000110   Code   RO         8635    i.icmp_send_response  icmp.o
    0x08004708   0x08004708   0x00000008   Code   RO         8636    i.icmp_time_exceeded  icmp.o
    0x08004710   0x08004710   0x0000002e   Code   RO         8750    i.ip4_addr_isbroadcast_u32  ip4_addr.o
    0x0800473e   0x0800473e   0x00000002   PAD
    0x08004740   0x08004740   0x00000260   Code   RO         8819    i.ip4_frag          ip4_frag.o
    0x080049a0   0x080049a0   0x00000194   Code   RO         8695    i.ip4_input         ip4.o
    0x08004b34   0x08004b34   0x0000002c   Code   RO         8696    i.ip4_input_accept  ip4.o
    0x08004b60   0x08004b60   0x0000001e   Code   RO         8698    i.ip4_output_if     ip4.o
    0x08004b7e   0x08004b7e   0x00000002   PAD
    0x08004b80   0x08004b80   0x00000178   Code   RO         8699    i.ip4_output_if_src  ip4.o
    0x08004cf8   0x08004cf8   0x00000288   Code   RO         8820    i.ip4_reass         ip4_frag.o
    0x08004f80   0x08004f80   0x00000060   Code   RO         8700    i.ip4_route         ip4.o
    0x08004fe0   0x08004fe0   0x00000090   Code   RO         8821    i.ip_frag_free_pbuf_custom_ref  ip4_frag.o
    0x08005070   0x08005070   0x00000248   Code   RO         8822    i.ip_reass_chain_frag_into_datagram_and_validate  ip4_frag.o
    0x080052b8   0x080052b8   0x000000bc   Code   RO         8823    i.ip_reass_dequeue_datagram  ip4_frag.o
    0x08005374   0x08005374   0x00000198   Code   RO         8824    i.ip_reass_free_complete_datagram  ip4_frag.o
    0x0800550c   0x0800550c   0x00000080   Code   RO         8825    i.ip_reass_remove_oldest_datagram  ip4_frag.o
    0x0800558c   0x0800558c   0x0000002c   Code   RO         8826    i.ip_reass_tmr      ip4_frag.o
    0x080055b8   0x080055b8   0x00000098   Code   RO         8827    i.ipfrag_free_pbuf_custom  ip4_frag.o
    0x08005650   0x08005650   0x00000138   Code   RO          435    i.low_level_init    ethernetif.o
    0x08005788   0x08005788   0x000000c0   Code   RO          436    i.low_level_input   ethernetif.o
    0x08005848   0x08005848   0x000000a8   Code   RO          437    i.low_level_output  ethernetif.o
    0x080058f0   0x080058f0   0x0000003c   Code   RO         8094    i.lwip_cyclic_timer  timeouts.o
    0x0800592c   0x0800592c   0x00000004   Code   RO         6638    i.lwip_htonl        def.o
    0x08005930   0x08005930   0x00000004   Code   RO         6639    i.lwip_htons        def.o
    0x08005934   0x08005934   0x00000022   Code   RO         6783    i.lwip_init         init.o
    0x08005956   0x08005956   0x00000002   PAD
    0x08005958   0x08005958   0x00000030   Code   RO           18    i.main              main.o
    0x08005988   0x08005988   0x000001c8   Code   RO         6851    i.mem_free          mem.o
    0x08005b50   0x08005b50   0x000000c8   Code   RO         6852    i.mem_init          mem.o
    0x08005c18   0x08005c18   0x0000024c   Code   RO         6853    i.mem_malloc        mem.o
    0x08005e64   0x08005e64   0x00000010   Code   RO         6854    i.mem_to_ptr        mem.o
    0x08005e74   0x08005e74   0x000001e4   Code   RO         6855    i.mem_trim          mem.o
    0x08006058   0x08006058   0x0000009c   Code   RO         6929    i.memp_free         memp.o
    0x080060f4   0x080060f4   0x00000020   Code   RO         6931    i.memp_init         memp.o
    0x08006114   0x08006114   0x0000002a   Code   RO         6932    i.memp_init_pool    memp.o
    0x0800613e   0x0800613e   0x00000002   PAD
    0x08006140   0x08006140   0x000000a4   Code   RO         6933    i.memp_malloc       memp.o
    0x080061e4   0x080061e4   0x000001d8   Code   RO         7073    i.netif_add         netif.o
    0x080063bc   0x080063bc   0x00000016   Code   RO         7075    i.netif_do_ip_addr_changed  netif.o
    0x080063d2   0x080063d2   0x00000016   Code   RO         7076    i.netif_do_set_gw   netif.o
    0x080063e8   0x080063e8   0x000000c4   Code   RO         7077    i.netif_do_set_ipaddr  netif.o
    0x080064ac   0x080064ac   0x00000016   Code   RO         7078    i.netif_do_set_netmask  netif.o
    0x080064c2   0x080064c2   0x00000002   PAD
    0x080064c4   0x080064c4   0x00000028   Code   RO         7080    i.netif_get_by_index  netif.o
    0x080064ec   0x080064ec   0x00000002   Code   RO         7082    i.netif_init        netif.o
    0x080064ee   0x080064ee   0x00000002   PAD
    0x080064f0   0x080064f0   0x000000c0   Code   RO         7084    i.netif_issue_reports  netif.o
    0x080065b0   0x080065b0   0x00000006   Code   RO         7086    i.netif_null_output_ip4  netif.o
    0x080065b6   0x080065b6   0x00000002   PAD
    0x080065b8   0x080065b8   0x00000060   Code   RO         7088    i.netif_set_addr    netif.o
    0x08006618   0x08006618   0x0000000c   Code   RO         7089    i.netif_set_default  netif.o
    0x08006624   0x08006624   0x000000a8   Code   RO         7090    i.netif_set_down    netif.o
    0x080066cc   0x080066cc   0x000000a0   Code   RO         7096    i.netif_set_up      netif.o
    0x0800676c   0x0800676c   0x00000034   Code   RO         4015    i.osDelay           cmsis_os2.o
    0x080067a0   0x080067a0   0x00000028   Code   RO         4027    i.osKernelGetTickCount  cmsis_os2.o
    0x080067c8   0x080067c8   0x00000034   Code   RO         4029    i.osKernelInitialize  cmsis_os2.o
    0x080067fc   0x080067fc   0x0000003c   Code   RO         4032    i.osKernelStart     cmsis_os2.o
    0x08006838   0x08006838   0x00000080   Code   RO         4035    i.osMessageQueueGet  cmsis_os2.o
    0x080068b8   0x080068b8   0x00000074   Code   RO         4040    i.osMessageQueueNew  cmsis_os2.o
    0x0800692c   0x0800692c   0x00000084   Code   RO         4041    i.osMessageQueuePut  cmsis_os2.o
    0x080069b0   0x080069b0   0x0000006c   Code   RO         4043    i.osMutexAcquire    cmsis_os2.o
    0x08006a1c   0x08006a1c   0x00000080   Code   RO         4046    i.osMutexNew        cmsis_os2.o
    0x08006a9c   0x08006a9c   0x0000005c   Code   RO         4047    i.osMutexRelease    cmsis_os2.o
    0x08006af8   0x08006af8   0x00000078   Code   RO         4048    i.osSemaphoreAcquire  cmsis_os2.o
    0x08006b70   0x08006b70   0x000000b0   Code   RO         4051    i.osSemaphoreNew    cmsis_os2.o
    0x08006c20   0x08006c20   0x00000070   Code   RO         4052    i.osSemaphoreRelease  cmsis_os2.o
    0x08006c90   0x08006c90   0x000000a4   Code   RO         4065    i.osThreadNew       cmsis_os2.o
    0x08006d34   0x08006d34   0x00000006   Code   RO         7255    i.pbuf_add_header   pbuf.o
    0x08006d3a   0x08006d3a   0x00000002   PAD
    0x08006d3c   0x08006d3c   0x000000c0   Code   RO         7257    i.pbuf_add_header_impl  pbuf.o
    0x08006dfc   0x08006dfc   0x0000025c   Code   RO         7258    i.pbuf_alloc        pbuf.o
    0x08007058   0x08007058   0x000000b0   Code   RO         7259    i.pbuf_alloc_reference  pbuf.o
    0x08007108   0x08007108   0x00000036   Code   RO         7260    i.pbuf_alloced_custom  pbuf.o
    0x0800713e   0x0800713e   0x00000002   PAD
    0x08007140   0x08007140   0x00000130   Code   RO         7261    i.pbuf_cat          pbuf.o
    0x08007270   0x08007270   0x00000012   Code   RO         7262    i.pbuf_chain        pbuf.o
    0x08007282   0x08007282   0x00000012   Code   RO         7263    i.pbuf_clen         pbuf.o
    0x08007294   0x08007294   0x0000009c   Code   RO         7264    i.pbuf_clone        pbuf.o
    0x08007330   0x08007330   0x000001e0   Code   RO         7266    i.pbuf_copy         pbuf.o
    0x08007510   0x08007510   0x00000118   Code   RO         7267    i.pbuf_copy_partial  pbuf.o
    0x08007628   0x08007628   0x00000164   Code   RO         7269    i.pbuf_free         pbuf.o
    0x0800778c   0x0800778c   0x00000034   Code   RO         7271    i.pbuf_free_ooseq_callback  pbuf.o
    0x080077c0   0x080077c0   0x00000006   Code   RO         7275    i.pbuf_header_force  pbuf.o
    0x080077c6   0x080077c6   0x0000000e   Code   RO         7276    i.pbuf_header_impl  pbuf.o
    0x080077d4   0x080077d4   0x0000001c   Code   RO         7277    i.pbuf_init_alloced_pbuf  pbuf.o
    0x080077f0   0x080077f0   0x00000134   Code   RO         7281    i.pbuf_realloc      pbuf.o
    0x08007924   0x08007924   0x0000009c   Code   RO         7282    i.pbuf_ref          pbuf.o
    0x080079c0   0x080079c0   0x000000d0   Code   RO         7283    i.pbuf_remove_header  pbuf.o
    0x08007a90   0x08007a90   0x000001a0   Code   RO         6856    i.plug_holes        mem.o
    0x08007c30   0x08007c30   0x0000005c   Code   RO         3496    i.prvAddCurrentTaskToDelayedList  tasks.o
    0x08007c8c   0x08007c8c   0x000000d0   Code   RO         3497    i.prvAddNewTaskToReadyList  tasks.o
    0x08007d5c   0x08007d5c   0x00000058   Code   RO         3849    i.prvCheckForValidListAndQueue  timers.o
    0x08007db4   0x08007db4   0x00000026   Code   RO         3093    i.prvCopyDataFromQueue  queue.o
    0x08007dda   0x08007dda   0x0000006c   Code   RO         3094    i.prvCopyDataToQueue  queue.o
    0x08007e46   0x08007e46   0x00000034   Code   RO         3498    i.prvDeleteTCB      tasks.o
    0x08007e7a   0x08007e7a   0x00000002   PAD
    0x08007e7c   0x08007e7c   0x0000004c   Code   RO         4445    i.prvHeapInit       heap_4.o
    0x08007ec8   0x08007ec8   0x00000060   Code   RO         3499    i.prvIdleTask       tasks.o
    0x08007f28   0x08007f28   0x00000016   Code   RO         3095    i.prvInitialiseMutex  queue.o
    0x08007f3e   0x08007f3e   0x00000002   PAD
    0x08007f40   0x08007f40   0x00000022   Code   RO         3096    i.prvInitialiseNewQueue  queue.o
    0x08007f62   0x08007f62   0x00000002   PAD
    0x08007f64   0x08007f64   0x000000b0   Code   RO         3500    i.prvInitialiseNewTask  tasks.o
    0x08008014   0x08008014   0x0000004c   Code   RO         4446    i.prvInsertBlockIntoFreeList  heap_4.o
    0x08008060   0x08008060   0x00000038   Code   RO         3851    i.prvInsertTimerInActiveList  timers.o
    0x08008098   0x08008098   0x0000001c   Code   RO         3097    i.prvIsQueueEmpty   queue.o
    0x080080b4   0x080080b4   0x000000fc   Code   RO         3852    i.prvProcessReceivedCommands  timers.o
    0x080081b0   0x080081b0   0x000000c0   Code   RO         3853    i.prvProcessTimerOrBlockTask  timers.o
    0x08008270   0x08008270   0x00000020   Code   RO         3502    i.prvResetNextTaskUnblockTime  tasks.o
    0x08008290   0x08008290   0x00000028   Code   RO         3854    i.prvSampleTimeNow  timers.o
    0x080082b8   0x080082b8   0x0000006c   Code   RO         3855    i.prvSwitchTimerLists  timers.o
    0x08008324   0x08008324   0x00000028   Code   RO         4496    i.prvTaskExitError  port.o
    0x0800834c   0x0800834c   0x00000024   Code   RO         3856    i.prvTimerTask      timers.o
    0x08008370   0x08008370   0x0000006a   Code   RO         3098    i.prvUnlockQueue    queue.o
    0x080083da   0x080083da   0x00000002   PAD
    0x080083dc   0x080083dc   0x0000000c   Code   RO         6857    i.ptr_to_mem        mem.o
    0x080083e8   0x080083e8   0x000000d8   Code   RO         4447    i.pvPortMalloc      heap_4.o
    0x080084c0   0x080084c0   0x00000018   Code   RO         3505    i.pvTaskIncrementMutexHeldCount  tasks.o
    0x080084d8   0x080084d8   0x0000002c   Code   RO         4497    i.pxPortInitialiseStack  port.o
    0x08008504   0x08008504   0x0000003e   Code   RO         9073    i.sys_arch_mbox_fetch  sys_arch.o
    0x08008542   0x08008542   0x00000002   PAD
    0x08008544   0x08008544   0x00000018   Code   RO         9075    i.sys_arch_protect  sys_arch.o
    0x0800855c   0x0800855c   0x0000000c   Code   RO         9077    i.sys_arch_unprotect  sys_arch.o
    0x08008568   0x08008568   0x00000044   Code   RO         8095    i.sys_check_timeouts  timeouts.o
    0x080085ac   0x080085ac   0x00000014   Code   RO         9078    i.sys_init          sys_arch.o
    0x080085c0   0x080085c0   0x0000001e   Code   RO         9080    i.sys_mbox_new      sys_arch.o
    0x080085de   0x080085de   0x00000018   Code   RO         9083    i.sys_mbox_trypost  sys_arch.o
    0x080085f6   0x080085f6   0x0000000a   Code   RO         9085    i.sys_mbox_valid    sys_arch.o
    0x08008600   0x08008600   0x0000000a   Code   RO         9087    i.sys_mutex_lock    sys_arch.o
    0x0800860a   0x0800860a   0x00000018   Code   RO         9088    i.sys_mutex_new     sys_arch.o
    0x08008622   0x08008622   0x00000006   Code   RO         9089    i.sys_mutex_unlock  sys_arch.o
    0x08008628   0x08008628   0x00000004   Code   RO          439    i.sys_now           ethernetif.o
    0x0800862c   0x0800862c   0x0000002e   Code   RO         9095    i.sys_thread_new    sys_arch.o
    0x0800865a   0x0800865a   0x00000002   PAD
    0x0800865c   0x0800865c   0x000000c4   Code   RO         8097    i.sys_timeout       timeouts.o
    0x08008720   0x08008720   0x000000f8   Code   RO         8098    i.sys_timeout_abs   timeouts.o
    0x08008818   0x08008818   0x00000028   Code   RO         8099    i.sys_timeouts_init  timeouts.o
    0x08008840   0x08008840   0x00000028   Code   RO         8100    i.sys_timeouts_sleeptime  timeouts.o
    0x08008868   0x08008868   0x000001ac   Code   RO         7539    i.tcp_abandon       tcp.o
    0x08008a14   0x08008a14   0x00000006   Code   RO         7540    i.tcp_abort         tcp.o
    0x08008a1a   0x08008a1a   0x00000002   PAD
    0x08008a1c   0x08008a1c   0x00000124   Code   RO         7543    i.tcp_alloc         tcp.o
    0x08008b40   0x08008b40   0x000000a0   Code   RO         7547    i.tcp_close         tcp.o
    0x08008be0   0x08008be0   0x000001dc   Code   RO         7548    i.tcp_close_shutdown  tcp.o
    0x08008dbc   0x08008dbc   0x000000c4   Code   RO         7549    i.tcp_close_shutdown_fin  tcp.o
    0x08008e80   0x08008e80   0x00000180   Code   RO         7934    i.tcp_create_segment  tcp_out.o
    0x08009000   0x08009000   0x000000b8   Code   RO         7552    i.tcp_eff_send_mss_netif  tcp.o
    0x080090b8   0x080090b8   0x00000234   Code   RO         7935    i.tcp_enqueue_flags  tcp_out.o
    0x080092ec   0x080092ec   0x0000006c   Code   RO         7554    i.tcp_fasttmr       tcp.o
    0x08009358   0x08009358   0x00000090   Code   RO         7555    i.tcp_free          tcp.o
    0x080093e8   0x080093e8   0x0000013c   Code   RO         7845    i.tcp_free_acked_segments  tcp_in.o
    0x08009524   0x08009524   0x00000014   Code   RO         7556    i.tcp_free_ooseq    tcp.o
    0x08009538   0x08009538   0x00000028   Code   RO         7846    i.tcp_get_next_optbyte  tcp_in.o
    0x08009560   0x08009560   0x00000018   Code   RO         7557    i.tcp_init          tcp.o
    0x08009578   0x08009578   0x00000650   Code   RO         7847    i.tcp_input         tcp_in.o
    0x08009bc8   0x08009bc8   0x000000d4   Code   RO         7848    i.tcp_input_delayed_close  tcp_in.o
    0x08009c9c   0x08009c9c   0x000000cc   Code   RO         7936    i.tcp_keepalive     tcp_out.o
    0x08009d68   0x08009d68   0x000000bc   Code   RO         7558    i.tcp_kill_state    tcp.o
    0x08009e24   0x08009e24   0x00000070   Code   RO         7559    i.tcp_listen_closed  tcp.o
    0x08009e94   0x08009e94   0x00000198   Code   RO         7849    i.tcp_listen_input  tcp_in.o
    0x0800a02c   0x0800a02c   0x0000004c   Code   RO         7562    i.tcp_netif_ip_addr_changed  tcp.o
    0x0800a078   0x0800a078   0x000000c0   Code   RO         7563    i.tcp_netif_ip_addr_changed_pcblist  tcp.o
    0x0800a138   0x0800a138   0x00000098   Code   RO         7567    i.tcp_next_iss      tcp.o
    0x0800a1d0   0x0800a1d0   0x0000010c   Code   RO         7850    i.tcp_oos_insert_segment  tcp_in.o
    0x0800a2dc   0x0800a2dc   0x000002e0   Code   RO         7937    i.tcp_output        tcp_out.o
    0x0800a5bc   0x0800a5bc   0x000000cc   Code   RO         7938    i.tcp_output_alloc_header  tcp_out.o
    0x0800a688   0x0800a688   0x00000110   Code   RO         7939    i.tcp_output_alloc_header_common  tcp_out.o
    0x0800a798   0x0800a798   0x000000e0   Code   RO         7940    i.tcp_output_control_segment  tcp_out.o
    0x0800a878   0x0800a878   0x000000d8   Code   RO         7941    i.tcp_output_fill_options  tcp_out.o
    0x0800a950   0x0800a950   0x000001dc   Code   RO         7942    i.tcp_output_segment  tcp_out.o
    0x0800ab2c   0x0800ab2c   0x000000a8   Code   RO         7943    i.tcp_output_segment_busy  tcp_out.o
    0x0800abd4   0x0800abd4   0x000000fc   Code   RO         7851    i.tcp_parseopt      tcp_in.o
    0x0800acd0   0x0800acd0   0x000000cc   Code   RO         7568    i.tcp_pcb_purge     tcp.o
    0x0800ad9c   0x0800ad9c   0x00000190   Code   RO         7569    i.tcp_pcb_remove    tcp.o
    0x0800af2c   0x0800af2c   0x000004c2   Code   RO         7852    i.tcp_process       tcp_in.o
    0x0800b3ee   0x0800b3ee   0x00000002   PAD
    0x0800b3f0   0x0800b3f0   0x00000104   Code   RO         7571    i.tcp_process_refused_data  tcp.o
    0x0800b4f4   0x0800b4f4   0x00000904   Code   RO         7853    i.tcp_receive       tcp_in.o
    0x0800bdf8   0x0800bdf8   0x000000b0   Code   RO         7573    i.tcp_recv_null     tcp.o
    0x0800bea8   0x0800bea8   0x00000100   Code   RO         7574    i.tcp_recved        tcp.o
    0x0800bfa8   0x0800bfa8   0x00000058   Code   RO         7575    i.tcp_remove_listener  tcp.o
    0x0800c000   0x0800c000   0x000000ec   Code   RO         7945    i.tcp_rexmit        tcp_out.o
    0x0800c0ec   0x0800c0ec   0x000000e8   Code   RO         7946    i.tcp_rexmit_fast   tcp_out.o
    0x0800c1d4   0x0800c1d4   0x000000a4   Code   RO         7947    i.tcp_rexmit_rto    tcp_out.o
    0x0800c278   0x0800c278   0x000000ac   Code   RO         7948    i.tcp_rexmit_rto_commit  tcp_out.o
    0x0800c324   0x0800c324   0x000000f8   Code   RO         7949    i.tcp_rexmit_rto_prepare  tcp_out.o
    0x0800c41c   0x0800c41c   0x00000010   Code   RO         7950    i.tcp_route         tcp_out.o
    0x0800c42c   0x0800c42c   0x00000114   Code   RO         7951    i.tcp_rst           tcp_out.o
    0x0800c540   0x0800c540   0x000000ac   Code   RO         7576    i.tcp_seg_copy      tcp.o
    0x0800c5ec   0x0800c5ec   0x0000001c   Code   RO         7577    i.tcp_seg_free      tcp.o
    0x0800c608   0x0800c608   0x00000012   Code   RO         7578    i.tcp_segs_free     tcp.o
    0x0800c61a   0x0800c61a   0x00000002   PAD
    0x0800c61c   0x0800c61c   0x000000ec   Code   RO         7952    i.tcp_send_empty_ack  tcp_out.o
    0x0800c708   0x0800c708   0x000000cc   Code   RO         7953    i.tcp_send_fin      tcp_out.o
    0x0800c7d4   0x0800c7d4   0x000005d0   Code   RO         7582    i.tcp_slowtmr       tcp.o
    0x0800cda4   0x0800cda4   0x0000022c   Code   RO         7954    i.tcp_split_unsent_seg  tcp_out.o
    0x0800cfd0   0x0800cfd0   0x00000034   Code   RO         8102    i.tcp_timer_needed  timeouts.o
    0x0800d004   0x0800d004   0x00000100   Code   RO         7854    i.tcp_timewait_input  tcp_in.o
    0x0800d104   0x0800d104   0x00000020   Code   RO         7584    i.tcp_tmr           tcp.o
    0x0800d124   0x0800d124   0x00000010   Code   RO         7855    i.tcp_trigger_input_pcb_close  tcp_in.o
    0x0800d134   0x0800d134   0x000000f4   Code   RO         7586    i.tcp_update_rcv_ann_wnd  tcp.o
    0x0800d228   0x0800d228   0x00000140   Code   RO         7957    i.tcp_zero_window_probe  tcp_out.o
    0x0800d368   0x0800d368   0x00000110   Code   RO         6469    i.tcpip_init        tcpip.o
    0x0800d478   0x0800d478   0x000000c0   Code   RO         6470    i.tcpip_inpkt       tcpip.o
    0x0800d538   0x0800d538   0x0000001c   Code   RO         6471    i.tcpip_input       tcpip.o
    0x0800d554   0x0800d554   0x00000038   Code   RO         8103    i.tcpip_tcp_timer   timeouts.o
    0x0800d58c   0x0800d58c   0x000000f8   Code   RO         6473    i.tcpip_thread      tcpip.o
    0x0800d684   0x0800d684   0x000000cc   Code   RO         6474    i.tcpip_thread_handle_msg  tcpip.o
    0x0800d750   0x0800d750   0x000000bc   Code   RO         6475    i.tcpip_try_callback  tcpip.o
    0x0800d80c   0x0800d80c   0x00000134   Code   RO         8183    i.udp_bind          udp.o
    0x0800d940   0x0800d940   0x00000100   Code   RO         8185    i.udp_connect       udp.o
    0x0800da40   0x0800da40   0x00000018   Code   RO         8187    i.udp_init          udp.o
    0x0800da58   0x0800da58   0x000001e8   Code   RO         8188    i.udp_input         udp.o
    0x0800dc40   0x0800dc40   0x0000010c   Code   RO         8189    i.udp_input_local_match  udp.o
    0x0800dd4c   0x0800dd4c   0x00000034   Code   RO         8190    i.udp_netif_ip_addr_changed  udp.o
    0x0800dd80   0x0800dd80   0x0000001a   Code   RO         8191    i.udp_new           udp.o
    0x0800dd9a   0x0800dd9a   0x00000002   PAD
    0x0800dd9c   0x0800dd9c   0x00000088   Code   RO         8193    i.udp_recv          udp.o
    0x0800de24   0x0800de24   0x000000b0   Code   RO         8194    i.udp_remove        udp.o
    0x0800ded4   0x0800ded4   0x00000140   Code   RO         8197    i.udp_sendto_if     udp.o
    0x0800e014   0x0800e014   0x00000248   Code   RO         8198    i.udp_sendto_if_src  udp.o
    0x0800e25c   0x0800e25c   0x00000026   Code   RO         3053    i.uxListRemove      list.o
    0x0800e282   0x0800e282   0x00000002   PAD
    0x0800e284   0x0800e284   0x00000014   Code   RO         4077    i.vApplicationGetIdleTaskMemory  cmsis_os2.o
    0x0800e298   0x0800e298   0x00000018   Code   RO         4078    i.vApplicationGetTimerTaskMemory  cmsis_os2.o
    0x0800e2b0   0x0800e2b0   0x00000016   Code   RO         3054    i.vListInitialise   list.o
    0x0800e2c6   0x0800e2c6   0x00000006   Code   RO         3055    i.vListInitialiseItem  list.o
    0x0800e2cc   0x0800e2cc   0x00000030   Code   RO         3056    i.vListInsert       list.o
    0x0800e2fc   0x0800e2fc   0x00000018   Code   RO         3057    i.vListInsertEnd    list.o
    0x0800e314   0x0800e314   0x00000040   Code   RO         4499    i.vPortEnterCritical  port.o
    0x0800e354   0x0800e354   0x00000028   Code   RO         4500    i.vPortExitCritical  port.o
    0x0800e37c   0x0800e37c   0x0000005c   Code   RO         4448    i.vPortFree         heap_4.o
    0x0800e3d8   0x0800e3d8   0x00000024   Code   RO         4501    i.vPortSetupTimerInterrupt  port.o
    0x0800e3fc   0x0800e3fc   0x00000054   Code   RO         4502    i.vPortValidateInterruptPriority  port.o
    0x0800e450   0x0800e450   0x00000028   Code   RO         3104    i.vQueueAddToRegistry  queue.o
    0x0800e478   0x0800e478   0x0000002e   Code   RO         3105    i.vQueueDelete      queue.o
    0x0800e4a6   0x0800e4a6   0x00000002   PAD
    0x0800e4a8   0x0800e4a8   0x00000028   Code   RO         3107    i.vQueueUnregisterQueue  queue.o
    0x0800e4d0   0x0800e4d0   0x00000044   Code   RO         3108    i.vQueueWaitForMessageRestricted  queue.o
    0x0800e514   0x0800e514   0x0000004c   Code   RO         3514    i.vTaskDelay        tasks.o
    0x0800e560   0x0800e560   0x00000010   Code   RO         3519    i.vTaskInternalSetTimeOutState  tasks.o
    0x0800e570   0x0800e570   0x0000000c   Code   RO         3520    i.vTaskMissedYield  tasks.o
    0x0800e57c   0x0800e57c   0x00000030   Code   RO         3522    i.vTaskPlaceOnEventList  tasks.o
    0x0800e5ac   0x0800e5ac   0x00000038   Code   RO         3523    i.vTaskPlaceOnEventListRestricted  tasks.o
    0x0800e5e4   0x0800e5e4   0x00000090   Code   RO         3525    i.vTaskPriorityDisinheritAfterTimeout  tasks.o
    0x0800e674   0x0800e674   0x00000088   Code   RO         3531    i.vTaskStartScheduler  tasks.o
    0x0800e6fc   0x0800e6fc   0x00000010   Code   RO         3533    i.vTaskSuspendAll   tasks.o
    0x0800e70c   0x0800e70c   0x00000064   Code   RO         3534    i.vTaskSwitchContext  tasks.o
    0x0800e770   0x0800e770   0x000000f4   Code   RO         4503    i.xPortStartScheduler  port.o
    0x0800e864   0x0800e864   0x0000003a   Code   RO         3109    i.xQueueCreateCountingSemaphore  queue.o
    0x0800e89e   0x0800e89e   0x00000040   Code   RO         3110    i.xQueueCreateCountingSemaphoreStatic  queue.o
    0x0800e8de   0x0800e8de   0x00000016   Code   RO         3111    i.xQueueCreateMutex  queue.o
    0x0800e8f4   0x0800e8f4   0x0000001a   Code   RO         3112    i.xQueueCreateMutexStatic  queue.o
    0x0800e90e   0x0800e90e   0x00000048   Code   RO         3113    i.xQueueGenericCreate  queue.o
    0x0800e956   0x0800e956   0x00000066   Code   RO         3114    i.xQueueGenericCreateStatic  queue.o
    0x0800e9bc   0x0800e9bc   0x00000088   Code   RO         3115    i.xQueueGenericReset  queue.o
    0x0800ea44   0x0800ea44   0x00000160   Code   RO         3116    i.xQueueGenericSend  queue.o
    0x0800eba4   0x0800eba4   0x000000bc   Code   RO         3117    i.xQueueGenericSendFromISR  queue.o
    0x0800ec60   0x0800ec60   0x0000009c   Code   RO         3120    i.xQueueGiveFromISR  queue.o
    0x0800ecfc   0x0800ecfc   0x0000003e   Code   RO         3121    i.xQueueGiveMutexRecursive  queue.o
    0x0800ed3a   0x0800ed3a   0x00000002   PAD
    0x0800ed3c   0x0800ed3c   0x00000138   Code   RO         3126    i.xQueueReceive     queue.o
    0x0800ee74   0x0800ee74   0x0000009a   Code   RO         3127    i.xQueueReceiveFromISR  queue.o
    0x0800ef0e   0x0800ef0e   0x00000002   PAD
    0x0800ef10   0x0800ef10   0x00000178   Code   RO         3128    i.xQueueSemaphoreTake  queue.o
    0x0800f088   0x0800f088   0x00000040   Code   RO         3129    i.xQueueTakeMutexRecursive  queue.o
    0x0800f0c8   0x0800f0c8   0x00000074   Code   RO         3535    i.xTaskCheckForTimeOut  tasks.o
    0x0800f13c   0x0800f13c   0x0000005a   Code   RO         3536    i.xTaskCreate       tasks.o
    0x0800f196   0x0800f196   0x00000056   Code   RO         3537    i.xTaskCreateStatic  tasks.o
    0x0800f1ec   0x0800f1ec   0x0000000c   Code   RO         3540    i.xTaskGetCurrentTaskHandle  tasks.o
    0x0800f1f8   0x0800f1f8   0x0000001c   Code   RO         3541    i.xTaskGetSchedulerState  tasks.o
    0x0800f214   0x0800f214   0x0000000c   Code   RO         3542    i.xTaskGetTickCount  tasks.o
    0x0800f220   0x0800f220   0x00000010   Code   RO         3543    i.xTaskGetTickCountFromISR  tasks.o
    0x0800f230   0x0800f230   0x000000c8   Code   RO         3544    i.xTaskIncrementTick  tasks.o
    0x0800f2f8   0x0800f2f8   0x00000080   Code   RO         3547    i.xTaskPriorityDisinherit  tasks.o
    0x0800f378   0x0800f378   0x00000078   Code   RO         3548    i.xTaskPriorityInherit  tasks.o
    0x0800f3f0   0x0800f3f0   0x00000070   Code   RO         3549    i.xTaskRemoveFromEventList  tasks.o
    0x0800f460   0x0800f460   0x000000c4   Code   RO         3550    i.xTaskResumeAll    tasks.o
    0x0800f524   0x0800f524   0x00000060   Code   RO         3864    i.xTimerCreateTimerTask  timers.o
    0x0800f584   0x0800f584   0x00000068   Code   RO         3865    i.xTimerGenericCommand  timers.o
    0x0800f5ec   0x0800f5ec   0x00000024   Data   RO           19    .constdata          main.o
    0x0800f610   0x0800f610   0x00000010   Data   RO         2889    .constdata          system_stm32f4xx.o
    0x0800f620   0x0800f620   0x00000008   Data   RO         2890    .constdata          system_stm32f4xx.o
    0x0800f628   0x0800f628   0x00000006   Data   RO         5102    .constdata          ethernet.o
    0x0800f62e   0x0800f62e   0x00000006   Data   RO         5103    .constdata          ethernet.o
    0x0800f634   0x0800f634   0x0000000c   Data   RO         6948    .constdata          memp.o
    0x0800f640   0x0800f640   0x0000000c   Data   RO         6949    .constdata          memp.o
    0x0800f64c   0x0800f64c   0x0000000c   Data   RO         6950    .constdata          memp.o
    0x0800f658   0x0800f658   0x0000000c   Data   RO         6951    .constdata          memp.o
    0x0800f664   0x0800f664   0x0000000c   Data   RO         6952    .constdata          memp.o
    0x0800f670   0x0800f670   0x0000000c   Data   RO         6953    .constdata          memp.o
    0x0800f67c   0x0800f67c   0x0000000c   Data   RO         6954    .constdata          memp.o
    0x0800f688   0x0800f688   0x0000000c   Data   RO         6955    .constdata          memp.o
    0x0800f694   0x0800f694   0x0000000c   Data   RO         6956    .constdata          memp.o
    0x0800f6a0   0x0800f6a0   0x0000000c   Data   RO         6957    .constdata          memp.o
    0x0800f6ac   0x0800f6ac   0x0000000c   Data   RO         6958    .constdata          memp.o
    0x0800f6b8   0x0800f6b8   0x0000000c   Data   RO         6959    .constdata          memp.o
    0x0800f6c4   0x0800f6c4   0x0000000c   Data   RO         6960    .constdata          memp.o
    0x0800f6d0   0x0800f6d0   0x00000034   Data   RO         6961    .constdata          memp.o
    0x0800f704   0x0800f704   0x00000054   Data   RO         7587    .constdata          tcp.o
    0x0800f758   0x0800f758   0x00000028   Data   RO         8104    .constdata          timeouts.o
    0x0800f780   0x0800f780   0x00000004   Data   RO         8757    .constdata          ip4_addr.o
    0x0800f784   0x0800f784   0x00000004   Data   RO         8758    .constdata          ip4_addr.o
    0x0800f788   0x0800f788   0x0000000c   Data   RO           20    .conststring        main.o
    0x0800f794   0x0800f794   0x00000075   Data   RO         7588    .conststring        tcp.o
    0x0800f809   0x0800f809   0x00000003   PAD
    0x0800f80c   0x0800f80c   0x00000055   Data   RO         7958    .conststring        tcp_out.o
    0x0800f861   0x0800f861   0x00000003   PAD
    0x0800f864   0x0800f864   0x00000042   Data   RO         8360    .conststring        dhcp.o
    0x0800f8a6   0x0800f8a6   0x00000002   PAD
    0x0800f8a8   0x0800f8a8   0x00000041   Data   RO         8548    .conststring        etharp.o
    0x0800f8e9   0x0800f8e9   0x00000003   PAD
    0x0800f8ec   0x0800f8ec   0x00000020   Data   RO         9847    Region$$Table       anon$$obj.o


    Execution Region RW_IRAM2 (Exec base: 0x10000000, Load base: 0x0800f928, Size: 0x00000000, Max: 0x00010000, ABSOLUTE)

    **** No section assigned to this execution region ****


    Execution Region RW_IRAM1 (Exec base: 0x20000000, Load base: 0x0800f90c, Size: 0x0000b7f0, Max: 0x00020000, ABSOLUTE, COMPRESSED[0x0000001c])

    Exec Addr    Load Addr    Size         Type   Attr      Idx    E Section Name        Object

    0x20000000   COMPRESSED   0x00000004   Data   RW           21    .data               main.o
    0x20000004   COMPRESSED   0x0000000c   Data   RW          375    .data               lwip.o
    0x20000010   COMPRESSED   0x00000004   Data   RW          441    .data               ethernetif.o
    0x20000014   COMPRESSED   0x0000000c   Data   RW         1728    .data               stm32f4xx_hal.o
    0x20000020   COMPRESSED   0x00000004   Data   RW         2891    .data               system_stm32f4xx.o
    0x20000024   COMPRESSED   0x0000003c   Data   RW         3553    .data               tasks.o
    0x20000060   COMPRESSED   0x00000014   Data   RW         3873    .data               timers.o
    0x20000074   COMPRESSED   0x00000004   Data   RW         4080    .data               cmsis_os2.o
    0x20000078   COMPRESSED   0x00000018   Data   RW         4453    .data               heap_4.o
    0x20000090   COMPRESSED   0x0000000c   Data   RW         4504    .data               port.o
    0x2000009c   COMPRESSED   0x00000010   Data   RW         6476    .data               tcpip.o
    0x200000ac   COMPRESSED   0x00000010   Data   RW         6859    .data               mem.o
    0x200000bc   COMPRESSED   0x00000004   Data   RW         6962    .data               memp.o
    0x200000c0   COMPRESSED   0x00000004   Data   RW         6963    .data               memp.o
    0x200000c4   COMPRESSED   0x00000004   Data   RW         6964    .data               memp.o
    0x200000c8   COMPRESSED   0x00000004   Data   RW         6965    .data               memp.o
    0x200000cc   COMPRESSED   0x00000004   Data   RW         6966    .data               memp.o
    0x200000d0   COMPRESSED   0x00000004   Data   RW         6967    .data               memp.o
    0x200000d4   COMPRESSED   0x00000004   Data   RW         6968    .data               memp.o
    0x200000d8   COMPRESSED   0x00000004   Data   RW         6969    .data               memp.o
    0x200000dc   COMPRESSED   0x00000004   Data   RW         6970    .data               memp.o
    0x200000e0   COMPRESSED   0x00000004   Data   RW         6971    .data               memp.o
    0x200000e4   COMPRESSED   0x00000004   Data   RW         6972    .data               memp.o
    0x200000e8   COMPRESSED   0x00000004   Data   RW         6973    .data               memp.o
    0x200000ec   COMPRESSED   0x00000004   Data   RW         6974    .data               memp.o
    0x200000f0   COMPRESSED   0x0000000c   Data   RW         7097    .data               netif.o
    0x200000fc   COMPRESSED   0x00000001   Data   RW         7290    .data               pbuf.o
    0x200000fd   COMPRESSED   0x00000003   PAD
    0x20000100   COMPRESSED   0x00000020   Data   RW         7589    .data               tcp.o
    0x20000120   COMPRESSED   0x00000024   Data   RW         7857    .data               tcp_in.o
    0x20000144   COMPRESSED   0x0000000c   Data   RW         8106    .data               timeouts.o
    0x20000150   COMPRESSED   0x00000008   Data   RW         8199    .data               udp.o
    0x20000158   COMPRESSED   0x00000014   Data   RW         8361    .data               dhcp.o
    0x2000016c   COMPRESSED   0x00000001   Data   RW         8549    .data               etharp.o
    0x2000016d   COMPRESSED   0x00000001   PAD
    0x2000016e   COMPRESSED   0x00000002   Data   RW         8701    .data               ip4.o
    0x20000170   COMPRESSED   0x00000008   Data   RW         8828    .data               ip4_frag.o
    0x20000178   COMPRESSED   0x00000004   Data   RW         9097    .data               sys_arch.o
    0x2000017c   COMPRESSED   0x00000004   Data   RW         9505    .data               mc_w.l(rand.o)
    0x20000180   COMPRESSED   0x00000004   Data   RW         9808    .data               mc_w.l(stdout.o)
    0x20000184        -       0x00000034   Zero   RW          374    .bss                lwip.o
    0x200001b8        -       0x000030e8   Zero   RW          440    .bss                ethernetif.o
    0x200032a0        -       0x00000040   Zero   RW          638    .bss                stm32f4xx_hal_timebase_tim.o
    0x200032e0        -       0x00000040   Zero   RW         3130    .bss                queue.o
    0x20003320        -       0x000004c4   Zero   RW         3552    .bss                tasks.o
    0x200037e4        -       0x00000118   Zero   RW         3872    .bss                timers.o
    0x200038fc        -       0x000006b8   Zero   RW         4079    .bss                cmsis_os2.o
    0x20003fb4        -       0x00003c00   Zero   RW         4452    .bss                heap_4.o
    0x20007bb4        -       0x00000018   Zero   RW         6826    .bss                ip.o
    0x20007bcc        -       0x00000653   Zero   RW         6858    .bss                mem.o
    0x2000821f        -       0x00000083   Zero   RW         6935    .bss                memp.o
    0x200082a2        -       0x0000030f   Zero   RW         6936    .bss                memp.o
    0x200085b1        -       0x000000e3   Zero   RW         6937    .bss                memp.o
    0x20008694        -       0x00000103   Zero   RW         6938    .bss                memp.o
    0x20008797        -       0x000000a3   Zero   RW         6939    .bss                memp.o
    0x2000883a        -       0x0000016b   Zero   RW         6940    .bss                memp.o
    0x200089a5        -       0x00000023   Zero   RW         6941    .bss                memp.o
    0x200089c8        -       0x000000a3   Zero   RW         6942    .bss                memp.o
    0x20008a6b        -       0x00000083   Zero   RW         6943    .bss                memp.o
    0x20008aee        -       0x00000083   Zero   RW         6944    .bss                memp.o
    0x20008b71        -       0x00000053   Zero   RW         6945    .bss                memp.o
    0x20008bc4        -       0x00000103   Zero   RW         6946    .bss                memp.o
    0x20008cc7        -       0x00002603   Zero   RW         6947    .bss                memp.o
    0x2000b2ca   COMPRESSED   0x00000002   PAD
    0x2000b2cc        -       0x00000010   Zero   RW         7856    .bss                tcp_in.o
    0x2000b2dc        -       0x00000020   Zero   RW         8359    .bss                dhcp.o
    0x2000b2fc        -       0x000000f0   Zero   RW         8547    .bss                etharp.o
    0x2000b3ec   COMPRESSED   0x00000004   PAD
    0x2000b3f0        -       0x00000400   Zero   RW            1    STACK               startup_stm32f407xx.o


==============================================================================

Image component sizes


      Code (inc. data)   RO Data    RW Data    ZI Data      Debug   Object Name

         0          0          0          0          0       2260   api_lib.o
         0          0          0          0          0       4771   api_msg.o
         0          0          0          0          0       2208   auth.o
         0          0          0          0          0       6095   bridgeif.o
      1524         96          0          4       1720      44227   cmsis_os2.o
         8          0          0          0          0       1130   def.o
      6040       2014         66         20         32      28333   dhcp.o
         0          0          0          0          0       1828   err.o
      2956       1188         65          1        240      13003   etharp.o
       412        154         12          0          0       2790   ethernet.o
      1132        168          0          4      12520       7156   ethernetif.o
         0          0          0          0          0      18444   event_groups.o
         0          0          0          0          0        616   fs.o
       460         24          0         24      15360       4863   heap_4.o
         0          0          0          0          0       5683   httpd.o
       776        350          0          0          0       4522   icmp.o
        34          0          0          0          0      10147   init.o
         0          0          0          0         24       3242   ip.o
       950        186          0          2          0       5924   ip4.o
        46          0          8          0          0       8866   ip4_addr.o
      2904       1164          0          8          0      11862   ip4_frag.o
       138          0          0          0          0       3634   list.o
       104         18          0         12         52        834   lwip.o
       432         46         48          4          0     751529   main.o
      2172       1044          0         16       1619       8225   mem.o
       746        500        208         52      12459      12611   memp.o
      1410        740          0         12          0      14484   netif.o
      3416       1796          0          1          0      17626   pbuf.o
       786         82          0         12          0      11741   port.o
      2674         28          0          0         64      30636   queue.o
        36          8        392          0       1024        848   startup_stm32f407xx.o
       116         18          0         12          0       8806   stm32f4xx_hal.o
       158         14          0          0          0      33238   stm32f4xx_hal_cortex.o
      2008         72          0          0          0      13284   stm32f4xx_hal_eth.o
       450         46          0          0          0       2432   stm32f4xx_hal_gpio.o
        56          4          0          0          0        862   stm32f4xx_hal_msp.o
      1372         76          0          0          0       5862   stm32f4xx_hal_rcc.o
       656         44          0          0          0       7380   stm32f4xx_hal_tim.o
         4          0          0          0          0       1637   stm32f4xx_hal_tim_ex.o
       116         16          0          0         64       1431   stm32f4xx_hal_timebase_tim.o
        36         12          0          0          0       3765   stm32f4xx_it.o
         0          0          0          0          0        416   stream_buffer.o
       268         16          0          4          0      12696   sys_arch.o
        28          6         24          4          0       1167   system_stm32f4xx.o
      2400        204          0         60       1220      31108   tasks.o
      6124       2876        201         32          0      33632   tcp.o
      6910       2036          0         36         16      22855   tcp_in.o
      6108       3044         85          0          0      29518   tcp_out.o
      1132        660          0         16          0       7796   tcpip.o
       760        374         40         12          0       7667   timeouts.o
       972         80          0         20        280      32263   timers.o
      2638       1376          0          8          0      11933   udp.o

    ----------------------------------------------------------------------
     61532      20580       1192        380      46700    1309886   Object Totals
         0          0         32          0          0          0   (incl. Generated)
        64          0         11          4          6          0   (incl. Padding)

    ----------------------------------------------------------------------

      Code (inc. data)   RO Data    RW Data    ZI Data      Debug   Library Member Name

        86          0          0          0          0          0   __dczerorl2.o
         0          0          0          0          0          0   entry.o
         0          0          0          0          0          0   entry10a.o
         0          0          0          0          0          0   entry11a.o
         8          4          0          0          0          0   entry2.o
         4          0          0          0          0          0   entry5.o
         0          0          0          0          0          0   entry7b.o
         0          0          0          0          0          0   entry8b.o
         8          4          0          0          0          0   entry9a.o
        18          0          0          0          0         80   fputc.o
        30          0          0          0          0          0   handlers.o
        36          8          0          0          0         68   init.o
         0          0          0          0          0          0   iusesemip.o
        30          0          0          0          0         68   llshl.o
        32          0          0          0          0         68   llushr.o
        26          0          0          0          0         80   memcmp.o
        64          0          0          0          0         76   memmovea.o
        36          0          0          0          0        108   memseta.o
       472         14          0          0          0        184   printf3.o
        36         10          0          4          0        136   rand.o
         0          0          0          0          0          0   semi.o
         0          0          0          4          0          0   stdout.o
        44          0          0          0          0         80   uidiv.o
        98          0          0          0          0         92   uldiv.o

    ----------------------------------------------------------------------
      1032         40          0          8          0       1040   Library Totals
         4          0          0          0          0          0   (incl. Padding)

    ----------------------------------------------------------------------

      Code (inc. data)   RO Data    RW Data    ZI Data      Debug   Library Name

      1028         40          0          8          0       1040   mc_w.l

    ----------------------------------------------------------------------
      1032         40          0          8          0       1040   Library Totals

    ----------------------------------------------------------------------

==============================================================================


      Code (inc. data)   RO Data    RW Data    ZI Data      Debug   

     62564      20620       1192        388      46700    1274894   Grand Totals
     62564      20620       1192         28      46700    1274894   ELF Image Totals (compressed)
     62564      20620       1192         28          0          0   ROM Totals

==============================================================================

    Total RO  Size (Code + RO Data)                63756 (  62.26kB)
    Total RW  Size (RW Data + ZI Data)             47088 (  45.98kB)
    Total ROM Size (Code + RO Data + RW Data)      63784 (  62.29kB)

==============================================================================

