Component: ARM Compiler 5.06 update 6 (build 750) Tool: armlink [4d35ed]

==============================================================================

Section Cross References

    startup_stm32f407xx.o(RESET) refers to startup_stm32f407xx.o(STACK) for __initial_sp
    startup_stm32f407xx.o(RESET) refers to startup_stm32f407xx.o(.text) for Reset_Handler
    startup_stm32f407xx.o(RESET) refers to stm32f4xx_it.o(i.NMI_Handler) for NMI_Handler
    startup_stm32f407xx.o(RESET) refers to stm32f4xx_it.o(i.HardFault_Handler) for HardFault_Handler
    startup_stm32f407xx.o(RESET) refers to stm32f4xx_it.o(i.MemManage_Handler) for MemManage_Handler
    startup_stm32f407xx.o(RESET) refers to stm32f4xx_it.o(i.BusFault_Handler) for BusFault_Handler
    startup_stm32f407xx.o(RESET) refers to stm32f4xx_it.o(i.UsageFault_Handler) for UsageFault_Handler
    startup_stm32f407xx.o(RESET) refers to stm32f4xx_it.o(i.SVC_Handler) for SVC_Handler
    startup_stm32f407xx.o(RESET) refers to stm32f4xx_it.o(i.DebugMon_Handler) for DebugMon_Handler
    startup_stm32f407xx.o(RESET) refers to stm32f4xx_it.o(i.PendSV_Handler) for PendSV_Handler
    startup_stm32f407xx.o(RESET) refers to stm32f4xx_it.o(i.TIM1_UP_TIM10_IRQHandler) for TIM1_UP_TIM10_IRQHandler
    startup_stm32f407xx.o(.text) refers to system_stm32f4xx.o(i.SystemInit) for SystemInit
    startup_stm32f407xx.o(.text) refers to entry.o(.ARM.Collect$$$$00000000) for __main
    main.o(i.HAL_TIM_PeriodElapsedCallback) refers to stm32f4xx_hal.o(i.HAL_IncTick) for HAL_IncTick
    main.o(i.MX_GPIO_Init) refers to memseta.o(.text) for __aeabi_memclr4
    main.o(i.MX_GPIO_Init) refers to stm32f4xx_hal_gpio.o(i.HAL_GPIO_WritePin) for HAL_GPIO_WritePin
    main.o(i.MX_GPIO_Init) refers to stm32f4xx_hal_gpio.o(i.HAL_GPIO_Init) for HAL_GPIO_Init
    main.o(i.SystemClock_Config) refers to memseta.o(.text) for __aeabi_memclr4
    main.o(i.SystemClock_Config) refers to stm32f4xx_hal_rcc.o(i.HAL_RCC_OscConfig) for HAL_RCC_OscConfig
    main.o(i.SystemClock_Config) refers to stm32f4xx_hal_rcc.o(i.HAL_RCC_ClockConfig) for HAL_RCC_ClockConfig
    main.o(i.main) refers to stm32f4xx_hal.o(i.HAL_Init) for HAL_Init
    main.o(i.main) refers to main.o(i.SystemClock_Config) for SystemClock_Config
    main.o(i.main) refers to main.o(i.MX_GPIO_Init) for MX_GPIO_Init
    main.o(i.main) refers to lwip.o(i.MX_LWIP_Init) for MX_LWIP_Init
    main.o(i.main) refers to lwip.o(i.MX_LWIP_Process) for MX_LWIP_Process
    lwip.o(i.MX_LWIP_Init) refers to init.o(i.lwip_init) for lwip_init
    lwip.o(i.MX_LWIP_Init) refers to netif.o(i.netif_add) for netif_add
    lwip.o(i.MX_LWIP_Init) refers to netif.o(i.netif_set_default) for netif_set_default
    lwip.o(i.MX_LWIP_Init) refers to netif.o(i.netif_set_up) for netif_set_up
    lwip.o(i.MX_LWIP_Init) refers to netif.o(i.netif_set_down) for netif_set_down
    lwip.o(i.MX_LWIP_Init) refers to dhcp.o(i.dhcp_start) for dhcp_start
    lwip.o(i.MX_LWIP_Init) refers to lwip.o(.data) for .data
    lwip.o(i.MX_LWIP_Init) refers to ethernet.o(i.ethernet_input) for ethernet_input
    lwip.o(i.MX_LWIP_Init) refers to ethernetif.o(i.ethernetif_init) for ethernetif_init
    lwip.o(i.MX_LWIP_Init) refers to lwip.o(.bss) for .bss
    lwip.o(i.MX_LWIP_Process) refers to ethernetif.o(i.ethernetif_input) for ethernetif_input
    lwip.o(i.MX_LWIP_Process) refers to timeouts.o(i.sys_check_timeouts) for sys_check_timeouts
    lwip.o(i.MX_LWIP_Process) refers to lwip.o(.bss) for .bss
    ethernetif.o(i.HAL_ETH_MspDeInit) refers to stm32f4xx_hal_gpio.o(i.HAL_GPIO_DeInit) for HAL_GPIO_DeInit
    ethernetif.o(i.HAL_ETH_MspDeInit) refers to stm32f4xx_hal_cortex.o(i.HAL_NVIC_DisableIRQ) for HAL_NVIC_DisableIRQ
    ethernetif.o(i.HAL_ETH_MspInit) refers to memseta.o(.text) for __aeabi_memclr4
    ethernetif.o(i.HAL_ETH_MspInit) refers to stm32f4xx_hal_gpio.o(i.HAL_GPIO_Init) for HAL_GPIO_Init
    ethernetif.o(i.HAL_ETH_MspInit) refers to stm32f4xx_hal_cortex.o(i.HAL_NVIC_SetPriority) for HAL_NVIC_SetPriority
    ethernetif.o(i.HAL_ETH_MspInit) refers to stm32f4xx_hal_cortex.o(i.HAL_NVIC_EnableIRQ) for HAL_NVIC_EnableIRQ
    ethernetif.o(i.ethernetif_init) refers to printf3.o(i.__0printf$3) for __2printf
    ethernetif.o(i.ethernetif_init) refers to ethernetif.o(i.low_level_init) for low_level_init
    ethernetif.o(i.ethernetif_init) refers to etharp.o(i.etharp_output) for etharp_output
    ethernetif.o(i.ethernetif_init) refers to ethernetif.o(i.low_level_output) for low_level_output
    ethernetif.o(i.ethernetif_input) refers to ethernetif.o(i.low_level_input) for low_level_input
    ethernetif.o(i.ethernetif_input) refers to pbuf.o(i.pbuf_free) for pbuf_free
    ethernetif.o(i.low_level_init) refers to stm32f4xx_hal_eth.o(i.HAL_ETH_Init) for HAL_ETH_Init
    ethernetif.o(i.low_level_init) refers to stm32f4xx_hal_eth.o(i.HAL_ETH_DMATxDescListInit) for HAL_ETH_DMATxDescListInit
[...]
    .constdata                               0x0800ca6e   Section        6  ethernet.o(.constdata)
    .constdata                               0x0800ca74   Section       12  memp.o(.constdata)
    .constdata                               0x0800ca80   Section       12  memp.o(.constdata)
    .constdata                               0x0800ca8c   Section       12  memp.o(.constdata)
    .constdata                               0x0800ca98   Section       12  memp.o(.constdata)
    .constdata                               0x0800caa4   Section       12  memp.o(.constdata)
    .constdata                               0x0800cab0   Section       12  memp.o(.constdata)
    .constdata                               0x0800cabc   Section       12  memp.o(.constdata)
    .constdata                               0x0800cac8   Section       12  memp.o(.constdata)
    .constdata                               0x0800cad4   Section       12  memp.o(.constdata)
    .constdata                               0x0800cae0   Section       36  memp.o(.constdata)
    .constdata                               0x0800cb04   Section       84  tcp.o(.constdata)
    tcp_persist_backoff                      0x0800cb04   Data           7  tcp.o(.constdata)
    tcp_state_str                            0x0800cb0c   Data          44  tcp.o(.constdata)
    tcp_backoff                              0x0800cb38   Data          13  tcp.o(.constdata)
    .constdata                               0x0800cb58   Section       40  timeouts.o(.constdata)
    .constdata                               0x0800cb80   Section        4  ip4_addr.o(.constdata)
    .constdata                               0x0800cb84   Section        4  ip4_addr.o(.constdata)
    .conststring                             0x0800cb88   Section      117  tcp.o(.conststring)
    .conststring                             0x0800cc00   Section       85  tcp_out.o(.conststring)
    .conststring                             0x0800cc58   Section       66  dhcp.o(.conststring)
    .conststring                             0x0800cc9c   Section       65  etharp.o(.conststring)
    .data                                    0x20000000   Section       12  lwip.o(.data)
    .data                                    0x2000000c   Section       12  stm32f4xx_hal.o(.data)
    .data                                    0x20000018   Section        4  system_stm32f4xx.o(.data)
    .data                                    0x2000001c   Section       12  mem.o(.data)
    ram                                      0x2000001c   Data           4  mem.o(.data)
    ram_end                                  0x20000020   Data           4  mem.o(.data)
    lfree                                    0x20000024   Data           4  mem.o(.data)
    .data                                    0x20000028   Section        4  memp.o(.data)
    memp_tab_UDP_PCB                         0x20000028   Data           4  memp.o(.data)
    .data                                    0x2000002c   Section        4  memp.o(.data)
    memp_tab_TCP_PCB                         0x2000002c   Data           4  memp.o(.data)
    .data                                    0x20000030   Section        4  memp.o(.data)
    memp_tab_TCP_PCB_LISTEN                  0x20000030   Data           4  memp.o(.data)
    .data                                    0x20000034   Section        4  memp.o(.data)
    memp_tab_TCP_SEG                         0x20000034   Data           4  memp.o(.data)
    .data                                    0x20000038   Section        4  memp.o(.data)
    memp_tab_REASSDATA                       0x20000038   Data           4  memp.o(.data)
    .data                                    0x2000003c   Section        4  memp.o(.data)
    memp_tab_FRAG_PBUF                       0x2000003c   Data           4  memp.o(.data)
    .data                                    0x20000040   Section        4  memp.o(.data)
    memp_tab_SYS_TIMEOUT                     0x20000040   Data           4  memp.o(.data)
    .data                                    0x20000044   Section        4  memp.o(.data)
    memp_tab_PBUF                            0x20000044   Data           4  memp.o(.data)
    .data                                    0x20000048   Section        4  memp.o(.data)
    memp_tab_PBUF_POOL                       0x20000048   Data           4  memp.o(.data)
    .data                                    0x2000004c   Section       12  netif.o(.data)
    netif_num                                0x2000004c   Data           1  netif.o(.data)
    .data                                    0x20000058   Section        1  pbuf.o(.data)
    .data                                    0x2000005c   Section       32  tcp.o(.data)
    tcp_timer                                0x2000005d   Data           1  tcp.o(.data)
    tcp_timer_ctr                            0x2000005e   Data           1  tcp.o(.data)
    tcp_port                                 0x20000060   Data           2  tcp.o(.data)
    iss                                      0x20000064   Data           4  tcp.o(.data)
    .data                                    0x2000007c   Section       36  tcp_in.o(.data)
    flags                                    0x2000007c   Data           1  tcp_in.o(.data)
    recv_flags                               0x2000007d   Data           1  tcp_in.o(.data)
    tcphdr_optlen                            0x2000007e   Data           2  tcp_in.o(.data)
    tcphdr_opt1len                           0x20000080   Data           2  tcp_in.o(.data)
    tcp_optidx                               0x20000082   Data           2  tcp_in.o(.data)
    recv_acked                               0x20000084   Data           2  tcp_in.o(.data)
    tcplen                                   0x20000086   Data           2  tcp_in.o(.data)
    tcphdr                                   0x20000088   Data           4  tcp_in.o(.data)
    tcphdr_opt2                              0x2000008c   Data           4  tcp_in.o(.data)
    seqno                                    0x20000090   Data           4  tcp_in.o(.data)
    ackno                                    0x20000094   Data           4  tcp_in.o(.data)
    recv_data                                0x20000098   Data           4  tcp_in.o(.data)
    .data                                    0x200000a0   Section       12  timeouts.o(.data)
    next_timeout                             0x200000a0   Data           4  timeouts.o(.data)
    current_timeout_due_time                 0x200000a4   Data           4  timeouts.o(.data)
    tcpip_tcp_timer_active                   0x200000a8   Data           4  timeouts.o(.data)
    .data                                    0x200000ac   Section        8  udp.o(.data)
    udp_port                                 0x200000ac   Data           2  udp.o(.data)
    .data                                    0x200000b4   Section       20  dhcp.o(.data)
    dhcp_pcb_refcount                        0x200000b4   Data           1  dhcp.o(.data)
    dhcp_discover_request_options            0x200000b5   Data           3  dhcp.o(.data)
    xid                                      0x200000b8   Data           4  dhcp.o(.data)
    dhcp_pcb                                 0x200000bc   Data           4  dhcp.o(.data)
    .data                                    0x200000c8   Section        1  etharp.o(.data)
    etharp_cached_entry                      0x200000c8   Data           1  etharp.o(.data)
    .data                                    0x200000ca   Section        2  ip4.o(.data)
    ip_id                                    0x200000ca   Data           2  ip4.o(.data)
    .data                                    0x200000cc   Section        8  ip4_frag.o(.data)
    ip_reass_pbufcount                       0x200000cc   Data           2  ip4_frag.o(.data)
    reassdatagrams                           0x200000d0   Data           4  ip4_frag.o(.data)
    .data                                    0x200000d4   Section        4  rand.o(.data)
    _rand_state                              0x200000d4   Data           4  rand.o(.data)
    .data                                    0x200000d8   Section        4  stdout.o(.data)
    .bss                                     0x200000dc   Section       52  lwip.o(.bss)
    .bss                                     0x20000110   Section    12520  ethernetif.o(.bss)
    .bss                                     0x200031f8   Section       64  stm32f4xx_hal_timebase_tim.o(.bss)
    .bss                                     0x20003238   Section       24  ip.o(.bss)
    .bss                                     0x20003250   Section     1619  mem.o(.bss)
    .bss                                     0x200038a3   Section      131  memp.o(.bss)
    .bss                                     0x20003926   Section      783  memp.o(.bss)
    .bss                                     0x20003c35   Section      227  memp.o(.bss)
    .bss                                     0x20003d18   Section      259  memp.o(.bss)
    .bss                                     0x20003e1b   Section      163  memp.o(.bss)
    .bss                                     0x20003ebe   Section      363  memp.o(.bss)
    .bss                                     0x20004029   Section       83  memp.o(.bss)
    .bss                                     0x2000407c   Section      259  memp.o(.bss)
    .bss                                     0x2000417f   Section     9731  memp.o(.bss)
    .bss                                     0x20006784   Section       16  tcp_in.o(.bss)
    inseg                                    0x20006784   Data          16  tcp_in.o(.bss)
    .bss                                     0x20006794   Section       32  dhcp.o(.bss)
    .bss                                     0x200067b4   Section      240  etharp.o(.bss)
    arp_table                                0x200067b4   Data         240  etharp.o(.bss)
    STACK                                    0x200068a8   Section     1024  startup_stm32f407xx.o(STACK)

    Global Symbols

    Symbol Name                              Value     Ov Type        Size  Object(Section)

    BuildAttributes$$THM_ISAv4$E$P$D$K$B$S$7EM$VFPi3$EXTD16$VFPS$VFMA$PE$A:L22UL41UL21$X:L11$S22US41US21$IEEE1$IW$USESV6$~STKCKD$USESV7$~SHL$OSPACE$ROPI$EBA8$MICROLIB$REQ8$PRES8$EABIv2 0x00000000   Number         0  anon$$obj.o ABSOLUTE
    __ARM_use_no_argv                        0x00000000   Number         0  main.o ABSOLUTE
    _printf_a                                0x00000000   Number         0  stubs.o ABSOLUTE
    _printf_c                                0x00000000   Number         0  stubs.o ABSOLUTE
    _printf_charcount                        0x00000000   Number         0  stubs.o ABSOLUTE
    _printf_d                                0x00000000   Number         0  stubs.o ABSOLUTE
    _printf_e                                0x00000000   Number         0  stubs.o ABSOLUTE
    _printf_f                                0x00000000   Number         0  stubs.o ABSOLUTE
    _printf_flags                            0x00000000   Number         0  stubs.o ABSOLUTE
    _printf_fp_dec                           0x00000000   Number         0  stubs.o ABSOLUTE
    _printf_fp_hex                           0x00000000   Number         0  stubs.o ABSOLUTE
    _printf_g                                0x00000000   Number         0  stubs.o ABSOLUTE
    _printf_i                                0x00000000   Number         0  stubs.o ABSOLUTE
    _printf_int_dec                          0x00000000   Number         0  stubs.o ABSOLUTE
    _printf_l                                0x00000000   Number         0  stubs.o ABSOLUTE
    _printf_lc                               0x00000000   Number         0  stubs.o ABSOLUTE
    _printf_ll                               0x00000000   Number         0  stubs.o ABSOLUTE
    _printf_lld                              0x00000000   Number         0  stubs.o ABSOLUTE
    _printf_lli                              0x00000000   Number         0  stubs.o ABSOLUTE
    _printf_llo                              0x00000000   Number         0  stubs.o ABSOLUTE
    _printf_llu                              0x00000000   Number         0  stubs.o ABSOLUTE
    _printf_llx                              0x00000000   Number         0  stubs.o ABSOLUTE
    _printf_longlong_dec                     0x00000000   Number         0  stubs.o ABSOLUTE
    _printf_longlong_hex                     0x00000000   Number         0  stubs.o ABSOLUTE
    _printf_longlong_oct                     0x00000000   Number         0  stubs.o ABSOLUTE
    _printf_ls                               0x00000000   Number         0  stubs.o ABSOLUTE
    _printf_mbtowc                           0x00000000   Number         0  stubs.o ABSOLUTE
    _printf_n                                0x00000000   Number         0  stubs.o ABSOLUTE
    _printf_o                                0x00000000   Number         0  stubs.o ABSOLUTE
    _printf_p                                0x00000000   Number         0  stubs.o ABSOLUTE
    _printf_percent                          0x00000000   Number         0  stubs.o ABSOLUTE
    _printf_pre_padding                      0x00000000   Number         0  stubs.o ABSOLUTE
    _printf_return_value                     0x00000000   Number         0  stubs.o ABSOLUTE
    _printf_s                                0x00000000   Number         0  stubs.o ABSOLUTE
    _printf_sizespec                         0x00000000   Number         0  stubs.o ABSOLUTE
    _printf_str                              0x00000000   Number         0  stubs.o ABSOLUTE
    _printf_truncate_signed                  0x00000000   Number         0  stubs.o ABSOLUTE
    _printf_truncate_unsigned                0x00000000   Number         0  stubs.o ABSOLUTE
    _printf_u                                0x00000000   Number         0  stubs.o ABSOLUTE
    _printf_wc                               0x00000000   Number         0  stubs.o ABSOLUTE
    _printf_wctomb                           0x00000000   Number         0  stubs.o ABSOLUTE
    _printf_widthprec                        0x00000000   Number         0  stubs.o ABSOLUTE
    _printf_x                                0x00000000   Number         0  stubs.o ABSOLUTE
    __cpp_initialize__aeabi_                  - Undefined Weak Reference
    __cxa_finalize                            - Undefined Weak Reference
    __decompress                              - Undefined Weak Reference
    _clock_init                               - Undefined Weak Reference
    _microlib_exit                            - Undefined Weak Reference
    __Vectors_Size                           0x00000188   Number         0  startup_stm32f407xx.o ABSOLUTE
    __Vectors                                0x08000000   Data           4  startup_stm32f407xx.o(RESET)
    __Vectors_End                            0x08000188   Data           0  startup_stm32f407xx.o(RESET)
    __main                                   0x08000189   Thumb Code     0  entry.o(.ARM.Collect$$$$00000000)
    _main_stk                                0x08000189   Thumb Code     0  entry2.o(.ARM.Collect$$$$00000001)
    _main_scatterload                        0x0800018d   Thumb Code     0  entry5.o(.ARM.Collect$$$$00000004)
    __main_after_scatterload                 0x08000191   Thumb Code     0  entry5.o(.ARM.Collect$$$$00000004)
    _main_clock                              0x08000191   Thumb Code     0  entry7b.o(.ARM.Collect$$$$00000008)
    _main_cpp_init                           0x08000191   Thumb Code     0  entry8b.o(.ARM.Collect$$$$0000000A)
    _main_init                               0x08000191   Thumb Code     0  entry9a.o(.ARM.Collect$$$$0000000B)
    __rt_final_cpp                           0x08000199   Thumb Code     0  entry10a.o(.ARM.Collect$$$$0000000D)
    __rt_final_exit                          0x08000199   Thumb Code     0  entry11a.o(.ARM.Collect$$$$0000000F)
    Reset_Handler                            0x0800019d   Thumb Code     8  startup_stm32f407xx.o(.text)
    SysTick_Handler                          0x080001b5   Thumb Code     2  startup_stm32f407xx.o(.text)
    ADC_IRQHandler                           0x080001b7   Thumb Code     0  startup_stm32f407xx.o(.text)
    CAN1_RX0_IRQHandler                      0x080001b7   Thumb Code     0  startup_stm32f407xx.o(.text)
    CAN1_RX1_IRQHandler                      0x080001b7   Thumb Code     0  startup_stm32f407xx.o(.text)
    CAN1_SCE_IRQHandler                      0x080001b7   Thumb Code     0  startup_stm32f407xx.o(.text)
    CAN1_TX_IRQHandler                       0x080001b7   Thumb Code     0  startup_stm32f407xx.o(.text)
    CAN2_RX0_IRQHandler                      0x080001b7   Thumb Code     0  startup_stm32f407xx.o(.text)
    CAN2_RX1_IRQHandler                      0x080001b7   Thumb Code     0  startup_stm32f407xx.o(.text)
    CAN2_SCE_IRQHandler                      0x080001b7   Thumb Code     0  startup_stm32f407xx.o(.text)
    CAN2_TX_IRQHandler                       0x080001b7   Thumb Code     0  startup_stm32f407xx.o(.text)
    DCMI_IRQHandler                          0x080001b7   Thumb Code     0  startup_stm32f407xx.o(.text)
    DMA1_Stream0_IRQHandler                  0x080001b7   Thumb Code     0  startup_stm32f407xx.o(.text)
    DMA1_Stream1_IRQHandler                  0x080001b7   Thumb Code     0  startup_stm32f407xx.o(.text)
    DMA1_Stream2_IRQHandler                  0x080001b7   Thumb Code     0  startup_stm32f407xx.o(.text)
    DMA1_Stream3_IRQHandler                  0x080001b7   Thumb Code     0  startup_stm32f407xx.o(.text)
    DMA1_Stream4_IRQHandler                  0x080001b7   Thumb Code     0  startup_stm32f407xx.o(.text)
    DMA1_Stream5_IRQHandler                  0x080001b7   Thumb Code     0  startup_stm32f407xx.o(.text)
    DMA1_Stream6_IRQHandler                  0x080001b7   Thumb Code     0  startup_stm32f407xx.o(.text)
    DMA1_Stream7_IRQHandler                  0x080001b7   Thumb Code     0  startup_stm32f407xx.o(.text)
    DMA2_Stream0_IRQHandler                  0x080001b7   Thumb Code     0  startup_stm32f407xx.o(.text)
    DMA2_Stream1_IRQHandler                  0x080001b7   Thumb Code     0  startup_stm32f407xx.o(.text)
    DMA2_Stream2_IRQHandler                  0x080001b7   Thumb Code     0  startup_stm32f407xx.o(.text)
    DMA2_Stream3_IRQHandler                  0x080001b7   Thumb Code     0  startup_stm32f407xx.o(.text)
    DMA2_Stream4_IRQHandler                  0x080001b7   Thumb Code     0  startup_stm32f407xx.o(.text)
    DMA2_Stream5_IRQHandler                  0x080001b7   Thumb Code     0  startup_stm32f407xx.o(.text)
    DMA2_Stream6_IRQHandler                  0x080001b7   Thumb Code     0  startup_stm32f407xx.o(.text)
    DMA2_Stream7_IRQHandler                  0x080001b7   Thumb Code     0  startup_stm32f407xx.o(.text)
    ETH_IRQHandler                           0x080001b7   Thumb Code     0  startup_stm32f407xx.o(.text)
    ETH_WKUP_IRQHandler                      0x080001b7   Thumb Code     0  startup_stm32f407xx.o(.text)
    EXTI0_IRQHandler                         0x080001b7   Thumb Code     0  startup_stm32f407xx.o(.text)
    EXTI15_10_IRQHandler                     0x080001b7   Thumb Code     0  startup_stm32f407xx.o(.text)
    EXTI1_IRQHandler                         0x080001b7   Thumb Code     0  startup_stm32f407xx.o(.text)
    EXTI2_IRQHandler                         0x080001b7   Thumb Code     0  startup_stm32f407xx.o(.text)
    EXTI3_IRQHandler                         0x080001b7   Thumb Code     0  startup_stm32f407xx.o(.text)
    EXTI4_IRQHandler                         0x080001b7   Thumb Code     0  startup_stm32f407xx.o(.text)
    EXTI9_5_IRQHandler                       0x080001b7   Thumb Code     0  startup_stm32f407xx.o(.text)
    FLASH_IRQHandler                         0x080001b7   Thumb Code     0  startup_stm32f407xx.o(.text)
    FMC_IRQHandler                           0x080001b7   Thumb Code     0  startup_stm32f407xx.o(.text)
    FPU_IRQHandler                           0x080001b7   Thumb Code     0  startup_stm32f407xx.o(.text)
    HASH_RNG_IRQHandler                      0x080001b7   Thumb Code     0  startup_stm32f407xx.o(.text)
    I2C1_ER_IRQHandler                       0x080001b7   Thumb Code     0  startup_stm32f407xx.o(.text)
    I2C1_EV_IRQHandler                       0x080001b7   Thumb Code     0  startup_stm32f407xx.o(.text)
    I2C2_ER_IRQHandler                       0x080001b7   Thumb Code     0  startup_stm32f407xx.o(.text)
    I2C2_EV_IRQHandler                       0x080001b7   Thumb Code     0  startup_stm32f407xx.o(.text)
    I2C3_ER_IRQHandler                       0x080001b7   Thumb Code     0  startup_stm32f407xx.o(.text)
    I2C3_EV_IRQHandler                       0x080001b7   Thumb Code     0  startup_stm32f407xx.o(.text)
    OTG_FS_IRQHandler                        0x080001b7   Thumb Code     0  startup_stm32f407xx.o(.text)
    OTG_FS_WKUP_IRQHandler                   0x080001b7   Thumb Code     0  startup_stm32f407xx.o(.text)
    OTG_HS_EP1_IN_IRQHandler                 0x080001b7   Thumb Code     0  startup_stm32f407xx.o(.text)
    OTG_HS_EP1_OUT_IRQHandler                0x080001b7   Thumb Code     0  startup_stm32f407xx.o(.text)
    OTG_HS_IRQHandler                        0x080001b7   Thumb Code     0  startup_stm32f407xx.o(.text)
    OTG_HS_WKUP_IRQHandler                   0x080001b7   Thumb Code     0  startup_stm32f407xx.o(.text)
    PVD_IRQHandler                           0x080001b7   Thumb Code     0  startup_stm32f407xx.o(.text)
    RCC_IRQHandler                           0x080001b7   Thumb Code     0  startup_stm32f407xx.o(.text)
    RTC_Alarm_IRQHandler                     0x080001b7   Thumb Code     0  startup_stm32f407xx.o(.text)
    RTC_WKUP_IRQHandler                      0x080001b7   Thumb Code     0  startup_stm32f407xx.o(.text)
    SDIO_IRQHandler                          0x080001b7   Thumb Code     0  startup_stm32f407xx.o(.text)
    SPI1_IRQHandler                          0x080001b7   Thumb Code     0  startup_stm32f407xx.o(.text)
    SPI2_IRQHandler                          0x080001b7   Thumb Code     0  startup_stm32f407xx.o(.text)
    SPI3_IRQHandler                          0x080001b7   Thumb Code     0  startup_stm32f407xx.o(.text)
    TAMP_STAMP_IRQHandler                    0x080001b7   Thumb Code     0  startup_stm32f407xx.o(.text)
    TIM1_BRK_TIM9_IRQHandler                 0x080001b7   Thumb Code     0  startup_stm32f407xx.o(.text)
    TIM1_CC_IRQHandler                       0x080001b7   Thumb Code     0  startup_stm32f407xx.o(.text)
    TIM1_TRG_COM_TIM11_IRQHandler            0x080001b7   Thumb Code     0  startup_stm32f407xx.o(.text)
    TIM2_IRQHandler                          0x080001b7   Thumb Code     0  startup_stm32f407xx.o(.text)
    TIM3_IRQHandler                          0x080001b7   Thumb Code     0  startup_stm32f407xx.o(.text)
    TIM4_IRQHandler                          0x080001b7   Thumb Code     0  startup_stm32f407xx.o(.text)
    TIM5_IRQHandler                          0x080001b7   Thumb Code     0  startup_stm32f407xx.o(.text)
    TIM6_DAC_IRQHandler                      0x080001b7   Thumb Code     0  startup_stm32f407xx.o(.text)
    TIM7_IRQHandler                          0x080001b7   Thumb Code     0  startup_stm32f407xx.o(.text)
    TIM8_BRK_TIM12_IRQHandler                0x080001b7   Thumb Code     0  startup_stm32f407xx.o(.text)
    TIM8_CC_IRQHandler                       0x080001b7   Thumb Code     0  startup_stm32f407xx.o(.text)
    TIM8_TRG_COM_TIM14_IRQHandler            0x080001b7   Thumb Code     0  startup_stm32f407xx.o(.text)
    TIM8_UP_TIM13_IRQHandler                 0x080001b7   Thumb Code     0  startup_stm32f407xx.o(.text)
    UART4_IRQHandler                         0x080001b7   Thumb Code     0  startup_stm32f407xx.o(.text)
    UART5_IRQHandler                         0x080001b7   Thumb Code     0  startup_stm32f407xx.o(.text)
    USART1_IRQHandler                        0x080001b7   Thumb Code     0  startup_stm32f407xx.o(.text)
    USART2_IRQHandler                        0x080001b7   Thumb Code     0  startup_stm32f407xx.o(.text)
    USART3_IRQHandler                        0x080001b7   Thumb Code     0  startup_stm32f407xx.o(.text)
    USART6_IRQHandler                        0x080001b7   Thumb Code     0  startup_stm32f407xx.o(.text)
    WWDG_IRQHandler                          0x080001b7   Thumb Code     0  startup_stm32f407xx.o(.text)
    __aeabi_uldivmod                         0x080001c1   Thumb Code    98  uldiv.o(.text)
    rand                                     0x08000225   Thumb Code    20  rand.o(.text)
    srand                                    0x08000239   Thumb Code     6  rand.o(.text)
    ___aeabi_memcpy4$move                    0x08000249   Thumb Code     0  memmovea.o(.text)
    ___aeabi_memcpy8$move                    0x08000249   Thumb Code     0  memmovea.o(.text)
    __aeabi_memcpy                           0x08000249   Thumb Code    64  memmovea.o(.text)
    __aeabi_memmove                          0x08000249   Thumb Code     0  memmovea.o(.text)
    __aeabi_memmove4                         0x08000249   Thumb Code     0  memmovea.o(.text)
    __aeabi_memmove8                         0x08000249   Thumb Code     0  memmovea.o(.text)
    __aeabi_memset                           0x08000289   Thumb Code    14  memseta.o(.text)
    __aeabi_memset4                          0x08000289   Thumb Code     0  memseta.o(.text)
    __aeabi_memset8                          0x08000289   Thumb Code     0  memseta.o(.text)
    __aeabi_memclr                           0x08000297   Thumb Code     4  memseta.o(.text)
    __aeabi_memclr4                          0x08000297   Thumb Code     0  memseta.o(.text)
    __aeabi_memclr8                          0x08000297   Thumb Code     0  memseta.o(.text)
    _memset$wrapper                          0x0800029b   Thumb Code    18  memseta.o(.text)
    memcmp                                   0x080002ad   Thumb Code    26  memcmp.o(.text)
    __aeabi_uidiv                            0x080002c7   Thumb Code     0  uidiv.o(.text)
    __aeabi_uidivmod                         0x080002c7   Thumb Code    44  uidiv.o(.text)
    __aeabi_llsl                             0x080002f3   Thumb Code    30  llshl.o(.text)
    _ll_shift_l                              0x080002f3   Thumb Code     0  llshl.o(.text)
    __aeabi_llsr                             0x08000311   Thumb Code    32  llushr.o(.text)
    _ll_ushift_r                             0x08000311   Thumb Code     0  llushr.o(.text)
    __scatterload                            0x08000331   Thumb Code    28  init.o(.text)
    __scatterload_rt2                        0x08000331   Thumb Code     0  init.o(.text)
    BusFault_Handler                         0x08000355   Thumb Code     2  stm32f4xx_it.o(i.BusFault_Handler)
    __I$use$semihosting$fputc                0x08000355   Thumb Code     0  iusesemip.o(.text)
    __semihosting_library_function           0x08000355   Thumb Code     0  semi.o(.text)
    DebugMon_Handler                         0x08000357   Thumb Code     2  stm32f4xx_it.o(i.DebugMon_Handler)
    HAL_Delay                                0x080004cd   Thumb Code    32  stm32f4xx_hal.o(i.HAL_Delay)
    HAL_ETH_DMARxDescListInit                0x080004f1   Thumb Code   116  stm32f4xx_hal_eth.o(i.HAL_ETH_DMARxDescListInit)
    HAL_ETH_DMATxDescListInit                0x08000565   Thumb Code   120  stm32f4xx_hal_eth.o(i.HAL_ETH_DMATxDescListInit)
    HAL_ETH_GetReceivedFrame                 0x080005dd   Thumb Code   122  stm32f4xx_hal_eth.o(i.HAL_ETH_GetReceivedFrame)
    HAL_ETH_Init                             0x08000659   Thumb Code   450  stm32f4xx_hal_eth.o(i.HAL_ETH_Init)
    HAL_ETH_MspInit                          0x08000845   Thumb Code   210  ethernetif.o(i.HAL_ETH_MspInit)
    HAL_ETH_ReadPHYRegister                  0x0800092d   Thumb Code   132  stm32f4xx_hal_eth.o(i.HAL_ETH_ReadPHYRegister)
    HAL_ETH_Start                            0x080009b1   Thumb Code   132  stm32f4xx_hal_eth.o(i.HAL_ETH_Start)
    HAL_ETH_TransmitFrame                    0x08000a35   Thumb Code   264  stm32f4xx_hal_eth.o(i.HAL_ETH_TransmitFrame)
    HAL_ETH_WritePHYRegister                 0x08000b3d   Thumb Code   120  stm32f4xx_hal_eth.o(i.HAL_ETH_WritePHYRegister)
    HAL_GPIO_Init                            0x08000bb5   Thumb Code   394  stm32f4xx_hal_gpio.o(i.HAL_GPIO_Init)
    HAL_GPIO_WritePin                        0x08000d6d   Thumb Code    10  stm32f4xx_hal_gpio.o(i.HAL_GPIO_WritePin)
    HAL_GetTick                              0x08000d79   Thumb Code     6  stm32f4xx_hal.o(i.HAL_GetTick)
    HAL_IncTick                              0x08000d85   Thumb Code    12  stm32f4xx_hal.o(i.HAL_IncTick)
    HAL_Init                                 0x08000d95   Thumb Code    48  stm32f4xx_hal.o(i.HAL_Init)
    HAL_InitTick                             0x08000dc9   Thumb Code   100  stm32f4xx_hal_timebase_tim.o(i.HAL_InitTick)
    HAL_MspInit                              0x08000e3d   Thumb Code    42  stm32f4xx_hal_msp.o(i.HAL_MspInit)
    HAL_NVIC_EnableIRQ                       0x08000e6d   Thumb Code    26  stm32f4xx_hal_cortex.o(i.HAL_NVIC_EnableIRQ)
    HAL_NVIC_SetPriority                     0x08000e89   Thumb Code    60  stm32f4xx_hal_cortex.o(i.HAL_NVIC_SetPriority)
    HAL_NVIC_SetPriorityGrouping             0x08000ec9   Thumb Code    26  stm32f4xx_hal_cortex.o(i.HAL_NVIC_SetPriorityGrouping)
    HAL_RCC_ClockConfig                      0x08000eed   Thumb Code   288  stm32f4xx_hal_rcc.o(i.HAL_RCC_ClockConfig)
    HAL_RCC_GetClockConfig                   0x08001021   Thumb Code    54  stm32f4xx_hal_rcc.o(i.HAL_RCC_GetClockConfig)
    HAL_RCC_GetHCLKFreq                      0x08001061   Thumb Code     6  stm32f4xx_hal_rcc.o(i.HAL_RCC_GetHCLKFreq)
    HAL_RCC_GetPCLK2Freq                     0x0800106d   Thumb Code    20  stm32f4xx_hal_rcc.o(i.HAL_RCC_GetPCLK2Freq)
    HAL_RCC_GetSysClockFreq                  0x0800108d   Thumb Code    88  stm32f4xx_hal_rcc.o(i.HAL_RCC_GetSysClockFreq)
    HAL_RCC_OscConfig                        0x080010ed   Thumb Code   840  stm32f4xx_hal_rcc.o(i.HAL_RCC_OscConfig)
    HAL_TIMEx_BreakCallback                  0x08001449   Thumb Code     2  stm32f4xx_hal_tim_ex.o(i.HAL_TIMEx_BreakCallback)
    HAL_TIMEx_CommutCallback                 0x0800144b   Thumb Code     2  stm32f4xx_hal_tim_ex.o(i.HAL_TIMEx_CommutCallback)
    HAL_TIM_Base_Init                        0x0800144d   Thumb Code    54  stm32f4xx_hal_tim.o(i.HAL_TIM_Base_Init)
    HAL_TIM_Base_MspInit                     0x08001483   Thumb Code     2  stm32f4xx_hal_tim.o(i.HAL_TIM_Base_MspInit)
    HAL_TIM_Base_Start_IT                    0x08001485   Thumb Code    34  stm32f4xx_hal_tim.o(i.HAL_TIM_Base_Start_IT)
    HAL_TIM_IC_CaptureCallback               0x080014a7   Thumb Code     2  stm32f4xx_hal_tim.o(i.HAL_TIM_IC_CaptureCallback)
    HAL_TIM_IRQHandler                       0x080014a9   Thumb Code   358  stm32f4xx_hal_tim.o(i.HAL_TIM_IRQHandler)
    HAL_TIM_OC_DelayElapsedCallback          0x0800160f   Thumb Code     2  stm32f4xx_hal_tim.o(i.HAL_TIM_OC_DelayElapsedCallback)
    HAL_TIM_PWM_PulseFinishedCallback        0x08001611   Thumb Code     2  stm32f4xx_hal_tim.o(i.HAL_TIM_PWM_PulseFinishedCallback)
    HAL_TIM_PeriodElapsedCallback            0x08001615   Thumb Code    14  main.o(i.HAL_TIM_PeriodElapsedCallback)
    HAL_TIM_TriggerCallback                  0x08001629   Thumb Code     2  stm32f4xx_hal_tim.o(i.HAL_TIM_TriggerCallback)
    HardFault_Handler                        0x0800162b   Thumb Code     2  stm32f4xx_it.o(i.HardFault_Handler)
    MX_LWIP_Init                             0x080016f5   Thumb Code    82  lwip.o(i.MX_LWIP_Init)
    MX_LWIP_Process                          0x08001759   Thumb Code    16  lwip.o(i.MX_LWIP_Process)
    MemManage_Handler                        0x0800176d   Thumb Code     2  stm32f4xx_it.o(i.MemManage_Handler)
    NMI_Handler                              0x0800176f   Thumb Code     2  stm32f4xx_it.o(i.NMI_Handler)
    PendSV_Handler                           0x08001771   Thumb Code     2  stm32f4xx_it.o(i.PendSV_Handler)
    SVC_Handler                              0x08001773   Thumb Code     2  stm32f4xx_it.o(i.SVC_Handler)
    SystemClock_Config                       0x08001775   Thumb Code   126  main.o(i.SystemClock_Config)
    SystemInit                               0x080017fd   Thumb Code    22  system_stm32f4xx.o(i.SystemInit)
    TIM1_UP_TIM10_IRQHandler                 0x08001819   Thumb Code     6  stm32f4xx_it.o(i.TIM1_UP_TIM10_IRQHandler)
    TIM_Base_SetConfig                       0x08001825   Thumb Code   156  stm32f4xx_hal_tim.o(i.TIM_Base_SetConfig)
    UsageFault_Handler                       0x080018ed   Thumb Code     2  stm32f4xx_it.o(i.UsageFault_Handler)
    __0printf$3                              0x080018f1   Thumb Code    22  printf3.o(i.__0printf$3)
    __1printf$3                              0x080018f1   Thumb Code     0  printf3.o(i.__0printf$3)
    __2printf                                0x080018f1   Thumb Code     0  printf3.o(i.__0printf$3)
    __scatterload_copy                       0x08001931   Thumb Code    14  handlers.o(i.__scatterload_copy)
    __scatterload_null                       0x0800193f   Thumb Code     2  handlers.o(i.__scatterload_null)
    __scatterload_zeroinit                   0x08001941   Thumb Code    14  handlers.o(i.__scatterload_zeroinit)
    dhcp_arp_reply                           0x08001b09   Thumb Code    42  dhcp.o(i.dhcp_arp_reply)
    dhcp_coarse_tmr                          0x08001d61   Thumb Code   168  dhcp.o(i.dhcp_coarse_tmr)
    dhcp_fine_tmr                            0x0800222d   Thumb Code    46  dhcp.o(i.dhcp_fine_tmr)
    dhcp_release_and_stop                    0x08002d4d   Thumb Code   180  dhcp.o(i.dhcp_release_and_stop)
    dhcp_renew                               0x08002e09   Thumb Code   210  dhcp.o(i.dhcp_renew)
    dhcp_start                               0x080030f1   Thumb Code   148  dhcp.o(i.dhcp_start)
    dhcp_supplied_address                    0x08003219   Thumb Code    28  dhcp.o(i.dhcp_supplied_address)
    etharp_cleanup_netif                     0x080033e1   Thumb Code    40  etharp.o(i.etharp_cleanup_netif)
    etharp_input                             0x08003691   Thumb Code   166  etharp.o(i.etharp_input)
    etharp_output                            0x080037a9   Thumb Code   280  etharp.o(i.etharp_output)
    etharp_query                             0x08003a69   Thumb Code   300  etharp.o(i.etharp_query)
    etharp_request                           0x08003dc5   Thumb Code     6  etharp.o(i.etharp_request)
    etharp_tmr                               0x08003df1   Thumb Code    90  etharp.o(i.etharp_tmr)
    ethernet_input                           0x08003f6d   Thumb Code   160  ethernet.o(i.ethernet_input)
    ethernet_output                          0x08004011   Thumb Code    98  ethernet.o(i.ethernet_output)
    ethernetif_init                          0x08004109   Thumb Code    50  ethernetif.o(i.ethernetif_init)
    ethernetif_input                         0x08004191   Thumb Code    34  ethernetif.o(i.ethernetif_input)
    fputc                                    0x080041b3   Thumb Code    18  fputc.o(i.fputc)
    icmp_dest_unreach                        0x080041c5   Thumb Code     8  icmp.o(i.icmp_dest_unreach)
    icmp_input                               0x080041cd   Thumb Code   280  icmp.o(i.icmp_input)
    icmp_time_exceeded                       0x080044c5   Thumb Code     8  icmp.o(i.icmp_time_exceeded)
    ip4_addr_isbroadcast_u32                 0x080044cd   Thumb Code    46  ip4_addr.o(i.ip4_addr_isbroadcast_u32)
    ip4_frag                                 0x080044fd   Thumb Code   426  ip4_frag.o(i.ip4_frag)
    ip4_input                                0x0800475d   Thumb Code   394  ip4.o(i.ip4_input)
    ip4_output_if                            0x0800491d   Thumb Code    30  ip4.o(i.ip4_output_if)
    ip4_output_if_src                        0x0800493d   Thumb Code   214  ip4.o(i.ip4_output_if_src)
    ip4_reass                                0x08004ab5   Thumb Code   482  ip4_frag.o(i.ip4_reass)
    ip4_route                                0x08004d3d   Thumb Code    86  ip4.o(i.ip4_route)
    ip_reass_tmr                             0x08005349   Thumb Code    40  ip4_frag.o(i.ip_reass_tmr)
    lwip_htonl                               0x080056a5   Thumb Code     4  def.o(i.lwip_htonl)
    lwip_htons                               0x080056a9   Thumb Code     4  def.o(i.lwip_htons)
    lwip_init                                0x080056ad   Thumb Code    30  init.o(i.lwip_init)
    main                                     0x080056cb   Thumb Code    22  main.o(i.main)
    mem_free                                 0x080056e1   Thumb Code   168  mem.o(i.mem_free)
    mem_init                                 0x08005881   Thumb Code    46  mem.o(i.mem_init)
    mem_malloc                               0x080058b9   Thumb Code   300  mem.o(i.mem_malloc)
    mem_trim                                 0x08005b05   Thumb Code   284  mem.o(i.mem_trim)
    memp_free                                0x08005cc9   Thumb Code    34  memp.o(i.memp_free)
    memp_init                                0x08005d65   Thumb Code    26  memp.o(i.memp_init)
    memp_init_pool                           0x08005d85   Thumb Code    42  memp.o(i.memp_init_pool)
    memp_malloc                              0x08005db1   Thumb Code    38  memp.o(i.memp_malloc)
    netif_add                                0x08005e55   Thumb Code   236  netif.o(i.netif_add)
    netif_get_by_index                       0x08006135   Thumb Code    34  netif.o(i.netif_get_by_index)
    netif_init                               0x0800615d   Thumb Code     2  netif.o(i.netif_init)
    netif_set_addr                           0x08006229   Thumb Code    90  netif.o(i.netif_set_addr)
    netif_set_default                        0x08006289   Thumb Code     6  netif.o(i.netif_set_default)
    netif_set_down                           0x08006295   Thumb Code    42  netif.o(i.netif_set_down)
    netif_set_up                             0x0800633d   Thumb Code    40  netif.o(i.netif_set_up)
    pbuf_add_header                          0x080063dd   Thumb Code     6  pbuf.o(i.pbuf_add_header)
    pbuf_alloc                               0x080064a5   Thumb Code   298  pbuf.o(i.pbuf_alloc)
    pbuf_alloc_reference                     0x080066d9   Thumb Code    68  pbuf.o(i.pbuf_alloc_reference)
    pbuf_alloced_custom                      0x08006789   Thumb Code    54  pbuf.o(i.pbuf_alloced_custom)
    pbuf_cat                                 0x080067c1   Thumb Code    96  pbuf.o(i.pbuf_cat)
    pbuf_chain                               0x080068f1   Thumb Code    18  pbuf.o(i.pbuf_chain)
    pbuf_clen                                0x08006903   Thumb Code    18  pbuf.o(i.pbuf_clen)
    pbuf_clone                               0x08006915   Thumb Code    48  pbuf.o(i.pbuf_clone)
    pbuf_copy                                0x080069b1   Thumb Code   232  pbuf.o(i.pbuf_copy)
    pbuf_copy_partial                        0x08006b91   Thumb Code   124  pbuf.o(i.pbuf_copy_partial)
    pbuf_free                                0x08006ca9   Thumb Code   158  pbuf.o(i.pbuf_free)
    pbuf_free_ooseq                          0x08006dfd   Thumb Code    28  pbuf.o(i.pbuf_free_ooseq)
    pbuf_header_force                        0x08006e21   Thumb Code     6  pbuf.o(i.pbuf_header_force)
    pbuf_realloc                             0x08006e51   Thumb Code   142  pbuf.o(i.pbuf_realloc)
    pbuf_ref                                 0x08006f85   Thumb Code    32  pbuf.o(i.pbuf_ref)
    pbuf_remove_header                       0x08007011   Thumb Code    74  pbuf.o(i.pbuf_remove_header)
    sys_check_timeouts                       0x0800728d   Thumb Code    74  timeouts.o(i.sys_check_timeouts)
    sys_now                                  0x080072e1   Thumb Code     4  ethernetif.o(i.sys_now)
    sys_timeout                              0x080072e5   Thumb Code    46  timeouts.o(i.sys_timeout)
    sys_timeouts_init                        0x080074a1   Thumb Code    30  timeouts.o(i.sys_timeouts_init)
    tcp_abandon                              0x080074c9   Thumb Code   256  tcp.o(i.tcp_abandon)
    tcp_abort                                0x08007675   Thumb Code     6  tcp.o(i.tcp_abort)
    tcp_alloc                                0x0800767d   Thumb Code   280  tcp.o(i.tcp_alloc)
    tcp_close                                0x080077a1   Thumb Code    48  tcp.o(i.tcp_close)
    tcp_eff_send_mss_netif                   0x08007c61   Thumb Code    54  tcp.o(i.tcp_eff_send_mss_netif)
    tcp_enqueue_flags                        0x08007d19   Thumb Code   268  tcp_out.o(i.tcp_enqueue_flags)
    tcp_fasttmr                              0x08007f4d   Thumb Code   102  tcp.o(i.tcp_fasttmr)
    tcp_free                                 0x08007fb9   Thumb Code    34  tcp.o(i.tcp_free)
    tcp_free_ooseq                           0x08008185   Thumb Code    20  tcp.o(i.tcp_free_ooseq)
    tcp_init                                 0x080081c1   Thumb Code    20  tcp.o(i.tcp_init)
    tcp_input                                0x080081d9   Thumb Code  1584  tcp_in.o(i.tcp_input)
    tcp_keepalive                            0x080088fd   Thumb Code    82  tcp_out.o(i.tcp_keepalive)
    tcp_netif_ip_addr_changed                0x08008c8d   Thumb Code    70  tcp.o(i.tcp_netif_ip_addr_changed)
    tcp_next_iss                             0x08008d99   Thumb Code    32  tcp.o(i.tcp_next_iss)
    tcp_output                               0x08008f3d   Thumb Code   552  tcp_out.o(i.tcp_output)
    tcp_pcb_purge                            0x08009931   Thumb Code    88  tcp.o(i.tcp_pcb_purge)
    tcp_pcb_remove                           0x080099fd   Thumb Code   174  tcp.o(i.tcp_pcb_remove)
    tcp_process_refused_data                 0x0800a051   Thumb Code   132  tcp.o(i.tcp_process_refused_data)
    tcp_recv_null                            0x0800aa59   Thumb Code    60  tcp.o(i.tcp_recv_null)
    tcp_recved                               0x0800ab09   Thumb Code   104  tcp.o(i.tcp_recved)
    tcp_rexmit                               0x0800ac61   Thumb Code   118  tcp_out.o(i.tcp_rexmit)
    tcp_rexmit_fast                          0x0800ad4d   Thumb Code   108  tcp_out.o(i.tcp_rexmit_fast)
    tcp_rexmit_rto                           0x0800ae35   Thumb Code    42  tcp_out.o(i.tcp_rexmit_rto)
    tcp_rexmit_rto_commit                    0x0800aed9   Thumb Code    44  tcp_out.o(i.tcp_rexmit_rto_commit)
    tcp_rexmit_rto_prepare                   0x0800af85   Thumb Code   118  tcp_out.o(i.tcp_rexmit_rto_prepare)
    tcp_rst                                  0x0800b08d   Thumb Code   128  tcp_out.o(i.tcp_rst)
    tcp_seg_copy                             0x0800b1a1   Thumb Code    56  tcp.o(i.tcp_seg_copy)
    tcp_seg_free                             0x0800b24d   Thumb Code    28  tcp.o(i.tcp_seg_free)
    tcp_segs_free                            0x0800b269   Thumb Code    18  tcp.o(i.tcp_segs_free)
    tcp_send_empty_ack                       0x0800b27d   Thumb Code   110  tcp_out.o(i.tcp_send_empty_ack)
    tcp_send_fin                             0x0800b369   Thumb Code    84  tcp_out.o(i.tcp_send_fin)
    tcp_slowtmr                              0x0800b435   Thumb Code  1360  tcp.o(i.tcp_slowtmr)
    tcp_split_unsent_seg                     0x0800ba05   Thumb Code   360  tcp_out.o(i.tcp_split_unsent_seg)
    tcp_timer_needed                         0x0800bc31   Thumb Code    36  timeouts.o(i.tcp_timer_needed)
    tcp_tmr                                  0x0800bd65   Thumb Code    28  tcp.o(i.tcp_tmr)
    tcp_trigger_input_pcb_close              0x0800bd85   Thumb Code    12  tcp_in.o(i.tcp_trigger_input_pcb_close)
    tcp_update_rcv_ann_wnd                   0x0800bd95   Thumb Code    92  tcp.o(i.tcp_update_rcv_ann_wnd)
    tcp_zero_window_probe                    0x0800be89   Thumb Code   190  tcp_out.o(i.tcp_zero_window_probe)
    udp_bind                                 0x0800c001   Thumb Code   186  udp.o(i.udp_bind)
    udp_connect                              0x0800c135   Thumb Code   108  udp.o(i.udp_connect)
    udp_init                                 0x0800c235   Thumb Code    20  udp.o(i.udp_init)
    udp_input                                0x0800c24d   Thumb Code   310  udp.o(i.udp_input)
    udp_netif_ip_addr_changed                0x0800c541   Thumb Code    48  udp.o(i.udp_netif_ip_addr_changed)
    udp_new                                  0x0800c575   Thumb Code    26  udp.o(i.udp_new)
    udp_recv                                 0x0800c591   Thumb Code    22  udp.o(i.udp_recv)
    udp_remove                               0x0800c619   Thumb Code    58  udp.o(i.udp_remove)
    udp_sendto_if                            0x0800c6c9   Thumb Code   110  udp.o(i.udp_sendto_if)
    udp_sendto_if_src                        0x0800c809   Thumb Code   274  udp.o(i.udp_sendto_if_src)
    AHBPrescTable                            0x0800ca50   Data          16  system_stm32f4xx.o(.constdata)
    APBPrescTable                            0x0800ca60   Data           8  system_stm32f4xx.o(.constdata)
    ethbroadcast                             0x0800ca68   Data           6  ethernet.o(.constdata)
    ethzero                                  0x0800ca6e   Data           6  ethernet.o(.constdata)
    memp_UDP_PCB                             0x0800ca74   Data          12  memp.o(.constdata)
    memp_TCP_PCB                             0x0800ca80   Data          12  memp.o(.constdata)
    memp_TCP_PCB_LISTEN                      0x0800ca8c   Data          12  memp.o(.constdata)
    memp_TCP_SEG                             0x0800ca98   Data          12  memp.o(.constdata)
    memp_REASSDATA                           0x0800caa4   Data          12  memp.o(.constdata)
    memp_FRAG_PBUF                           0x0800cab0   Data          12  memp.o(.constdata)
    memp_SYS_TIMEOUT                         0x0800cabc   Data          12  memp.o(.constdata)
    memp_PBUF                                0x0800cac8   Data          12  memp.o(.constdata)
    memp_PBUF_POOL                           0x0800cad4   Data          12  memp.o(.constdata)
    memp_pools                               0x0800cae0   Data          36  memp.o(.constdata)
    tcp_pcb_lists                            0x0800cb48   Data          16  tcp.o(.constdata)
    lwip_cyclic_timers                       0x0800cb58   Data          40  timeouts.o(.constdata)
    ip_addr_any                              0x0800cb80   Data           4  ip4_addr.o(.constdata)
    ip_addr_broadcast                        0x0800cb84   Data           4  ip4_addr.o(.constdata)
    Region$$Table$$Base                      0x0800cce0   Number         0  anon$$obj.o(Region$$Table)
    Region$$Table$$Limit                     0x0800cd00   Number         0  anon$$obj.o(Region$$Table)
    ipaddr                                   0x20000000   Data           4  lwip.o(.data)
    netmask                                  0x20000004   Data           4  lwip.o(.data)
    gw                                       0x20000008   Data           4  lwip.o(.data)
    uwTickFreq                               0x2000000c   Data           1  stm32f4xx_hal.o(.data)
    uwTickPrio                               0x20000010   Data           4  stm32f4xx_hal.o(.data)
    uwTick                                   0x20000014   Data           4  stm32f4xx_hal.o(.data)
    SystemCoreClock                          0x20000018   Data           4  system_stm32f4xx.o(.data)
    netif_list                               0x20000050   Data           4  netif.o(.data)
    netif_default                            0x20000054   Data           4  netif.o(.data)
    pbuf_free_ooseq_pending                  0x20000058   Data           1  pbuf.o(.data)
    tcp_active_pcbs_changed                  0x2000005c   Data           1  tcp.o(.data)
    tcp_ticks                                0x20000068   Data           4  tcp.o(.data)
    tcp_bound_pcbs                           0x2000006c   Data           4  tcp.o(.data)
    tcp_listen_pcbs                          0x20000070   Data           4  tcp.o(.data)
    tcp_active_pcbs                          0x20000074   Data           4  tcp.o(.data)
    tcp_tw_pcbs                              0x20000078   Data           4  tcp.o(.data)
    tcp_input_pcb                            0x2000009c   Data           4  tcp_in.o(.data)
    udp_pcbs                                 0x200000b0   Data           4  udp.o(.data)
    dhcp_rx_options_given                    0x200000c0   Data           8  dhcp.o(.data)
    __stdout                                 0x200000d8   Data           4  stdout.o(.data)
    gnetif                                   0x200000dc   Data          52  lwip.o(.bss)
    DMARxDscrTab                             0x20000110   Data         128  ethernetif.o(.bss)
    DMATxDscrTab                             0x20000190   Data         128  ethernetif.o(.bss)
    Rx_Buff                                  0x20000210   Data        6096  ethernetif.o(.bss)
    Tx_Buff                                  0x200019e0   Data        6096  ethernetif.o(.bss)
    heth                                     0x200031b0   Data          72  ethernetif.o(.bss)
    htim1                                    0x200031f8   Data          64  stm32f4xx_hal_timebase_tim.o(.bss)
    ip_data                                  0x20003238   Data          24  ip.o(.bss)
    ram_heap                                 0x20003250   Data        1619  mem.o(.bss)
    memp_memory_UDP_PCB_base                 0x200038a3   Data         131  memp.o(.bss)
    memp_memory_TCP_PCB_base                 0x20003926   Data         783  memp.o(.bss)
    memp_memory_TCP_PCB_LISTEN_base          0x20003c35   Data         227  memp.o(.bss)
    memp_memory_TCP_SEG_base                 0x20003d18   Data         259  memp.o(.bss)
    memp_memory_REASSDATA_base               0x20003e1b   Data         163  memp.o(.bss)
    memp_memory_FRAG_PBUF_base               0x20003ebe   Data         363  memp.o(.bss)
    memp_memory_SYS_TIMEOUT_base             0x20004029   Data          83  memp.o(.bss)
    memp_memory_PBUF_base                    0x2000407c   Data         259  memp.o(.bss)
    memp_memory_PBUF_POOL_base               0x2000417f   Data        9731  memp.o(.bss)
    dhcp_rx_options_val                      0x20006794   Data          32  dhcp.o(.bss)
    __initial_sp                             0x20006ca8   Data           0  startup_stm32f407xx.o(STACK)



==============================================================================

Memory Map of the image

  Image Entry point : 0x08000189

  Load Region LR_IROM1 (Base: 0x08000000, Size: 0x0000cddc, Max: 0x00100000, ABSOLUTE)

    Execution Region ER_IROM1 (Exec base: 0x08000000, Load base: 0x08000000, Size: 0x0000cd00, Max: 0x00100000, ABSOLUTE)

    Exec Addr    Load Addr    Size         Type   Attr      Idx    E Section Name        Object

    0x08000000   0x08000000   0x00000188   Data   RO            3    RESET               startup_stm32f407xx.o
    0x08000188   0x08000188   0x00000000   Code   RO         6712  * .ARM.Collect$$$$00000000  mc_w.l(entry.o)
    0x08000188   0x08000188   0x00000004   Code   RO         7031    .ARM.Collect$$$$00000001  mc_w.l(entry2.o)
    0x0800018c   0x0800018c   0x00000004   Code   RO         7034    .ARM.Collect$$$$00000004  mc_w.l(entry5.o)
    0x08000190   0x08000190   0x00000000   Code   RO         7036    .ARM.Collect$$$$00000008  mc_w.l(entry7b.o)
    0x08000190   0x08000190   0x00000000   Code   RO         7038    .ARM.Collect$$$$0000000A  mc_w.l(entry8b.o)
    0x08000190   0x08000190   0x00000008   Code   RO         7039    .ARM.Collect$$$$0000000B  mc_w.l(entry9a.o)
    0x08000198   0x08000198   0x00000000   Code   RO         7041    .ARM.Collect$$$$0000000D  mc_w.l(entry10a.o)
    0x08000198   0x08000198   0x00000000   Code   RO         7043    .ARM.Collect$$$$0000000F  mc_w.l(entry11a.o)
    0x08000198   0x08000198   0x00000004   Code   RO         7032    .ARM.Collect$$$$00002712  mc_w.l(entry2.o)
    0x0800019c   0x0800019c   0x00000024   Code   RO            4    .text               startup_stm32f407xx.o
    0x080001c0   0x080001c0   0x00000062   Code   RO         6715    .text               mc_w.l(uldiv.o)
    0x08000222   0x08000222   0x00000002   PAD
    0x08000224   0x08000224   0x00000024   Code   RO         6745    .text               mc_w.l(rand.o)
    0x08000248   0x08000248   0x00000040   Code   RO         6750    .text               mc_w.l(memmovea.o)
    0x08000288   0x08000288   0x00000024   Code   RO         6752    .text               mc_w.l(memseta.o)
    0x080002ac   0x080002ac   0x0000001a   Code   RO         6760    .text               mc_w.l(memcmp.o)
    0x080002c6   0x080002c6   0x0000002c   Code   RO         7048    .text               mc_w.l(uidiv.o)
    0x080002f2   0x080002f2   0x0000001e   Code   RO         7050    .text               mc_w.l(llshl.o)
    0x08000310   0x08000310   0x00000020   Code   RO         7052    .text               mc_w.l(llushr.o)
    0x08000330   0x08000330   0x00000024   Code   RO         7074    .text               mc_w.l(init.o)
    0x08000354   0x08000354   0x00000000   Code   RO         7076    .text               mc_w.l(semi.o)
    0x08000354   0x08000354   0x00000000   Code   RO         7081    .text               mc_w.l(iusesemip.o)
    0x08000354   0x08000354   0x00000002   Code   RO          441    i.BusFault_Handler  stm32f4xx_it.o
    0x08000356   0x08000356   0x00000002   Code   RO          442    i.DebugMon_Handler  stm32f4xx_it.o
    0x08000358   0x08000358   0x00000020   Code   RO          580    i.ETH_Delay         stm32f4xx_hal_eth.o
    0x08000378   0x08000378   0x0000002e   Code   RO          581    i.ETH_FlushTransmitFIFO  stm32f4xx_hal_eth.o
    0x080003a6   0x080003a6   0x00000002   PAD
    0x080003a8   0x080003a8   0x00000124   Code   RO          582    i.ETH_MACDMAConfig  stm32f4xx_hal_eth.o
    0x080004cc   0x080004cc   0x00000024   Code   RO         1614    i.HAL_Delay         stm32f4xx_hal.o
    0x080004f0   0x080004f0   0x00000074   Code   RO          585    i.HAL_ETH_DMARxDescListInit  stm32f4xx_hal_eth.o
    0x08000564   0x08000564   0x00000078   Code   RO          586    i.HAL_ETH_DMATxDescListInit  stm32f4xx_hal_eth.o
    0x080005dc   0x080005dc   0x0000007a   Code   RO          589    i.HAL_ETH_GetReceivedFrame  stm32f4xx_hal_eth.o
    0x08000656   0x08000656   0x00000002   PAD
    0x08000658   0x08000658   0x000001ec   Code   RO          593    i.HAL_ETH_Init      stm32f4xx_hal_eth.o
    0x08000844   0x08000844   0x000000e8   Code   RO          357    i.HAL_ETH_MspInit   ethernetif.o
    0x0800092c   0x0800092c   0x00000084   Code   RO          596    i.HAL_ETH_ReadPHYRegister  stm32f4xx_hal_eth.o
    0x080009b0   0x080009b0   0x00000084   Code   RO          598    i.HAL_ETH_Start     stm32f4xx_hal_eth.o
    0x08000a34   0x08000a34   0x00000108   Code   RO          600    i.HAL_ETH_TransmitFrame  stm32f4xx_hal_eth.o
    0x08000b3c   0x08000b3c   0x00000078   Code   RO          602    i.HAL_ETH_WritePHYRegister  stm32f4xx_hal_eth.o
    0x08000bb4   0x08000bb4   0x000001b8   Code   RO         1088    i.HAL_GPIO_Init     stm32f4xx_hal_gpio.o
    0x08000d6c   0x08000d6c   0x0000000a   Code   RO         1092    i.HAL_GPIO_WritePin  stm32f4xx_hal_gpio.o
    0x08000d76   0x08000d76   0x00000002   PAD
    0x08000d78   0x08000d78   0x0000000c   Code   RO         1620    i.HAL_GetTick       stm32f4xx_hal.o
    0x08000d84   0x08000d84   0x00000010   Code   RO         1626    i.HAL_IncTick       stm32f4xx_hal.o
    0x08000d94   0x08000d94   0x00000034   Code   RO         1627    i.HAL_Init          stm32f4xx_hal.o
    0x08000dc8   0x08000dc8   0x00000074   Code   RO          541    i.HAL_InitTick      stm32f4xx_hal_timebase_tim.o
    0x08000e3c   0x08000e3c   0x00000030   Code   RO          517    i.HAL_MspInit       stm32f4xx_hal_msp.o
    0x08000e6c   0x08000e6c   0x0000001a   Code   RO         1477    i.HAL_NVIC_EnableIRQ  stm32f4xx_hal_cortex.o
    0x08000e86   0x08000e86   0x00000002   PAD
    0x08000e88   0x08000e88   0x00000040   Code   RO         1483    i.HAL_NVIC_SetPriority  stm32f4xx_hal_cortex.o
    0x08000ec8   0x08000ec8   0x00000024   Code   RO         1484    i.HAL_NVIC_SetPriorityGrouping  stm32f4xx_hal_cortex.o
    0x08000eec   0x08000eec   0x00000134   Code   RO          734    i.HAL_RCC_ClockConfig  stm32f4xx_hal_rcc.o
    0x08001020   0x08001020   0x00000040   Code   RO          738    i.HAL_RCC_GetClockConfig  stm32f4xx_hal_rcc.o
    0x08001060   0x08001060   0x0000000c   Code   RO          739    i.HAL_RCC_GetHCLKFreq  stm32f4xx_hal_rcc.o
    0x0800106c   0x0800106c   0x00000020   Code   RO          742    i.HAL_RCC_GetPCLK2Freq  stm32f4xx_hal_rcc.o
    0x0800108c   0x0800108c   0x00000060   Code   RO          743    i.HAL_RCC_GetSysClockFreq  stm32f4xx_hal_rcc.o
    0x080010ec   0x080010ec   0x0000035c   Code   RO          746    i.HAL_RCC_OscConfig  stm32f4xx_hal_rcc.o
    0x08001448   0x08001448   0x00000002   Code   RO         2542    i.HAL_TIMEx_BreakCallback  stm32f4xx_hal_tim_ex.o
    0x0800144a   0x0800144a   0x00000002   Code   RO         2543    i.HAL_TIMEx_CommutCallback  stm32f4xx_hal_tim_ex.o
    0x0800144c   0x0800144c   0x00000036   Code   RO         1867    i.HAL_TIM_Base_Init  stm32f4xx_hal_tim.o
    0x08001482   0x08001482   0x00000002   Code   RO         1869    i.HAL_TIM_Base_MspInit  stm32f4xx_hal_tim.o
    0x08001484   0x08001484   0x00000022   Code   RO         1872    i.HAL_TIM_Base_Start_IT  stm32f4xx_hal_tim.o
    0x080014a6   0x080014a6   0x00000002   Code   RO         1896    i.HAL_TIM_IC_CaptureCallback  stm32f4xx_hal_tim.o
    0x080014a8   0x080014a8   0x00000166   Code   RO         1910    i.HAL_TIM_IRQHandler  stm32f4xx_hal_tim.o
    0x0800160e   0x0800160e   0x00000002   Code   RO         1913    i.HAL_TIM_OC_DelayElapsedCallback  stm32f4xx_hal_tim.o
    0x08001610   0x08001610   0x00000002   Code   RO         1940    i.HAL_TIM_PWM_PulseFinishedCallback  stm32f4xx_hal_tim.o
    0x08001612   0x08001612   0x00000002   PAD
    0x08001614   0x08001614   0x00000014   Code   RO           14    i.HAL_TIM_PeriodElapsedCallback  main.o
    0x08001628   0x08001628   0x00000002   Code   RO         1953    i.HAL_TIM_TriggerCallback  stm32f4xx_hal_tim.o
    0x0800162a   0x0800162a   0x00000002   Code   RO          443    i.HardFault_Handler  stm32f4xx_it.o
    0x0800162c   0x0800162c   0x000000c8   Code   RO           15    i.MX_GPIO_Init      main.o
    0x080016f4   0x080016f4   0x00000064   Code   RO          290    i.MX_LWIP_Init      lwip.o
    0x08001758   0x08001758   0x00000014   Code   RO          291    i.MX_LWIP_Process   lwip.o
    0x0800176c   0x0800176c   0x00000002   Code   RO          444    i.MemManage_Handler  stm32f4xx_it.o
    0x0800176e   0x0800176e   0x00000002   Code   RO          445    i.NMI_Handler       stm32f4xx_it.o
    0x08001770   0x08001770   0x00000002   Code   RO          446    i.PendSV_Handler    stm32f4xx_it.o
    0x08001772   0x08001772   0x00000002   Code   RO          447    i.SVC_Handler       stm32f4xx_it.o
    0x08001774   0x08001774   0x00000088   Code   RO           16    i.SystemClock_Config  main.o
    0x080017fc   0x080017fc   0x0000001c   Code   RO         2794    i.SystemInit        system_stm32f4xx.o
    0x08001818   0x08001818   0x0000000c   Code   RO          448    i.TIM1_UP_TIM10_IRQHandler  stm32f4xx_it.o
    0x08001824   0x08001824   0x000000c8   Code   RO         1955    i.TIM_Base_SetConfig  stm32f4xx_hal_tim.o
    0x080018ec   0x080018ec   0x00000002   Code   RO          449    i.UsageFault_Handler  stm32f4xx_it.o
    0x080018ee   0x080018ee   0x00000002   PAD
    0x080018f0   0x080018f0   0x00000020   Code   RO         6857    i.__0printf$3       mc_w.l(printf3.o)
    0x08001910   0x08001910   0x00000020   Code   RO         1490    i.__NVIC_SetPriority  stm32f4xx_hal_cortex.o
    0x08001930   0x08001930   0x0000000e   Code   RO         7088    i.__scatterload_copy  mc_w.l(handlers.o)
    0x0800193e   0x0800193e   0x00000002   Code   RO         7089    i.__scatterload_null  mc_w.l(handlers.o)
    0x08001940   0x08001940   0x0000000e   Code   RO         7090    i.__scatterload_zeroinit  mc_w.l(handlers.o)
    0x0800194e   0x0800194e   0x00000002   PAD
    0x08001950   0x08001950   0x000001b8   Code   RO         6864    i._printf_core      mc_w.l(printf3.o)
    0x08001b08   0x08001b08   0x0000009c   Code   RO         5739    i.dhcp_arp_reply    dhcp.o
    0x08001ba4   0x08001ba4   0x00000188   Code   RO         5740    i.dhcp_bind         dhcp.o
    0x08001d2c   0x08001d2c   0x00000034   Code   RO         5741    i.dhcp_check        dhcp.o
    0x08001d60   0x08001d60   0x000000ac   Code   RO         5743    i.dhcp_coarse_tmr   dhcp.o
    0x08001e0c   0x08001e0c   0x000001e4   Code   RO         5744    i.dhcp_create_msg   dhcp.o
    0x08001ff0   0x08001ff0   0x000000b8   Code   RO         5745    i.dhcp_dec_pcb_refcount  dhcp.o
    0x080020a8   0x080020a8   0x0000009c   Code   RO         5746    i.dhcp_decline      dhcp.o
    0x08002144   0x08002144   0x000000e8   Code   RO         5747    i.dhcp_discover     dhcp.o
    0x0800222c   0x0800222c   0x00000034   Code   RO         5748    i.dhcp_fine_tmr     dhcp.o
    0x08002260   0x08002260   0x00000064   Code   RO         5749    i.dhcp_handle_ack   dhcp.o
    0x080022c4   0x080022c4   0x000000ec   Code   RO         5750    i.dhcp_inc_pcb_refcount  dhcp.o
    0x080023b0   0x080023b0   0x00000098   Code   RO         5753    i.dhcp_option       dhcp.o
    0x08002448   0x08002448   0x000000bc   Code   RO         5754    i.dhcp_option_byte  dhcp.o
    0x08002504   0x08002504   0x000000d8   Code   RO         5755    i.dhcp_option_long  dhcp.o
    0x080025dc   0x080025dc   0x000000c8   Code   RO         5756    i.dhcp_option_short  dhcp.o
    0x080026a4   0x080026a4   0x00000020   Code   RO         5757    i.dhcp_option_trailer  dhcp.o
    0x080026c4   0x080026c4   0x00000390   Code   RO         5758    i.dhcp_parse_reply  dhcp.o
    0x08002a54   0x08002a54   0x000000d8   Code   RO         5759    i.dhcp_rebind       dhcp.o
    0x08002b2c   0x08002b2c   0x00000100   Code   RO         5760    i.dhcp_reboot       dhcp.o
    0x08002c2c   0x08002c2c   0x00000120   Code   RO         5761    i.dhcp_recv         dhcp.o
    0x08002d4c   0x08002d4c   0x000000bc   Code   RO         5763    i.dhcp_release_and_stop  dhcp.o
    0x08002e08   0x08002e08   0x000000d8   Code   RO         5764    i.dhcp_renew        dhcp.o
    0x08002ee0   0x08002ee0   0x00000200   Code   RO         5765    i.dhcp_select       dhcp.o
    0x080030e0   0x080030e0   0x00000010   Code   RO         5766    i.dhcp_set_state    dhcp.o
    0x080030f0   0x080030f0   0x00000128   Code   RO         5768    i.dhcp_start        dhcp.o
    0x08003218   0x08003218   0x0000001c   Code   RO         5770    i.dhcp_supplied_address  dhcp.o
    0x08003234   0x08003234   0x0000006c   Code   RO         5771    i.dhcp_timeout      dhcp.o
    0x080032a0   0x080032a0   0x0000009c   Code   RO         4339    i.do_memp_free_pool  memp.o
    0x0800333c   0x0800333c   0x000000a4   Code   RO         4340    i.do_memp_malloc_pool  memp.o
    0x080033e0   0x080033e0   0x0000002c   Code   RO         5946    i.etharp_cleanup_netif  etharp.o
    0x0800340c   0x0800340c   0x00000260   Code   RO         5948    i.etharp_find_entry  etharp.o
    0x0800366c   0x0800366c   0x00000024   Code   RO         5949    i.etharp_free_entry  etharp.o
    0x08003690   0x08003690   0x00000118   Code   RO         5951    i.etharp_input      etharp.o
    0x080037a8   0x080037a8   0x000001b0   Code   RO         5952    i.etharp_output     etharp.o
    0x08003958   0x08003958   0x00000110   Code   RO         5953    i.etharp_output_to_arp_index  etharp.o
    0x08003a68   0x08003a68   0x000001e8   Code   RO         5954    i.etharp_query      etharp.o
    0x08003c50   0x08003c50   0x00000174   Code   RO         5955    i.etharp_raw        etharp.o
    0x08003dc4   0x08003dc4   0x0000000c   Code   RO         5956    i.etharp_request    etharp.o
    0x08003dd0   0x08003dd0   0x00000020   Code   RO         5957    i.etharp_request_dst  etharp.o
    0x08003df0   0x08003df0   0x00000060   Code   RO         5958    i.etharp_tmr        etharp.o
    0x08003e50   0x08003e50   0x0000011c   Code   RO         5959    i.etharp_update_arp_entry  etharp.o
    0x08003f6c   0x08003f6c   0x000000a4   Code   RO         3395    i.ethernet_input    ethernet.o
    0x08004010   0x08004010   0x000000f8   Code   RO         3396    i.ethernet_output   ethernet.o
    0x08004108   0x08004108   0x00000088   Code   RO          358    i.ethernetif_init   ethernetif.o
    0x08004190   0x08004190   0x00000022   Code   RO          359    i.ethernetif_input  ethernetif.o
    0x080041b2   0x080041b2   0x00000012   Code   RO         7045    i.fputc             mc_w.l(fputc.o)
    0x080041c4   0x080041c4   0x00000008   Code   RO         6046    i.icmp_dest_unreach  icmp.o
    0x080041cc   0x080041cc   0x000001e8   Code   RO         6047    i.icmp_input        icmp.o
    0x080043b4   0x080043b4   0x00000110   Code   RO         6048    i.icmp_send_response  icmp.o
    0x080044c4   0x080044c4   0x00000008   Code   RO         6049    i.icmp_time_exceeded  icmp.o
    0x080044cc   0x080044cc   0x0000002e   Code   RO         6167    i.ip4_addr_isbroadcast_u32  ip4_addr.o
    0x080044fa   0x080044fa   0x00000002   PAD
    0x080044fc   0x080044fc   0x00000260   Code   RO         6236    i.ip4_frag          ip4_frag.o
    0x0800475c   0x0800475c   0x00000194   Code   RO         6112    i.ip4_input         ip4.o
    0x080048f0   0x080048f0   0x0000002c   Code   RO         6113    i.ip4_input_accept  ip4.o
    0x0800491c   0x0800491c   0x0000001e   Code   RO         6115    i.ip4_output_if     ip4.o
    0x0800493a   0x0800493a   0x00000002   PAD
    0x0800493c   0x0800493c   0x00000178   Code   RO         6116    i.ip4_output_if_src  ip4.o
    0x08004ab4   0x08004ab4   0x00000288   Code   RO         6237    i.ip4_reass         ip4_frag.o
    0x08004d3c   0x08004d3c   0x00000060   Code   RO         6117    i.ip4_route         ip4.o
    0x08004d9c   0x08004d9c   0x00000090   Code   RO         6238    i.ip_frag_free_pbuf_custom_ref  ip4_frag.o
    0x08004e2c   0x08004e2c   0x00000248   Code   RO         6239    i.ip_reass_chain_frag_into_datagram_and_validate  ip4_frag.o
    0x08005074   0x08005074   0x000000bc   Code   RO         6240    i.ip_reass_dequeue_datagram  ip4_frag.o
    0x08005130   0x08005130   0x00000198   Code   RO         6241    i.ip_reass_free_complete_datagram  ip4_frag.o
    0x080052c8   0x080052c8   0x00000080   Code   RO         6242    i.ip_reass_remove_oldest_datagram  ip4_frag.o
    0x08005348   0x08005348   0x0000002c   Code   RO         6243    i.ip_reass_tmr      ip4_frag.o
    0x08005374   0x08005374   0x00000098   Code   RO         6244    i.ipfrag_free_pbuf_custom  ip4_frag.o
    0x0800540c   0x0800540c   0x000000f4   Code   RO          360    i.low_level_init    ethernetif.o
    0x08005500   0x08005500   0x000000c0   Code   RO          361    i.low_level_input   ethernetif.o
    0x080055c0   0x080055c0   0x000000a8   Code   RO          362    i.low_level_output  ethernetif.o
    0x08005668   0x08005668   0x0000003c   Code   RO         5507    i.lwip_cyclic_timer  timeouts.o
    0x080056a4   0x080056a4   0x00000004   Code   RO         4021    i.lwip_htonl        def.o
    0x080056a8   0x080056a8   0x00000004   Code   RO         4022    i.lwip_htons        def.o
    0x080056ac   0x080056ac   0x0000001e   Code   RO         4173    i.lwip_init         init.o
    0x080056ca   0x080056ca   0x00000016   Code   RO           17    i.main              main.o
    0x080056e0   0x080056e0   0x000001a0   Code   RO         4266    i.mem_free          mem.o
    0x08005880   0x08005880   0x00000038   Code   RO         4267    i.mem_init          mem.o
    0x080058b8   0x080058b8   0x0000023c   Code   RO         4268    i.mem_malloc        mem.o
    0x08005af4   0x08005af4   0x00000010   Code   RO         4269    i.mem_to_ptr        mem.o
    0x08005b04   0x08005b04   0x000001c4   Code   RO         4270    i.mem_trim          mem.o
    0x08005cc8   0x08005cc8   0x0000009c   Code   RO         4341    i.memp_free         memp.o
    0x08005d64   0x08005d64   0x00000020   Code   RO         4343    i.memp_init         memp.o
    0x08005d84   0x08005d84   0x0000002a   Code   RO         4344    i.memp_init_pool    memp.o
    0x08005dae   0x08005dae   0x00000002   PAD
    0x08005db0   0x08005db0   0x000000a4   Code   RO         4345    i.memp_malloc       memp.o
    0x08005e54   0x08005e54   0x000001d8   Code   RO         4473    i.netif_add         netif.o
    0x0800602c   0x0800602c   0x00000016   Code   RO         4475    i.netif_do_ip_addr_changed  netif.o
    0x08006042   0x08006042   0x00000016   Code   RO         4476    i.netif_do_set_gw   netif.o
    0x08006058   0x08006058   0x000000c4   Code   RO         4477    i.netif_do_set_ipaddr  netif.o
    0x0800611c   0x0800611c   0x00000016   Code   RO         4478    i.netif_do_set_netmask  netif.o
    0x08006132   0x08006132   0x00000002   PAD
    0x08006134   0x08006134   0x00000028   Code   RO         4480    i.netif_get_by_index  netif.o
    0x0800615c   0x0800615c   0x00000002   Code   RO         4482    i.netif_init        netif.o
    0x0800615e   0x0800615e   0x00000002   PAD
    0x08006160   0x08006160   0x000000c0   Code   RO         4484    i.netif_issue_reports  netif.o
    0x08006220   0x08006220   0x00000006   Code   RO         4486    i.netif_null_output_ip4  netif.o
    0x08006226   0x08006226   0x00000002   PAD
    0x08006228   0x08006228   0x00000060   Code   RO         4488    i.netif_set_addr    netif.o
    0x08006288   0x08006288   0x0000000c   Code   RO         4489    i.netif_set_default  netif.o
    0x08006294   0x08006294   0x000000a8   Code   RO         4490    i.netif_set_down    netif.o
    0x0800633c   0x0800633c   0x000000a0   Code   RO         4496    i.netif_set_up      netif.o
    0x080063dc   0x080063dc   0x00000006   Code   RO         4655    i.pbuf_add_header   pbuf.o
    0x080063e2   0x080063e2   0x00000002   PAD
    0x080063e4   0x080063e4   0x000000c0   Code   RO         4657    i.pbuf_add_header_impl  pbuf.o
    0x080064a4   0x080064a4   0x00000234   Code   RO         4658    i.pbuf_alloc        pbuf.o
    0x080066d8   0x080066d8   0x000000b0   Code   RO         4659    i.pbuf_alloc_reference  pbuf.o
    0x08006788   0x08006788   0x00000036   Code   RO         4660    i.pbuf_alloced_custom  pbuf.o
    0x080067be   0x080067be   0x00000002   PAD
    0x080067c0   0x080067c0   0x00000130   Code   RO         4661    i.pbuf_cat          pbuf.o
    0x080068f0   0x080068f0   0x00000012   Code   RO         4662    i.pbuf_chain        pbuf.o
    0x08006902   0x08006902   0x00000012   Code   RO         4663    i.pbuf_clen         pbuf.o
    0x08006914   0x08006914   0x0000009c   Code   RO         4664    i.pbuf_clone        pbuf.o
    0x080069b0   0x080069b0   0x000001e0   Code   RO         4666    i.pbuf_copy         pbuf.o
    0x08006b90   0x08006b90   0x00000118   Code   RO         4667    i.pbuf_copy_partial  pbuf.o
    0x08006ca8   0x08006ca8   0x00000154   Code   RO         4669    i.pbuf_free         pbuf.o
    0x08006dfc   0x08006dfc   0x00000024   Code   RO         4671    i.pbuf_free_ooseq   pbuf.o
    0x08006e20   0x08006e20   0x00000006   Code   RO         4675    i.pbuf_header_force  pbuf.o
    0x08006e26   0x08006e26   0x0000000e   Code   RO         4676    i.pbuf_header_impl  pbuf.o
    0x08006e34   0x08006e34   0x0000001c   Code   RO         4677    i.pbuf_init_alloced_pbuf  pbuf.o
    0x08006e50   0x08006e50   0x00000134   Code   RO         4681    i.pbuf_realloc      pbuf.o
    0x08006f84   0x08006f84   0x0000008c   Code   RO         4682    i.pbuf_ref          pbuf.o
    0x08007010   0x08007010   0x000000d0   Code   RO         4683    i.pbuf_remove_header  pbuf.o
    0x080070e0   0x080070e0   0x000001a0   Code   RO         4271    i.plug_holes        mem.o
    0x08007280   0x08007280   0x0000000c   Code   RO         4272    i.ptr_to_mem        mem.o
    0x0800728c   0x0800728c   0x00000054   Code   RO         5508    i.sys_check_timeouts  timeouts.o
    0x080072e0   0x080072e0   0x00000004   Code   RO          364    i.sys_now           ethernetif.o
    0x080072e4   0x080072e4   0x000000c4   Code   RO         5510    i.sys_timeout       timeouts.o
    0x080073a8   0x080073a8   0x000000f8   Code   RO         5511    i.sys_timeout_abs   timeouts.o
    0x080074a0   0x080074a0   0x00000028   Code   RO         5512    i.sys_timeouts_init  timeouts.o
    0x080074c8   0x080074c8   0x000001ac   Code   RO         4952    i.tcp_abandon       tcp.o
    0x08007674   0x08007674   0x00000006   Code   RO         4953    i.tcp_abort         tcp.o
    0x0800767a   0x0800767a   0x00000002   PAD
    0x0800767c   0x0800767c   0x00000124   Code   RO         4956    i.tcp_alloc         tcp.o
    0x080077a0   0x080077a0   0x000000a0   Code   RO         4960    i.tcp_close         tcp.o
    0x08007840   0x08007840   0x000001dc   Code   RO         4961    i.tcp_close_shutdown  tcp.o
    0x08007a1c   0x08007a1c   0x000000c4   Code   RO         4962    i.tcp_close_shutdown_fin  tcp.o
    0x08007ae0   0x08007ae0   0x00000180   Code   RO         5347    i.tcp_create_segment  tcp_out.o
    0x08007c60   0x08007c60   0x000000b8   Code   RO         4965    i.tcp_eff_send_mss_netif  tcp.o
    0x08007d18   0x08007d18   0x00000234   Code   RO         5348    i.tcp_enqueue_flags  tcp_out.o
    0x08007f4c   0x08007f4c   0x0000006c   Code   RO         4967    i.tcp_fasttmr       tcp.o
    0x08007fb8   0x08007fb8   0x00000090   Code   RO         4968    i.tcp_free          tcp.o
    0x08008048   0x08008048   0x0000013c   Code   RO         5258    i.tcp_free_acked_segments  tcp_in.o
    0x08008184   0x08008184   0x00000014   Code   RO         4969    i.tcp_free_ooseq    tcp.o
    0x08008198   0x08008198   0x00000028   Code   RO         5259    i.tcp_get_next_optbyte  tcp_in.o
    0x080081c0   0x080081c0   0x00000018   Code   RO         4970    i.tcp_init          tcp.o
    0x080081d8   0x080081d8   0x00000650   Code   RO         5260    i.tcp_input         tcp_in.o
    0x08008828   0x08008828   0x000000d4   Code   RO         5261    i.tcp_input_delayed_close  tcp_in.o
    0x080088fc   0x080088fc   0x000000cc   Code   RO         5349    i.tcp_keepalive     tcp_out.o
    0x080089c8   0x080089c8   0x000000bc   Code   RO         4971    i.tcp_kill_state    tcp.o
    0x08008a84   0x08008a84   0x00000070   Code   RO         4972    i.tcp_listen_closed  tcp.o
    0x08008af4   0x08008af4   0x00000198   Code   RO         5262    i.tcp_listen_input  tcp_in.o
    0x08008c8c   0x08008c8c   0x0000004c   Code   RO         4975    i.tcp_netif_ip_addr_changed  tcp.o
    0x08008cd8   0x08008cd8   0x000000c0   Code   RO         4976    i.tcp_netif_ip_addr_changed_pcblist  tcp.o
    0x08008d98   0x08008d98   0x00000098   Code   RO         4980    i.tcp_next_iss      tcp.o
    0x08008e30   0x08008e30   0x0000010c   Code   RO         5263    i.tcp_oos_insert_segment  tcp_in.o
    0x08008f3c   0x08008f3c   0x000002e0   Code   RO         5350    i.tcp_output        tcp_out.o
    0x0800921c   0x0800921c   0x000000cc   Code   RO         5351    i.tcp_output_alloc_header  tcp_out.o
    0x080092e8   0x080092e8   0x00000110   Code   RO         5352    i.tcp_output_alloc_header_common  tcp_out.o
    0x080093f8   0x080093f8   0x000000e0   Code   RO         5353    i.tcp_output_control_segment  tcp_out.o
    0x080094d8   0x080094d8   0x000000d8   Code   RO         5354    i.tcp_output_fill_options  tcp_out.o
    0x080095b0   0x080095b0   0x000001dc   Code   RO         5355    i.tcp_output_segment  tcp_out.o
    0x0800978c   0x0800978c   0x000000a8   Code   RO         5356    i.tcp_output_segment_busy  tcp_out.o
    0x08009834   0x08009834   0x000000fc   Code   RO         5264    i.tcp_parseopt      tcp_in.o
    0x08009930   0x08009930   0x000000cc   Code   RO         4981    i.tcp_pcb_purge     tcp.o
    0x080099fc   0x080099fc   0x00000190   Code   RO         4982    i.tcp_pcb_remove    tcp.o
    0x08009b8c   0x08009b8c   0x000004c2   Code   RO         5265    i.tcp_process       tcp_in.o
    0x0800a04e   0x0800a04e   0x00000002   PAD
    0x0800a050   0x0800a050   0x00000104   Code   RO         4984    i.tcp_process_refused_data  tcp.o
    0x0800a154   0x0800a154   0x00000904   Code   RO         5266    i.tcp_receive       tcp_in.o
    0x0800aa58   0x0800aa58   0x000000b0   Code   RO         4986    i.tcp_recv_null     tcp.o
    0x0800ab08   0x0800ab08   0x00000100   Code   RO         4987    i.tcp_recved        tcp.o
    0x0800ac08   0x0800ac08   0x00000058   Code   RO         4988    i.tcp_remove_listener  tcp.o
    0x0800ac60   0x0800ac60   0x000000ec   Code   RO         5358    i.tcp_rexmit        tcp_out.o
    0x0800ad4c   0x0800ad4c   0x000000e8   Code   RO         5359    i.tcp_rexmit_fast   tcp_out.o
    0x0800ae34   0x0800ae34   0x000000a4   Code   RO         5360    i.tcp_rexmit_rto    tcp_out.o
    0x0800aed8   0x0800aed8   0x000000ac   Code   RO         5361    i.tcp_rexmit_rto_commit  tcp_out.o
    0x0800af84   0x0800af84   0x000000f8   Code   RO         5362    i.tcp_rexmit_rto_prepare  tcp_out.o
    0x0800b07c   0x0800b07c   0x00000010   Code   RO         5363    i.tcp_route         tcp_out.o
    0x0800b08c   0x0800b08c   0x00000114   Code   RO         5364    i.tcp_rst           tcp_out.o
    0x0800b1a0   0x0800b1a0   0x000000ac   Code   RO         4989    i.tcp_seg_copy      tcp.o
    0x0800b24c   0x0800b24c   0x0000001c   Code   RO         4990    i.tcp_seg_free      tcp.o
    0x0800b268   0x0800b268   0x00000012   Code   RO         4991    i.tcp_segs_free     tcp.o
    0x0800b27a   0x0800b27a   0x00000002   PAD
    0x0800b27c   0x0800b27c   0x000000ec   Code   RO         5365    i.tcp_send_empty_ack  tcp_out.o
    0x0800b368   0x0800b368   0x000000cc   Code   RO         5366    i.tcp_send_fin      tcp_out.o
    0x0800b434   0x0800b434   0x000005d0   Code   RO         4995    i.tcp_slowtmr       tcp.o
    0x0800ba04   0x0800ba04   0x0000022c   Code   RO         5367    i.tcp_split_unsent_seg  tcp_out.o
    0x0800bc30   0x0800bc30   0x00000034   Code   RO         5515    i.tcp_timer_needed  timeouts.o
    0x0800bc64   0x0800bc64   0x00000100   Code   RO         5267    i.tcp_timewait_input  tcp_in.o
    0x0800bd64   0x0800bd64   0x00000020   Code   RO         4997    i.tcp_tmr           tcp.o
    0x0800bd84   0x0800bd84   0x00000010   Code   RO         5268    i.tcp_trigger_input_pcb_close  tcp_in.o
    0x0800bd94   0x0800bd94   0x000000f4   Code   RO         4999    i.tcp_update_rcv_ann_wnd  tcp.o
    0x0800be88   0x0800be88   0x00000140   Code   RO         5370    i.tcp_zero_window_probe  tcp_out.o
    0x0800bfc8   0x0800bfc8   0x00000038   Code   RO         5516    i.tcpip_tcp_timer   timeouts.o
    0x0800c000   0x0800c000   0x00000134   Code   RO         5596    i.udp_bind          udp.o
    0x0800c134   0x0800c134   0x00000100   Code   RO         5598    i.udp_connect       udp.o
    0x0800c234   0x0800c234   0x00000018   Code   RO         5600    i.udp_init          udp.o
    0x0800c24c   0x0800c24c   0x000001e8   Code   RO         5601    i.udp_input         udp.o
    0x0800c434   0x0800c434   0x0000010c   Code   RO         5602    i.udp_input_local_match  udp.o
    0x0800c540   0x0800c540   0x00000034   Code   RO         5603    i.udp_netif_ip_addr_changed  udp.o
    0x0800c574   0x0800c574   0x0000001a   Code   RO         5604    i.udp_new           udp.o
    0x0800c58e   0x0800c58e   0x00000002   PAD
    0x0800c590   0x0800c590   0x00000088   Code   RO         5606    i.udp_recv          udp.o
    0x0800c618   0x0800c618   0x000000b0   Code   RO         5607    i.udp_remove        udp.o
    0x0800c6c8   0x0800c6c8   0x00000140   Code   RO         5610    i.udp_sendto_if     udp.o
    0x0800c808   0x0800c808   0x00000248   Code   RO         5611    i.udp_sendto_if_src  udp.o
    0x0800ca50   0x0800ca50   0x00000010   Data   RO         2795    .constdata          system_stm32f4xx.o
    0x0800ca60   0x0800ca60   0x00000008   Data   RO         2796    .constdata          system_stm32f4xx.o
    0x0800ca68   0x0800ca68   0x00000006   Data   RO         3397    .constdata          ethernet.o
    0x0800ca6e   0x0800ca6e   0x00000006   Data   RO         3398    .constdata          ethernet.o
    0x0800ca74   0x0800ca74   0x0000000c   Data   RO         4356    .constdata          memp.o
    0x0800ca80   0x0800ca80   0x0000000c   Data   RO         4357    .constdata          memp.o
    0x0800ca8c   0x0800ca8c   0x0000000c   Data   RO         4358    .constdata          memp.o
    0x0800ca98   0x0800ca98   0x0000000c   Data   RO         4359    .constdata          memp.o
    0x0800caa4   0x0800caa4   0x0000000c   Data   RO         4360    .constdata          memp.o
    0x0800cab0   0x0800cab0   0x0000000c   Data   RO         4361    .constdata          memp.o
    0x0800cabc   0x0800cabc   0x0000000c   Data   RO         4362    .constdata          memp.o
    0x0800cac8   0x0800cac8   0x0000000c   Data   RO         4363    .constdata          memp.o
    0x0800cad4   0x0800cad4   0x0000000c   Data   RO         4364    .constdata          memp.o
    0x0800cae0   0x0800cae0   0x00000024   Data   RO         4365    .constdata          memp.o
    0x0800cb04   0x0800cb04   0x00000054   Data   RO         5000    .constdata          tcp.o
    0x0800cb58   0x0800cb58   0x00000028   Data   RO         5517    .constdata          timeouts.o
    0x0800cb80   0x0800cb80   0x00000004   Data   RO         6174    .constdata          ip4_addr.o
    0x0800cb84   0x0800cb84   0x00000004   Data   RO         6175    .constdata          ip4_addr.o
    0x0800cb88   0x0800cb88   0x00000075   Data   RO         5001    .conststring        tcp.o
    0x0800cbfd   0x0800cbfd   0x00000003   PAD
    0x0800cc00   0x0800cc00   0x00000055   Data   RO         5371    .conststring        tcp_out.o
    0x0800cc55   0x0800cc55   0x00000003   PAD
    0x0800cc58   0x0800cc58   0x00000042   Data   RO         5773    .conststring        dhcp.o
    0x0800cc9a   0x0800cc9a   0x00000002   PAD
    0x0800cc9c   0x0800cc9c   0x00000041   Data   RO         5961    .conststring        etharp.o
    0x0800ccdd   0x0800ccdd   0x00000003   PAD
    0x0800cce0   0x0800cce0   0x00000020   Data   RO         7086    Region$$Table       anon$$obj.o


    Execution Region RW_IRAM2 (Exec base: 0x10000000, Load base: 0x0800cddc, Size: 0x00000000, Max: 0x00010000, ABSOLUTE)

    **** No section assigned to this execution region ****


    Execution Region RW_IRAM1 (Exec base: 0x20000000, Load base: 0x0800cd00, Size: 0x00006ca8, Max: 0x00020000, ABSOLUTE)

    Exec Addr    Load Addr    Size         Type   Attr      Idx    E Section Name        Object

    0x20000000   0x0800cd00   0x0000000c   Data   RW          299    .data               lwip.o
    0x2000000c   0x0800cd0c   0x0000000c   Data   RW         1634    .data               stm32f4xx_hal.o
    0x20000018   0x0800cd18   0x00000004   Data   RW         2797    .data               system_stm32f4xx.o
    0x2000001c   0x0800cd1c   0x0000000c   Data   RW         4274    .data               mem.o
    0x20000028   0x0800cd28   0x00000004   Data   RW         4366    .data               memp.o
    0x2000002c   0x0800cd2c   0x00000004   Data   RW         4367    .data               memp.o
    0x20000030   0x0800cd30   0x00000004   Data   RW         4368    .data               memp.o
    0x20000034   0x0800cd34   0x00000004   Data   RW         4369    .data               memp.o
    0x20000038   0x0800cd38   0x00000004   Data   RW         4370    .data               memp.o
    0x2000003c   0x0800cd3c   0x00000004   Data   RW         4371    .data               memp.o
    0x20000040   0x0800cd40   0x00000004   Data   RW         4372    .data               memp.o
    0x20000044   0x0800cd44   0x00000004   Data   RW         4373    .data               memp.o
    0x20000048   0x0800cd48   0x00000004   Data   RW         4374    .data               memp.o
    0x2000004c   0x0800cd4c   0x0000000c   Data   RW         4497    .data               netif.o
    0x20000058   0x0800cd58   0x00000001   Data   RW         4690    .data               pbuf.o
    0x20000059   0x0800cd59   0x00000003   PAD
    0x2000005c   0x0800cd5c   0x00000020   Data   RW         5002    .data               tcp.o
    0x2000007c   0x0800cd7c   0x00000024   Data   RW         5270    .data               tcp_in.o
    0x200000a0   0x0800cda0   0x0000000c   Data   RW         5519    .data               timeouts.o
    0x200000ac   0x0800cdac   0x00000008   Data   RW         5612    .data               udp.o
    0x200000b4   0x0800cdb4   0x00000014   Data   RW         5774    .data               dhcp.o
    0x200000c8   0x0800cdc8   0x00000001   Data   RW         5962    .data               etharp.o
    0x200000c9   0x0800cdc9   0x00000001   PAD
    0x200000ca   0x0800cdca   0x00000002   Data   RW         6118    .data               ip4.o
    0x200000cc   0x0800cdcc   0x00000008   Data   RW         6245    .data               ip4_frag.o
    0x200000d4   0x0800cdd4   0x00000004   Data   RW         6746    .data               mc_w.l(rand.o)
    0x200000d8   0x0800cdd8   0x00000004   Data   RW         7047    .data               mc_w.l(stdout.o)
    0x200000dc        -       0x00000034   Zero   RW          296    .bss                lwip.o
    0x20000110        -       0x000030e8   Zero   RW          365    .bss                ethernetif.o
    0x200031f8        -       0x00000040   Zero   RW          544    .bss                stm32f4xx_hal_timebase_tim.o
    0x20003238        -       0x00000018   Zero   RW         4234    .bss                ip.o
    0x20003250        -       0x00000653   Zero   RW         4273    .bss                mem.o
    0x200038a3        -       0x00000083   Zero   RW         4347    .bss                memp.o
    0x20003926        -       0x0000030f   Zero   RW         4348    .bss                memp.o
    0x20003c35        -       0x000000e3   Zero   RW         4349    .bss                memp.o
    0x20003d18        -       0x00000103   Zero   RW         4350    .bss                memp.o
    0x20003e1b        -       0x000000a3   Zero   RW         4351    .bss                memp.o
    0x20003ebe        -       0x0000016b   Zero   RW         4352    .bss                memp.o
    0x20004029        -       0x00000053   Zero   RW         4353    .bss                memp.o
    0x2000407c        -       0x00000103   Zero   RW         4354    .bss                memp.o
    0x2000417f        -       0x00002603   Zero   RW         4355    .bss                memp.o
    0x20006782   0x0800cddc   0x00000002   PAD
    0x20006784        -       0x00000010   Zero   RW         5269    .bss                tcp_in.o
    0x20006794        -       0x00000020   Zero   RW         5772    .bss                dhcp.o
    0x200067b4        -       0x000000f0   Zero   RW         5960    .bss                etharp.o
    0x200068a4   0x0800cddc   0x00000004   PAD
    0x200068a8        -       0x00000400   Zero   RW            1    STACK               startup_stm32f407xx.o


==============================================================================

Image component sizes


      Code (inc. data)   RO Data    RW Data    ZI Data      Debug   Object Name

         0          0          0          0          0       2208   auth.o
         0          0          0          0          0       2118   bridgeif.o
         0          0          0          0          0        384   bridgeif_fdb.o
         8          0          0          0          0       1130   def.o
      6040       2014         66         20         32      28333   dhcp.o
      2956       1188         65          1        240      13003   etharp.o
       412        154         12          0          0       2790   ethernet.o
      1010        136          0          0      12520       6414   ethernetif.o
         0          0          0          0          0       5683   httpd.o
       776        350          0          0          0       4522   icmp.o
        30          0          0          0          0       2848   init.o
         0          0          0          0         24       8013   ip.o
       950        186          0          2          0       5924   ip4.o
        46          0          8          0          0       8866   ip4_addr.o
      2904       1164          0          8          0      11862   ip4_frag.o
       120         22          0         12         52       1422   lwip.o
       378         30          0          0          0     738621   main.o
      1940        926          0         12       1619       7557   mem.o
       714        498        144         36      11999      11769   memp.o
      1410        740          0         12          0      14484   netif.o
      3328       1792          0          1          0      28431   pbuf.o
        36          8        392          0       1024        848   startup_stm32f407xx.o
       116         18          0         12          0       8806   stm32f4xx_hal.o
       158         14          0          0          0      33238   stm32f4xx_hal_cortex.o
      1868         72          0          0          0      11379   stm32f4xx_hal_eth.o
       450         46          0          0          0       2432   stm32f4xx_hal_gpio.o
        48          6          0          0          0        854   stm32f4xx_hal_msp.o
      1372         76          0          0          0       5862   stm32f4xx_hal_rcc.o
       656         44          0          0          0       7380   stm32f4xx_hal_tim.o
         4          0          0          0          0       1637   stm32f4xx_hal_tim_ex.o
       116         16          0          0         64       1431   stm32f4xx_hal_timebase_tim.o
        28          6          0          0          0       4223   stm32f4xx_it.o
        28          6         24          4          0       1167   system_stm32f4xx.o
      6124       2876        201         32          0      33632   tcp.o
      6910       2036          0         36         16      22855   tcp_in.o
      6108       3044         85          0          0      29518   tcp_out.o
       736        372         40         12          0       6970   timeouts.o
      2638       1376          0          8          0      11933   udp.o

    ----------------------------------------------------------------------
     50454      19216       1080        212      27596    1090547   Object Totals
         0          0         32          0          0          0   (incl. Generated)
        36          0         11          4          6          0   (incl. Padding)

    ----------------------------------------------------------------------

      Code (inc. data)   RO Data    RW Data    ZI Data      Debug   Library Member Name

         0          0          0          0          0          0   entry.o
         0          0          0          0          0          0   entry10a.o
         0          0          0          0          0          0   entry11a.o
         8          4          0          0          0          0   entry2.o
         4          0          0          0          0          0   entry5.o
         0          0          0          0          0          0   entry7b.o
         0          0          0          0          0          0   entry8b.o
         8          4          0          0          0          0   entry9a.o
        18          0          0          0          0         80   fputc.o
        30          0          0          0          0          0   handlers.o
        36          8          0          0          0         68   init.o
         0          0          0          0          0          0   iusesemip.o
        30          0          0          0          0         68   llshl.o
        32          0          0          0          0         68   llushr.o
        26          0          0          0          0         80   memcmp.o
        64          0          0          0          0         76   memmovea.o
        36          0          0          0          0        108   memseta.o
       472         14          0          0          0        184   printf3.o
        36         10          0          4          0        136   rand.o
         0          0          0          0          0          0   semi.o
         0          0          0          4          0          0   stdout.o
        44          0          0          0          0         80   uidiv.o
        98          0          0          0          0         92   uldiv.o

    ----------------------------------------------------------------------
       946         40          0          8          0       1040   Library Totals
         4          0          0          0          0          0   (incl. Padding)

    ----------------------------------------------------------------------

      Code (inc. data)   RO Data    RW Data    ZI Data      Debug   Library Name

       942         40          0          8          0       1040   mc_w.l

    ----------------------------------------------------------------------
       946         40          0          8          0       1040   Library Totals

    ----------------------------------------------------------------------

==============================================================================


      Code (inc. data)   RO Data    RW Data    ZI Data      Debug   

     51400      19256       1080        220      27596    1067275   Grand Totals
     51400      19256       1080        220      27596    1067275   ELF Image Totals
     51400      19256       1080        220          0          0   ROM Totals

==============================================================================

    Total RO  Size (Code + RO Data)                52480 (  51.25kB)
    Total RW  Size (RW Data + ZI Data)             27816 (  27.16kB)
    Total ROM Size (Code + RO Data + RW Data)      52700 (  51.46kB)

==============================================================================

