<html>
<body>
<pre>
<h1>µVision Build Log</h1>
<h2>Tool Versions:</h2>
IDE-Version: ¦ÌVision V5.26.2.0
Copyright (C) 2018 ARM Ltd and ARM Germany GmbH. All rights reserved.
License Information: Wang Trancemania, XTU, LIC=65ISB-2QCHX-QDAKD-8UIME-Q76GA-PQRD1
 
Tool Versions:
Toolchain:       MDK-ARM Plus  Version: 5.26.2.0
Toolchain Path:  D:\Program Files\Keil_v5\ARM\ARMCC\Bin
C Compiler:      Armcc.exe V5.06 update 6 (build 750)
Assembler:       Armasm.exe V5.06 update 6 (build 750)
Linker/Locator:  ArmLink.exe V5.06 update 6 (build 750)
Library Manager: ArmAr.exe V5.06 update 6 (build 750)
Hex Converter:   FromElf.exe V5.06 update 6 (build 750)
CPU DLL:         SARMCM3.DLL V5.26.2.0
Dialog DLL:      DCM.DLL V1.17.2.0
Target DLL:      STLink\ST-LINKIII-KEIL_SWO.dll V3.0.5.0
Dialog DLL:      TCM.DLL V1.36.1.0
 
<h2>Project:</h2>
E:\Workspace\Keil\proj_xtr_keil\stm32f4dis-fatfs\MDK-ARM\stm32f4dis-fatfs.uvprojx
Project File Date:  07/20/2020

<h2>Output:</h2>
*** Using Compiler 'V5.06 update 6 (build 750)', folder: 'D:\Program Files\Keil_v5\ARM\ARMCC\Bin'
Build target 'stm32f4dis-fatfs'
compiling auth.c...
compiling eui64.c...
compiling pppol2tp.c...
compiling ipv6cp.c...
compiling chap-md5.c...
compiling chap_ms.c...
compiling magic.c...
compiling ethernetif.c...
compiling multilink.c...
compiling eap.c...
compiling pppapi.c...
compiling chap-new.c...
compiling lcp.c...
compiling fsm.c...
compiling pppoe.c...
compiling ipcp.c...
compiling pppcrypt.c...
compiling ppp.c...
compiling ccp.c...
compiling mppe.c...
compiling demand.c...
compiling lwip.c...
compiling main.c...
compiling pppos.c...
compiling vj.c...
compiling bridgeif_fdb.c...
compiling upap.c...
compiling netifapi.c...
compiling ethernet.c...
compiling zepif.c...
compiling lowpan6.c...
compiling utils.c...
compiling lowpan6_ble.c...
compiling lowpan6_common.c...
compiling slipif.c...
compiling bridgeif.c...
compiling if_api.c...
compiling httpd.c...
compiling netbuf.c...
compiling fs.c...
compiling ecp.c...
compiling api_lib.c...
compiling netdb.c...
compiling err.c...
compiling api_msg.c...
compiling sockets.c...
compiling altcp_alloc.c...
compiling altcp_tcp.c...
compiling altcp.c...
compiling tcpip.c...
compiling dns.c...
compiling def.c...
compiling ip.c...
compiling inet_chksum.c...
compiling mem.c...
compiling netif.c...
compiling tcp_out.c...
compiling init.c...
compiling pbuf.c...
compiling stats.c...
compiling raw.c...
compiling memp.c...
compiling sys.c...
compiling tcp_in.c...
compiling autoip.c...
compiling tcp.c...
compiling udp.c...
compiling igmp.c...
compiling dhcp.c...
compiling icmp.c...
compiling dhcp6.c...
compiling icmp6.c...
compiling timeouts.c...
compiling inet6.c...
compiling etharp.c...
compiling ip6_addr.c...
compiling ethip6.c...
compiling sys_arch.c...
compiling ip6_frag.c...
compiling ip4_addr.c...
compiling ip4.c...
compiling mld6.c...
compiling ip4_frag.c...
compiling nd6.c...
compiling ip6.c...
compiling mqtt.c...
linking...
Program Size: Code=69720 RO-data=1312 RW-data=420 ZI-data=151144  
FromELF: creating hex file...
"stm32f4dis-fatfs\stm32f4dis-fatfs.axf" - 0 Error(s), 0 Warning(s).

<h2>Software Packages used:</h2>

Package Vendor: ARM
                http://www.keil.com/pack/ARM.CMSIS.5.4.0.pack
                ARM.CMSIS.5.4.0
                CMSIS (Cortex Microcontroller Software Interface Standard)
   * Component: CORE Version: 5.1.2

Package Vendor: Keil
                http://www.keil.com/pack/Keil.STM32F4xx_DFP.2.14.0.pack
                Keil.STM32F4xx_DFP.2.14.0
                STMicroelectronics STM32F4 Series Device Support, Drivers and Examples

<h2>Collection of Component include folders:</h2>
  .\RTE\_stm32f4dis-fatfs
  D:\Program Files\Keil_v5\ARM\PACK\ARM\CMSIS\5.4.0\CMSIS\Core\Include
  D:\Program Files\Keil_v5\ARM\PACK\Keil\STM32F4xx_DFP\2.14.0\Drivers\CMSIS\Device\ST\STM32F4xx\Include

<h2>Collection of Component Files used:</h2>

   * Component: ARM::CMSIS:CORE:5.1.2
Build Time Elapsed:  00:01:50
</pre>
</body>
</html>
