Component: ARM Compiler 5.06 update 6 (build 750) Tool: armlink [4d35ed]

==============================================================================

Section Cross References

    startup_stm32f407xx.o(RESET) refers to startup_stm32f407xx.o(STACK) for __initial_sp
    startup_stm32f407xx.o(RESET) refers to startup_stm32f407xx.o(.text) for Reset_Handler
    startup_stm32f407xx.o(RESET) refers to stm32f4xx_it.o(i.NMI_Handler) for NMI_Handler
    startup_stm32f407xx.o(RESET) refers to stm32f4xx_it.o(i.HardFault_Handler) for HardFault_Handler
    startup_stm32f407xx.o(RESET) refers to stm32f4xx_it.o(i.MemManage_Handler) for MemManage_Handler
    startup_stm32f407xx.o(RESET) refers to stm32f4xx_it.o(i.BusFault_Handler) for BusFault_Handler
    startup_stm32f407xx.o(RESET) refers to stm32f4xx_it.o(i.UsageFault_Handler) for UsageFault_Handler
    startup_stm32f407xx.o(RESET) refers to port.o(.emb_text) for SVC_Handler
    startup_stm32f407xx.o(RESET) refers to stm32f4xx_it.o(i.DebugMon_Handler) for DebugMon_Handler
    startup_stm32f407xx.o(RESET) refers to port.o(i.SysTick_Handler) for SysTick_Handler
    startup_stm32f407xx.o(RESET) refers to stm32f4xx_it.o(i.TIM1_UP_TIM10_IRQHandler) for TIM1_UP_TIM10_IRQHandler
    startup_stm32f407xx.o(RESET) refers to stm32f4xx_it.o(i.ETH_IRQHandler) for ETH_IRQHandler
    startup_stm32f407xx.o(.text) refers to system_stm32f4xx.o(i.SystemInit) for SystemInit
    startup_stm32f407xx.o(.text) refers to entry.o(.ARM.Collect$$$$00000000) for __main
    main.o(i.HAL_TIM_PeriodElapsedCallback) refers to stm32f4xx_hal.o(i.HAL_IncTick) for HAL_IncTick
    main.o(i.MX_ETH_Init) refers to stm32f4xx_hal_eth.o(i.HAL_ETH_Init) for HAL_ETH_Init
    main.o(i.MX_ETH_Init) refers to main.o(.bss) for .bss
    main.o(i.MX_GPIO_Init) refers to memseta.o(.text) for __aeabi_memclr4
    main.o(i.MX_GPIO_Init) refers to stm32f4xx_hal_gpio.o(i.HAL_GPIO_WritePin) for HAL_GPIO_WritePin
    main.o(i.MX_GPIO_Init) refers to stm32f4xx_hal_gpio.o(i.HAL_GPIO_Init) for HAL_GPIO_Init
    main.o(i.StartDefaultTask) refers to lwip.o(i.MX_LWIP_Init) for MX_LWIP_Init
    main.o(i.StartDefaultTask) refers to httpserver-netconn.o(i.http_server_netconn_init) for http_server_netconn_init
    main.o(i.StartDefaultTask) refers to cmsis_os2.o(i.osDelay) for osDelay
    main.o(i.SystemClock_Config) refers to memseta.o(.text) for __aeabi_memclr4
    main.o(i.SystemClock_Config) refers to stm32f4xx_hal_rcc.o(i.HAL_RCC_OscConfig) for HAL_RCC_OscConfig
    main.o(i.SystemClock_Config) refers to stm32f4xx_hal_rcc.o(i.HAL_RCC_ClockConfig) for HAL_RCC_ClockConfig
    main.o(i.main) refers to stm32f4xx_hal.o(i.HAL_Init) for HAL_Init
    main.o(i.main) refers to main.o(i.SystemClock_Config) for SystemClock_Config
    main.o(i.main) refers to main.o(i.MX_GPIO_Init) for MX_GPIO_Init
    main.o(i.main) refers to stm32f4xx_hal_gpio.o(i.HAL_GPIO_WritePin) for HAL_GPIO_WritePin
    main.o(i.main) refers to cmsis_os2.o(i.osDelay) for osDelay
    main.o(i.main) refers to main.o(i.MX_ETH_Init) for MX_ETH_Init
    main.o(i.main) refers to cmsis_os2.o(i.osKernelInitialize) for osKernelInitialize
    main.o(i.main) refers to cmsis_os2.o(i.osThreadNew) for osThreadNew
    main.o(i.main) refers to cmsis_os2.o(i.osKernelStart) for osKernelStart
    main.o(i.main) refers to main.o(.constdata) for .constdata
    main.o(i.main) refers to main.o(i.StartDefaultTask) for StartDefaultTask
    main.o(i.main) refers to main.o(.data) for .data
    main.o(.constdata) refers to main.o(.conststring) for .conststring
    lwip.o(i.MX_LWIP_Init) refers to tcpip.o(i.tcpip_init) for tcpip_init
    lwip.o(i.MX_LWIP_Init) refers to netif.o(i.netif_add) for netif_add
    lwip.o(i.MX_LWIP_Init) refers to netif.o(i.netif_set_default) for netif_set_default
    lwip.o(i.MX_LWIP_Init) refers to netif.o(i.netif_set_up) for netif_set_up
    lwip.o(i.MX_LWIP_Init) refers to netif.o(i.netif_set_down) for netif_set_down
    lwip.o(i.MX_LWIP_Init) refers to dhcp.o(i.dhcp_start) for dhcp_start
    lwip.o(i.MX_LWIP_Init) refers to lwip.o(.data) for .data
    lwip.o(i.MX_LWIP_Init) refers to tcpip.o(i.tcpip_input) for tcpip_input
    lwip.o(i.MX_LWIP_Init) refers to ethernetif.o(i.ethernetif_init) for ethernetif_init
    lwip.o(i.MX_LWIP_Init) refers to lwip.o(.bss) for .bss
    ethernetif.o(i.HAL_ETH_MspDeInit) refers to stm32f4xx_hal_gpio.o(i.HAL_GPIO_DeInit) for HAL_GPIO_DeInit
    ethernetif.o(i.HAL_ETH_MspDeInit) refers to stm32f4xx_hal_cortex.o(i.HAL_NVIC_DisableIRQ) for HAL_NVIC_DisableIRQ
    ethernetif.o(i.HAL_ETH_MspInit) refers to memseta.o(.text) for __aeabi_memclr4
    ethernetif.o(i.HAL_ETH_MspInit) refers to stm32f4xx_hal_gpio.o(i.HAL_GPIO_Init) for HAL_GPIO_Init
    ethernetif.o(i.HAL_ETH_MspInit) refers to stm32f4xx_hal_cortex.o(i.HAL_NVIC_SetPriority) for HAL_NVIC_SetPriority
    ethernetif.o(i.HAL_ETH_MspInit) refers to stm32f4xx_hal_cortex.o(i.HAL_NVIC_EnableIRQ) for HAL_NVIC_EnableIRQ
[...]
    osMessageQueueNew                        0x08008a99   Thumb Code   110  cmsis_os2.o(i.osMessageQueueNew)
    osMessageQueuePut                        0x08008b0d   Thumb Code   122  cmsis_os2.o(i.osMessageQueuePut)
    osMutexAcquire                           0x08008b91   Thumb Code   104  cmsis_os2.o(i.osMutexAcquire)
    osMutexNew                               0x08008bfd   Thumb Code   124  cmsis_os2.o(i.osMutexNew)
    osMutexRelease                           0x08008c7d   Thumb Code    88  cmsis_os2.o(i.osMutexRelease)
    osSemaphoreAcquire                       0x08008cd9   Thumb Code   110  cmsis_os2.o(i.osSemaphoreAcquire)
    osSemaphoreDelete                        0x08008d51   Thumb Code    62  cmsis_os2.o(i.osSemaphoreDelete)
    osSemaphoreNew                           0x08008d95   Thumb Code   172  cmsis_os2.o(i.osSemaphoreNew)
    osSemaphoreRelease                       0x08008e45   Thumb Code   104  cmsis_os2.o(i.osSemaphoreRelease)
    osThreadNew                              0x08008eb5   Thumb Code   158  cmsis_os2.o(i.osThreadNew)
    pbuf_add_header                          0x08008f59   Thumb Code     6  pbuf.o(i.pbuf_add_header)
    pbuf_alloc                               0x08009021   Thumb Code   336  pbuf.o(i.pbuf_alloc)
    pbuf_alloc_reference                     0x0800927d   Thumb Code    68  pbuf.o(i.pbuf_alloc_reference)
    pbuf_alloced_custom                      0x0800932d   Thumb Code    54  pbuf.o(i.pbuf_alloced_custom)
    pbuf_cat                                 0x08009365   Thumb Code    96  pbuf.o(i.pbuf_cat)
    pbuf_chain                               0x08009495   Thumb Code    18  pbuf.o(i.pbuf_chain)
    pbuf_clen                                0x080094a7   Thumb Code    18  pbuf.o(i.pbuf_clen)
    pbuf_clone                               0x080094b9   Thumb Code    48  pbuf.o(i.pbuf_clone)
    pbuf_copy                                0x08009555   Thumb Code   232  pbuf.o(i.pbuf_copy)
    pbuf_copy_partial                        0x08009735   Thumb Code   124  pbuf.o(i.pbuf_copy_partial)
    pbuf_free                                0x0800984d   Thumb Code   176  pbuf.o(i.pbuf_free)
    pbuf_header_force                        0x080099e5   Thumb Code     6  pbuf.o(i.pbuf_header_force)
    pbuf_realloc                             0x08009a15   Thumb Code   142  pbuf.o(i.pbuf_realloc)
    pbuf_ref                                 0x08009b49   Thumb Code    46  pbuf.o(i.pbuf_ref)
    pbuf_remove_header                       0x08009be5   Thumb Code    74  pbuf.o(i.pbuf_remove_header)
    pvPortMalloc                             0x0800a7e1   Thumb Code   210  heap_4.o(i.pvPortMalloc)
    pvTaskIncrementMutexHeldCount            0x0800a8b9   Thumb Code    18  tasks.o(i.pvTaskIncrementMutexHeldCount)
    pxPortInitialiseStack                    0x0800a8d1   Thumb Code    40  port.o(i.pxPortInitialiseStack)
    sys_arch_mbox_fetch                      0x0800acf9   Thumb Code    62  sys_arch.o(i.sys_arch_mbox_fetch)
    sys_arch_mbox_tryfetch                   0x0800ad37   Thumb Code    22  sys_arch.o(i.sys_arch_mbox_tryfetch)
    sys_arch_protect                         0x0800ad4d   Thumb Code    18  sys_arch.o(i.sys_arch_protect)
    sys_arch_sem_wait                        0x0800ad65   Thumb Code    56  sys_arch.o(i.sys_arch_sem_wait)
    sys_arch_unprotect                       0x0800ad9d   Thumb Code     8  sys_arch.o(i.sys_arch_unprotect)
    sys_check_timeouts                       0x0800ada9   Thumb Code    62  timeouts.o(i.sys_check_timeouts)
    sys_init                                 0x0800aded   Thumb Code    14  sys_arch.o(i.sys_init)
    sys_mbox_free                            0x0800ae01   Thumb Code    20  sys_arch.o(i.sys_mbox_free)
    sys_mbox_new                             0x0800ae15   Thumb Code    30  sys_arch.o(i.sys_mbox_new)
    sys_mbox_set_invalid                     0x0800ae33   Thumb Code     6  sys_arch.o(i.sys_mbox_set_invalid)
    sys_mbox_trypost                         0x0800ae39   Thumb Code    24  sys_arch.o(i.sys_mbox_trypost)
    sys_mbox_valid                           0x0800ae51   Thumb Code    10  sys_arch.o(i.sys_mbox_valid)
    sys_mutex_lock                           0x0800ae5b   Thumb Code    10  sys_arch.o(i.sys_mutex_lock)
    sys_mutex_new                            0x0800ae65   Thumb Code    24  sys_arch.o(i.sys_mutex_new)
    sys_mutex_unlock                         0x0800ae7d   Thumb Code     6  sys_arch.o(i.sys_mutex_unlock)
    sys_now                                  0x0800ae83   Thumb Code     4  ethernetif.o(i.sys_now)
    sys_sem_free                             0x0800ae87   Thumb Code     6  sys_arch.o(i.sys_sem_free)
    sys_sem_new                              0x0800ae8d   Thumb Code    40  sys_arch.o(i.sys_sem_new)
    sys_sem_set_invalid                      0x0800aeb5   Thumb Code     6  sys_arch.o(i.sys_sem_set_invalid)
    sys_sem_signal                           0x0800aebb   Thumb Code     6  sys_arch.o(i.sys_sem_signal)
    sys_sem_valid                            0x0800aec1   Thumb Code    10  sys_arch.o(i.sys_sem_valid)
    sys_thread_new                           0x0800aecb   Thumb Code    46  sys_arch.o(i.sys_thread_new)
    sys_timeout                              0x0800aef9   Thumb Code    46  timeouts.o(i.sys_timeout)
    sys_timeouts_init                        0x0800b0b5   Thumb Code    30  timeouts.o(i.sys_timeouts_init)
    sys_timeouts_sleeptime                   0x0800b0dd   Thumb Code    34  timeouts.o(i.sys_timeouts_sleeptime)
    tcp_abandon                              0x0800b105   Thumb Code   256  tcp.o(i.tcp_abandon)
    tcp_abort                                0x0800b2b1   Thumb Code     6  tcp.o(i.tcp_abort)
    tcp_accept                               0x0800b2b7   Thumb Code    14  tcp.o(i.tcp_accept)
    tcp_alloc                                0x0800b35d   Thumb Code   280  tcp.o(i.tcp_alloc)
    tcp_arg                                  0x0800b481   Thumb Code     8  tcp.o(i.tcp_arg)
    tcp_bind                                 0x0800b489   Thumb Code   168  tcp.o(i.tcp_bind)
    tcp_close                                0x0800b5d5   Thumb Code    48  tcp.o(i.tcp_close)
    tcp_eff_send_mss_netif                   0x0800ba95   Thumb Code    54  tcp.o(i.tcp_eff_send_mss_netif)
    tcp_enqueue_flags                        0x0800bb4d   Thumb Code   268  tcp_out.o(i.tcp_enqueue_flags)
    tcp_err                                  0x0800bd81   Thumb Code    34  tcp.o(i.tcp_err)
    tcp_fasttmr                              0x0800be25   Thumb Code   102  tcp.o(i.tcp_fasttmr)
    tcp_free                                 0x0800be91   Thumb Code    34  tcp.o(i.tcp_free)
    tcp_free_ooseq                           0x0800c05d   Thumb Code    20  tcp.o(i.tcp_free_ooseq)
    tcp_init                                 0x0800c099   Thumb Code    20  tcp.o(i.tcp_init)
    tcp_input                                0x0800c0b1   Thumb Code  1584  tcp_in.o(i.tcp_input)
    tcp_keepalive                            0x0800c7d5   Thumb Code    82  tcp_out.o(i.tcp_keepalive)
    tcp_listen_with_backlog_and_err          0x0800cb65   Thumb Code   182  tcp.o(i.tcp_listen_with_backlog_and_err)
    tcp_netif_ip_addr_changed                0x0800cce5   Thumb Code    70  tcp.o(i.tcp_netif_ip_addr_changed)
    tcp_new_ip_type                          0x0800cdf1   Thumb Code     6  tcp.o(i.tcp_new_ip_type)
    tcp_next_iss                             0x0800ce59   Thumb Code    32  tcp.o(i.tcp_next_iss)
    tcp_output                               0x0800cffd   Thumb Code   552  tcp_out.o(i.tcp_output)
    tcp_pcb_purge                            0x0800db41   Thumb Code    88  tcp.o(i.tcp_pcb_purge)
    tcp_pcb_remove                           0x0800dc0d   Thumb Code   174  tcp.o(i.tcp_pcb_remove)
    tcp_poll                                 0x0800dd9d   Thumb Code    58  tcp.o(i.tcp_poll)
    tcp_process_refused_data                 0x0800e32d   Thumb Code   132  tcp.o(i.tcp_process_refused_data)
    tcp_recv                                 0x0800ed35   Thumb Code    34  tcp.o(i.tcp_recv)
    tcp_recv_null                            0x0800edd9   Thumb Code    60  tcp.o(i.tcp_recv_null)
    tcp_recved                               0x0800ee89   Thumb Code   104  tcp.o(i.tcp_recved)
    tcp_rexmit                               0x0800efe1   Thumb Code   118  tcp_out.o(i.tcp_rexmit)
    tcp_rexmit_fast                          0x0800f0cd   Thumb Code   108  tcp_out.o(i.tcp_rexmit_fast)
    tcp_rexmit_rto                           0x0800f1b5   Thumb Code    42  tcp_out.o(i.tcp_rexmit_rto)
    tcp_rexmit_rto_commit                    0x0800f259   Thumb Code    44  tcp_out.o(i.tcp_rexmit_rto_commit)
    tcp_rexmit_rto_prepare                   0x0800f305   Thumb Code   118  tcp_out.o(i.tcp_rexmit_rto_prepare)
    tcp_rst                                  0x0800f40d   Thumb Code   128  tcp_out.o(i.tcp_rst)
    tcp_seg_copy                             0x0800f521   Thumb Code    56  tcp.o(i.tcp_seg_copy)
    tcp_seg_free                             0x0800f5cd   Thumb Code    28  tcp.o(i.tcp_seg_free)
    tcp_segs_free                            0x0800f5e9   Thumb Code    18  tcp.o(i.tcp_segs_free)
    tcp_send_empty_ack                       0x0800f5fd   Thumb Code   110  tcp_out.o(i.tcp_send_empty_ack)
    tcp_send_fin                             0x0800f6e9   Thumb Code    84  tcp_out.o(i.tcp_send_fin)
    tcp_sent                                 0x0800f7b5   Thumb Code    34  tcp.o(i.tcp_sent)
    tcp_shutdown                             0x0800f859   Thumb Code   104  tcp.o(i.tcp_shutdown)
    tcp_slowtmr                              0x0800f935   Thumb Code  1360  tcp.o(i.tcp_slowtmr)
    tcp_split_unsent_seg                     0x0800ff05   Thumb Code   360  tcp_out.o(i.tcp_split_unsent_seg)
    tcp_timer_needed                         0x08010131   Thumb Code    36  timeouts.o(i.tcp_timer_needed)
    tcp_tmr                                  0x08010265   Thumb Code    28  tcp.o(i.tcp_tmr)
    tcp_trigger_input_pcb_close              0x08010285   Thumb Code    12  tcp_in.o(i.tcp_trigger_input_pcb_close)
    tcp_update_rcv_ann_wnd                   0x08010295   Thumb Code    92  tcp.o(i.tcp_update_rcv_ann_wnd)
    tcp_write                                0x08010389   Thumb Code  1688  tcp_out.o(i.tcp_write)
    tcp_zero_window_probe                    0x08010bb5   Thumb Code   190  tcp_out.o(i.tcp_zero_window_probe)
    tcpip_init                               0x08010cf5   Thumb Code    88  tcpip.o(i.tcpip_init)
    tcpip_inpkt                              0x08010e05   Thumb Code    82  tcpip.o(i.tcpip_inpkt)
    tcpip_input                              0x08010ec5   Thumb Code    20  tcpip.o(i.tcpip_input)
    tcpip_send_msg_wait_sem                  0x08010ee1   Thumb Code    26  tcpip.o(i.tcpip_send_msg_wait_sem)
    tcpip_try_callback                       0x080110fd   Thumb Code    78  tcpip.o(i.tcpip_try_callback)
    udp_bind                                 0x080111b9   Thumb Code   186  udp.o(i.udp_bind)
    udp_connect                              0x080112ed   Thumb Code   108  udp.o(i.udp_connect)
    udp_init                                 0x080113ed   Thumb Code    20  udp.o(i.udp_init)
    udp_input                                0x08011405   Thumb Code   310  udp.o(i.udp_input)
    udp_netif_ip_addr_changed                0x080116f9   Thumb Code    48  udp.o(i.udp_netif_ip_addr_changed)
    udp_new                                  0x0801172d   Thumb Code    26  udp.o(i.udp_new)
    udp_new_ip_type                          0x08011747   Thumb Code     4  udp.o(i.udp_new_ip_type)
    udp_recv                                 0x0801174d   Thumb Code    22  udp.o(i.udp_recv)
    udp_remove                               0x080117d5   Thumb Code    58  udp.o(i.udp_remove)
    udp_sendto_if                            0x08011885   Thumb Code   110  udp.o(i.udp_sendto_if)
    udp_sendto_if_src                        0x080119c5   Thumb Code   274  udp.o(i.udp_sendto_if_src)
    uxListRemove                             0x08011c0d   Thumb Code    38  list.o(i.uxListRemove)
    uxQueueMessagesWaiting                   0x08011c33   Thumb Code    36  queue.o(i.uxQueueMessagesWaiting)
    uxQueueMessagesWaitingFromISR            0x08011c57   Thumb Code    22  queue.o(i.uxQueueMessagesWaitingFromISR)
    vApplicationGetIdleTaskMemory            0x08011c6d   Thumb Code    16  cmsis_os2.o(i.vApplicationGetIdleTaskMemory)
    vApplicationGetTimerTaskMemory           0x08011c81   Thumb Code    18  cmsis_os2.o(i.vApplicationGetTimerTaskMemory)
    vListInitialise                          0x08011c99   Thumb Code    22  list.o(i.vListInitialise)
    vListInitialiseItem                      0x08011caf   Thumb Code     6  list.o(i.vListInitialiseItem)
    vListInsert                              0x08011cb5   Thumb Code    48  list.o(i.vListInsert)
    vListInsertEnd                           0x08011ce5   Thumb Code    24  list.o(i.vListInsertEnd)
    vPortEnterCritical                       0x08011cfd   Thumb Code    54  port.o(i.vPortEnterCritical)
    vPortExitCritical                        0x08011d3d   Thumb Code    34  port.o(i.vPortExitCritical)
    vPortFree                                0x08011d65   Thumb Code    88  heap_4.o(i.vPortFree)
    vPortSetupTimerInterrupt                 0x08011dc1   Thumb Code    32  port.o(i.vPortSetupTimerInterrupt)
    vPortValidateInterruptPriority           0x08011de5   Thumb Code    74  port.o(i.vPortValidateInterruptPriority)
    vQueueAddToRegistry                      0x08011e39   Thumb Code    34  queue.o(i.vQueueAddToRegistry)
    vQueueDelete                             0x08011e61   Thumb Code    46  queue.o(i.vQueueDelete)
    vQueueUnregisterQueue                    0x08011e91   Thumb Code    36  queue.o(i.vQueueUnregisterQueue)
    vQueueWaitForMessageRestricted           0x08011eb9   Thumb Code    68  queue.o(i.vQueueWaitForMessageRestricted)
    vTaskDelay                               0x08011efd   Thumb Code    66  tasks.o(i.vTaskDelay)
    vTaskInternalSetTimeOutState             0x08011f49   Thumb Code    12  tasks.o(i.vTaskInternalSetTimeOutState)
    vTaskMissedYield                         0x08011f59   Thumb Code     8  tasks.o(i.vTaskMissedYield)
    vTaskPlaceOnEventList                    0x08011f65   Thumb Code    44  tasks.o(i.vTaskPlaceOnEventList)
    vTaskPlaceOnEventListRestricted          0x08011f95   Thumb Code    52  tasks.o(i.vTaskPlaceOnEventListRestricted)
    vTaskPriorityDisinheritAfterTimeout      0x08011fcd   Thumb Code   134  tasks.o(i.vTaskPriorityDisinheritAfterTimeout)
    vTaskStartScheduler                      0x0801205d   Thumb Code   118  tasks.o(i.vTaskStartScheduler)
    vTaskSuspendAll                          0x080120e5   Thumb Code    10  tasks.o(i.vTaskSuspendAll)
    vTaskSwitchContext                       0x080120f5   Thumb Code    90  tasks.o(i.vTaskSwitchContext)
    xPortStartScheduler                      0x08012159   Thumb Code   222  port.o(i.xPortStartScheduler)
    xQueueCreateCountingSemaphore            0x0801224d   Thumb Code    58  queue.o(i.xQueueCreateCountingSemaphore)
    xQueueCreateCountingSemaphoreStatic      0x08012287   Thumb Code    64  queue.o(i.xQueueCreateCountingSemaphoreStatic)
    xQueueCreateMutex                        0x080122c7   Thumb Code    22  queue.o(i.xQueueCreateMutex)
    xQueueCreateMutexStatic                  0x080122dd   Thumb Code    26  queue.o(i.xQueueCreateMutexStatic)
    xQueueGenericCreate                      0x080122f7   Thumb Code    72  queue.o(i.xQueueGenericCreate)
    xQueueGenericCreateStatic                0x0801233f   Thumb Code   102  queue.o(i.xQueueGenericCreateStatic)
    xQueueGenericReset                       0x080123a5   Thumb Code   132  queue.o(i.xQueueGenericReset)
    xQueueGenericSend                        0x0801242d   Thumb Code   346  queue.o(i.xQueueGenericSend)
    xQueueGenericSendFromISR                 0x0801258d   Thumb Code   188  queue.o(i.xQueueGenericSendFromISR)
    xQueueGiveFromISR                        0x08012649   Thumb Code   156  queue.o(i.xQueueGiveFromISR)
    xQueueGiveMutexRecursive                 0x080126e5   Thumb Code    62  queue.o(i.xQueueGiveMutexRecursive)
    xQueueReceive                            0x08012725   Thumb Code   308  queue.o(i.xQueueReceive)
    xQueueReceiveFromISR                     0x0801285d   Thumb Code   154  queue.o(i.xQueueReceiveFromISR)
    xQueueSemaphoreTake                      0x080128f9   Thumb Code   372  queue.o(i.xQueueSemaphoreTake)
    xQueueTakeMutexRecursive                 0x08012a71   Thumb Code    64  queue.o(i.xQueueTakeMutexRecursive)
    xTaskCheckForTimeOut                     0x08012ab1   Thumb Code   112  tasks.o(i.xTaskCheckForTimeOut)
    xTaskCreate                              0x08012b25   Thumb Code    90  tasks.o(i.xTaskCreate)
    xTaskCreateStatic                        0x08012b7f   Thumb Code    86  tasks.o(i.xTaskCreateStatic)
    xTaskGetCurrentTaskHandle                0x08012bd5   Thumb Code     6  tasks.o(i.xTaskGetCurrentTaskHandle)
    xTaskGetSchedulerState                   0x08012be1   Thumb Code    22  tasks.o(i.xTaskGetSchedulerState)
    xTaskGetTickCount                        0x08012bfd   Thumb Code     6  tasks.o(i.xTaskGetTickCount)
    xTaskGetTickCountFromISR                 0x08012c09   Thumb Code    12  tasks.o(i.xTaskGetTickCountFromISR)
    xTaskIncrementTick                       0x08012c19   Thumb Code   190  tasks.o(i.xTaskIncrementTick)
    xTaskPriorityDisinherit                  0x08012ce1   Thumb Code   118  tasks.o(i.xTaskPriorityDisinherit)
    xTaskPriorityInherit                     0x08012d61   Thumb Code   112  tasks.o(i.xTaskPriorityInherit)
    xTaskRemoveFromEventList                 0x08012dd9   Thumb Code    98  tasks.o(i.xTaskRemoveFromEventList)
    xTaskResumeAll                           0x08012e49   Thumb Code   182  tasks.o(i.xTaskResumeAll)
    xTimerCreateTimerTask                    0x08012f0d   Thumb Code    78  timers.o(i.xTimerCreateTimerTask)
    xTimerGenericCommand                     0x08012f6d   Thumb Code    98  timers.o(i.xTimerGenericCommand)
    defaultTask_attributes                   0x08012fd4   Data          36  main.o(.constdata)
    AHBPrescTable                            0x08012ff8   Data          16  system_stm32f4xx.o(.constdata)
    APBPrescTable                            0x08013008   Data           8  system_stm32f4xx.o(.constdata)
    ethbroadcast                             0x08013010   Data           6  ethernet.o(.constdata)
    ethzero                                  0x08013016   Data           6  ethernet.o(.constdata)
    netconn_aborted                          0x0801301c   Data           1  api_msg.o(.constdata)
    netconn_reset                            0x0801301d   Data           1  api_msg.o(.constdata)
    netconn_closed                           0x0801301e   Data           1  api_msg.o(.constdata)
    memp_UDP_PCB                             0x08013020   Data          12  memp.o(.constdata)
    memp_TCP_PCB                             0x0801302c   Data          12  memp.o(.constdata)
    memp_TCP_PCB_LISTEN                      0x08013038   Data          12  memp.o(.constdata)
    memp_TCP_SEG                             0x08013044   Data          12  memp.o(.constdata)
    memp_REASSDATA                           0x08013050   Data          12  memp.o(.constdata)
    memp_FRAG_PBUF                           0x0801305c   Data          12  memp.o(.constdata)
    memp_NETBUF                              0x08013068   Data          12  memp.o(.constdata)
    memp_NETCONN                             0x08013074   Data          12  memp.o(.constdata)
    memp_TCPIP_MSG_API                       0x08013080   Data          12  memp.o(.constdata)
    memp_TCPIP_MSG_INPKT                     0x0801308c   Data          12  memp.o(.constdata)
    memp_SYS_TIMEOUT                         0x08013098   Data          12  memp.o(.constdata)
    memp_PBUF                                0x080130a4   Data          12  memp.o(.constdata)
    memp_PBUF_POOL                           0x080130b0   Data          12  memp.o(.constdata)
    memp_pools                               0x080130bc   Data          52  memp.o(.constdata)
    tcp_pcb_lists                            0x08013134   Data          16  tcp.o(.constdata)
    lwip_cyclic_timers                       0x08013144   Data          40  timeouts.o(.constdata)
    ip_addr_any                              0x0801316c   Data           4  ip4_addr.o(.constdata)
    ip_addr_broadcast                        0x08013170   Data           4  ip4_addr.o(.constdata)
    Region$$Table$$Base                      0x080132d8   Number         0  anon$$obj.o(Region$$Table)
    Region$$Table$$Limit                     0x080132f8   Number         0  anon$$obj.o(Region$$Table)
    defaultTaskHandle                        0x20000000   Data           4  main.o(.data)
    ipaddr                                   0x20000004   Data           4  lwip.o(.data)
    netmask                                  0x20000008   Data           4  lwip.o(.data)
    gw                                       0x2000000c   Data           4  lwip.o(.data)
    s_xSemaphore                             0x20000010   Data           4  ethernetif.o(.data)
    index_html_len                           0x20000014   Data           4  httpserver-netconn.o(.data)
    index_html                               0x20000018   Data        2415  httpserver-netconn.o(.data)
    uwTickFreq                               0x20000988   Data           1  stm32f4xx_hal.o(.data)
    uwTickPrio                               0x2000098c   Data           4  stm32f4xx_hal.o(.data)
    uwTick                                   0x20000990   Data           4  stm32f4xx_hal.o(.data)
    SystemCoreClock                          0x20000994   Data           4  system_stm32f4xx.o(.data)
    pxCurrentTCB                             0x20000998   Data           4  tasks.o(.data)
    lock_tcpip_core                          0x20000a1c   Data           4  tcpip.o(.data)
    netif_list                               0x20000a68   Data           4  netif.o(.data)
    netif_default                            0x20000a6c   Data           4  netif.o(.data)
    pbuf_free_ooseq_pending                  0x20000a70   Data           1  pbuf.o(.data)
    tcp_active_pcbs_changed                  0x20000a74   Data           1  tcp.o(.data)
    tcp_ticks                                0x20000a80   Data           4  tcp.o(.data)
    tcp_bound_pcbs                           0x20000a84   Data           4  tcp.o(.data)
    tcp_listen_pcbs                          0x20000a88   Data           4  tcp.o(.data)
    tcp_active_pcbs                          0x20000a8c   Data           4  tcp.o(.data)
    tcp_tw_pcbs                              0x20000a90   Data           4  tcp.o(.data)
    tcp_input_pcb                            0x20000ab4   Data           4  tcp_in.o(.data)
    udp_pcbs                                 0x20000ac8   Data           4  udp.o(.data)
    dhcp_rx_options_given                    0x20000ad8   Data           8  dhcp.o(.data)
    lwip_sys_mutex                           0x20000aec   Data           4  sys_arch.o(.data)
    __stdout                                 0x20000af4   Data           4  stdout.o(.data)
    heth1                                    0x20000af8   Data          72  main.o(.bss)
    gnetif                                   0x20000b40   Data          52  lwip.o(.bss)
    DMARxDscrTab                             0x20000b74   Data         128  ethernetif.o(.bss)
    DMATxDscrTab                             0x20000bf4   Data         128  ethernetif.o(.bss)
    Rx_Buff                                  0x20000c74   Data        6096  ethernetif.o(.bss)
    Tx_Buff                                  0x20002444   Data        6096  ethernetif.o(.bss)
    heth                                     0x20003c14   Data          72  ethernetif.o(.bss)
    htim1                                    0x20003c5c   Data          64  stm32f4xx_hal_timebase_tim.o(.bss)
    xQueueRegistry                           0x20003c9c   Data          64  queue.o(.bss)
    ip_data                                  0x20008570   Data          24  ip.o(.bss)
    ram_heap                                 0x20008588   Data        1619  mem.o(.bss)
    memp_memory_UDP_PCB_base                 0x20008bdb   Data         131  memp.o(.bss)
    memp_memory_TCP_PCB_base                 0x20008c5e   Data         783  memp.o(.bss)
    memp_memory_TCP_PCB_LISTEN_base          0x20008f6d   Data         227  memp.o(.bss)
    memp_memory_TCP_SEG_base                 0x20009050   Data         259  memp.o(.bss)
    memp_memory_REASSDATA_base               0x20009153   Data         163  memp.o(.bss)
    memp_memory_FRAG_PBUF_base               0x200091f6   Data         363  memp.o(.bss)
    memp_memory_NETBUF_base                  0x20009361   Data          35  memp.o(.bss)
    memp_memory_NETCONN_base                 0x20009384   Data         163  memp.o(.bss)
    memp_memory_TCPIP_MSG_API_base           0x20009427   Data         131  memp.o(.bss)
    memp_memory_TCPIP_MSG_INPKT_base         0x200094aa   Data         131  memp.o(.bss)
    memp_memory_SYS_TIMEOUT_base             0x2000952d   Data          83  memp.o(.bss)
    memp_memory_PBUF_base                    0x20009580   Data         259  memp.o(.bss)
    memp_memory_PBUF_POOL_base               0x20009683   Data        9731  memp.o(.bss)
    dhcp_rx_options_val                      0x2000bc98   Data          32  dhcp.o(.bss)
    __initial_sp                             0x2000c1a8   Data           0  startup_stm32f407xx.o(STACK)



==============================================================================

Memory Map of the image

  Image Entry point : 0x08000189

  Load Region LR_IROM1 (Base: 0x08000000, Size: 0x00013df0, Max: 0x00100000, ABSOLUTE, COMPRESSED[0x000137bc])

    Execution Region ER_IROM1 (Exec base: 0x08000000, Load base: 0x08000000, Size: 0x000132f8, Max: 0x00100000, ABSOLUTE)

    Exec Addr    Load Addr    Size         Type   Attr      Idx    E Section Name        Object

    0x08000000   0x08000000   0x00000188   Data   RO            3    RESET               startup_stm32f407xx.o
    0x08000188   0x08000188   0x00000000   Code   RO         9379  * .ARM.Collect$$$$00000000  mc_w.l(entry.o)
    0x08000188   0x08000188   0x00000004   Code   RO         9696    .ARM.Collect$$$$00000001  mc_w.l(entry2.o)
    0x0800018c   0x0800018c   0x00000004   Code   RO         9699    .ARM.Collect$$$$00000004  mc_w.l(entry5.o)
    0x08000190   0x08000190   0x00000000   Code   RO         9701    .ARM.Collect$$$$00000008  mc_w.l(entry7b.o)
    0x08000190   0x08000190   0x00000000   Code   RO         9703    .ARM.Collect$$$$0000000A  mc_w.l(entry8b.o)
    0x08000190   0x08000190   0x00000008   Code   RO         9704    .ARM.Collect$$$$0000000B  mc_w.l(entry9a.o)
    0x08000198   0x08000198   0x00000000   Code   RO         9706    .ARM.Collect$$$$0000000D  mc_w.l(entry10a.o)
    0x08000198   0x08000198   0x00000000   Code   RO         9708    .ARM.Collect$$$$0000000F  mc_w.l(entry11a.o)
    0x08000198   0x08000198   0x00000004   Code   RO         9697    .ARM.Collect$$$$00002712  mc_w.l(entry2.o)
    0x0800019c   0x0800019c   0x000000be   Code   RO         4596    .emb_text           port.o
    0x0800025a   0x0800025a   0x00000002   PAD
    0x0800025c   0x0800025c   0x00000024   Code   RO            4    .text               startup_stm32f407xx.o
    0x08000280   0x08000280   0x00000062   Code   RO         9382    .text               mc_w.l(uldiv.o)
    0x080002e2   0x080002e2   0x00000002   PAD
    0x080002e4   0x080002e4   0x00000024   Code   RO         9412    .text               mc_w.l(rand.o)
    0x08000308   0x08000308   0x00000040   Code   RO         9417    .text               mc_w.l(memmovea.o)
    0x08000348   0x08000348   0x00000024   Code   RO         9421    .text               mc_w.l(memseta.o)
    0x0800036c   0x0800036c   0x0000001a   Code   RO         9425    .text               mc_w.l(memcmp.o)
    0x08000386   0x08000386   0x0000001e   Code   RO         9427    .text               mc_w.l(strncmp.o)
    0x080003a4   0x080003a4   0x0000002c   Code   RO         9713    .text               mc_w.l(uidiv.o)
    0x080003d0   0x080003d0   0x0000001e   Code   RO         9715    .text               mc_w.l(llshl.o)
    0x080003ee   0x080003ee   0x00000020   Code   RO         9717    .text               mc_w.l(llushr.o)
    0x0800040e   0x0800040e   0x00000002   PAD
    0x08000410   0x08000410   0x00000024   Code   RO         9739    .text               mc_w.l(init.o)
    0x08000434   0x08000434   0x00000000   Code   RO         9741    .text               mc_w.l(semi.o)
    0x08000434   0x08000434   0x00000000   Code   RO         9746    .text               mc_w.l(iusesemip.o)
    0x08000434   0x08000434   0x0000005e   Code   RO         9759    .text               mc_w.l(__dclz77c.o)
    0x08000492   0x08000492   0x00000002   Code   RO          550    i.BusFault_Handler  stm32f4xx_it.o
    0x08000494   0x08000494   0x00000002   Code   RO          551    i.DebugMon_Handler  stm32f4xx_it.o
    0x08000496   0x08000496   0x00000002   PAD
    0x08000498   0x08000498   0x00000020   Code   RO          745    i.ETH_Delay         stm32f4xx_hal_eth.o
    0x080004b8   0x080004b8   0x0000002e   Code   RO          746    i.ETH_FlushTransmitFIFO  stm32f4xx_hal_eth.o
    0x080004e6   0x080004e6   0x00000002   PAD
    0x080004e8   0x080004e8   0x0000000c   Code   RO          552    i.ETH_IRQHandler    stm32f4xx_it.o
    0x080004f4   0x080004f4   0x00000124   Code   RO          747    i.ETH_MACDMAConfig  stm32f4xx_hal_eth.o
    0x08000618   0x08000618   0x00000024   Code   RO         1779    i.HAL_Delay         stm32f4xx_hal.o
    0x0800063c   0x0800063c   0x00000074   Code   RO          750    i.HAL_ETH_DMARxDescListInit  stm32f4xx_hal_eth.o
    0x080006b0   0x080006b0   0x00000078   Code   RO          751    i.HAL_ETH_DMATxDescListInit  stm32f4xx_hal_eth.o
    0x08000728   0x08000728   0x00000002   Code   RO          753    i.HAL_ETH_ErrorCallback  stm32f4xx_hal_eth.o
    0x0800072a   0x0800072a   0x00000088   Code   RO          755    i.HAL_ETH_GetReceivedFrame_IT  stm32f4xx_hal_eth.o
    0x080007b2   0x080007b2   0x0000007a   Code   RO          757    i.HAL_ETH_IRQHandler  stm32f4xx_hal_eth.o
    0x0800082c   0x0800082c   0x000001ec   Code   RO          758    i.HAL_ETH_Init      stm32f4xx_hal_eth.o
    0x08000a18   0x08000a18   0x000000e8   Code   RO          440    i.HAL_ETH_MspInit   ethernetif.o
    0x08000b00   0x08000b00   0x00000084   Code   RO          761    i.HAL_ETH_ReadPHYRegister  stm32f4xx_hal_eth.o
    0x08000b84   0x08000b84   0x0000000c   Code   RO          441    i.HAL_ETH_RxCpltCallback  ethernetif.o
    0x08000b90   0x08000b90   0x00000084   Code   RO          763    i.HAL_ETH_Start     stm32f4xx_hal_eth.o
    0x08000c14   0x08000c14   0x00000108   Code   RO          765    i.HAL_ETH_TransmitFrame  stm32f4xx_hal_eth.o
    0x08000d1c   0x08000d1c   0x00000002   Code   RO          766    i.HAL_ETH_TxCpltCallback  stm32f4xx_hal_eth.o
    0x08000d1e   0x08000d1e   0x00000002   PAD
    0x08000d20   0x08000d20   0x00000078   Code   RO          767    i.HAL_ETH_WritePHYRegister  stm32f4xx_hal_eth.o
    0x08000d98   0x08000d98   0x000001b8   Code   RO         1253    i.HAL_GPIO_Init     stm32f4xx_hal_gpio.o
    0x08000f50   0x08000f50   0x0000000e   Code   RO         1256    i.HAL_GPIO_TogglePin  stm32f4xx_hal_gpio.o
    0x08000f5e   0x08000f5e   0x0000000a   Code   RO         1257    i.HAL_GPIO_WritePin  stm32f4xx_hal_gpio.o
    0x08000f68   0x08000f68   0x0000000c   Code   RO         1785    i.HAL_GetTick       stm32f4xx_hal.o
    0x08000f74   0x08000f74   0x00000010   Code   RO         1791    i.HAL_IncTick       stm32f4xx_hal.o
    0x08000f84   0x08000f84   0x00000034   Code   RO         1792    i.HAL_Init          stm32f4xx_hal.o
    0x08000fb8   0x08000fb8   0x00000074   Code   RO          644    i.HAL_InitTick      stm32f4xx_hal_timebase_tim.o
    0x0800102c   0x0800102c   0x00000038   Code   RO          620    i.HAL_MspInit       stm32f4xx_hal_msp.o
    0x08001064   0x08001064   0x0000001a   Code   RO         1642    i.HAL_NVIC_EnableIRQ  stm32f4xx_hal_cortex.o
    0x0800107e   0x0800107e   0x00000002   PAD
    0x08001080   0x08001080   0x00000040   Code   RO         1648    i.HAL_NVIC_SetPriority  stm32f4xx_hal_cortex.o
    0x080010c0   0x080010c0   0x00000024   Code   RO         1649    i.HAL_NVIC_SetPriorityGrouping  stm32f4xx_hal_cortex.o
    0x080010e4   0x080010e4   0x00000134   Code   RO          899    i.HAL_RCC_ClockConfig  stm32f4xx_hal_rcc.o
    0x08001218   0x08001218   0x00000040   Code   RO          903    i.HAL_RCC_GetClockConfig  stm32f4xx_hal_rcc.o
    0x08001258   0x08001258   0x0000000c   Code   RO          904    i.HAL_RCC_GetHCLKFreq  stm32f4xx_hal_rcc.o
    0x08001264   0x08001264   0x00000020   Code   RO          907    i.HAL_RCC_GetPCLK2Freq  stm32f4xx_hal_rcc.o
    0x08001284   0x08001284   0x00000060   Code   RO          908    i.HAL_RCC_GetSysClockFreq  stm32f4xx_hal_rcc.o
    0x080012e4   0x080012e4   0x0000035c   Code   RO          911    i.HAL_RCC_OscConfig  stm32f4xx_hal_rcc.o
    0x08001640   0x08001640   0x00000002   Code   RO         2707    i.HAL_TIMEx_BreakCallback  stm32f4xx_hal_tim_ex.o
    0x08001642   0x08001642   0x00000002   Code   RO         2708    i.HAL_TIMEx_CommutCallback  stm32f4xx_hal_tim_ex.o
    0x08001644   0x08001644   0x00000036   Code   RO         2032    i.HAL_TIM_Base_Init  stm32f4xx_hal_tim.o
    0x0800167a   0x0800167a   0x00000002   Code   RO         2034    i.HAL_TIM_Base_MspInit  stm32f4xx_hal_tim.o
    0x0800167c   0x0800167c   0x00000022   Code   RO         2037    i.HAL_TIM_Base_Start_IT  stm32f4xx_hal_tim.o
    0x0800169e   0x0800169e   0x00000002   Code   RO         2061    i.HAL_TIM_IC_CaptureCallback  stm32f4xx_hal_tim.o
    0x080016a0   0x080016a0   0x00000166   Code   RO         2075    i.HAL_TIM_IRQHandler  stm32f4xx_hal_tim.o
    0x08001806   0x08001806   0x00000002   Code   RO         2078    i.HAL_TIM_OC_DelayElapsedCallback  stm32f4xx_hal_tim.o
    0x08001808   0x08001808   0x00000002   Code   RO         2105    i.HAL_TIM_PWM_PulseFinishedCallback  stm32f4xx_hal_tim.o
    0x0800180a   0x0800180a   0x00000002   PAD
    0x0800180c   0x0800180c   0x00000014   Code   RO           14    i.HAL_TIM_PeriodElapsedCallback  main.o
    0x08001820   0x08001820   0x00000002   Code   RO         2118    i.HAL_TIM_TriggerCallback  stm32f4xx_hal_tim.o
    0x08001822   0x08001822   0x00000002   Code   RO          553    i.HardFault_Handler  stm32f4xx_it.o
    0x08001824   0x08001824   0x00000058   Code   RO           15    i.MX_ETH_Init       main.o
    0x0800187c   0x0800187c   0x000000c8   Code   RO           16    i.MX_GPIO_Init      main.o
    0x08001944   0x08001944   0x00000068   Code   RO          378    i.MX_LWIP_Init      lwip.o
    0x080019ac   0x080019ac   0x00000002   Code   RO          554    i.MemManage_Handler  stm32f4xx_it.o
    0x080019ae   0x080019ae   0x00000002   Code   RO          555    i.NMI_Handler       stm32f4xx_it.o
    0x080019b0   0x080019b0   0x00000010   Code   RO           17    i.StartDefaultTask  main.o
    0x080019c0   0x080019c0   0x0000002c   Code   RO         4597    i.SysTick_Handler   port.o
    0x080019ec   0x080019ec   0x00000088   Code   RO           18    i.SystemClock_Config  main.o
    0x08001a74   0x08001a74   0x0000001c   Code   RO         2959    i.SystemInit        system_stm32f4xx.o
    0x08001a90   0x08001a90   0x0000000c   Code   RO          556    i.TIM1_UP_TIM10_IRQHandler  stm32f4xx_it.o
    0x08001a9c   0x08001a9c   0x000000c8   Code   RO         2120    i.TIM_Base_SetConfig  stm32f4xx_hal_tim.o
    0x08001b64   0x08001b64   0x00000002   Code   RO          557    i.UsageFault_Handler  stm32f4xx_it.o
    0x08001b66   0x08001b66   0x00000002   PAD
    0x08001b68   0x08001b68   0x00000020   Code   RO         9522    i.__0printf$3       mc_w.l(printf3.o)
    0x08001b88   0x08001b88   0x00000020   Code   RO         1655    i.__NVIC_SetPriority  stm32f4xx_hal_cortex.o
    0x08001ba8   0x08001ba8   0x0000000e   Code   RO         9753    i.__scatterload_copy  mc_w.l(handlers.o)
    0x08001bb6   0x08001bb6   0x00000002   Code   RO         9754    i.__scatterload_null  mc_w.l(handlers.o)
    0x08001bb8   0x08001bb8   0x0000000e   Code   RO         9755    i.__scatterload_zeroinit  mc_w.l(handlers.o)
    0x08001bc6   0x08001bc6   0x00000002   PAD
    0x08001bc8   0x08001bc8   0x000001b8   Code   RO         9529    i._printf_core      mc_w.l(printf3.o)
    0x08001d80   0x08001d80   0x00000178   Code   RO         5631    i.accept_function   api_msg.o
    0x08001ef8   0x08001ef8   0x0000009c   Code   RO         8228    i.dhcp_arp_reply    dhcp.o
    0x08001f94   0x08001f94   0x00000188   Code   RO         8229    i.dhcp_bind         dhcp.o
    0x0800211c   0x0800211c   0x00000034   Code   RO         8230    i.dhcp_check        dhcp.o
    0x08002150   0x08002150   0x000000ac   Code   RO         8232    i.dhcp_coarse_tmr   dhcp.o
    0x080021fc   0x080021fc   0x000001e4   Code   RO         8233    i.dhcp_create_msg   dhcp.o
    0x080023e0   0x080023e0   0x000000b8   Code   RO         8234    i.dhcp_dec_pcb_refcount  dhcp.o
    0x08002498   0x08002498   0x0000009c   Code   RO         8235    i.dhcp_decline      dhcp.o
    0x08002534   0x08002534   0x000000e8   Code   RO         8236    i.dhcp_discover     dhcp.o
    0x0800261c   0x0800261c   0x00000034   Code   RO         8237    i.dhcp_fine_tmr     dhcp.o
    0x08002650   0x08002650   0x00000064   Code   RO         8238    i.dhcp_handle_ack   dhcp.o
    0x080026b4   0x080026b4   0x000000ec   Code   RO         8239    i.dhcp_inc_pcb_refcount  dhcp.o
    0x080027a0   0x080027a0   0x00000098   Code   RO         8242    i.dhcp_option       dhcp.o
    0x08002838   0x08002838   0x000000bc   Code   RO         8243    i.dhcp_option_byte  dhcp.o
    0x080028f4   0x080028f4   0x000000d8   Code   RO         8244    i.dhcp_option_long  dhcp.o
    0x080029cc   0x080029cc   0x000000c8   Code   RO         8245    i.dhcp_option_short  dhcp.o
    0x08002a94   0x08002a94   0x00000020   Code   RO         8246    i.dhcp_option_trailer  dhcp.o
    0x08002ab4   0x08002ab4   0x00000390   Code   RO         8247    i.dhcp_parse_reply  dhcp.o
    0x08002e44   0x08002e44   0x000000d8   Code   RO         8248    i.dhcp_rebind       dhcp.o
    0x08002f1c   0x08002f1c   0x00000100   Code   RO         8249    i.dhcp_reboot       dhcp.o
    0x0800301c   0x0800301c   0x00000120   Code   RO         8250    i.dhcp_recv         dhcp.o
    0x0800313c   0x0800313c   0x000000bc   Code   RO         8252    i.dhcp_release_and_stop  dhcp.o
    0x080031f8   0x080031f8   0x000000d8   Code   RO         8253    i.dhcp_renew        dhcp.o
    0x080032d0   0x080032d0   0x00000200   Code   RO         8254    i.dhcp_select       dhcp.o
    0x080034d0   0x080034d0   0x00000010   Code   RO         8255    i.dhcp_set_state    dhcp.o
    0x080034e0   0x080034e0   0x00000128   Code   RO         8257    i.dhcp_start        dhcp.o
    0x08003608   0x08003608   0x0000001c   Code   RO         8259    i.dhcp_supplied_address  dhcp.o
    0x08003624   0x08003624   0x0000006c   Code   RO         8260    i.dhcp_timeout      dhcp.o
    0x08003690   0x08003690   0x000000a8   Code   RO         6822    i.do_memp_free_pool  memp.o
    0x08003738   0x08003738   0x000000b8   Code   RO         6823    i.do_memp_malloc_pool  memp.o
    0x080037f0   0x080037f0   0x000001c8   Code   RO         5632    i.err_tcp           api_msg.o
    0x080039b8   0x080039b8   0x0000002c   Code   RO         8432    i.etharp_cleanup_netif  etharp.o
    0x080039e4   0x080039e4   0x00000260   Code   RO         8434    i.etharp_find_entry  etharp.o
    0x08003c44   0x08003c44   0x00000024   Code   RO         8435    i.etharp_free_entry  etharp.o
    0x08003c68   0x08003c68   0x00000118   Code   RO         8437    i.etharp_input      etharp.o
    0x08003d80   0x08003d80   0x000001b0   Code   RO         8438    i.etharp_output     etharp.o
    0x08003f30   0x08003f30   0x00000110   Code   RO         8439    i.etharp_output_to_arp_index  etharp.o
    0x08004040   0x08004040   0x000001e8   Code   RO         8440    i.etharp_query      etharp.o
    0x08004228   0x08004228   0x00000174   Code   RO         8441    i.etharp_raw        etharp.o
    0x0800439c   0x0800439c   0x0000000c   Code   RO         8442    i.etharp_request    etharp.o
    0x080043a8   0x080043a8   0x00000020   Code   RO         8443    i.etharp_request_dst  etharp.o
    0x080043c8   0x080043c8   0x00000060   Code   RO         8444    i.etharp_tmr        etharp.o
    0x08004428   0x08004428   0x0000011c   Code   RO         8445    i.etharp_update_arp_entry  etharp.o
    0x08004544   0x08004544   0x000000a4   Code   RO         5202    i.ethernet_input    ethernet.o
    0x080045e8   0x080045e8   0x000000f8   Code   RO         5203    i.ethernet_output   ethernet.o
    0x080046e0   0x080046e0   0x00000088   Code   RO          442    i.ethernetif_init   ethernetif.o
    0x08004768   0x08004768   0x0000004c   Code   RO          443    i.ethernetif_input  ethernetif.o
    0x080047b4   0x080047b4   0x00000012   Code   RO         9710    i.fputc             mc_w.l(fputc.o)
    0x080047c6   0x080047c6   0x00000002   PAD
    0x080047c8   0x080047c8   0x00000024   Code   RO          683    i.http_server_netconn_init  httpserver-netconn.o
    0x080047ec   0x080047ec   0x00000040   Code   RO          684    i.http_server_netconn_thread  httpserver-netconn.o
    0x0800482c   0x0800482c   0x00000110   Code   RO          685    i.http_server_serve  httpserver-netconn.o
    0x0800493c   0x0800493c   0x00000008   Code   RO         8532    i.icmp_dest_unreach  icmp.o
    0x08004944   0x08004944   0x000001e8   Code   RO         8533    i.icmp_input        icmp.o
    0x08004b2c   0x08004b2c   0x00000110   Code   RO         8534    i.icmp_send_response  icmp.o
    0x08004c3c   0x08004c3c   0x00000008   Code   RO         8535    i.icmp_time_exceeded  icmp.o
    0x08004c44   0x08004c44   0x0000002e   Code   RO         8649    i.ip4_addr_isbroadcast_u32  ip4_addr.o
    0x08004c72   0x08004c72   0x00000002   PAD
    0x08004c74   0x08004c74   0x00000260   Code   RO         8718    i.ip4_frag          ip4_frag.o
    0x08004ed4   0x08004ed4   0x00000194   Code   RO         8594    i.ip4_input         ip4.o
    0x08005068   0x08005068   0x0000002c   Code   RO         8595    i.ip4_input_accept  ip4.o
    0x08005094   0x08005094   0x0000001e   Code   RO         8597    i.ip4_output_if     ip4.o
    0x080050b2   0x080050b2   0x00000002   PAD
    0x080050b4   0x080050b4   0x00000178   Code   RO         8598    i.ip4_output_if_src  ip4.o
    0x0800522c   0x0800522c   0x00000288   Code   RO         8719    i.ip4_reass         ip4_frag.o
    0x080054b4   0x080054b4   0x00000060   Code   RO         8599    i.ip4_route         ip4.o
    0x08005514   0x08005514   0x00000090   Code   RO         8720    i.ip_frag_free_pbuf_custom_ref  ip4_frag.o
    0x080055a4   0x080055a4   0x00000248   Code   RO         8721    i.ip_reass_chain_frag_into_datagram_and_validate  ip4_frag.o
    0x080057ec   0x080057ec   0x000000bc   Code   RO         8722    i.ip_reass_dequeue_datagram  ip4_frag.o
    0x080058a8   0x080058a8   0x00000198   Code   RO         8723    i.ip_reass_free_complete_datagram  ip4_frag.o
    0x08005a40   0x08005a40   0x00000080   Code   RO         8724    i.ip_reass_remove_oldest_datagram  ip4_frag.o
    0x08005ac0   0x08005ac0   0x0000002c   Code   RO         8725    i.ip_reass_tmr      ip4_frag.o
    0x08005aec   0x08005aec   0x00000098   Code   RO         8726    i.ipfrag_free_pbuf_custom  ip4_frag.o
    0x08005b84   0x08005b84   0x00000138   Code   RO          444    i.low_level_init    ethernetif.o
    0x08005cbc   0x08005cbc   0x000000c0   Code   RO          445    i.low_level_input   ethernetif.o
    0x08005d7c   0x08005d7c   0x000000a8   Code   RO          446    i.low_level_output  ethernetif.o
    0x08005e24   0x08005e24   0x0000003c   Code   RO         7996    i.lwip_cyclic_timer  timeouts.o
    0x08005e60   0x08005e60   0x00000004   Code   RO         6530    i.lwip_htonl        def.o
    0x08005e64   0x08005e64   0x00000004   Code   RO         6531    i.lwip_htons        def.o
    0x08005e68   0x08005e68   0x00000022   Code   RO         6675    i.lwip_init         init.o
    0x08005e8a   0x08005e8a   0x00000036   Code   RO         5633    i.lwip_netconn_do_bind  api_msg.o
    0x08005ec0   0x08005ec0   0x00000138   Code   RO         5635    i.lwip_netconn_do_close  api_msg.o
    0x08005ff8   0x08005ff8   0x000002c0   Code   RO         5636    i.lwip_netconn_do_close_internal  api_msg.o
    0x080062b8   0x080062b8   0x00000198   Code   RO         5639    i.lwip_netconn_do_delconn  api_msg.o
    0x08006450   0x08006450   0x000000bc   Code   RO         5642    i.lwip_netconn_do_listen  api_msg.o
    0x0800650c   0x0800650c   0x00000012   Code   RO         5643    i.lwip_netconn_do_newconn  api_msg.o
    0x0800651e   0x0800651e   0x00000042   Code   RO         5644    i.lwip_netconn_do_recv  api_msg.o
    0x08006560   0x08006560   0x0000014c   Code   RO         5646    i.lwip_netconn_do_write  api_msg.o
    0x080066ac   0x080066ac   0x00000384   Code   RO         5647    i.lwip_netconn_do_writemore  api_msg.o
    0x08006a30   0x08006a30   0x000000a8   Code   RO         5648    i.lwip_netconn_err_to_msg  api_msg.o
    0x08006ad8   0x08006ad8   0x000000ac   Code   RO         5649    i.lwip_netconn_is_err_msg  api_msg.o
    0x08006b84   0x08006b84   0x0000005c   Code   RO           19    i.main              main.o
    0x08006be0   0x08006be0   0x000001c8   Code   RO         6746    i.mem_free          mem.o
    0x08006da8   0x08006da8   0x000000c8   Code   RO         6747    i.mem_init          mem.o
    0x08006e70   0x08006e70   0x0000024c   Code   RO         6748    i.mem_malloc        mem.o
    0x080070bc   0x080070bc   0x00000010   Code   RO         6749    i.mem_to_ptr        mem.o
    0x080070cc   0x080070cc   0x000001e4   Code   RO         6750    i.mem_trim          mem.o
    0x080072b0   0x080072b0   0x0000009c   Code   RO         6824    i.memp_free         memp.o
    0x0800734c   0x0800734c   0x00000020   Code   RO         6826    i.memp_init         memp.o
    0x0800736c   0x0800736c   0x0000002a   Code   RO         6827    i.memp_init_pool    memp.o
    0x08007396   0x08007396   0x00000002   PAD
    0x08007398   0x08007398   0x000000a4   Code   RO         6828    i.memp_malloc       memp.o
    0x0800743c   0x0800743c   0x000000fc   Code   RO         5927    i.netbuf_data       netbuf.o
    0x08007538   0x08007538   0x00000022   Code   RO         5928    i.netbuf_delete     netbuf.o
    0x0800755a   0x0800755a   0x00000002   PAD
    0x0800755c   0x0800755c   0x00000138   Code   RO         5402    i.netconn_accept    api_lib.o
    0x08007694   0x08007694   0x00000104   Code   RO         5650    i.netconn_alloc     api_msg.o
    0x08007798   0x08007798   0x00000016   Code   RO         5403    i.netconn_apimsg    api_lib.o
    0x080077ae   0x080077ae   0x00000002   PAD
    0x080077b0   0x080077b0   0x000000b8   Code   RO         5404    i.netconn_bind      api_lib.o
    0x08007868   0x08007868   0x00000006   Code   RO         5406    i.netconn_close     api_lib.o
    0x0800786e   0x0800786e   0x00000002   PAD
    0x08007870   0x08007870   0x000000b0   Code   RO         5407    i.netconn_close_shutdown  api_lib.o
    0x08007920   0x08007920   0x0000001e   Code   RO         5409    i.netconn_delete    api_lib.o
    0x0800793e   0x0800793e   0x0000009c   Code   RO         5651    i.netconn_drain     api_msg.o
    0x080079da   0x080079da   0x0000001e   Code   RO         5411    i.netconn_err       api_lib.o
    0x080079f8   0x080079f8   0x0000016c   Code   RO         5652    i.netconn_free      api_msg.o
    0x08007b64   0x08007b64   0x000000a8   Code   RO         5413    i.netconn_listen_with_backlog  api_lib.o
    0x08007c0c   0x08007c0c   0x00000178   Code   RO         5414    i.netconn_new_with_proto_and_callback  api_lib.o
    0x08007d84   0x08007d84   0x00000020   Code   RO         5415    i.netconn_prepare_delete  api_lib.o
    0x08007da4   0x08007da4   0x0000013c   Code   RO         5416    i.netconn_recv      api_lib.o
    0x08007ee0   0x08007ee0   0x00000188   Code   RO         5417    i.netconn_recv_data  api_lib.o
    0x08008068   0x08008068   0x00000092   Code   RO         5418    i.netconn_recv_data_tcp  api_lib.o
    0x080080fa   0x080080fa   0x00000002   PAD
    0x080080fc   0x080080fc   0x000000b8   Code   RO         5427    i.netconn_tcp_recvd_msg  api_lib.o
    0x080081b4   0x080081b4   0x00000014   Code   RO         5428    i.netconn_write_partly  api_lib.o
    0x080081c8   0x080081c8   0x0000018c   Code   RO         5429    i.netconn_write_vectors_partly  api_lib.o
    0x08008354   0x08008354   0x000001d8   Code   RO         6968    i.netif_add         netif.o
    0x0800852c   0x0800852c   0x00000016   Code   RO         6970    i.netif_do_ip_addr_changed  netif.o
    0x08008542   0x08008542   0x00000016   Code   RO         6971    i.netif_do_set_gw   netif.o
    0x08008558   0x08008558   0x000000c4   Code   RO         6972    i.netif_do_set_ipaddr  netif.o
    0x0800861c   0x0800861c   0x00000016   Code   RO         6973    i.netif_do_set_netmask  netif.o
    0x08008632   0x08008632   0x00000002   PAD
    0x08008634   0x08008634   0x00000028   Code   RO         6975    i.netif_get_by_index  netif.o
    0x0800865c   0x0800865c   0x00000002   Code   RO         6977    i.netif_init        netif.o
    0x0800865e   0x0800865e   0x00000002   PAD
    0x08008660   0x08008660   0x000000c0   Code   RO         6979    i.netif_issue_reports  netif.o
    0x08008720   0x08008720   0x00000006   Code   RO         6981    i.netif_null_output_ip4  netif.o
    0x08008726   0x08008726   0x00000002   PAD
    0x08008728   0x08008728   0x00000060   Code   RO         6983    i.netif_set_addr    netif.o
    0x08008788   0x08008788   0x0000000c   Code   RO         6984    i.netif_set_default  netif.o
    0x08008794   0x08008794   0x000000a8   Code   RO         6985    i.netif_set_down    netif.o
    0x0800883c   0x0800883c   0x000000a0   Code   RO         6991    i.netif_set_up      netif.o
    0x080088dc   0x080088dc   0x00000034   Code   RO         4114    i.osDelay           cmsis_os2.o
    0x08008910   0x08008910   0x00000028   Code   RO         4126    i.osKernelGetTickCount  cmsis_os2.o
    0x08008938   0x08008938   0x00000034   Code   RO         4128    i.osKernelInitialize  cmsis_os2.o
    0x0800896c   0x0800896c   0x0000003c   Code   RO         4131    i.osKernelStart     cmsis_os2.o
    0x080089a8   0x080089a8   0x00000044   Code   RO         4133    i.osMessageQueueDelete  cmsis_os2.o
    0x080089ec   0x080089ec   0x00000080   Code   RO         4134    i.osMessageQueueGet  cmsis_os2.o
    0x08008a6c   0x08008a6c   0x0000002c   Code   RO         4136    i.osMessageQueueGetCount  cmsis_os2.o
    0x08008a98   0x08008a98   0x00000074   Code   RO         4139    i.osMessageQueueNew  cmsis_os2.o
    0x08008b0c   0x08008b0c   0x00000084   Code   RO         4140    i.osMessageQueuePut  cmsis_os2.o
    0x08008b90   0x08008b90   0x0000006c   Code   RO         4142    i.osMutexAcquire    cmsis_os2.o
    0x08008bfc   0x08008bfc   0x00000080   Code   RO         4145    i.osMutexNew        cmsis_os2.o
    0x08008c7c   0x08008c7c   0x0000005c   Code   RO         4146    i.osMutexRelease    cmsis_os2.o
    0x08008cd8   0x08008cd8   0x00000078   Code   RO         4147    i.osSemaphoreAcquire  cmsis_os2.o
    0x08008d50   0x08008d50   0x00000044   Code   RO         4148    i.osSemaphoreDelete  cmsis_os2.o
    0x08008d94   0x08008d94   0x000000b0   Code   RO         4150    i.osSemaphoreNew    cmsis_os2.o
    0x08008e44   0x08008e44   0x00000070   Code   RO         4151    i.osSemaphoreRelease  cmsis_os2.o
    0x08008eb4   0x08008eb4   0x000000a4   Code   RO         4164    i.osThreadNew       cmsis_os2.o
    0x08008f58   0x08008f58   0x00000006   Code   RO         7150    i.pbuf_add_header   pbuf.o
    0x08008f5e   0x08008f5e   0x00000002   PAD
    0x08008f60   0x08008f60   0x000000c0   Code   RO         7152    i.pbuf_add_header_impl  pbuf.o
    0x08009020   0x08009020   0x0000025c   Code   RO         7153    i.pbuf_alloc        pbuf.o
    0x0800927c   0x0800927c   0x000000b0   Code   RO         7154    i.pbuf_alloc_reference  pbuf.o
    0x0800932c   0x0800932c   0x00000036   Code   RO         7155    i.pbuf_alloced_custom  pbuf.o
    0x08009362   0x08009362   0x00000002   PAD
    0x08009364   0x08009364   0x00000130   Code   RO         7156    i.pbuf_cat          pbuf.o
    0x08009494   0x08009494   0x00000012   Code   RO         7157    i.pbuf_chain        pbuf.o
    0x080094a6   0x080094a6   0x00000012   Code   RO         7158    i.pbuf_clen         pbuf.o
    0x080094b8   0x080094b8   0x0000009c   Code   RO         7159    i.pbuf_clone        pbuf.o
    0x08009554   0x08009554   0x000001e0   Code   RO         7161    i.pbuf_copy         pbuf.o
    0x08009734   0x08009734   0x00000118   Code   RO         7162    i.pbuf_copy_partial  pbuf.o
    0x0800984c   0x0800984c   0x00000164   Code   RO         7164    i.pbuf_free         pbuf.o
    0x080099b0   0x080099b0   0x00000034   Code   RO         7166    i.pbuf_free_ooseq_callback  pbuf.o
    0x080099e4   0x080099e4   0x00000006   Code   RO         7170    i.pbuf_header_force  pbuf.o
    0x080099ea   0x080099ea   0x0000000e   Code   RO         7171    i.pbuf_header_impl  pbuf.o
    0x080099f8   0x080099f8   0x0000001c   Code   RO         7172    i.pbuf_init_alloced_pbuf  pbuf.o
    0x08009a14   0x08009a14   0x00000134   Code   RO         7176    i.pbuf_realloc      pbuf.o
    0x08009b48   0x08009b48   0x0000009c   Code   RO         7177    i.pbuf_ref          pbuf.o
    0x08009be4   0x08009be4   0x000000d0   Code   RO         7178    i.pbuf_remove_header  pbuf.o
    0x08009cb4   0x08009cb4   0x000000f8   Code   RO         5653    i.pcb_new           api_msg.o
    0x08009dac   0x08009dac   0x000001a0   Code   RO         6751    i.plug_holes        mem.o
    0x08009f4c   0x08009f4c   0x000000dc   Code   RO         5654    i.poll_tcp          api_msg.o
    0x0800a028   0x0800a028   0x0000005c   Code   RO         3595    i.prvAddCurrentTaskToDelayedList  tasks.o
    0x0800a084   0x0800a084   0x000000d0   Code   RO         3596    i.prvAddNewTaskToReadyList  tasks.o
    0x0800a154   0x0800a154   0x00000058   Code   RO         3948    i.prvCheckForValidListAndQueue  timers.o
    0x0800a1ac   0x0800a1ac   0x00000026   Code   RO         3192    i.prvCopyDataFromQueue  queue.o
    0x0800a1d2   0x0800a1d2   0x0000006c   Code   RO         3193    i.prvCopyDataToQueue  queue.o
    0x0800a23e   0x0800a23e   0x00000034   Code   RO         3597    i.prvDeleteTCB      tasks.o
    0x0800a272   0x0800a272   0x00000002   PAD
    0x0800a274   0x0800a274   0x0000004c   Code   RO         4547    i.prvHeapInit       heap_4.o
    0x0800a2c0   0x0800a2c0   0x00000060   Code   RO         3598    i.prvIdleTask       tasks.o
    0x0800a320   0x0800a320   0x00000016   Code   RO         3194    i.prvInitialiseMutex  queue.o
    0x0800a336   0x0800a336   0x00000002   PAD
    0x0800a338   0x0800a338   0x00000022   Code   RO         3195    i.prvInitialiseNewQueue  queue.o
    0x0800a35a   0x0800a35a   0x00000002   PAD
    0x0800a35c   0x0800a35c   0x000000b0   Code   RO         3599    i.prvInitialiseNewTask  tasks.o
    0x0800a40c   0x0800a40c   0x0000004c   Code   RO         4548    i.prvInsertBlockIntoFreeList  heap_4.o
    0x0800a458   0x0800a458   0x00000038   Code   RO         3950    i.prvInsertTimerInActiveList  timers.o
    0x0800a490   0x0800a490   0x0000001c   Code   RO         3196    i.prvIsQueueEmpty   queue.o
    0x0800a4ac   0x0800a4ac   0x000000fc   Code   RO         3951    i.prvProcessReceivedCommands  timers.o
    0x0800a5a8   0x0800a5a8   0x000000c0   Code   RO         3952    i.prvProcessTimerOrBlockTask  timers.o
    0x0800a668   0x0800a668   0x00000020   Code   RO         3601    i.prvResetNextTaskUnblockTime  tasks.o
    0x0800a688   0x0800a688   0x00000028   Code   RO         3953    i.prvSampleTimeNow  timers.o
    0x0800a6b0   0x0800a6b0   0x0000006c   Code   RO         3954    i.prvSwitchTimerLists  timers.o
    0x0800a71c   0x0800a71c   0x00000028   Code   RO         4598    i.prvTaskExitError  port.o
    0x0800a744   0x0800a744   0x00000024   Code   RO         3955    i.prvTimerTask      timers.o
    0x0800a768   0x0800a768   0x0000006a   Code   RO         3197    i.prvUnlockQueue    queue.o
    0x0800a7d2   0x0800a7d2   0x00000002   PAD
    0x0800a7d4   0x0800a7d4   0x0000000c   Code   RO         6752    i.ptr_to_mem        mem.o
    0x0800a7e0   0x0800a7e0   0x000000d8   Code   RO         4549    i.pvPortMalloc      heap_4.o
    0x0800a8b8   0x0800a8b8   0x00000018   Code   RO         3604    i.pvTaskIncrementMutexHeldCount  tasks.o
    0x0800a8d0   0x0800a8d0   0x0000002c   Code   RO         4599    i.pxPortInitialiseStack  port.o
    0x0800a8fc   0x0800a8fc   0x00000184   Code   RO         5655    i.recv_tcp          api_msg.o
    0x0800aa80   0x0800aa80   0x00000164   Code   RO         5656    i.recv_udp          api_msg.o
    0x0800abe4   0x0800abe4   0x000000d0   Code   RO         5657    i.sent_tcp          api_msg.o
    0x0800acb4   0x0800acb4   0x00000044   Code   RO         5658    i.setup_tcp         api_msg.o
    0x0800acf8   0x0800acf8   0x0000003e   Code   RO         8972    i.sys_arch_mbox_fetch  sys_arch.o
    0x0800ad36   0x0800ad36   0x00000016   Code   RO         8973    i.sys_arch_mbox_tryfetch  sys_arch.o
    0x0800ad4c   0x0800ad4c   0x00000018   Code   RO         8974    i.sys_arch_protect  sys_arch.o
    0x0800ad64   0x0800ad64   0x00000038   Code   RO         8975    i.sys_arch_sem_wait  sys_arch.o
    0x0800ad9c   0x0800ad9c   0x0000000c   Code   RO         8976    i.sys_arch_unprotect  sys_arch.o
    0x0800ada8   0x0800ada8   0x00000044   Code   RO         7997    i.sys_check_timeouts  timeouts.o
    0x0800adec   0x0800adec   0x00000014   Code   RO         8977    i.sys_init          sys_arch.o
    0x0800ae00   0x0800ae00   0x00000014   Code   RO         8978    i.sys_mbox_free     sys_arch.o
    0x0800ae14   0x0800ae14   0x0000001e   Code   RO         8979    i.sys_mbox_new      sys_arch.o
    0x0800ae32   0x0800ae32   0x00000006   Code   RO         8981    i.sys_mbox_set_invalid  sys_arch.o
    0x0800ae38   0x0800ae38   0x00000018   Code   RO         8982    i.sys_mbox_trypost  sys_arch.o
    0x0800ae50   0x0800ae50   0x0000000a   Code   RO         8984    i.sys_mbox_valid    sys_arch.o
    0x0800ae5a   0x0800ae5a   0x0000000a   Code   RO         8986    i.sys_mutex_lock    sys_arch.o
    0x0800ae64   0x0800ae64   0x00000018   Code   RO         8987    i.sys_mutex_new     sys_arch.o
    0x0800ae7c   0x0800ae7c   0x00000006   Code   RO         8988    i.sys_mutex_unlock  sys_arch.o
    0x0800ae82   0x0800ae82   0x00000004   Code   RO          448    i.sys_now           ethernetif.o
    0x0800ae86   0x0800ae86   0x00000006   Code   RO         8989    i.sys_sem_free      sys_arch.o
    0x0800ae8c   0x0800ae8c   0x00000028   Code   RO         8990    i.sys_sem_new       sys_arch.o
    0x0800aeb4   0x0800aeb4   0x00000006   Code   RO         8991    i.sys_sem_set_invalid  sys_arch.o
    0x0800aeba   0x0800aeba   0x00000006   Code   RO         8992    i.sys_sem_signal    sys_arch.o
    0x0800aec0   0x0800aec0   0x0000000a   Code   RO         8993    i.sys_sem_valid     sys_arch.o
    0x0800aeca   0x0800aeca   0x0000002e   Code   RO         8994    i.sys_thread_new    sys_arch.o
    0x0800aef8   0x0800aef8   0x000000c4   Code   RO         7999    i.sys_timeout       timeouts.o
    0x0800afbc   0x0800afbc   0x000000f8   Code   RO         8000    i.sys_timeout_abs   timeouts.o
    0x0800b0b4   0x0800b0b4   0x00000028   Code   RO         8001    i.sys_timeouts_init  timeouts.o
    0x0800b0dc   0x0800b0dc   0x00000028   Code   RO         8002    i.sys_timeouts_sleeptime  timeouts.o
    0x0800b104   0x0800b104   0x000001ac   Code   RO         7434    i.tcp_abandon       tcp.o
    0x0800b2b0   0x0800b2b0   0x00000006   Code   RO         7435    i.tcp_abort         tcp.o
    0x0800b2b6   0x0800b2b6   0x0000000e   Code   RO         7436    i.tcp_accept        tcp.o
    0x0800b2c4   0x0800b2c4   0x00000098   Code   RO         7437    i.tcp_accept_null   tcp.o
    0x0800b35c   0x0800b35c   0x00000124   Code   RO         7438    i.tcp_alloc         tcp.o
    0x0800b480   0x0800b480   0x00000008   Code   RO         7439    i.tcp_arg           tcp.o
    0x0800b488   0x0800b488   0x0000014c   Code   RO         7440    i.tcp_bind          tcp.o
    0x0800b5d4   0x0800b5d4   0x000000a0   Code   RO         7442    i.tcp_close         tcp.o
    0x0800b674   0x0800b674   0x000001dc   Code   RO         7443    i.tcp_close_shutdown  tcp.o
    0x0800b850   0x0800b850   0x000000c4   Code   RO         7444    i.tcp_close_shutdown_fin  tcp.o
    0x0800b914   0x0800b914   0x00000180   Code   RO         7836    i.tcp_create_segment  tcp_out.o
    0x0800ba94   0x0800ba94   0x000000b8   Code   RO         7447    i.tcp_eff_send_mss_netif  tcp.o
    0x0800bb4c   0x0800bb4c   0x00000234   Code   RO         7837    i.tcp_enqueue_flags  tcp_out.o
    0x0800bd80   0x0800bd80   0x000000a4   Code   RO         7448    i.tcp_err           tcp.o
    0x0800be24   0x0800be24   0x0000006c   Code   RO         7449    i.tcp_fasttmr       tcp.o
    0x0800be90   0x0800be90   0x00000090   Code   RO         7450    i.tcp_free          tcp.o
    0x0800bf20   0x0800bf20   0x0000013c   Code   RO         7747    i.tcp_free_acked_segments  tcp_in.o
    0x0800c05c   0x0800c05c   0x00000014   Code   RO         7451    i.tcp_free_ooseq    tcp.o
    0x0800c070   0x0800c070   0x00000028   Code   RO         7748    i.tcp_get_next_optbyte  tcp_in.o
    0x0800c098   0x0800c098   0x00000018   Code   RO         7452    i.tcp_init          tcp.o
    0x0800c0b0   0x0800c0b0   0x00000650   Code   RO         7749    i.tcp_input         tcp_in.o
    0x0800c700   0x0800c700   0x000000d4   Code   RO         7750    i.tcp_input_delayed_close  tcp_in.o
    0x0800c7d4   0x0800c7d4   0x000000cc   Code   RO         7838    i.tcp_keepalive     tcp_out.o
    0x0800c8a0   0x0800c8a0   0x000000bc   Code   RO         7453    i.tcp_kill_state    tcp.o
    0x0800c95c   0x0800c95c   0x00000070   Code   RO         7454    i.tcp_listen_closed  tcp.o
    0x0800c9cc   0x0800c9cc   0x00000198   Code   RO         7751    i.tcp_listen_input  tcp_in.o
    0x0800cb64   0x0800cb64   0x00000180   Code   RO         7456    i.tcp_listen_with_backlog_and_err  tcp.o
    0x0800cce4   0x0800cce4   0x0000004c   Code   RO         7457    i.tcp_netif_ip_addr_changed  tcp.o
    0x0800cd30   0x0800cd30   0x000000c0   Code   RO         7458    i.tcp_netif_ip_addr_changed_pcblist  tcp.o
    0x0800cdf0   0x0800cdf0   0x00000006   Code   RO         7460    i.tcp_new_ip_type   tcp.o
    0x0800cdf6   0x0800cdf6   0x00000002   PAD
    0x0800cdf8   0x0800cdf8   0x00000060   Code   RO         7461    i.tcp_new_port      tcp.o
    0x0800ce58   0x0800ce58   0x00000098   Code   RO         7462    i.tcp_next_iss      tcp.o
    0x0800cef0   0x0800cef0   0x0000010c   Code   RO         7752    i.tcp_oos_insert_segment  tcp_in.o
    0x0800cffc   0x0800cffc   0x000002e0   Code   RO         7839    i.tcp_output        tcp_out.o
    0x0800d2dc   0x0800d2dc   0x000000cc   Code   RO         7840    i.tcp_output_alloc_header  tcp_out.o
    0x0800d3a8   0x0800d3a8   0x00000110   Code   RO         7841    i.tcp_output_alloc_header_common  tcp_out.o
    0x0800d4b8   0x0800d4b8   0x000000e0   Code   RO         7842    i.tcp_output_control_segment  tcp_out.o
    0x0800d598   0x0800d598   0x000000d8   Code   RO         7843    i.tcp_output_fill_options  tcp_out.o
    0x0800d670   0x0800d670   0x000001dc   Code   RO         7844    i.tcp_output_segment  tcp_out.o
    0x0800d84c   0x0800d84c   0x000000a8   Code   RO         7845    i.tcp_output_segment_busy  tcp_out.o
    0x0800d8f4   0x0800d8f4   0x000000fc   Code   RO         7753    i.tcp_parseopt      tcp_in.o
    0x0800d9f0   0x0800d9f0   0x00000150   Code   RO         7846    i.tcp_pbuf_prealloc  tcp_out.o
    0x0800db40   0x0800db40   0x000000cc   Code   RO         7463    i.tcp_pcb_purge     tcp.o
    0x0800dc0c   0x0800dc0c   0x00000190   Code   RO         7464    i.tcp_pcb_remove    tcp.o
    0x0800dd9c   0x0800dd9c   0x000000cc   Code   RO         7465    i.tcp_poll          tcp.o
    0x0800de68   0x0800de68   0x000004c2   Code   RO         7754    i.tcp_process       tcp_in.o
    0x0800e32a   0x0800e32a   0x00000002   PAD
    0x0800e32c   0x0800e32c   0x00000104   Code   RO         7466    i.tcp_process_refused_data  tcp.o
    0x0800e430   0x0800e430   0x00000904   Code   RO         7755    i.tcp_receive       tcp_in.o
    0x0800ed34   0x0800ed34   0x000000a4   Code   RO         7467    i.tcp_recv          tcp.o
    0x0800edd8   0x0800edd8   0x000000b0   Code   RO         7468    i.tcp_recv_null     tcp.o
    0x0800ee88   0x0800ee88   0x00000100   Code   RO         7469    i.tcp_recved        tcp.o
    0x0800ef88   0x0800ef88   0x00000058   Code   RO         7470    i.tcp_remove_listener  tcp.o
    0x0800efe0   0x0800efe0   0x000000ec   Code   RO         7847    i.tcp_rexmit        tcp_out.o
    0x0800f0cc   0x0800f0cc   0x000000e8   Code   RO         7848    i.tcp_rexmit_fast   tcp_out.o
    0x0800f1b4   0x0800f1b4   0x000000a4   Code   RO         7849    i.tcp_rexmit_rto    tcp_out.o
    0x0800f258   0x0800f258   0x000000ac   Code   RO         7850    i.tcp_rexmit_rto_commit  tcp_out.o
    0x0800f304   0x0800f304   0x000000f8   Code   RO         7851    i.tcp_rexmit_rto_prepare  tcp_out.o
    0x0800f3fc   0x0800f3fc   0x00000010   Code   RO         7852    i.tcp_route         tcp_out.o
    0x0800f40c   0x0800f40c   0x00000114   Code   RO         7853    i.tcp_rst           tcp_out.o
    0x0800f520   0x0800f520   0x000000ac   Code   RO         7471    i.tcp_seg_copy      tcp.o
    0x0800f5cc   0x0800f5cc   0x0000001c   Code   RO         7472    i.tcp_seg_free      tcp.o
    0x0800f5e8   0x0800f5e8   0x00000012   Code   RO         7473    i.tcp_segs_free     tcp.o
    0x0800f5fa   0x0800f5fa   0x00000002   PAD
    0x0800f5fc   0x0800f5fc   0x000000ec   Code   RO         7854    i.tcp_send_empty_ack  tcp_out.o
    0x0800f6e8   0x0800f6e8   0x000000cc   Code   RO         7855    i.tcp_send_fin      tcp_out.o
    0x0800f7b4   0x0800f7b4   0x000000a4   Code   RO         7474    i.tcp_sent          tcp.o
    0x0800f858   0x0800f858   0x000000dc   Code   RO         7476    i.tcp_shutdown      tcp.o
    0x0800f934   0x0800f934   0x000005d0   Code   RO         7477    i.tcp_slowtmr       tcp.o
    0x0800ff04   0x0800ff04   0x0000022c   Code   RO         7856    i.tcp_split_unsent_seg  tcp_out.o
    0x08010130   0x08010130   0x00000034   Code   RO         8004    i.tcp_timer_needed  timeouts.o
    0x08010164   0x08010164   0x00000100   Code   RO         7756    i.tcp_timewait_input  tcp_in.o
    0x08010264   0x08010264   0x00000020   Code   RO         7479    i.tcp_tmr           tcp.o
    0x08010284   0x08010284   0x00000010   Code   RO         7757    i.tcp_trigger_input_pcb_close  tcp_in.o
    0x08010294   0x08010294   0x000000f4   Code   RO         7481    i.tcp_update_rcv_ann_wnd  tcp.o
    0x08010388   0x08010388   0x000006b8   Code   RO         7857    i.tcp_write         tcp_out.o
    0x08010a40   0x08010a40   0x00000174   Code   RO         7858    i.tcp_write_checks  tcp_out.o
    0x08010bb4   0x08010bb4   0x00000140   Code   RO         7859    i.tcp_zero_window_probe  tcp_out.o
    0x08010cf4   0x08010cf4   0x00000110   Code   RO         6361    i.tcpip_init        tcpip.o
    0x08010e04   0x08010e04   0x000000c0   Code   RO         6362    i.tcpip_inpkt       tcpip.o
    0x08010ec4   0x08010ec4   0x0000001c   Code   RO         6363    i.tcpip_input       tcpip.o
    0x08010ee0   0x08010ee0   0x00000020   Code   RO         6364    i.tcpip_send_msg_wait_sem  tcpip.o
    0x08010f00   0x08010f00   0x00000038   Code   RO         8005    i.tcpip_tcp_timer   timeouts.o
    0x08010f38   0x08010f38   0x000000f8   Code   RO         6365    i.tcpip_thread      tcpip.o
    0x08011030   0x08011030   0x000000cc   Code   RO         6366    i.tcpip_thread_handle_msg  tcpip.o
    0x080110fc   0x080110fc   0x000000bc   Code   RO         6367    i.tcpip_try_callback  tcpip.o
    0x080111b8   0x080111b8   0x00000134   Code   RO         8085    i.udp_bind          udp.o
    0x080112ec   0x080112ec   0x00000100   Code   RO         8087    i.udp_connect       udp.o
    0x080113ec   0x080113ec   0x00000018   Code   RO         8089    i.udp_init          udp.o
    0x08011404   0x08011404   0x000001e8   Code   RO         8090    i.udp_input         udp.o
    0x080115ec   0x080115ec   0x0000010c   Code   RO         8091    i.udp_input_local_match  udp.o
    0x080116f8   0x080116f8   0x00000034   Code   RO         8092    i.udp_netif_ip_addr_changed  udp.o
    0x0801172c   0x0801172c   0x0000001a   Code   RO         8093    i.udp_new           udp.o
    0x08011746   0x08011746   0x00000004   Code   RO         8094    i.udp_new_ip_type   udp.o
    0x0801174a   0x0801174a   0x00000002   PAD
    0x0801174c   0x0801174c   0x00000088   Code   RO         8095    i.udp_recv          udp.o
    0x080117d4   0x080117d4   0x000000b0   Code   RO         8096    i.udp_remove        udp.o
    0x08011884   0x08011884   0x00000140   Code   RO         8099    i.udp_sendto_if     udp.o
    0x080119c4   0x080119c4   0x00000248   Code   RO         8100    i.udp_sendto_if_src  udp.o
    0x08011c0c   0x08011c0c   0x00000026   Code   RO         3152    i.uxListRemove      list.o
    0x08011c32   0x08011c32   0x00000024   Code   RO         3200    i.uxQueueMessagesWaiting  queue.o
    0x08011c56   0x08011c56   0x00000016   Code   RO         3201    i.uxQueueMessagesWaitingFromISR  queue.o
    0x08011c6c   0x08011c6c   0x00000014   Code   RO         4176    i.vApplicationGetIdleTaskMemory  cmsis_os2.o
    0x08011c80   0x08011c80   0x00000018   Code   RO         4177    i.vApplicationGetTimerTaskMemory  cmsis_os2.o
    0x08011c98   0x08011c98   0x00000016   Code   RO         3153    i.vListInitialise   list.o
    0x08011cae   0x08011cae   0x00000006   Code   RO         3154    i.vListInitialiseItem  list.o
    0x08011cb4   0x08011cb4   0x00000030   Code   RO         3155    i.vListInsert       list.o
    0x08011ce4   0x08011ce4   0x00000018   Code   RO         3156    i.vListInsertEnd    list.o
    0x08011cfc   0x08011cfc   0x00000040   Code   RO         4601    i.vPortEnterCritical  port.o
    0x08011d3c   0x08011d3c   0x00000028   Code   RO         4602    i.vPortExitCritical  port.o
    0x08011d64   0x08011d64   0x0000005c   Code   RO         4550    i.vPortFree         heap_4.o
    0x08011dc0   0x08011dc0   0x00000024   Code   RO         4603    i.vPortSetupTimerInterrupt  port.o
    0x08011de4   0x08011de4   0x00000054   Code   RO         4604    i.vPortValidateInterruptPriority  port.o
    0x08011e38   0x08011e38   0x00000028   Code   RO         3203    i.vQueueAddToRegistry  queue.o
    0x08011e60   0x08011e60   0x0000002e   Code   RO         3204    i.vQueueDelete      queue.o
    0x08011e8e   0x08011e8e   0x00000002   PAD
    0x08011e90   0x08011e90   0x00000028   Code   RO         3206    i.vQueueUnregisterQueue  queue.o
    0x08011eb8   0x08011eb8   0x00000044   Code   RO         3207    i.vQueueWaitForMessageRestricted  queue.o
    0x08011efc   0x08011efc   0x0000004c   Code   RO         3613    i.vTaskDelay        tasks.o
    0x08011f48   0x08011f48   0x00000010   Code   RO         3618    i.vTaskInternalSetTimeOutState  tasks.o
    0x08011f58   0x08011f58   0x0000000c   Code   RO         3619    i.vTaskMissedYield  tasks.o
    0x08011f64   0x08011f64   0x00000030   Code   RO         3621    i.vTaskPlaceOnEventList  tasks.o
    0x08011f94   0x08011f94   0x00000038   Code   RO         3622    i.vTaskPlaceOnEventListRestricted  tasks.o
    0x08011fcc   0x08011fcc   0x00000090   Code   RO         3624    i.vTaskPriorityDisinheritAfterTimeout  tasks.o
    0x0801205c   0x0801205c   0x00000088   Code   RO         3630    i.vTaskStartScheduler  tasks.o
    0x080120e4   0x080120e4   0x00000010   Code   RO         3632    i.vTaskSuspendAll   tasks.o
    0x080120f4   0x080120f4   0x00000064   Code   RO         3633    i.vTaskSwitchContext  tasks.o
    0x08012158   0x08012158   0x000000f4   Code   RO         4605    i.xPortStartScheduler  port.o
    0x0801224c   0x0801224c   0x0000003a   Code   RO         3208    i.xQueueCreateCountingSemaphore  queue.o
    0x08012286   0x08012286   0x00000040   Code   RO         3209    i.xQueueCreateCountingSemaphoreStatic  queue.o
    0x080122c6   0x080122c6   0x00000016   Code   RO         3210    i.xQueueCreateMutex  queue.o
    0x080122dc   0x080122dc   0x0000001a   Code   RO         3211    i.xQueueCreateMutexStatic  queue.o
    0x080122f6   0x080122f6   0x00000048   Code   RO         3212    i.xQueueGenericCreate  queue.o
    0x0801233e   0x0801233e   0x00000066   Code   RO         3213    i.xQueueGenericCreateStatic  queue.o
    0x080123a4   0x080123a4   0x00000088   Code   RO         3214    i.xQueueGenericReset  queue.o
    0x0801242c   0x0801242c   0x00000160   Code   RO         3215    i.xQueueGenericSend  queue.o
    0x0801258c   0x0801258c   0x000000bc   Code   RO         3216    i.xQueueGenericSendFromISR  queue.o
    0x08012648   0x08012648   0x0000009c   Code   RO         3219    i.xQueueGiveFromISR  queue.o
    0x080126e4   0x080126e4   0x0000003e   Code   RO         3220    i.xQueueGiveMutexRecursive  queue.o
    0x08012722   0x08012722   0x00000002   PAD
    0x08012724   0x08012724   0x00000138   Code   RO         3225    i.xQueueReceive     queue.o
    0x0801285c   0x0801285c   0x0000009a   Code   RO         3226    i.xQueueReceiveFromISR  queue.o
    0x080128f6   0x080128f6   0x00000002   PAD
    0x080128f8   0x080128f8   0x00000178   Code   RO         3227    i.xQueueSemaphoreTake  queue.o
    0x08012a70   0x08012a70   0x00000040   Code   RO         3228    i.xQueueTakeMutexRecursive  queue.o
    0x08012ab0   0x08012ab0   0x00000074   Code   RO         3634    i.xTaskCheckForTimeOut  tasks.o
    0x08012b24   0x08012b24   0x0000005a   Code   RO         3635    i.xTaskCreate       tasks.o
    0x08012b7e   0x08012b7e   0x00000056   Code   RO         3636    i.xTaskCreateStatic  tasks.o
    0x08012bd4   0x08012bd4   0x0000000c   Code   RO         3639    i.xTaskGetCurrentTaskHandle  tasks.o
    0x08012be0   0x08012be0   0x0000001c   Code   RO         3640    i.xTaskGetSchedulerState  tasks.o
    0x08012bfc   0x08012bfc   0x0000000c   Code   RO         3641    i.xTaskGetTickCount  tasks.o
    0x08012c08   0x08012c08   0x00000010   Code   RO         3642    i.xTaskGetTickCountFromISR  tasks.o
    0x08012c18   0x08012c18   0x000000c8   Code   RO         3643    i.xTaskIncrementTick  tasks.o
    0x08012ce0   0x08012ce0   0x00000080   Code   RO         3646    i.xTaskPriorityDisinherit  tasks.o
    0x08012d60   0x08012d60   0x00000078   Code   RO         3647    i.xTaskPriorityInherit  tasks.o
    0x08012dd8   0x08012dd8   0x00000070   Code   RO         3648    i.xTaskRemoveFromEventList  tasks.o
    0x08012e48   0x08012e48   0x000000c4   Code   RO         3649    i.xTaskResumeAll    tasks.o
    0x08012f0c   0x08012f0c   0x00000060   Code   RO         3963    i.xTimerCreateTimerTask  timers.o
    0x08012f6c   0x08012f6c   0x00000068   Code   RO         3964    i.xTimerGenericCommand  timers.o
    0x08012fd4   0x08012fd4   0x00000024   Data   RO           21    .constdata          main.o
    0x08012ff8   0x08012ff8   0x00000010   Data   RO         2960    .constdata          system_stm32f4xx.o
    0x08013008   0x08013008   0x00000008   Data   RO         2961    .constdata          system_stm32f4xx.o
    0x08013010   0x08013010   0x00000006   Data   RO         5204    .constdata          ethernet.o
    0x08013016   0x08013016   0x00000006   Data   RO         5205    .constdata          ethernet.o
    0x0801301c   0x0801301c   0x00000003   Data   RO         5659    .constdata          api_msg.o
    0x0801301f   0x0801301f   0x00000001   PAD
    0x08013020   0x08013020   0x0000000c   Data   RO         6843    .constdata          memp.o
    0x0801302c   0x0801302c   0x0000000c   Data   RO         6844    .constdata          memp.o
    0x08013038   0x08013038   0x0000000c   Data   RO         6845    .constdata          memp.o
    0x08013044   0x08013044   0x0000000c   Data   RO         6846    .constdata          memp.o
    0x08013050   0x08013050   0x0000000c   Data   RO         6847    .constdata          memp.o
    0x0801305c   0x0801305c   0x0000000c   Data   RO         6848    .constdata          memp.o
    0x08013068   0x08013068   0x0000000c   Data   RO         6849    .constdata          memp.o
    0x08013074   0x08013074   0x0000000c   Data   RO         6850    .constdata          memp.o
    0x08013080   0x08013080   0x0000000c   Data   RO         6851    .constdata          memp.o
    0x0801308c   0x0801308c   0x0000000c   Data   RO         6852    .constdata          memp.o
    0x08013098   0x08013098   0x0000000c   Data   RO         6853    .constdata          memp.o
    0x080130a4   0x080130a4   0x0000000c   Data   RO         6854    .constdata          memp.o
    0x080130b0   0x080130b0   0x0000000c   Data   RO         6855    .constdata          memp.o
    0x080130bc   0x080130bc   0x00000034   Data   RO         6856    .constdata          memp.o
    0x080130f0   0x080130f0   0x00000054   Data   RO         7482    .constdata          tcp.o
    0x08013144   0x08013144   0x00000028   Data   RO         8006    .constdata          timeouts.o
    0x0801316c   0x0801316c   0x00000004   Data   RO         8656    .constdata          ip4_addr.o
    0x08013170   0x08013170   0x00000004   Data   RO         8657    .constdata          ip4_addr.o
    0x08013174   0x08013174   0x0000000c   Data   RO           22    .conststring        main.o
    0x08013180   0x08013180   0x00000075   Data   RO         7483    .conststring        tcp.o
    0x080131f5   0x080131f5   0x00000003   PAD
    0x080131f8   0x080131f8   0x00000055   Data   RO         7860    .conststring        tcp_out.o
    0x0801324d   0x0801324d   0x00000003   PAD
    0x08013250   0x08013250   0x00000042   Data   RO         8262    .conststring        dhcp.o
    0x08013292   0x08013292   0x00000002   PAD
    0x08013294   0x08013294   0x00000041   Data   RO         8447    .conststring        etharp.o
    0x080132d5   0x080132d5   0x00000003   PAD
    0x080132d8   0x080132d8   0x00000020   Data   RO         9751    Region$$Table       anon$$obj.o


    Execution Region RW_IRAM2 (Exec base: 0x10000000, Load base: 0x080137bc, Size: 0x00000000, Max: 0x00010000, ABSOLUTE)

    **** No section assigned to this execution region ****


    Execution Region RW_IRAM1 (Exec base: 0x20000000, Load base: 0x080132f8, Size: 0x0000c1a8, Max: 0x00020000, ABSOLUTE, COMPRESSED[0x000004c4])

    Exec Addr    Load Addr    Size         Type   Attr      Idx    E Section Name        Object

    0x20000000   COMPRESSED   0x00000004   Data   RW           23    .data               main.o
    0x20000004   COMPRESSED   0x0000000c   Data   RW          384    .data               lwip.o
    0x20000010   COMPRESSED   0x00000004   Data   RW          450    .data               ethernetif.o
    0x20000014   COMPRESSED   0x00000973   Data   RW          686    .data               httpserver-netconn.o
    0x20000987   COMPRESSED   0x00000001   PAD
    0x20000988   COMPRESSED   0x0000000c   Data   RW         1799    .data               stm32f4xx_hal.o
    0x20000994   COMPRESSED   0x00000004   Data   RW         2962    .data               system_stm32f4xx.o
    0x20000998   COMPRESSED   0x0000003c   Data   RW         3652    .data               tasks.o
    0x200009d4   COMPRESSED   0x00000014   Data   RW         3972    .data               timers.o
    0x200009e8   COMPRESSED   0x00000004   Data   RW         4179    .data               cmsis_os2.o
    0x200009ec   COMPRESSED   0x00000018   Data   RW         4555    .data               heap_4.o
    0x20000a04   COMPRESSED   0x0000000c   Data   RW         4606    .data               port.o
    0x20000a10   COMPRESSED   0x00000010   Data   RW         6368    .data               tcpip.o
    0x20000a20   COMPRESSED   0x00000010   Data   RW         6754    .data               mem.o
    0x20000a30   COMPRESSED   0x00000004   Data   RW         6857    .data               memp.o
    0x20000a34   COMPRESSED   0x00000004   Data   RW         6858    .data               memp.o
    0x20000a38   COMPRESSED   0x00000004   Data   RW         6859    .data               memp.o
    0x20000a3c   COMPRESSED   0x00000004   Data   RW         6860    .data               memp.o
    0x20000a40   COMPRESSED   0x00000004   Data   RW         6861    .data               memp.o
    0x20000a44   COMPRESSED   0x00000004   Data   RW         6862    .data               memp.o
    0x20000a48   COMPRESSED   0x00000004   Data   RW         6863    .data               memp.o
    0x20000a4c   COMPRESSED   0x00000004   Data   RW         6864    .data               memp.o
    0x20000a50   COMPRESSED   0x00000004   Data   RW         6865    .data               memp.o
    0x20000a54   COMPRESSED   0x00000004   Data   RW         6866    .data               memp.o
    0x20000a58   COMPRESSED   0x00000004   Data   RW         6867    .data               memp.o
    0x20000a5c   COMPRESSED   0x00000004   Data   RW         6868    .data               memp.o
    0x20000a60   COMPRESSED   0x00000004   Data   RW         6869    .data               memp.o
    0x20000a64   COMPRESSED   0x0000000c   Data   RW         6992    .data               netif.o
    0x20000a70   COMPRESSED   0x00000001   Data   RW         7185    .data               pbuf.o
    0x20000a71   COMPRESSED   0x00000003   PAD
    0x20000a74   COMPRESSED   0x00000020   Data   RW         7484    .data               tcp.o
    0x20000a94   COMPRESSED   0x00000024   Data   RW         7759    .data               tcp_in.o
    0x20000ab8   COMPRESSED   0x0000000c   Data   RW         8008    .data               timeouts.o
    0x20000ac4   COMPRESSED   0x00000008   Data   RW         8101    .data               udp.o
    0x20000acc   COMPRESSED   0x00000014   Data   RW         8263    .data               dhcp.o
    0x20000ae0   COMPRESSED   0x00000001   Data   RW         8448    .data               etharp.o
    0x20000ae1   COMPRESSED   0x00000001   PAD
    0x20000ae2   COMPRESSED   0x00000002   Data   RW         8600    .data               ip4.o
    0x20000ae4   COMPRESSED   0x00000008   Data   RW         8727    .data               ip4_frag.o
    0x20000aec   COMPRESSED   0x00000004   Data   RW         8996    .data               sys_arch.o
    0x20000af0   COMPRESSED   0x00000004   Data   RW         9413    .data               mc_w.l(rand.o)
    0x20000af4   COMPRESSED   0x00000004   Data   RW         9712    .data               mc_w.l(stdout.o)
    0x20000af8        -       0x00000048   Zero   RW           20    .bss                main.o
    0x20000b40        -       0x00000034   Zero   RW          383    .bss                lwip.o
    0x20000b74        -       0x000030e8   Zero   RW          449    .bss                ethernetif.o
    0x20003c5c        -       0x00000040   Zero   RW          647    .bss                stm32f4xx_hal_timebase_tim.o
    0x20003c9c        -       0x00000040   Zero   RW         3229    .bss                queue.o
    0x20003cdc        -       0x000004c4   Zero   RW         3651    .bss                tasks.o
    0x200041a0        -       0x00000118   Zero   RW         3971    .bss                timers.o
    0x200042b8        -       0x000006b8   Zero   RW         4178    .bss                cmsis_os2.o
    0x20004970        -       0x00003c00   Zero   RW         4554    .bss                heap_4.o
    0x20008570        -       0x00000018   Zero   RW         6721    .bss                ip.o
    0x20008588        -       0x00000653   Zero   RW         6753    .bss                mem.o
    0x20008bdb        -       0x00000083   Zero   RW         6830    .bss                memp.o
    0x20008c5e        -       0x0000030f   Zero   RW         6831    .bss                memp.o
    0x20008f6d        -       0x000000e3   Zero   RW         6832    .bss                memp.o
    0x20009050        -       0x00000103   Zero   RW         6833    .bss                memp.o
    0x20009153        -       0x000000a3   Zero   RW         6834    .bss                memp.o
    0x200091f6        -       0x0000016b   Zero   RW         6835    .bss                memp.o
    0x20009361        -       0x00000023   Zero   RW         6836    .bss                memp.o
    0x20009384        -       0x000000a3   Zero   RW         6837    .bss                memp.o
    0x20009427        -       0x00000083   Zero   RW         6838    .bss                memp.o
    0x200094aa        -       0x00000083   Zero   RW         6839    .bss                memp.o
    0x2000952d        -       0x00000053   Zero   RW         6840    .bss                memp.o
    0x20009580        -       0x00000103   Zero   RW         6841    .bss                memp.o
    0x20009683        -       0x00002603   Zero   RW         6842    .bss                memp.o
    0x2000bc86   COMPRESSED   0x00000002   PAD
    0x2000bc88        -       0x00000010   Zero   RW         7758    .bss                tcp_in.o
    0x2000bc98        -       0x00000020   Zero   RW         8261    .bss                dhcp.o
    0x2000bcb8        -       0x000000f0   Zero   RW         8446    .bss                etharp.o
    0x2000bda8        -       0x00000400   Zero   RW            1    STACK               startup_stm32f407xx.o


==============================================================================

Image component sizes


      Code (inc. data)   RO Data    RW Data    ZI Data      Debug   Object Name

      2790       1428          0          0          0      41422   api_lib.o
      6422       2780          3          0          0      39507   api_msg.o
         0          0          0          0          0       2204   auth.o
         0          0          0          0          0       6087   bridgeif.o
      1704        112          0          4       1720      46923   cmsis_os2.o
         0          0          0          0          0       7072   croutine.o
         8          0          0          0          0       1122   def.o
      6040       2014         66         20         32      28245   dhcp.o
         0          0          0          0          0       2440   err.o
      2956       1188         65          1        240      12959   etharp.o
       412        154         12          0          0       2778   ethernet.o
      1132        168          0          4      12520       7128   ethernetif.o
         0          0          0          0          0      18424   event_groups.o
       460         24          0         24      15360       4831   heap_4.o
       372         96          0       2419          0      15021   httpserver-netconn.o
       776        350          0          0          0       4502   icmp.o
        34          0          0          0          0      10139   init.o
         0          0          0          0         24       3238   ip.o
       950        186          0          2          0       5904   ip4.o
        46          0          8          0          0       8850   ip4_addr.o
      2904       1164          0          8          0      11838   ip4_frag.o
       138          0          0          0          0       3606   list.o
       104         18          0         12         52        834   lwip.o
       552         58         48          4         72     745833   main.o
      2172       1044          0         16       1619       8197   mem.o
       746        500        208         52      12459      12567   memp.o
       286        180          0          0          0       1942   netbuf.o
      1410        740          0         12          0      14440   netif.o
      3416       1796          0          1          0      17558   pbuf.o
       786         82          0         12          0      11685   port.o
      2732         28          0          0         64      32169   queue.o
        36          8        392          0       1024        844   startup_stm32f407xx.o
       116         18          0         12          0       8778   stm32f4xx_hal.o
       158         14          0          0          0      33222   stm32f4xx_hal_cortex.o
      2008         72          0          0          0      13236   stm32f4xx_hal_eth.o
       464         46          0          0          0       3061   stm32f4xx_hal_gpio.o
        56          4          0          0          0        858   stm32f4xx_hal_msp.o
      1372         76          0          0          0       5842   stm32f4xx_hal_rcc.o
       656         44          0          0          0       7352   stm32f4xx_hal_tim.o
         4          0          0          0          0       1633   stm32f4xx_hal_tim_ex.o
       116         16          0          0         64       1423   stm32f4xx_hal_timebase_tim.o
        36         12          0          0          0       3737   stm32f4xx_it.o
         0          0          0          0          0        416   stream_buffer.o
       440         16          0          4          0      18356   sys_arch.o
        28          6         24          4          0       1155   system_stm32f4xx.o
      2400        204          0         60       1220      30940   tasks.o
      8032       4024        201         32          0      42996   tcp.o
      6910       2036          0         36         16      22815   tcp_in.o
      8536       4058         85          0          0      35202   tcp_out.o
      1164        666          0         16          0       8470   tcpip.o
       760        374         40         12          0       7631   timeouts.o
       972         80          0         20        280      32159   timers.o
      2642       1376          0          8          0      12451   udp.o

    ----------------------------------------------------------------------
     76314      27260       1196       2800      46768    1422042   Object Totals
         0          0         32          0          0          0   (incl. Generated)
        60          0         12          5          2          0   (incl. Padding)

    ----------------------------------------------------------------------

      Code (inc. data)   RO Data    RW Data    ZI Data      Debug   Library Member Name

        94          0          0          0          0          0   __dclz77c.o
         0          0          0          0          0          0   entry.o
         0          0          0          0          0          0   entry10a.o
         0          0          0          0          0          0   entry11a.o
         8          4          0          0          0          0   entry2.o
         4          0          0          0          0          0   entry5.o
         0          0          0          0          0          0   entry7b.o
         0          0          0          0          0          0   entry8b.o
         8          4          0          0          0          0   entry9a.o
        18          0          0          0          0         80   fputc.o
        30          0          0          0          0          0   handlers.o
        36          8          0          0          0         68   init.o
         0          0          0          0          0          0   iusesemip.o
        30          0          0          0          0         68   llshl.o
        32          0          0          0          0         68   llushr.o
        26          0          0          0          0         80   memcmp.o
        64          0          0          0          0         76   memmovea.o
        36          0          0          0          0        108   memseta.o
       472         14          0          0          0        184   printf3.o
        36         10          0          4          0        136   rand.o
         0          0          0          0          0          0   semi.o
         0          0          0          4          0          0   stdout.o
        30          0          0          0          0         80   strncmp.o
        44          0          0          0          0         80   uidiv.o
        98          0          0          0          0         92   uldiv.o

    ----------------------------------------------------------------------
      1074         40          0          8          0       1120   Library Totals
         8          0          0          0          0          0   (incl. Padding)

    ----------------------------------------------------------------------

      Code (inc. data)   RO Data    RW Data    ZI Data      Debug   Library Name

      1066         40          0          8          0       1120   mc_w.l

    ----------------------------------------------------------------------
      1074         40          0          8          0       1120   Library Totals

    ----------------------------------------------------------------------

==============================================================================


      Code (inc. data)   RO Data    RW Data    ZI Data      Debug   

     77388      27300       1196       2808      46768    1379478   Grand Totals
     77388      27300       1196       1220      46768    1379478   ELF Image Totals (compressed)
     77388      27300       1196       1220          0          0   ROM Totals

==============================================================================

    Total RO  Size (Code + RO Data)                78584 (  76.74kB)
    Total RW  Size (RW Data + ZI Data)             49576 (  48.41kB)
    Total ROM Size (Code + RO Data + RW Data)      79804 (  77.93kB)

==============================================================================

