<html>
<body>
<pre>
<h1>µVision Build Log</h1>
<h2>Tool Versions:</h2>
IDE-Version: ¦ÌVision V5.26.2.0
Copyright (C) 2018 ARM Ltd and ARM Germany GmbH. All rights reserved.
License Information: Wang Trancemania, XTU, LIC=65ISB-2QCHX-QDAKD-8UIME-Q76GA-PQRD1
 
Tool Versions:
Toolchain:       MDK-ARM Plus  Version: 5.26.2.0
Toolchain Path:  D:\Program Files\Keil_v5\ARM\ARMCC\Bin
C Compiler:      Armcc.exe V5.06 update 6 (build 750)
Assembler:       Armasm.exe V5.06 update 6 (build 750)
Linker/Locator:  ArmLink.exe V5.06 update 6 (build 750)
Library Manager: ArmAr.exe V5.06 update 6 (build 750)
Hex Converter:   FromElf.exe V5.06 update 6 (build 750)
CPU DLL:         SARMCM3.DLL V5.26.2.0
Dialog DLL:      DCM.DLL V1.17.2.0
Target DLL:      STLink\ST-LINKIII-KEIL_SWO.dll V3.0.5.0
Dialog DLL:      TCM.DLL V1.36.1.0
 
<h2>Project:</h2>
E:\Workspace\CURRENT\template\stm32f4dis-eth\MDK-ARM\stm32f4dis-eth.uvprojx
Project File Date:  07/17/2020

<h2>Output:</h2>
*** Using Compiler 'V5.06 update 6 (build 750)', folder: 'D:\Program Files\Keil_v5\ARM\ARMCC\Bin'
Build target 'stm32f4dis-eth'
assembling startup_stm32f407xx.s...
compiling stm32f4xx_hal_pwr_ex.c...
compiling stm32f4xx_hal_flash_ramfunc.c...
compiling croutine.c...
compiling event_groups.c...
compiling list.c...
compiling queue.c...
compiling stream_buffer.c...
compiling tasks.c...
compiling timers.c...
compiling stm32f4xx_hal_flash_ex.c...
compiling stm32f4xx_hal_eth.c...
compiling heap_4.c...
compiling stm32f4xx_hal.c...
compiling port.c...
compiling cmsis_os2.c...
compiling stm32f4xx_hal_dma.c...
compiling stm32f4xx_hal_cortex.c...
compiling stm32f4xx_hal_dma_ex.c...
compiling stm32f4xx_hal_msp.c...
compiling system_stm32f4xx.c...
compiling stm32f4xx_hal_gpio.c...
compiling freertos.c...
compiling stm32f4xx_hal_timebase_tim.c...
compiling stm32f4xx_hal_pwr.c...
compiling stm32f4xx_it.c...
compiling stm32f4xx_hal_rcc_ex.c...
compiling stm32f4xx_hal_exti.c...
compiling stm32f4xx_hal_tim.c...
compiling stm32f4xx_hal_flash.c...
compiling stm32f4xx_hal_tim_ex.c...
compiling stm32f4xx_hal_rcc.c...
compiling lwip.c...
compiling ethernetif.c...
compiling main.c...
compiling auth.c...
compiling ccp.c...
compiling chap-md5.c...
compiling chap-new.c...
compiling ppp.c...
compiling chap_ms.c...
compiling eap.c...
compiling ipcp.c...
compiling pppcrypt.c...
compiling lcp.c...
compiling eui64.c...
compiling fsm.c...
compiling demand.c...
compiling pppoe.c...
compiling magic.c...
compiling ipv6cp.c...
compiling pppol2tp.c...
compiling pppapi.c...
compiling mppe.c...
compiling multilink.c...
compiling utils.c...
compiling vj.c...
compiling pppos.c...
compiling upap.c...
compiling lowpan6_common.c...
compiling bridgeif_fdb.c...
compiling lowpan6_ble.c...
compiling lowpan6.c...
compiling netifapi.c...
compiling ecp.c...
compiling zepif.c...
compiling ethernet.c...
compiling bridgeif.c...
compiling netdb.c...
compiling slipif.c...
compiling api_lib.c...
compiling altcp.c...
compiling api_msg.c...
compiling altcp_alloc.c...
compiling err.c...
compiling netbuf.c...
compiling if_api.c...
compiling altcp_tcp.c...
compiling def.c...
compiling inet_chksum.c...
compiling tcpip.c...
compiling dns.c...
compiling sockets.c...
compiling ip.c...
compiling sys.c...
compiling mem.c...
compiling pbuf.c...
compiling init.c...
compiling raw.c...
compiling netif.c...
compiling stats.c...
compiling tcp.c...
compiling memp.c...
compiling udp.c...
compiling tcp_in.c...
compiling autoip.c...
compiling tcp_out.c...
compiling ip4_addr.c...
compiling timeouts.c...
compiling etharp.c...
compiling dhcp.c...
compiling icmp.c...
compiling igmp.c...
compiling ip4.c...
compiling ethip6.c...
compiling icmp6.c...
compiling dhcp6.c...
compiling mld6.c...
compiling ip4_frag.c...
compiling ip6.c...
compiling inet6.c...
compiling ip6_addr.c...
compiling mqtt.c...
compiling sys_arch.c...
compiling nd6.c...
compiling ip6_frag.c...
linking...
Program Size: Code=62548 RO-data=1192 RW-data=388 ZI-data=46700  
FromELF: creating hex file...
"stm32f4dis-eth\stm32f4dis-eth.axf" - 0 Error(s), 0 Warning(s).

<h2>Software Packages used:</h2>

Package Vendor: ARM
                http://www.keil.com/pack/ARM.CMSIS.5.4.0.pack
                ARM.CMSIS.5.4.0
                CMSIS (Cortex Microcontroller Software Interface Standard)
   * Component: CORE Version: 5.1.2

Package Vendor: Keil
                http://www.keil.com/pack/Keil.STM32F4xx_DFP.2.14.0.pack
                Keil.STM32F4xx_DFP.2.14.0
                STMicroelectronics STM32F4 Series Device Support, Drivers and Examples

<h2>Collection of Component include folders:</h2>
  .\RTE\_stm32f4dis-eth
  D:\Program Files\Keil_v5\ARM\PACK\ARM\CMSIS\5.4.0\CMSIS\Core\Include
  D:\Program Files\Keil_v5\ARM\PACK\Keil\STM32F4xx_DFP\2.14.0\Drivers\CMSIS\Device\ST\STM32F4xx\Include

<h2>Collection of Component Files used:</h2>

   * Component: ARM::CMSIS:CORE:5.1.2
Build Time Elapsed:  00:02:00
</pre>
</body>
</html>
