Component: ARM Compiler 5.06 update 6 (build 750) Tool: armlink [4d35ed]

==============================================================================

Section Cross References

    main.o(.text) refers to printfa.o(i.__0vsnprintf) for __c89vsnprintf
    main.o(.text) refers to tm_stm32f4_usart_dma.o(.text) for TM_USART_DMA_Send
    main.o(.text) refers to stm32f4xx_usart.o(.text) for USART_GetFlagStatus
    main.o(.text) refers to stm32f4_discovery.o(.text) for STM_EVAL_LEDToggle
    main.o(.text) refers to tasks.o(.text) for vTaskDelay
    main.o(.text) refers to custom_stm32f4_board.o(.text) for STM_CUSTOM_COMInit
    main.o(.text) refers to stm32f4x7_eth_bsp.o(.text) for ETH_BSP_Config
    main.o(.text) refers to netconf.o(.text) for LwIP_Init
    main.o(.text) refers to httpserver-netconn.o(.text) for http_server_netconn_init
    main.o(.text) refers to main.o(.bss) for .bss
    system_stm32f4xx.o(.text) refers to system_stm32f4xx.o(.data) for .data
    stm32f4xx_it.o(.text) refers to port.o(.text) for xPortSysTickHandler
    stm32f4xx_it.o(.text) refers to stm32f4x7_eth.o(.text) for ETH_GetDMAFlagStatus
    stm32f4xx_it.o(.text) refers to queue.o(.text) for xQueueGenericSendFromISR
    stm32f4xx_it.o(.text) refers to ethernetif.o(.data) for s_xSemaphore
    netconf.o(.text) refers to tcpip.o(.text) for tcpip_init
    netconf.o(.text) refers to netif.o(.text) for netif_add
    netconf.o(.text) refers to dhcp.o(.text) for dhcp_start
    netconf.o(.text) refers to tasks.o(.text) for vTaskDelete
    netconf.o(.text) refers to inet.o(.text) for htonl
    netconf.o(.text) refers to ethernetif.o(.text) for ethernetif_init
    netconf.o(.text) refers to netconf.o(.bss) for .bss
    stm32f4x7_eth_bsp.o(.text) refers to stm32f4xx_rcc.o(.text) for RCC_AHB1PeriphClockCmd
    stm32f4x7_eth_bsp.o(.text) refers to stm32f4x7_eth.o(.text) for ETH_DeInit
    stm32f4x7_eth_bsp.o(.text) refers to misc.o(.text) for NVIC_PriorityGroupConfig
    stm32f4x7_eth_bsp.o(.text) refers to stm32f4xx_syscfg.o(.text) for SYSCFG_ETH_MediaInterfaceConfig
    stm32f4x7_eth_bsp.o(.text) refers to stm32f4xx_gpio.o(.text) for GPIO_Init
    stm32f4x7_eth_bsp.o(.text) refers to stm32f4_discovery_lcd.o(.text) for LCD_SetTextColor
    stm32f4x7_eth_bsp.o(.text) refers to stm32f4x7_eth_bsp.o(.data) for .data
    fs.o(.text) refers to strcmp.o(.text) for strcmp
    fs.o(.text) refers to memcpya.o(.text) for __aeabi_memcpy
    fs.o(.text) refers to fs.o(.bss) for .bss
    fs.o(.text) refers to fs.o(.constdata) for .constdata
    fs.o(.constdata) refers to fs.o(.constdata) for data__STM32F4x7_files_logo_jpg
    fs.o(.constdata) refers to fs.o(.constdata) for file__STM32F4x7_files_logo_jpg
    fs.o(.constdata) refers to fs.o(.constdata) for data__STM32F4x7_files_ST_gif
    fs.o(.constdata) refers to fs.o(.constdata) for file__STM32F4x7_files_ST_gif
    fs.o(.constdata) refers to fs.o(.constdata) for data__STM32F4x7_files_stm32_jpg
    fs.o(.constdata) refers to fs.o(.constdata) for file__STM32F4x7_files_stm32_jpg
    fs.o(.constdata) refers to fs.o(.constdata) for data__404_html
    fs.o(.constdata) refers to fs.o(.constdata) for file__404_html
    fs.o(.constdata) refers to fs.o(.constdata) for data__STM32F4x7_html
    httpserver-netconn.o(.text) refers to memseta.o(.text) for __aeabi_memclr4
    httpserver-netconn.o(.text) refers to printf3.o(i.__0sprintf$3) for __2sprintf
    httpserver-netconn.o(.text) refers to strcat.o(.text) for strcat
    httpserver-netconn.o(.text) refers to strlen.o(.text) for strlen
    httpserver-netconn.o(.text) refers to tasks.o(.text) for vTaskList
    httpserver-netconn.o(.text) refers to api_lib.o(.text) for netconn_write
    httpserver-netconn.o(.text) refers to netbuf.o(.text) for netbuf_data
    httpserver-netconn.o(.text) refers to strncmp.o(.text) for strncmp
    httpserver-netconn.o(.text) refers to fs.o(.text) for fs_open
    httpserver-netconn.o(.text) refers to printf3.o(i.__0printf$3) for __2printf
    httpserver-netconn.o(.text) refers to sys_arch.o(.text) for sys_thread_new
    httpserver-netconn.o(.text) refers to httpserver-netconn.o(.data) for .data
    httpserver-netconn.o(.text) refers to httpserver-netconn.o(.constdata) for .constdata
    custom_stm32f4_board.o(.text) refers to stm32f4xx_rcc.o(.text) for RCC_AHB1PeriphClockCmd
    custom_stm32f4_board.o(.text) refers to stm32f4xx_gpio.o(.text) for GPIO_PinAFConfig
    custom_stm32f4_board.o(.text) refers to stm32f4xx_usart.o(.text) for USART_Init
    custom_stm32f4_board.o(.text) refers to custom_stm32f4_board.o(.constdata) for .constdata
    custom_stm32f4_board.o(.text) refers to custom_stm32f4_board.o(.data) for .data
    tm_stm32f4_dma.o(.text) refers to misc.o(.text) for NVIC_Init
    tm_stm32f4_dma.o(.text) refers to tm_stm32f4_dma.o(.constdata) for .constdata
    tm_stm32f4_usart.o(.text) refers to tm_stm32f4_gpio.o(.text) for TM_GPIO_InitAlternate
    tm_stm32f4_usart.o(.text) refers to stm32f4xx_usart.o(.text) for USART_DeInit
[...]
    GPIO_SetBits                             0x080034b9   Thumb Code     4  stm32f4xx_gpio.o(.text)
    GPIO_ResetBits                           0x080034bd   Thumb Code     4  stm32f4xx_gpio.o(.text)
    GPIO_WriteBit                            0x080034c1   Thumb Code    12  stm32f4xx_gpio.o(.text)
    GPIO_Write                               0x080034cd   Thumb Code     4  stm32f4xx_gpio.o(.text)
    GPIO_ToggleBits                          0x080034d1   Thumb Code     8  stm32f4xx_gpio.o(.text)
    GPIO_PinAFConfig                         0x080034d9   Thumb Code    32  stm32f4xx_gpio.o(.text)
    RCC_DeInit                               0x0800351d   Thumb Code    48  stm32f4xx_rcc.o(.text)
    RCC_HSEConfig                            0x0800354d   Thumb Code    12  stm32f4xx_rcc.o(.text)
    RCC_GetFlagStatus                        0x08003559   Thumb Code    50  stm32f4xx_rcc.o(.text)
    RCC_WaitForHSEStartUp                    0x0800358b   Thumb Code    48  stm32f4xx_rcc.o(.text)
    RCC_AdjustHSICalibrationValue            0x080035bb   Thumb Code    16  stm32f4xx_rcc.o(.text)
    RCC_HSICmd                               0x080035cb   Thumb Code     6  stm32f4xx_rcc.o(.text)
    RCC_LSEConfig                            0x080035d1   Thumb Code    30  stm32f4xx_rcc.o(.text)
    RCC_LSICmd                               0x080035ef   Thumb Code     6  stm32f4xx_rcc.o(.text)
    RCC_PLLConfig                            0x080035f5   Thumb Code    34  stm32f4xx_rcc.o(.text)
    RCC_PLLCmd                               0x08003617   Thumb Code     6  stm32f4xx_rcc.o(.text)
    RCC_PLLI2SConfig                         0x0800361d   Thumb Code    14  stm32f4xx_rcc.o(.text)
    RCC_PLLI2SCmd                            0x0800362b   Thumb Code     6  stm32f4xx_rcc.o(.text)
    RCC_ClockSecuritySystemCmd               0x08003631   Thumb Code     6  stm32f4xx_rcc.o(.text)
    RCC_MCO1Config                           0x08003637   Thumb Code    18  stm32f4xx_rcc.o(.text)
    RCC_MCO2Config                           0x08003649   Thumb Code    18  stm32f4xx_rcc.o(.text)
    RCC_SYSCLKConfig                         0x0800365b   Thumb Code    16  stm32f4xx_rcc.o(.text)
    RCC_GetSYSCLKSource                      0x0800366b   Thumb Code    12  stm32f4xx_rcc.o(.text)
    RCC_HCLKConfig                           0x08003677   Thumb Code    16  stm32f4xx_rcc.o(.text)
    RCC_PCLK1Config                          0x08003687   Thumb Code    16  stm32f4xx_rcc.o(.text)
    RCC_PCLK2Config                          0x08003697   Thumb Code    18  stm32f4xx_rcc.o(.text)
    RCC_GetClocksFreq                        0x080036a9   Thumb Code   150  stm32f4xx_rcc.o(.text)
    RCC_RTCCLKConfig                         0x0800373f   Thumb Code    42  stm32f4xx_rcc.o(.text)
    RCC_RTCCLKCmd                            0x08003769   Thumb Code     8  stm32f4xx_rcc.o(.text)
    RCC_BackupResetCmd                       0x08003771   Thumb Code     8  stm32f4xx_rcc.o(.text)
    RCC_I2SCLKConfig                         0x08003779   Thumb Code     6  stm32f4xx_rcc.o(.text)
    RCC_AHB1PeriphClockCmd                   0x0800377f   Thumb Code    24  stm32f4xx_rcc.o(.text)
    RCC_AHB2PeriphClockCmd                   0x08003797   Thumb Code    24  stm32f4xx_rcc.o(.text)
    RCC_AHB3PeriphClockCmd                   0x080037af   Thumb Code    24  stm32f4xx_rcc.o(.text)
    RCC_APB1PeriphClockCmd                   0x080037c7   Thumb Code    24  stm32f4xx_rcc.o(.text)
    RCC_APB2PeriphClockCmd                   0x080037df   Thumb Code    24  stm32f4xx_rcc.o(.text)
    RCC_AHB1PeriphResetCmd                   0x080037f7   Thumb Code    24  stm32f4xx_rcc.o(.text)
    RCC_AHB2PeriphResetCmd                   0x0800380f   Thumb Code    24  stm32f4xx_rcc.o(.text)
    RCC_AHB3PeriphResetCmd                   0x08003827   Thumb Code    24  stm32f4xx_rcc.o(.text)
    RCC_APB1PeriphResetCmd                   0x0800383f   Thumb Code    24  stm32f4xx_rcc.o(.text)
    RCC_APB2PeriphResetCmd                   0x08003857   Thumb Code    24  stm32f4xx_rcc.o(.text)
    RCC_AHB1PeriphClockLPModeCmd             0x0800386f   Thumb Code    24  stm32f4xx_rcc.o(.text)
    RCC_AHB2PeriphClockLPModeCmd             0x08003887   Thumb Code    24  stm32f4xx_rcc.o(.text)
    RCC_AHB3PeriphClockLPModeCmd             0x0800389f   Thumb Code    24  stm32f4xx_rcc.o(.text)
    RCC_APB1PeriphClockLPModeCmd             0x080038b7   Thumb Code    24  stm32f4xx_rcc.o(.text)
    RCC_APB2PeriphClockLPModeCmd             0x080038cf   Thumb Code    24  stm32f4xx_rcc.o(.text)
    RCC_ITConfig                             0x080038e7   Thumb Code    62  stm32f4xx_rcc.o(.text)
    RCC_ClearFlag                            0x08003925   Thumb Code    12  stm32f4xx_rcc.o(.text)
    RCC_GetITStatus                          0x08003931   Thumb Code    18  stm32f4xx_rcc.o(.text)
    RCC_ClearITPendingBit                    0x08003943   Thumb Code     8  stm32f4xx_rcc.o(.text)
    SDIO_DeInit                              0x08003951   Thumb Code    24  stm32f4xx_sdio.o(.text)
    SDIO_Init                                0x08003969   Thumb Code    40  stm32f4xx_sdio.o(.text)
    SDIO_StructInit                          0x08003991   Thumb Code    16  stm32f4xx_sdio.o(.text)
    SDIO_ClockCmd                            0x080039a1   Thumb Code     6  stm32f4xx_sdio.o(.text)
    SDIO_SetPowerState                       0x080039a7   Thumb Code     8  stm32f4xx_sdio.o(.text)
    SDIO_GetPowerState                       0x080039af   Thumb Code    12  stm32f4xx_sdio.o(.text)
    SDIO_SendCommand                         0x080039bb   Thumb Code    38  stm32f4xx_sdio.o(.text)
    SDIO_CmdStructInit                       0x080039e1   Thumb Code    14  stm32f4xx_sdio.o(.text)
    SDIO_GetCommandResponse                  0x080039ef   Thumb Code    10  stm32f4xx_sdio.o(.text)
    SDIO_GetResponse                         0x080039f9   Thumb Code    16  stm32f4xx_sdio.o(.text)
    SDIO_DataConfig                          0x08003a09   Thumb Code    44  stm32f4xx_sdio.o(.text)
    SDIO_DataStructInit                      0x08003a35   Thumb Code    20  stm32f4xx_sdio.o(.text)
    SDIO_GetDataCounter                      0x08003a49   Thumb Code     8  stm32f4xx_sdio.o(.text)
    SDIO_ReadData                            0x08003a51   Thumb Code     8  stm32f4xx_sdio.o(.text)
    SDIO_WriteData                           0x08003a59   Thumb Code     8  stm32f4xx_sdio.o(.text)
    SDIO_GetFIFOCount                        0x08003a61   Thumb Code     8  stm32f4xx_sdio.o(.text)
    SDIO_StartSDIOReadWait                   0x08003a69   Thumb Code     6  stm32f4xx_sdio.o(.text)
    SDIO_StopSDIOReadWait                    0x08003a6f   Thumb Code     8  stm32f4xx_sdio.o(.text)
    SDIO_SetSDIOReadWaitMode                 0x08003a77   Thumb Code     8  stm32f4xx_sdio.o(.text)
    SDIO_SetSDIOOperation                    0x08003a7f   Thumb Code     8  stm32f4xx_sdio.o(.text)
    SDIO_SendSDIOSuspendCmd                  0x08003a87   Thumb Code     6  stm32f4xx_sdio.o(.text)
    SDIO_CommandCompletionCmd                0x08003a8d   Thumb Code     8  stm32f4xx_sdio.o(.text)
    SDIO_CEATAITCmd                          0x08003a95   Thumb Code    12  stm32f4xx_sdio.o(.text)
    SDIO_SendCEATACmd                        0x08003aa1   Thumb Code     8  stm32f4xx_sdio.o(.text)
    SDIO_DMACmd                              0x08003aa9   Thumb Code     8  stm32f4xx_sdio.o(.text)
    SDIO_ITConfig                            0x08003ab1   Thumb Code    24  stm32f4xx_sdio.o(.text)
    SDIO_GetFlagStatus                       0x08003ac9   Thumb Code    18  stm32f4xx_sdio.o(.text)
    SDIO_ClearFlag                           0x08003adb   Thumb Code     8  stm32f4xx_sdio.o(.text)
    SDIO_GetITStatus                         0x08003ae3   Thumb Code    18  stm32f4xx_sdio.o(.text)
    SDIO_ClearITPendingBit                   0x08003af5   Thumb Code     8  stm32f4xx_sdio.o(.text)
    SYSCFG_DeInit                            0x08003b0d   Thumb Code    24  stm32f4xx_syscfg.o(.text)
    SYSCFG_MemoryRemapConfig                 0x08003b25   Thumb Code     6  stm32f4xx_syscfg.o(.text)
    SYSCFG_EXTILineConfig                    0x08003b2b   Thumb Code    38  stm32f4xx_syscfg.o(.text)
    SYSCFG_ETH_MediaInterfaceConfig          0x08003b51   Thumb Code     6  stm32f4xx_syscfg.o(.text)
    SYSCFG_CompensationCellCmd               0x08003b57   Thumb Code     6  stm32f4xx_syscfg.o(.text)
    SYSCFG_GetCompensationCellStatus         0x08003b5d   Thumb Code    16  stm32f4xx_syscfg.o(.text)
    USART_DeInit                             0x08003b7d   Thumb Code   168  stm32f4xx_usart.o(.text)
    USART_Init                               0x08003c25   Thumb Code   180  stm32f4xx_usart.o(.text)
    USART_StructInit                         0x08003cd9   Thumb Code    22  stm32f4xx_usart.o(.text)
    USART_ClockInit                          0x08003cef   Thumb Code    28  stm32f4xx_usart.o(.text)
    USART_ClockStructInit                    0x08003d0b   Thumb Code    12  stm32f4xx_usart.o(.text)
    USART_Cmd                                0x08003d17   Thumb Code    24  stm32f4xx_usart.o(.text)
    USART_SetPrescaler                       0x08003d2f   Thumb Code    16  stm32f4xx_usart.o(.text)
    USART_OverSampling8Cmd                   0x08003d3f   Thumb Code    24  stm32f4xx_usart.o(.text)
    USART_OneBitMethodCmd                    0x08003d57   Thumb Code    24  stm32f4xx_usart.o(.text)
    USART_SendData                           0x08003d6f   Thumb Code     8  stm32f4xx_usart.o(.text)
    USART_ReceiveData                        0x08003d77   Thumb Code     8  stm32f4xx_usart.o(.text)
    USART_SetAddress                         0x08003d7f   Thumb Code    16  stm32f4xx_usart.o(.text)
    USART_ReceiverWakeUpCmd                  0x08003d8f   Thumb Code    24  stm32f4xx_usart.o(.text)
    USART_WakeUpConfig                       0x08003da7   Thumb Code    16  stm32f4xx_usart.o(.text)
    USART_LINBreakDetectLengthConfig         0x08003db7   Thumb Code    16  stm32f4xx_usart.o(.text)
    USART_LINCmd                             0x08003dc7   Thumb Code    24  stm32f4xx_usart.o(.text)
    USART_SendBreak                          0x08003ddf   Thumb Code    10  stm32f4xx_usart.o(.text)
    USART_HalfDuplexCmd                      0x08003de9   Thumb Code    24  stm32f4xx_usart.o(.text)
    USART_SetGuardTime                       0x08003e01   Thumb Code    16  stm32f4xx_usart.o(.text)
    USART_SmartCardCmd                       0x08003e11   Thumb Code    24  stm32f4xx_usart.o(.text)
    USART_SmartCardNACKCmd                   0x08003e29   Thumb Code    24  stm32f4xx_usart.o(.text)
    USART_IrDAConfig                         0x08003e41   Thumb Code    16  stm32f4xx_usart.o(.text)
    USART_IrDACmd                            0x08003e51   Thumb Code    24  stm32f4xx_usart.o(.text)
    USART_DMACmd                             0x08003e69   Thumb Code    20  stm32f4xx_usart.o(.text)
    USART_ITConfig                           0x08003e7d   Thumb Code    54  stm32f4xx_usart.o(.text)
    USART_GetFlagStatus                      0x08003eb3   Thumb Code    14  stm32f4xx_usart.o(.text)
    USART_ClearFlag                          0x08003ec1   Thumb Code     8  stm32f4xx_usart.o(.text)
    USART_GetITStatus                        0x08003ec9   Thumb Code    64  stm32f4xx_usart.o(.text)
    USART_ClearITPendingBit                  0x08003f09   Thumb Code    16  stm32f4xx_usart.o(.text)
    NVIC_PriorityGroupConfig                 0x08003f31   Thumb Code    10  misc.o(.text)
    NVIC_Init                                0x08003f3b   Thumb Code    98  misc.o(.text)
    NVIC_SetVectorTable                      0x08003f9d   Thumb Code    14  misc.o(.text)
    NVIC_SystemLPConfig                      0x08003fab   Thumb Code    24  misc.o(.text)
    SysTick_CLKSourceConfig                  0x08003fc3   Thumb Code    28  misc.o(.text)
    DMA_DeInit                               0x08003fed   Thumb Code   278  stm32f4xx_dma.o(.text)
    DMA_Init                                 0x08004103   Thumb Code    80  stm32f4xx_dma.o(.text)
    DMA_StructInit                           0x08004153   Thumb Code    34  stm32f4xx_dma.o(.text)
    DMA_Cmd                                  0x08004175   Thumb Code    24  stm32f4xx_dma.o(.text)
    DMA_PeriphIncOffsetSizeConfig            0x0800418d   Thumb Code    24  stm32f4xx_dma.o(.text)
    DMA_FlowControllerConfig                 0x080041a5   Thumb Code    24  stm32f4xx_dma.o(.text)
    DMA_SetCurrDataCounter                   0x080041bd   Thumb Code     4  stm32f4xx_dma.o(.text)
    DMA_GetCurrDataCounter                   0x080041c1   Thumb Code     6  stm32f4xx_dma.o(.text)
    DMA_DoubleBufferModeConfig               0x080041c7   Thumb Code    26  stm32f4xx_dma.o(.text)
    DMA_DoubleBufferModeCmd                  0x080041e1   Thumb Code    24  stm32f4xx_dma.o(.text)
    DMA_MemoryTargetConfig                   0x080041f9   Thumb Code    12  stm32f4xx_dma.o(.text)
    DMA_GetCurrentMemoryTarget               0x08004205   Thumb Code    14  stm32f4xx_dma.o(.text)
    DMA_GetCmdStatus                         0x08004213   Thumb Code    14  stm32f4xx_dma.o(.text)
    DMA_GetFIFOStatus                        0x08004221   Thumb Code     8  stm32f4xx_dma.o(.text)
    DMA_GetFlagStatus                        0x08004229   Thumb Code    42  stm32f4xx_dma.o(.text)
    DMA_ClearFlag                            0x08004253   Thumb Code    34  stm32f4xx_dma.o(.text)
    DMA_ITConfig                             0x08004275   Thumb Code    50  stm32f4xx_dma.o(.text)
    DMA_GetITStatus                          0x080042a7   Thumb Code    70  stm32f4xx_dma.o(.text)
    DMA_ClearITPendingBit                    0x080042ed   Thumb Code    34  stm32f4xx_dma.o(.text)
    ETH_DeInit                               0x08004349   Thumb Code    24  stm32f4x7_eth.o(.text)
    ETH_StructInit                           0x08004361   Thumb Code   154  stm32f4x7_eth.o(.text)
    ETH_WritePHYRegister                     0x080043fb   Thumb Code    80  stm32f4x7_eth.o(.text)
    ETH_ReadPHYRegister                      0x0800444b   Thumb Code    80  stm32f4x7_eth.o(.text)
    ETH_Init                                 0x0800449b   Thumb Code   560  stm32f4x7_eth.o(.text)
    ETH_DMAReceptionCmd                      0x080046cb   Thumb Code    26  stm32f4x7_eth.o(.text)
    ETH_DMATransmissionCmd                   0x080046e5   Thumb Code    26  stm32f4x7_eth.o(.text)
    ETH_MACReceptionCmd                      0x080046ff   Thumb Code    26  stm32f4x7_eth.o(.text)
    ETH_FlushTransmitFIFO                    0x08004719   Thumb Code    12  stm32f4x7_eth.o(.text)
    ETH_MACTransmissionCmd                   0x08004725   Thumb Code    26  stm32f4x7_eth.o(.text)
    ETH_Start                                0x0800473f   Thumb Code    32  stm32f4x7_eth.o(.text)
    ETH_GetFlowControlBusyStatus             0x0800475f   Thumb Code    14  stm32f4x7_eth.o(.text)
    ETH_InitiatePauseControlFrame            0x0800476d   Thumb Code    12  stm32f4x7_eth.o(.text)
    ETH_BackPressureActivationCmd            0x08004779   Thumb Code    26  stm32f4x7_eth.o(.text)
    ETH_GetMACFlagStatus                     0x08004793   Thumb Code    16  stm32f4x7_eth.o(.text)
    ETH_GetMACITStatus                       0x080047a3   Thumb Code    16  stm32f4x7_eth.o(.text)
    ETH_MACITConfig                          0x080047b3   Thumb Code    22  stm32f4x7_eth.o(.text)
    ETH_MACAddressConfig                     0x080047c9   Thumb Code    96  stm32f4x7_eth.o(.text)
    ETH_GetMACAddress                        0x08004829   Thumb Code    30  stm32f4x7_eth.o(.text)
    ETH_MACAddressPerfectFilterCmd           0x08004847   Thumb Code    28  stm32f4x7_eth.o(.text)
    ETH_MACAddressFilterConfig               0x08004863   Thumb Code    28  stm32f4x7_eth.o(.text)
    ETH_MACAddressMaskBytesFilterConfig      0x0800487f   Thumb Code    20  stm32f4x7_eth.o(.text)
    ETH_Get_Received_Frame                   0x08004893   Thumb Code    56  stm32f4x7_eth.o(.text)
    ETH_Get_Received_Frame_interrupt         0x080048cb   Thumb Code   156  stm32f4x7_eth.o(.text)
    ETH_Prepare_Transmit_Descriptors         0x08004967   Thumb Code   166  stm32f4x7_eth.o(.text)
    ETH_DMARxDescChainInit                   0x08004a0d   Thumb Code    78  stm32f4x7_eth.o(.text)
    ETH_CheckFrameReceived                   0x08004a5b   Thumb Code   100  stm32f4x7_eth.o(.text)
    ETH_DMATxDescChainInit                   0x08004abf   Thumb Code    62  stm32f4x7_eth.o(.text)
    ETH_GetDMATxDescFlagStatus               0x08004afd   Thumb Code    14  stm32f4x7_eth.o(.text)
    ETH_GetDMATxDescCollisionCount           0x08004b0b   Thumb Code     8  stm32f4x7_eth.o(.text)
    ETH_SetDMATxDescOwnBit                   0x08004b13   Thumb Code    10  stm32f4x7_eth.o(.text)
    ETH_DMATxDescTransmitITConfig            0x08004b1d   Thumb Code    24  stm32f4x7_eth.o(.text)
    ETH_DMATxDescFrameSegmentConfig          0x08004b35   Thumb Code     8  stm32f4x7_eth.o(.text)
    ETH_DMATxDescChecksumInsertionConfig     0x08004b3d   Thumb Code     8  stm32f4x7_eth.o(.text)
    ETH_DMATxDescCRCCmd                      0x08004b45   Thumb Code    24  stm32f4x7_eth.o(.text)
    ETH_DMATxDescSecondAddressChainedCmd     0x08004b5d   Thumb Code    24  stm32f4x7_eth.o(.text)
    ETH_DMATxDescShortFramePaddingCmd        0x08004b75   Thumb Code    24  stm32f4x7_eth.o(.text)
    ETH_DMATxDescBufferSizeConfig            0x08004b8d   Thumb Code    12  stm32f4x7_eth.o(.text)
    ETH_GetDMARxDescFlagStatus               0x08004b99   Thumb Code    14  stm32f4x7_eth.o(.text)
    ETH_GetDMAPTPRxDescExtendedFlagStatus    0x08004ba7   Thumb Code    14  stm32f4x7_eth.o(.text)
    ETH_SetDMARxDescOwnBit                   0x08004bb5   Thumb Code    10  stm32f4x7_eth.o(.text)
    ETH_GetDMARxDescFrameLength              0x08004bbf   Thumb Code     8  stm32f4x7_eth.o(.text)
    ETH_DMARxDescReceiveITConfig             0x08004bc7   Thumb Code    22  stm32f4x7_eth.o(.text)
    ETH_GetDMARxDescBufferSize               0x08004bdd   Thumb Code    18  stm32f4x7_eth.o(.text)
    ETH_GetRxPktSize                         0x08004bef   Thumb Code    50  stm32f4x7_eth.o(.text)
    ETH_EnhancedDescriptorCmd                0x08004c21   Thumb Code    26  stm32f4x7_eth.o(.text)
    ETH_SoftwareReset                        0x08004c3b   Thumb Code    12  stm32f4x7_eth.o(.text)
    ETH_GetSoftwareResetStatus               0x08004c47   Thumb Code    14  stm32f4x7_eth.o(.text)
    ETH_GetDMAFlagStatus                     0x08004c55   Thumb Code    16  stm32f4x7_eth.o(.text)
    ETH_DMAClearFlag                         0x08004c65   Thumb Code     6  stm32f4x7_eth.o(.text)
    ETH_DMAITConfig                          0x08004c6b   Thumb Code    22  stm32f4x7_eth.o(.text)
    ETH_GetDMAITStatus                       0x08004c81   Thumb Code    16  stm32f4x7_eth.o(.text)
    ETH_DMAClearITPendingBit                 0x08004c91   Thumb Code     6  stm32f4x7_eth.o(.text)
    ETH_GetTransmitProcessState              0x08004c97   Thumb Code    10  stm32f4x7_eth.o(.text)
    ETH_GetReceiveProcessState               0x08004ca1   Thumb Code    10  stm32f4x7_eth.o(.text)
    ETH_GetFlushTransmitFIFOStatus           0x08004cab   Thumb Code    14  stm32f4x7_eth.o(.text)
    ETH_GetDMAOverflowStatus                 0x08004cb9   Thumb Code    16  stm32f4x7_eth.o(.text)
    ETH_GetRxOverflowMissedFrameCounter      0x08004cc9   Thumb Code    10  stm32f4x7_eth.o(.text)
    ETH_GetBufferUnavailableMissedFrameCounter 0x08004cd3   Thumb Code     8  stm32f4x7_eth.o(.text)
    ETH_GetCurrentTxDescStartAddress         0x08004cdb   Thumb Code     6  stm32f4x7_eth.o(.text)
    ETH_GetCurrentRxDescStartAddress         0x08004ce1   Thumb Code     6  stm32f4x7_eth.o(.text)
    ETH_GetCurrentTxBufferAddress            0x08004ce7   Thumb Code     6  stm32f4x7_eth.o(.text)
    ETH_GetCurrentRxBufferAddress            0x08004ced   Thumb Code     6  stm32f4x7_eth.o(.text)
    ETH_ResumeDMATransmission                0x08004cf3   Thumb Code     8  stm32f4x7_eth.o(.text)
    ETH_ResumeDMAReception                   0x08004cfb   Thumb Code     8  stm32f4x7_eth.o(.text)
    ETH_SetReceiveWatchdogTimer              0x08004d03   Thumb Code     6  stm32f4x7_eth.o(.text)
    ETH_PHYLoopBackCmd                       0x08004d09   Thumb Code    44  stm32f4x7_eth.o(.text)
    ETH_ResetWakeUpFrameFilterRegisterPointer 0x08004d35   Thumb Code    12  stm32f4x7_eth.o(.text)
    ETH_SetWakeUpFrameFilterRegister         0x08004d41   Thumb Code    18  stm32f4x7_eth.o(.text)
    ETH_GlobalUnicastWakeUpCmd               0x08004d53   Thumb Code    26  stm32f4x7_eth.o(.text)
    ETH_GetPMTFlagStatus                     0x08004d6d   Thumb Code    16  stm32f4x7_eth.o(.text)
    ETH_WakeUpFrameDetectionCmd              0x08004d7d   Thumb Code    26  stm32f4x7_eth.o(.text)
    ETH_MagicPacketDetectionCmd              0x08004d97   Thumb Code    26  stm32f4x7_eth.o(.text)
    ETH_PowerDownCmd                         0x08004db1   Thumb Code    26  stm32f4x7_eth.o(.text)
    ETH_MMCCounterFullPreset                 0x08004dcb   Thumb Code    12  stm32f4x7_eth.o(.text)
    ETH_MMCCounterHalfPreset                 0x08004dd7   Thumb Code    20  stm32f4x7_eth.o(.text)
    ETH_MMCCounterFreezeCmd                  0x08004deb   Thumb Code    34  stm32f4x7_eth.o(.text)
    ETH_MMCResetOnReadCmd                    0x08004e0d   Thumb Code    34  stm32f4x7_eth.o(.text)
    ETH_MMCCounterRolloverCmd                0x08004e2f   Thumb Code    34  stm32f4x7_eth.o(.text)
    ETH_MMCCountersReset                     0x08004e51   Thumb Code    12  stm32f4x7_eth.o(.text)
    ETH_MMCITConfig                          0x08004e5d   Thumb Code    62  stm32f4x7_eth.o(.text)
    ETH_GetMMCITStatus                       0x08004e9b   Thumb Code    50  stm32f4x7_eth.o(.text)
    ETH_GetMMCRegister                       0x08004ecd   Thumb Code     6  stm32f4x7_eth.o(.text)
    netconn_new_with_proto_and_callback      0x08004ee1   Thumb Code    66  api_lib.o(.text)
    netconn_delete                           0x08004f23   Thumb Code    42  api_lib.o(.text)
    netconn_getaddr                          0x08004f4d   Thumb Code    48  api_lib.o(.text)
    netconn_bind                             0x08004f7d   Thumb Code    40  api_lib.o(.text)
    netconn_connect                          0x08004fa5   Thumb Code    40  api_lib.o(.text)
    netconn_disconnect                       0x08004fcd   Thumb Code    34  api_lib.o(.text)
    netconn_listen_with_backlog              0x08004fef   Thumb Code    34  api_lib.o(.text)
    netconn_accept                           0x08005011   Thumb Code    44  api_lib.o(.text)
    netconn_recv                             0x0800503d   Thumb Code   228  api_lib.o(.text)
    netconn_send                             0x08005121   Thumb Code    36  api_lib.o(.text)
    netconn_sendto                           0x08005145   Thumb Code    16  api_lib.o(.text)
    netconn_write                            0x08005155   Thumb Code    54  api_lib.o(.text)
    netconn_close                            0x0800518b   Thumb Code    34  api_lib.o(.text)
    netconn_free                             0x0800555b   Thumb Code   108  api_msg.o(.text)
    netconn_alloc                            0x080055c7   Thumb Code   138  api_msg.o(.text)
    do_newconn                               0x08005735   Thumb Code    30  api_msg.o(.text)
    do_delconn                               0x08005753   Thumb Code   104  api_msg.o(.text)
    do_bind                                  0x080057bb   Thumb Code   100  api_msg.o(.text)
    do_connect                               0x0800584d   Thumb Code   162  api_msg.o(.text)
    do_disconnect                            0x080058ef   Thumb Code    34  api_msg.o(.text)
    do_listen                                0x08005911   Thumb Code   146  api_msg.o(.text)
    do_send                                  0x080059a3   Thumb Code   106  api_msg.o(.text)
    do_recv                                  0x08005a0d   Thumb Code    46  api_msg.o(.text)
    do_write                                 0x08005a3b   Thumb Code    52  api_msg.o(.text)
    do_getaddr                               0x08005a6f   Thumb Code   136  api_msg.o(.text)
    do_close                                 0x08005af7   Thumb Code    34  api_msg.o(.text)
    netbuf_new                               0x08005b21   Thumb Code    26  netbuf.o(.text)
    netbuf_delete                            0x08005b3b   Thumb Code    36  netbuf.o(.text)
    netbuf_alloc                             0x08005b5f   Thumb Code    46  netbuf.o(.text)
    netbuf_free                              0x08005b8d   Thumb Code    24  netbuf.o(.text)
    netbuf_ref                               0x08005ba5   Thumb Code    66  netbuf.o(.text)
    netbuf_chain                             0x08005be7   Thumb Code    40  netbuf.o(.text)
    netbuf_data                              0x08005c0f   Thumb Code    48  netbuf.o(.text)
    netbuf_next                              0x08005c3f   Thumb Code    36  netbuf.o(.text)
    netbuf_first                             0x08005c63   Thumb Code    10  netbuf.o(.text)
    tcp_timer_needed                         0x08005c95   Thumb Code    36  tcpip.o(.text)
    tcpip_input                              0x08005dcd   Thumb Code    76  tcpip.o(.text)
    tcpip_callback_with_block                0x08005e19   Thumb Code    96  tcpip.o(.text)
    tcpip_timeout                            0x08005e79   Thumb Code    60  tcpip.o(.text)
    tcpip_untimeout                          0x08005eb5   Thumb Code    54  tcpip.o(.text)
    tcpip_apimsg                             0x08005eeb   Thumb Code    50  tcpip.o(.text)
    tcpip_init                               0x08005f1d   Thumb Code    44  tcpip.o(.text)
    pbuf_free_callback                       0x08005f4d   Thumb Code     8  tcpip.o(.text)
    mem_free_callback                        0x08005f55   Thumb Code     8  tcpip.o(.text)
    udp_input                                0x08005f91   Thumb Code   408  udp.o(.text)
    udp_bind                                 0x08006129   Thumb Code    94  udp.o(.text)
    udp_sendto_if                            0x08006187   Thumb Code   182  udp.o(.text)
    udp_sendto                               0x0800623d   Thumb Code    40  udp.o(.text)
    udp_send                                 0x08006265   Thumb Code     6  udp.o(.text)
    udp_connect                              0x0800626b   Thumb Code    74  udp.o(.text)
    udp_disconnect                           0x080062b5   Thumb Code    20  udp.o(.text)
    udp_recv                                 0x080062c9   Thumb Code     6  udp.o(.text)
    udp_remove                               0x080062cf   Thumb Code    40  udp.o(.text)
    udp_new                                  0x080062f7   Thumb Code    28  udp.o(.text)
    lwip_init                                0x0800631f   Thumb Code    26  init.o(.text)
    mem_init                                 0x08006387   Thumb Code    52  mem.o(.text)
    mem_free                                 0x080063bb   Thumb Code    62  mem.o(.text)
    mem_realloc                              0x080063f9   Thumb Code   228  mem.o(.text)
    mem_malloc                               0x080064dd   Thumb Code   198  mem.o(.text)
    mem_calloc                               0x080065a3   Thumb Code    28  mem.o(.text)
    memp_init                                0x080065c9   Thumb Code    78  memp.o(.text)
    memp_malloc                              0x08006617   Thumb Code    30  memp.o(.text)
    memp_free                                0x08006635   Thumb Code    20  memp.o(.text)
    netif_set_gw                             0x08006651   Thumb Code    14  netif.o(.text)
    netif_set_netmask                        0x0800665f   Thumb Code    14  netif.o(.text)
    netif_set_ipaddr                         0x0800666d   Thumb Code    96  netif.o(.text)
    netif_set_addr                           0x080066cd   Thumb Code    32  netif.o(.text)
    netif_add                                0x080066ed   Thumb Code    70  netif.o(.text)
    netif_set_default                        0x08006733   Thumb Code     6  netif.o(.text)
    netif_remove                             0x08006739   Thumb Code    52  netif.o(.text)
    netif_find                               0x0800676d   Thumb Code    60  netif.o(.text)
    netif_set_up                             0x080067a9   Thumb Code    28  netif.o(.text)
    netif_set_down                           0x080067c5   Thumb Code    18  netif.o(.text)
    netif_is_up                              0x080067d7   Thumb Code    10  netif.o(.text)
    pbuf_free                                0x080067ed   Thumb Code    82  pbuf.o(.text)
    pbuf_alloc                               0x0800683f   Thumb Code   298  pbuf.o(.text)
    pbuf_realloc                             0x08006969   Thumb Code    78  pbuf.o(.text)
    pbuf_header                              0x080069b7   Thumb Code   104  pbuf.o(.text)
    pbuf_clen                                0x08006a1f   Thumb Code    18  pbuf.o(.text)
    pbuf_ref                                 0x08006a31   Thumb Code    12  pbuf.o(.text)
    pbuf_cat                                 0x08006a3d   Thumb Code    40  pbuf.o(.text)
    pbuf_chain                               0x08006a65   Thumb Code    18  pbuf.o(.text)
    pbuf_dechain                             0x08006a77   Thumb Code    44  pbuf.o(.text)
    pbuf_copy                                0x08006aa3   Thumb Code   148  pbuf.o(.text)
    pbuf_copy_partial                        0x08006b37   Thumb Code   106  pbuf.o(.text)
    pbuf_take                                0x08006ba1   Thumb Code    86  pbuf.o(.text)
    pbuf_coalesce                            0x08006bf7   Thumb Code    52  pbuf.o(.text)
    raw_input                                0x08006c2d   Thumb Code    98  raw.o(.text)
    raw_bind                                 0x08006c8f   Thumb Code    16  raw.o(.text)
    raw_connect                              0x08006c9f   Thumb Code    16  raw.o(.text)
    raw_recv                                 0x08006caf   Thumb Code     6  raw.o(.text)
    raw_sendto                               0x08006cb5   Thumb Code   144  raw.o(.text)
    raw_send                                 0x08006d45   Thumb Code     4  raw.o(.text)
    raw_remove                               0x08006d49   Thumb Code    40  raw.o(.text)
    raw_new                                  0x08006d71   Thumb Code    40  raw.o(.text)
    sys_mbox_fetch                           0x08006d9d   Thumb Code   106  sys.o(.text)
    sys_sem_wait                             0x08006e07   Thumb Code    96  sys.o(.text)
    sys_timeout                              0x08006e67   Thumb Code   112  sys.o(.text)
    sys_untimeout                            0x08006ed7   Thumb Code    80  sys.o(.text)
    sys_sem_wait_timeout                     0x08006f33   Thumb Code    58  sys.o(.text)
    sys_msleep                               0x08006f6d   Thumb Code    30  sys.o(.text)
    tcp_seg_free                             0x08006f91   Thumb Code    32  tcp.o(.text)
    tcp_segs_free                            0x08006fb1   Thumb Code    26  tcp.o(.text)
    tcp_pcb_purge                            0x08006fcb   Thumb Code    48  tcp.o(.text)
    tcp_slowtmr                              0x08006ffb   Thumb Code   550  tcp.o(.text)
    tcp_pcb_remove                           0x08007221   Thumb Code    92  tcp.o(.text)
    tcp_close                                0x0800727d   Thumb Code   204  tcp.o(.text)
    tcp_update_rcv_ann_wnd                   0x08007349   Thumb Code    54  tcp.o(.text)
    tcp_recved                               0x0800737f   Thumb Code    60  tcp.o(.text)
    tcp_recv_null                            0x080073bb   Thumb Code    54  tcp.o(.text)
    tcp_fasttmr                              0x080073f1   Thumb Code    86  tcp.o(.text)
    tcp_tmr                                  0x08007447   Thumb Code    26  tcp.o(.text)
    tcp_abandon                              0x08007461   Thumb Code   148  tcp.o(.text)
    tcp_bind                                 0x0800754b   Thumb Code   200  tcp.o(.text)
    tcp_listen_with_backlog                  0x08007619   Thumb Code   142  tcp.o(.text)
    tcp_eff_send_mss                         0x080076a7   Thumb Code    32  tcp.o(.text)
    tcp_next_iss                             0x080076c7   Thumb Code    12  tcp.o(.text)
    tcp_connect                              0x080076d3   Thumb Code   202  tcp.o(.text)
    tcp_setprio                              0x0800779d   Thumb Code     4  tcp.o(.text)
    tcp_alloc                                0x08007817   Thumb Code   154  tcp.o(.text)
    tcp_new                                  0x080078b1   Thumb Code     4  tcp.o(.text)
    tcp_arg                                  0x080078b5   Thumb Code     4  tcp.o(.text)
    tcp_recv                                 0x080078b9   Thumb Code     6  tcp.o(.text)
    tcp_sent                                 0x080078bf   Thumb Code     6  tcp.o(.text)
    tcp_err                                  0x080078c5   Thumb Code     6  tcp.o(.text)
    tcp_accept                               0x080078cb   Thumb Code     4  tcp.o(.text)
    tcp_poll                                 0x080078cf   Thumb Code    10  tcp.o(.text)
    tcp_debug_state_str                      0x080078d9   Thumb Code    10  tcp.o(.text)
    tcp_input                                0x08008353   Thumb Code   834  tcp_in.o(.text)
    tcp_enqueue                              0x08008711   Thumb Code   858  tcp_out.o(.text)
    tcp_send_ctrl                            0x08008a6b   Thumb Code    20  tcp_out.o(.text)
    tcp_write                                0x08008a7f   Thumb Code    46  tcp_out.o(.text)
    tcp_send_empty_ack                       0x08008aad   Thumb Code    86  tcp_out.o(.text)
    tcp_output                               0x08008bad   Thumb Code   416  tcp_out.o(.text)
    tcp_rst                                  0x08008d4d   Thumb Code   158  tcp_out.o(.text)
    tcp_rexmit_rto                           0x08008deb   Thumb Code    44  tcp_out.o(.text)
    tcp_rexmit                               0x08008e17   Thumb Code    70  tcp_out.o(.text)
    tcp_rexmit_fast                          0x08008e5d   Thumb Code    96  tcp_out.o(.text)
    tcp_keepalive                            0x08008ebd   Thumb Code    72  tcp_out.o(.text)
    tcp_zero_window_probe                    0x08008f05   Thumb Code   174  tcp_out.o(.text)
    dhcp_renew                               0x08009491   Thumb Code   146  dhcp.o(.text)
    dhcp_coarse_tmr                          0x080095db   Thumb Code    58  dhcp.o(.text)
    dhcp_release                             0x080096bf   Thumb Code   178  dhcp.o(.text)
    dhcp_fine_tmr                            0x080098f1   Thumb Code    46  dhcp.o(.text)
    dhcp_stop                                0x08009a1b   Thumb Code    48  dhcp.o(.text)
    dhcp_start                               0x08009bb3   Thumb Code   162  dhcp.o(.text)
    dhcp_inform                              0x08009c55   Thumb Code   150  dhcp.o(.text)
    dhcp_network_changed                     0x08009ceb   Thumb Code    68  dhcp.o(.text)
    dhcp_arp_reply                           0x08009db1   Thumb Code    28  dhcp.o(.text)
    autoip_init                              0x08009dd9   Thumb Code     2  autoip.o(.text)
    autoip_start                             0x08009e67   Thumb Code    96  autoip.o(.text)
    autoip_network_changed                   0x08009f61   Thumb Code    32  autoip.o(.text)
    autoip_stop                              0x08009f81   Thumb Code    16  autoip.o(.text)
    autoip_tmr                               0x08009f91   Thumb Code   204  autoip.o(.text)
    autoip_arp_reply                         0x0800a05d   Thumb Code   140  autoip.o(.text)
    icmp_input                               0x0800a109   Thumb Code   324  icmp.o(.text)
    icmp_dest_unreach                        0x0800a2b5   Thumb Code     6  icmp.o(.text)
    htonl                                    0x0800a2bd   Thumb Code    24  inet.o(.text)
    inet_aton                                0x0800a2d5   Thumb Code   276  inet.o(.text)
    inet_addr                                0x0800a3e9   Thumb Code    20  inet.o(.text)
    inet_ntoa                                0x0800a3fd   Thumb Code    92  inet.o(.text)
    htons                                    0x0800a459   Thumb Code    10  inet.o(.text)
    ntohs                                    0x0800a463   Thumb Code     2  inet.o(.text)
    ntohl                                    0x0800a465   Thumb Code     2  inet.o(.text)
    inet_chksum_pseudo                       0x0800a4a7   Thumb Code   134  inet_chksum.o(.text)
    inet_chksum                              0x0800a52d   Thumb Code    12  inet_chksum.o(.text)
    inet_chksum_pbuf                         0x0800a539   Thumb Code    72  inet_chksum.o(.text)
    ip_route                                 0x0800a581   Thumb Code    62  ip.o(.text)
    ip_input                                 0x0800a5bf   Thumb Code   426  ip.o(.text)
    ip_output_if                             0x0800a769   Thumb Code   186  ip.o(.text)
    ip_output                                0x0800a823   Thumb Code    52  ip.o(.text)
    ip_addr_isbroadcast                      0x0800a865   Thumb Code    62  ip_addr.o(.text)
    etharp_tmr                               0x0800a8a5   Thumb Code    50  etharp.o(.text)
    etharp_find_addr                         0x0800aa65   Thumb Code    44  etharp.o(.text)
    etharp_ip_input                          0x0800aa91   Thumb Code    40  etharp.o(.text)
    etharp_arp_input                         0x0800aab9   Thumb Code   296  etharp.o(.text)
    etharp_raw                               0x0800abe1   Thumb Code   192  etharp.o(.text)
    etharp_request                           0x0800aca1   Thumb Code    32  etharp.o(.text)
    etharp_query                             0x0800acc1   Thumb Code   140  etharp.o(.text)
    etharp_output                            0x0800ad4d   Thumb Code   180  etharp.o(.text)
    ethernet_input                           0x0800ae01   Thumb Code    82  etharp.o(.text)
    ethernetif_init                          0x0800b037   Thumb Code    42  ethernetif.o(.text)
    sys_mbox_new                             0x0800b099   Thumb Code     8  sys_arch.o(.text)
    sys_mbox_free                            0x0800b0a1   Thumb Code    20  sys_arch.o(.text)
    sys_mbox_post                            0x0800b0b5   Thumb Code    26  sys_arch.o(.text)
    sys_mbox_trypost                         0x0800b0cf   Thumb Code    26  sys_arch.o(.text)
    sys_arch_mbox_fetch                      0x0800b0e9   Thumb Code    84  sys_arch.o(.text)
    sys_arch_mbox_tryfetch                   0x0800b13d   Thumb Code    30  sys_arch.o(.text)
    sys_sem_new                              0x0800b15b   Thumb Code    54  sys_arch.o(.text)
    sys_arch_sem_wait                        0x0800b191   Thumb Code    74  sys_arch.o(.text)
    sys_sem_signal                           0x0800b1db   Thumb Code    10  sys_arch.o(.text)
    sys_sem_free                             0x0800b1e5   Thumb Code     4  sys_arch.o(.text)
    sys_init                                 0x0800b1e9   Thumb Code    28  sys_arch.o(.text)
    sys_arch_timeouts                        0x0800b205   Thumb Code    38  sys_arch.o(.text)
    sys_thread_new                           0x0800b22b   Thumb Code    76  sys_arch.o(.text)
    sys_arch_protect                         0x0800b277   Thumb Code    10  sys_arch.o(.text)
    sys_arch_unprotect                       0x0800b281   Thumb Code     4  sys_arch.o(.text)
    sys_assert                               0x0800b285   Thumb Code     6  sys_arch.o(.text)
    vListInitialise                          0x0800b295   Thumb Code    22  list.o(.text)
    vListInitialiseItem                      0x0800b2ab   Thumb Code     6  list.o(.text)
    vListInsertEnd                           0x0800b2b1   Thumb Code    28  list.o(.text)
    vListInsert                              0x0800b2cd   Thumb Code    48  list.o(.text)
    vListRemove                              0x0800b2fd   Thumb Code    36  list.o(.text)
    xQueueCreate                             0x0800b321   Thumb Code    96  queue.o(.text)
    xQueueGenericSend                        0x0800b45f   Thumb Code   200  queue.o(.text)
    xQueueCreateMutex                        0x0800b527   Thumb Code    68  queue.o(.text)
    xQueueCreateCountingSemaphore            0x0800b56b   Thumb Code    18  queue.o(.text)
    xQueueGenericSendFromISR                 0x0800b57d   Thumb Code    82  queue.o(.text)
    xQueueGenericReceive                     0x0800b611   Thumb Code   260  queue.o(.text)
    xQueueReceiveFromISR                     0x0800b715   Thumb Code    78  queue.o(.text)
    uxQueueMessagesWaiting                   0x0800b763   Thumb Code    18  queue.o(.text)
    uxQueueMessagesWaitingFromISR            0x0800b775   Thumb Code     4  queue.o(.text)
    vQueueDelete                             0x0800b779   Thumb Code    20  queue.o(.text)
    xQueueIsQueueEmptyFromISR                0x0800b78d   Thumb Code    14  queue.o(.text)
    xQueueIsQueueFullFromISR                 0x0800b79b   Thumb Code    16  queue.o(.text)
    xTaskGenericCreate                       0x0800b865   Thumb Code   208  tasks.o(.text)
    vTaskDelete                              0x0800b935   Thumb Code    90  tasks.o(.text)
    vTaskIncrementTick                       0x0800b98f   Thumb Code   118  tasks.o(.text)
    xTaskResumeAll                           0x0800ba05   Thumb Code   168  tasks.o(.text)
    vTaskSuspendAll                          0x0800baad   Thumb Code    10  tasks.o(.text)
    vTaskDelay                               0x0800bab7   Thumb Code    78  tasks.o(.text)
    uxTaskPriorityGet                        0x0800bb05   Thumb Code    24  tasks.o(.text)
    vTaskPrioritySet                         0x0800bb1d   Thumb Code   156  tasks.o(.text)
    vTaskStartScheduler                      0x0800bc33   Thumb Code    50  tasks.o(.text)
    vTaskEndScheduler                        0x0800bc65   Thumb Code    20  tasks.o(.text)
    xTaskGetTickCount                        0x0800bc79   Thumb Code    18  tasks.o(.text)
    xTaskGetTickCountFromISR                 0x0800bc8b   Thumb Code     6  tasks.o(.text)
    uxTaskGetNumberOfTasks                   0x0800bc91   Thumb Code     6  tasks.o(.text)
    vTaskList                                0x0800bd13   Thumb Code   114  tasks.o(.text)
    vTaskStartTrace                          0x0800bd85   Thumb Code    34  tasks.o(.text)
    ulTaskEndTrace                           0x0800bda7   Thumb Code    24  tasks.o(.text)
    vTaskSwitchContext                       0x0800bdbf   Thumb Code   138  tasks.o(.text)
    vTaskPlaceOnEventList                    0x0800be49   Thumb Code    64  tasks.o(.text)
    xTaskRemoveFromEventList                 0x0800be89   Thumb Code    96  tasks.o(.text)
    vTaskSetTimeOutState                     0x0800bee9   Thumb Code    12  tasks.o(.text)
    xTaskCheckForTimeOut                     0x0800bef5   Thumb Code    72  tasks.o(.text)
    vTaskMissedYield                         0x0800bf3d   Thumb Code     8  tasks.o(.text)
    xTaskGetCurrentTaskHandle                0x0800bf45   Thumb Code     6  tasks.o(.text)
    vTaskPriorityInherit                     0x0800bf4b   Thumb Code    92  tasks.o(.text)
    vTaskPriorityDisinherit                  0x0800bfa7   Thumb Code   112  tasks.o(.text)
    pxPortInitialiseStack                    0x0800c021   Thumb Code    20  port.o(.text)
    xPortStartScheduler                      0x0800c043   Thumb Code    38  port.o(.text)
    vPortEndScheduler                        0x0800c069   Thumb Code     2  port.o(.text)
    vPortYieldFromISR                        0x0800c06b   Thumb Code    12  port.o(.text)
    vPortEnterCritical                       0x0800c077   Thumb Code    16  port.o(.text)
    vPortExitCritical                        0x0800c087   Thumb Code    18  port.o(.text)
    xPortSysTickHandler                      0x0800c099   Thumb Code    28  port.o(.text)
    pvPortMalloc                             0x0800c0c1   Thumb Code   172  heap_2.o(.text)
    vPortFree                                0x0800c16d   Thumb Code    58  heap_2.o(.text)
    xPortGetFreeHeapSize                     0x0800c1a7   Thumb Code     6  heap_2.o(.text)
    vPortInitialiseBlocks                    0x0800c1ad   Thumb Code     2  heap_2.o(.text)
    Reset_Handler                            0x0800c1b9   Thumb Code     8  startup_stm32f4xx.o(.text)
    ADC_IRQHandler                           0x0800c1d3   Thumb Code     0  startup_stm32f4xx.o(.text)
    CAN1_RX0_IRQHandler                      0x0800c1d3   Thumb Code     0  startup_stm32f4xx.o(.text)
    CAN1_RX1_IRQHandler                      0x0800c1d3   Thumb Code     0  startup_stm32f4xx.o(.text)
    CAN1_SCE_IRQHandler                      0x0800c1d3   Thumb Code     0  startup_stm32f4xx.o(.text)
    CAN1_TX_IRQHandler                       0x0800c1d3   Thumb Code     0  startup_stm32f4xx.o(.text)
    CAN2_RX0_IRQHandler                      0x0800c1d3   Thumb Code     0  startup_stm32f4xx.o(.text)
    CAN2_RX1_IRQHandler                      0x0800c1d3   Thumb Code     0  startup_stm32f4xx.o(.text)
    CAN2_SCE_IRQHandler                      0x0800c1d3   Thumb Code     0  startup_stm32f4xx.o(.text)
    CAN2_TX_IRQHandler                       0x0800c1d3   Thumb Code     0  startup_stm32f4xx.o(.text)
    CRYP_IRQHandler                          0x0800c1d3   Thumb Code     0  startup_stm32f4xx.o(.text)
    DCMI_IRQHandler                          0x0800c1d3   Thumb Code     0  startup_stm32f4xx.o(.text)
    ETH_WKUP_IRQHandler                      0x0800c1d3   Thumb Code     0  startup_stm32f4xx.o(.text)
    EXTI0_IRQHandler                         0x0800c1d3   Thumb Code     0  startup_stm32f4xx.o(.text)
    EXTI15_10_IRQHandler                     0x0800c1d3   Thumb Code     0  startup_stm32f4xx.o(.text)
    EXTI1_IRQHandler                         0x0800c1d3   Thumb Code     0  startup_stm32f4xx.o(.text)
    EXTI2_IRQHandler                         0x0800c1d3   Thumb Code     0  startup_stm32f4xx.o(.text)
    EXTI3_IRQHandler                         0x0800c1d3   Thumb Code     0  startup_stm32f4xx.o(.text)
    EXTI4_IRQHandler                         0x0800c1d3   Thumb Code     0  startup_stm32f4xx.o(.text)
    EXTI9_5_IRQHandler                       0x0800c1d3   Thumb Code     0  startup_stm32f4xx.o(.text)
    FLASH_IRQHandler                         0x0800c1d3   Thumb Code     0  startup_stm32f4xx.o(.text)
    FPU_IRQHandler                           0x0800c1d3   Thumb Code     0  startup_stm32f4xx.o(.text)
    FSMC_IRQHandler                          0x0800c1d3   Thumb Code     0  startup_stm32f4xx.o(.text)
    HASH_RNG_IRQHandler                      0x0800c1d3   Thumb Code     0  startup_stm32f4xx.o(.text)
    I2C1_ER_IRQHandler                       0x0800c1d3   Thumb Code     0  startup_stm32f4xx.o(.text)
    I2C1_EV_IRQHandler                       0x0800c1d3   Thumb Code     0  startup_stm32f4xx.o(.text)
    I2C2_ER_IRQHandler                       0x0800c1d3   Thumb Code     0  startup_stm32f4xx.o(.text)
    I2C2_EV_IRQHandler                       0x0800c1d3   Thumb Code     0  startup_stm32f4xx.o(.text)
    I2C3_ER_IRQHandler                       0x0800c1d3   Thumb Code     0  startup_stm32f4xx.o(.text)
    I2C3_EV_IRQHandler                       0x0800c1d3   Thumb Code     0  startup_stm32f4xx.o(.text)
    OTG_FS_IRQHandler                        0x0800c1d3   Thumb Code     0  startup_stm32f4xx.o(.text)
    OTG_FS_WKUP_IRQHandler                   0x0800c1d3   Thumb Code     0  startup_stm32f4xx.o(.text)
    OTG_HS_EP1_IN_IRQHandler                 0x0800c1d3   Thumb Code     0  startup_stm32f4xx.o(.text)
    OTG_HS_EP1_OUT_IRQHandler                0x0800c1d3   Thumb Code     0  startup_stm32f4xx.o(.text)
    OTG_HS_IRQHandler                        0x0800c1d3   Thumb Code     0  startup_stm32f4xx.o(.text)
    OTG_HS_WKUP_IRQHandler                   0x0800c1d3   Thumb Code     0  startup_stm32f4xx.o(.text)
    PVD_IRQHandler                           0x0800c1d3   Thumb Code     0  startup_stm32f4xx.o(.text)
    RCC_IRQHandler                           0x0800c1d3   Thumb Code     0  startup_stm32f4xx.o(.text)
    RTC_Alarm_IRQHandler                     0x0800c1d3   Thumb Code     0  startup_stm32f4xx.o(.text)
    RTC_WKUP_IRQHandler                      0x0800c1d3   Thumb Code     0  startup_stm32f4xx.o(.text)
    SDIO_IRQHandler                          0x0800c1d3   Thumb Code     0  startup_stm32f4xx.o(.text)
    SPI1_IRQHandler                          0x0800c1d3   Thumb Code     0  startup_stm32f4xx.o(.text)
    SPI2_IRQHandler                          0x0800c1d3   Thumb Code     0  startup_stm32f4xx.o(.text)
    SPI3_IRQHandler                          0x0800c1d3   Thumb Code     0  startup_stm32f4xx.o(.text)
    TAMP_STAMP_IRQHandler                    0x0800c1d3   Thumb Code     0  startup_stm32f4xx.o(.text)
    TIM1_BRK_TIM9_IRQHandler                 0x0800c1d3   Thumb Code     0  startup_stm32f4xx.o(.text)
    TIM1_CC_IRQHandler                       0x0800c1d3   Thumb Code     0  startup_stm32f4xx.o(.text)
    TIM1_TRG_COM_TIM11_IRQHandler            0x0800c1d3   Thumb Code     0  startup_stm32f4xx.o(.text)
    TIM1_UP_TIM10_IRQHandler                 0x0800c1d3   Thumb Code     0  startup_stm32f4xx.o(.text)
    TIM2_IRQHandler                          0x0800c1d3   Thumb Code     0  startup_stm32f4xx.o(.text)
    TIM3_IRQHandler                          0x0800c1d3   Thumb Code     0  startup_stm32f4xx.o(.text)
    TIM4_IRQHandler                          0x0800c1d3   Thumb Code     0  startup_stm32f4xx.o(.text)
    TIM5_IRQHandler                          0x0800c1d3   Thumb Code     0  startup_stm32f4xx.o(.text)
    TIM6_DAC_IRQHandler                      0x0800c1d3   Thumb Code     0  startup_stm32f4xx.o(.text)
    TIM7_IRQHandler                          0x0800c1d3   Thumb Code     0  startup_stm32f4xx.o(.text)
    TIM8_BRK_TIM12_IRQHandler                0x0800c1d3   Thumb Code     0  startup_stm32f4xx.o(.text)
    TIM8_CC_IRQHandler                       0x0800c1d3   Thumb Code     0  startup_stm32f4xx.o(.text)
    TIM8_TRG_COM_TIM14_IRQHandler            0x0800c1d3   Thumb Code     0  startup_stm32f4xx.o(.text)
    TIM8_UP_TIM13_IRQHandler                 0x0800c1d3   Thumb Code     0  startup_stm32f4xx.o(.text)
    WWDG_IRQHandler                          0x0800c1d3   Thumb Code     0  startup_stm32f4xx.o(.text)
    __aeabi_memcpy                           0x0800c1dd   Thumb Code    36  memcpya.o(.text)
    __aeabi_memcpy4                          0x0800c1dd   Thumb Code     0  memcpya.o(.text)
    __aeabi_memcpy8                          0x0800c1dd   Thumb Code     0  memcpya.o(.text)
    __aeabi_memset                           0x0800c201   Thumb Code    14  memseta.o(.text)
    __aeabi_memset4                          0x0800c201   Thumb Code     0  memseta.o(.text)
    __aeabi_memset8                          0x0800c201   Thumb Code     0  memseta.o(.text)
    __aeabi_memclr                           0x0800c20f   Thumb Code     4  memseta.o(.text)
    __aeabi_memclr4                          0x0800c20f   Thumb Code     0  memseta.o(.text)
    __aeabi_memclr8                          0x0800c20f   Thumb Code     0  memseta.o(.text)
    _memset$wrapper                          0x0800c213   Thumb Code    18  memseta.o(.text)
    strcat                                   0x0800c225   Thumb Code    24  strcat.o(.text)
    strncpy                                  0x0800c23d   Thumb Code    24  strncpy.o(.text)
    strlen                                   0x0800c255   Thumb Code    14  strlen.o(.text)
    strcmp                                   0x0800c263   Thumb Code    28  strcmp.o(.text)
    memcmp                                   0x0800c27f   Thumb Code    26  memcmp.o(.text)
    strncmp                                  0x0800c299   Thumb Code    30  strncmp.o(.text)
    __aeabi_i2d                              0x0800c2b7   Thumb Code    34  dflti.o(.text)
    __aeabi_ui2d                             0x0800c2d9   Thumb Code    26  dfltui.o(.text)
    __aeabi_cdcmpeq                          0x0800c2f5   Thumb Code     0  cdcmple.o(.text)
    __aeabi_cdcmple                          0x0800c2f5   Thumb Code    48  cdcmple.o(.text)
    __aeabi_cdrcmple                         0x0800c325   Thumb Code    48  cdrcmple.o(.text)
    __aeabi_uidiv                            0x0800c355   Thumb Code     0  uidiv.o(.text)
    __aeabi_uidivmod                         0x0800c355   Thumb Code    44  uidiv.o(.text)
    __aeabi_uldivmod                         0x0800c381   Thumb Code    98  uldiv.o(.text)
    __I$use$fp                               0x0800c3e3   Thumb Code     0  iusefp.o(.text)
    _double_round                            0x0800c3e3   Thumb Code    30  depilogue.o(.text)
    _double_epilogue                         0x0800c401   Thumb Code   156  depilogue.o(.text)
    __aeabi_dadd                             0x0800c49d   Thumb Code   322  dadd.o(.text)
    __aeabi_dsub                             0x0800c5df   Thumb Code     6  dadd.o(.text)
    __aeabi_drsub                            0x0800c5e5   Thumb Code     6  dadd.o(.text)
    __aeabi_dmul                             0x0800c5eb   Thumb Code   228  dmul.o(.text)
    __aeabi_ddiv                             0x0800c6cf   Thumb Code   222  ddiv.o(.text)
    __aeabi_d2ulz                            0x0800c7ad   Thumb Code    48  dfixul.o(.text)
    __scatterload                            0x0800c7dd   Thumb Code    28  init.o(.text)
    __scatterload_rt2                        0x0800c7dd   Thumb Code     0  init.o(.text)
    __aeabi_llsl                             0x0800c801   Thumb Code    30  llshl.o(.text)
    _ll_shift_l                              0x0800c801   Thumb Code     0  llshl.o(.text)
    __aeabi_llsr                             0x0800c81f   Thumb Code    32  llushr.o(.text)
    _ll_ushift_r                             0x0800c81f   Thumb Code     0  llushr.o(.text)
    __aeabi_lasr                             0x0800c83f   Thumb Code    36  llsshr.o(.text)
    _ll_sshift_r                             0x0800c83f   Thumb Code     0  llsshr.o(.text)
    __decompress                             0x0800c863   Thumb Code     0  __dczerorl2.o(.text)
    __decompress1                            0x0800c863   Thumb Code    86  __dczerorl2.o(.text)
    __0printf$3                              0x0800c8b9   Thumb Code    22  printf3.o(i.__0printf$3)
    __1printf$3                              0x0800c8b9   Thumb Code     0  printf3.o(i.__0printf$3)
    __2printf                                0x0800c8b9   Thumb Code     0  printf3.o(i.__0printf$3)
    __0sprintf$3                             0x0800c8d9   Thumb Code    34  printf3.o(i.__0sprintf$3)
    __1sprintf$3                             0x0800c8d9   Thumb Code     0  printf3.o(i.__0sprintf$3)
    __2sprintf                               0x0800c8d9   Thumb Code     0  printf3.o(i.__0sprintf$3)
    __0vsnprintf                             0x0800c901   Thumb Code    40  printfa.o(i.__0vsnprintf)
    __1vsnprintf                             0x0800c901   Thumb Code     0  printfa.o(i.__0vsnprintf)
    __2vsnprintf                             0x0800c901   Thumb Code     0  printfa.o(i.__0vsnprintf)
    __c89vsnprintf                           0x0800c901   Thumb Code     0  printfa.o(i.__0vsnprintf)
    vsnprintf                                0x0800c901   Thumb Code     0  printfa.o(i.__0vsnprintf)
    __scatterload_copy                       0x0800c92d   Thumb Code    14  handlers.o(i.__scatterload_copy)
    __scatterload_null                       0x0800c93b   Thumb Code     2  handlers.o(i.__scatterload_null)
    __scatterload_zeroinit                   0x0800c93d   Thumb Code    14  handlers.o(i.__scatterload_zeroinit)
    file__STM32F4x7_files_logo_jpg           0x08017ce4   Data          20  fs.o(.constdata)
    file__STM32F4x7_files_ST_gif             0x08017cf8   Data          20  fs.o(.constdata)
    file__STM32F4x7_files_stm32_jpg          0x08017d0c   Data          20  fs.o(.constdata)
    file__404_html                           0x08017d20   Data          20  fs.o(.constdata)
    file__STM32F4x7_html                     0x08017d34   Data          20  fs.o(.constdata)
    CUSTOM_COM_TX_PIN                        0x08018384   Data           2  custom_stm32f4_board.o(.constdata)
    CUSTOM_COM_RX_PIN                        0x08018386   Data           2  custom_stm32f4_board.o(.constdata)
    CUSTOM_COM_TX_PIN_SOURCE                 0x08018388   Data           2  custom_stm32f4_board.o(.constdata)
    CUSTOM_COM_RX_PIN_SOURCE                 0x0801838a   Data           2  custom_stm32f4_board.o(.constdata)
    CUSTOM_COM_TX_AF                         0x0801838c   Data           2  custom_stm32f4_board.o(.constdata)
    CUSTOM_COM_RX_AF                         0x0801838e   Data           2  custom_stm32f4_board.o(.constdata)
    CUSTOM_COM_USART_CLK                     0x08018390   Data           4  custom_stm32f4_board.o(.constdata)
    CUSTOM_COM_TX_PORT_CLK                   0x08018394   Data           4  custom_stm32f4_board.o(.constdata)
    CUSTOM_COM_RX_PORT_CLK                   0x08018398   Data           4  custom_stm32f4_board.o(.constdata)
    ASCII16x24_Table                         0x080183b0   Data        4560  stm32f4_discovery_lcd.o(.constdata)
    BUTTON_PORT_SOURCE                       0x08019580   Data           1  stm32f4_discovery.o(.constdata)
    BUTTON_PIN_SOURCE                        0x08019581   Data           1  stm32f4_discovery.o(.constdata)
    BUTTON_IRQn                              0x08019582   Data           1  stm32f4_discovery.o(.constdata)
    BUTTON_PIN                               0x08019584   Data           2  stm32f4_discovery.o(.constdata)
    BUTTON_EXTI_LINE                         0x08019586   Data           2  stm32f4_discovery.o(.constdata)
    BUTTON_CLK                               0x08019588   Data           4  stm32f4_discovery.o(.constdata)
    COM_TX_PIN                               0x0801958c   Data           4  stm32f4_discovery.o(.constdata)
    COM_RX_PIN                               0x08019590   Data           4  stm32f4_discovery.o(.constdata)
    COM_TX_PIN_SOURCE                        0x08019594   Data           4  stm32f4_discovery.o(.constdata)
    COM_RX_PIN_SOURCE                        0x08019598   Data           4  stm32f4_discovery.o(.constdata)
    COM_TX_AF                                0x0801959c   Data           4  stm32f4_discovery.o(.constdata)
    COM_RX_AF                                0x080195a0   Data           4  stm32f4_discovery.o(.constdata)
    GPIO_PIN                                 0x080195a4   Data           8  stm32f4_discovery.o(.constdata)
    COM_USART_CLK                            0x080195ac   Data           8  stm32f4_discovery.o(.constdata)
    COM_TX_PORT_CLK                          0x080195b4   Data           8  stm32f4_discovery.o(.constdata)
    COM_RX_PORT_CLK                          0x080195bc   Data           8  stm32f4_discovery.o(.constdata)
    GPIO_CLK                                 0x080195c4   Data          16  stm32f4_discovery.o(.constdata)
    tcp_persist_backoff                      0x08019604   Data           7  tcp.o(.constdata)
    tcp_backoff                              0x0801960b   Data          13  tcp.o(.constdata)
    ip_addr_any                              0x08019618   Data           4  ip_addr.o(.constdata)
    ip_addr_broadcast                        0x0801961c   Data           4  ip_addr.o(.constdata)
    ethbroadcast                             0x08019620   Data           6  etharp.o(.constdata)
    ethzero                                  0x08019626   Data           6  etharp.o(.constdata)
    Region$$Table$$Base                      0x080196a4   Number         0  anon$$obj.o(Region$$Table)
    Region$$Table$$Limit                     0x080196c4   Number         0  anon$$obj.o(Region$$Table)
    SystemCoreClock                          0x20000000   Data           4  system_stm32f4xx.o(.data)
    AHBPrescTable                            0x20000004   Data          16  system_stm32f4xx.o(.data)
    EthInitStatus                            0x20000014   Data           4  stm32f4x7_eth_bsp.o(.data)
    nPageHits                                0x20000018   Data           4  httpserver-netconn.o(.data)
    CUSTOM_COM_USART                         0x2000001c   Data           4  custom_stm32f4_board.o(.data)
    CUSTOM_COM_TX_PORT                       0x20000020   Data           4  custom_stm32f4_board.o(.data)
    CUSTOM_COM_RX_PORT                       0x20000024   Data           4  custom_stm32f4_board.o(.data)
    TM_USART1                                0x20000028   Data          16  tm_stm32f4_usart.o(.data)
    TM_USART2                                0x20000038   Data          16  tm_stm32f4_usart.o(.data)
    TM_USART3                                0x20000048   Data          16  tm_stm32f4_usart.o(.data)
    TM_UART4                                 0x20000058   Data          16  tm_stm32f4_usart.o(.data)
    TM_UART5                                 0x20000068   Data          16  tm_stm32f4_usart.o(.data)
    TM_USART6                                0x20000078   Data          16  tm_stm32f4_usart.o(.data)
    Font16x24                                0x200000c0   Data           8  stm32f4_discovery_lcd.o(.data)
    BUTTON_PORT                              0x200000c8   Data           4  stm32f4_discovery.o(.data)
    COM_USART                                0x200000cc   Data           8  stm32f4_discovery.o(.data)
    COM_TX_PORT                              0x200000d4   Data           8  stm32f4_discovery.o(.data)
    COM_RX_PORT                              0x200000dc   Data           8  stm32f4_discovery.o(.data)
    GPIO_PORT                                0x200000e4   Data          16  stm32f4_discovery.o(.data)
    DMATxDescToSet                           0x20000104   Data           4  stm32f4x7_eth.o(.data)
    DMARxDescToGet                           0x20000108   Data           4  stm32f4x7_eth.o(.data)
    DMA_RX_FRAME_infos                       0x2000010c   Data           4  stm32f4x7_eth.o(.data)
    udp_pcbs                                 0x20000120   Data           4  udp.o(.data)
    netif_list                               0x20000138   Data           4  netif.o(.data)
    netif_default                            0x2000013c   Data           4  netif.o(.data)
    tcp_ticks                                0x2000014c   Data           4  tcp.o(.data)
    tcp_bound_pcbs                           0x20000150   Data           4  tcp.o(.data)
    tcp_listen_pcbs                          0x20000154   Data           4  tcp.o(.data)
    tcp_active_pcbs                          0x20000158   Data           4  tcp.o(.data)
    tcp_tw_pcbs                              0x2000015c   Data           4  tcp.o(.data)
    tcp_tmp_pcb                              0x20000160   Data           4  tcp.o(.data)
    tcp_state_str                            0x20000164   Data          44  tcp.o(.data)
    tcp_input_pcb                            0x200001a8   Data           4  tcp_in.o(.data)
    current_netif                            0x200001b4   Data           4  ip.o(.data)
    current_header                           0x200001b8   Data           4  ip.o(.data)
    s_xSemaphore                             0x200001c4   Data           4  ethernetif.o(.data)
    pxCurrentTCB                             0x200001d0   Data           4  tasks.o(.data)
    __stdout                                 0x20000238   Data           4  stdout.o(.data)
    USART_InitStructure                      0x2000023c   Data          16  main.o(.bss)
    xnetif                                   0x2000024c   Data          56  netconf.o(.bss)
    fs_memory                                0x20000284   Data         240  fs.o(.bss)
    TM_USART1_Buffer                         0x20000374   Data          32  tm_stm32f4_usart.o(.bss)
    TM_USART2_Buffer                         0x20000394   Data          32  tm_stm32f4_usart.o(.bss)
    TM_USART3_Buffer                         0x200003b4   Data          32  tm_stm32f4_usart.o(.bss)
    TM_UART4_Buffer                          0x200003d4   Data          32  tm_stm32f4_usart.o(.bss)
    TM_UART5_Buffer                          0x200003f4   Data          32  tm_stm32f4_usart.o(.bss)
    TM_USART6_Buffer                         0x20000414   Data          32  tm_stm32f4_usart.o(.bss)
    DMARxDscrTab                             0x20000488   Data         160  stm32f4x7_eth.o(.bss)
    DMATxDscrTab                             0x20000528   Data         160  stm32f4x7_eth.o(.bss)
    Rx_Buff                                  0x200005c8   Data        7620  stm32f4x7_eth.o(.bss)
    Tx_Buff                                  0x2000238c   Data        7620  stm32f4x7_eth.o(.bss)
    RX_Frame_Descriptor                      0x20004150   Data          12  stm32f4x7_eth.o(.bss)
    __initial_sp                             0x200100f8   Data           0  startup_stm32f4xx.o(STACK)



==============================================================================

Memory Map of the image

  Image Entry point : 0x08000189

  Load Region LR_IROM1 (Base: 0x08000000, Size: 0x00019900, Max: 0x00100000, ABSOLUTE, COMPRESSED[0x00019768])

    Execution Region ER_IROM1 (Exec base: 0x08000000, Load base: 0x08000000, Size: 0x000196c4, Max: 0x00100000, ABSOLUTE)

    Exec Addr    Load Addr    Size         Type   Attr      Idx    E Section Name        Object

    0x08000000   0x08000000   0x00000188   Data   RO         1516    RESET               startup_stm32f4xx.o
    0x08000188   0x08000188   0x00000000   Code   RO         1521  * .ARM.Collect$$$$00000000  mc_w.l(entry.o)
    0x08000188   0x08000188   0x00000004   Code   RO         1811    .ARM.Collect$$$$00000001  mc_w.l(entry2.o)
    0x0800018c   0x0800018c   0x00000004   Code   RO         1814    .ARM.Collect$$$$00000004  mc_w.l(entry5.o)
    0x08000190   0x08000190   0x00000000   Code   RO         1816    .ARM.Collect$$$$00000008  mc_w.l(entry7b.o)
    0x08000190   0x08000190   0x00000000   Code   RO         1818    .ARM.Collect$$$$0000000A  mc_w.l(entry8b.o)
    0x08000190   0x08000190   0x00000008   Code   RO         1819    .ARM.Collect$$$$0000000B  mc_w.l(entry9a.o)
    0x08000198   0x08000198   0x00000000   Code   RO         1821    .ARM.Collect$$$$0000000D  mc_w.l(entry10a.o)
    0x08000198   0x08000198   0x00000000   Code   RO         1823    .ARM.Collect$$$$0000000F  mc_w.l(entry11a.o)
    0x08000198   0x08000198   0x00000004   Code   RO         1812    .ARM.Collect$$$$00002712  mc_w.l(entry2.o)
    0x0800019c   0x0800019c   0x00000088   Code   RO         1481    .emb_text           port.o
    0x08000224   0x08000224   0x0000014c   Code   RO            2    .text               main.o
    0x08000370   0x08000370   0x00000184   Code   RO          280    .text               system_stm32f4xx.o
    0x080004f4   0x080004f4   0x00000050   Code   RO          302    .text               stm32f4xx_it.o
    0x08000544   0x08000544   0x000000c0   Code   RO          326    .text               netconf.o
    0x08000604   0x08000604   0x00000244   Code   RO          391    .text               stm32f4x7_eth_bsp.o
    0x08000848   0x08000848   0x000000dc   Code   RO          409    .text               fs.o
    0x08000924   0x08000924   0x000003e8   Code   RO          446    .text               httpserver-netconn.o
    0x08000d0c   0x08000d0c   0x000000c4   Code   RO          473    .text               custom_stm32f4_board.o
    0x08000dd0   0x08000dd0   0x00000214   Code   RO          494    .text               tm_stm32f4_dma.o
    0x08000fe4   0x08000fe4   0x000006e0   Code   RO          516    .text               tm_stm32f4_usart.o
    0x080016c4   0x080016c4   0x0000018c   Code   RO          541    .text               tm_stm32f4_usart_dma.o
    0x08001850   0x08001850   0x000002c0   Code   RO          563    .text               tm_stm32f4_gpio.o
    0x08001b10   0x08001b10   0x00000e0c   Code   RO          581    .text               stm32f4_discovery_lcd.o
    0x0800291c   0x0800291c   0x0000043c   Code   RO          613    .text               stm32f4_discovery.o
    0x08002d58   0x08002d58   0x000000ec   Code   RO          634    .text               stm32f4xx_exti.o
    0x08002e44   0x08002e44   0x000004b4   Code   RO          650    .text               stm32f4xx_fsmc.o
    0x080032f8   0x080032f8   0x00000224   Code   RO          666    .text               stm32f4xx_gpio.o
    0x0800351c   0x0800351c   0x00000434   Code   RO          682    .text               stm32f4xx_rcc.o
    0x08003950   0x08003950   0x000001bc   Code   RO          700    .text               stm32f4xx_sdio.o
    0x08003b0c   0x08003b0c   0x00000070   Code   RO          716    .text               stm32f4xx_syscfg.o
    0x08003b7c   0x08003b7c   0x000003b4   Code   RO          732    .text               stm32f4xx_usart.o
    0x08003f30   0x08003f30   0x000000bc   Code   RO          748    .text               misc.o
    0x08003fec   0x08003fec   0x00000344   Code   RO          780    .text               stm32f4xx_dma.o
    0x08004330   0x08004330   0x00000bb0   Code   RO          796    .text               stm32f4x7_eth.o
    0x08004ee0   0x08004ee0   0x000002f8   Code   RO          820    .text               api_lib.o
    0x080051d8   0x080051d8   0x00000948   Code   RO          855    .text               api_msg.o
    0x08005b20   0x08005b20   0x0000014c   Code   RO          885    .text               netbuf.o
    0x08005c6c   0x08005c6c   0x00000324   Code   RO          918    .text               tcpip.o
    0x08005f90   0x08005f90   0x0000038c   Code   RO          965    .text               udp.o
    0x0800631c   0x0800631c   0x0000001c   Code   RO         1006    .text               init.o
    0x08006338   0x08006338   0x00000290   Code   RO         1035    .text               mem.o
    0x080065c8   0x080065c8   0x00000088   Code   RO         1050    .text               memp.o
    0x08006650   0x08006650   0x0000019c   Code   RO         1079    .text               netif.o
    0x080067ec   0x080067ec   0x0000043e   Code   RO         1101    .text               pbuf.o
    0x08006c2a   0x08006c2a   0x00000002   PAD
    0x08006c2c   0x08006c2c   0x00000170   Code   RO         1113    .text               raw.o
    0x08006d9c   0x08006d9c   0x000001f4   Code   RO         1133    .text               sys.o
    0x08006f90   0x08006f90   0x0000095c   Code   RO         1154    .text               tcp.o
    0x080078ec   0x080078ec   0x00000da8   Code   RO         1175    .text               tcp_in.o
    0x08008694   0x08008694   0x0000091e   Code   RO         1195    .text               tcp_out.o
    0x08008fb2   0x08008fb2   0x00000002   PAD
    0x08008fb4   0x08008fb4   0x00000e24   Code   RO         1213    .text               dhcp.o
    0x08009dd8   0x08009dd8   0x00000330   Code   RO         1226    .text               autoip.o
    0x0800a108   0x0800a108   0x000001b2   Code   RO         1241    .text               icmp.o
    0x0800a2ba   0x0800a2ba   0x00000002   PAD
    0x0800a2bc   0x0800a2bc   0x000001b0   Code   RO         1259    .text               inet.o
    0x0800a46c   0x0800a46c   0x00000114   Code   RO         1272    .text               inet_chksum.o
    0x0800a580   0x0800a580   0x000002e4   Code   RO         1284    .text               ip.o
    0x0800a864   0x0800a864   0x0000003e   Code   RO         1302    .text               ip_addr.o
    0x0800a8a2   0x0800a8a2   0x00000002   PAD
    0x0800a8a4   0x0800a8a4   0x000005b8   Code   RO         1331    .text               etharp.o
    0x0800ae5c   0x0800ae5c   0x0000023c   Code   RO         1367    .text               ethernetif.o
    0x0800b098   0x0800b098   0x000001fc   Code   RO         1386    .text               sys_arch.o
    0x0800b294   0x0800b294   0x0000008c   Code   RO         1426    .text               list.o
    0x0800b320   0x0800b320   0x0000048a   Code   RO         1444    .text               queue.o
    0x0800b7aa   0x0800b7aa   0x00000002   PAD
    0x0800b7ac   0x0800b7ac   0x00000874   Code   RO         1459    .text               tasks.o
    0x0800c020   0x0800c020   0x000000a0   Code   RO         1482    .text               port.o
    0x0800c0c0   0x0800c0c0   0x000000f8   Code   RO         1499    .text               heap_2.o
    0x0800c1b8   0x0800c1b8   0x00000024   Code   RO         1517    .text               startup_stm32f4xx.o
    0x0800c1dc   0x0800c1dc   0x00000024   Code   RO         1524    .text               mc_w.l(memcpya.o)
    0x0800c200   0x0800c200   0x00000024   Code   RO         1526    .text               mc_w.l(memseta.o)
    0x0800c224   0x0800c224   0x00000018   Code   RO         1528    .text               mc_w.l(strcat.o)
    0x0800c23c   0x0800c23c   0x00000018   Code   RO         1530    .text               mc_w.l(strncpy.o)
    0x0800c254   0x0800c254   0x0000000e   Code   RO         1532    .text               mc_w.l(strlen.o)
    0x0800c262   0x0800c262   0x0000001c   Code   RO         1534    .text               mc_w.l(strcmp.o)
    0x0800c27e   0x0800c27e   0x0000001a   Code   RO         1536    .text               mc_w.l(memcmp.o)
    0x0800c298   0x0800c298   0x0000001e   Code   RO         1538    .text               mc_w.l(strncmp.o)
    0x0800c2b6   0x0800c2b6   0x00000022   Code   RO         1803    .text               mf_w.l(dflti.o)
    0x0800c2d8   0x0800c2d8   0x0000001a   Code   RO         1805    .text               mf_w.l(dfltui.o)
    0x0800c2f2   0x0800c2f2   0x00000002   PAD
    0x0800c2f4   0x0800c2f4   0x00000030   Code   RO         1807    .text               mf_w.l(cdcmple.o)
    0x0800c324   0x0800c324   0x00000030   Code   RO         1809    .text               mf_w.l(cdrcmple.o)
    0x0800c354   0x0800c354   0x0000002c   Code   RO         1826    .text               mc_w.l(uidiv.o)
    0x0800c380   0x0800c380   0x00000062   Code   RO         1828    .text               mc_w.l(uldiv.o)
    0x0800c3e2   0x0800c3e2   0x00000000   Code   RO         1830    .text               mc_w.l(iusefp.o)
    0x0800c3e2   0x0800c3e2   0x000000ba   Code   RO         1831    .text               mf_w.l(depilogue.o)
    0x0800c49c   0x0800c49c   0x0000014e   Code   RO         1833    .text               mf_w.l(dadd.o)
    0x0800c5ea   0x0800c5ea   0x000000e4   Code   RO         1835    .text               mf_w.l(dmul.o)
    0x0800c6ce   0x0800c6ce   0x000000de   Code   RO         1837    .text               mf_w.l(ddiv.o)
    0x0800c7ac   0x0800c7ac   0x00000030   Code   RO         1839    .text               mf_w.l(dfixul.o)
    0x0800c7dc   0x0800c7dc   0x00000024   Code   RO         1841    .text               mc_w.l(init.o)
    0x0800c800   0x0800c800   0x0000001e   Code   RO         1843    .text               mc_w.l(llshl.o)
    0x0800c81e   0x0800c81e   0x00000020   Code   RO         1845    .text               mc_w.l(llushr.o)
    0x0800c83e   0x0800c83e   0x00000024   Code   RO         1847    .text               mc_w.l(llsshr.o)
    0x0800c862   0x0800c862   0x00000056   Code   RO         1857    .text               mc_w.l(__dczerorl2.o)
    0x0800c8b8   0x0800c8b8   0x00000020   Code   RO         1631    i.__0printf$3       mc_w.l(printf3.o)
    0x0800c8d8   0x0800c8d8   0x00000028   Code   RO         1633    i.__0sprintf$3      mc_w.l(printf3.o)
    0x0800c900   0x0800c900   0x0000002c   Code   RO         1780    i.__0vsnprintf      mc_w.l(printfa.o)
    0x0800c92c   0x0800c92c   0x0000000e   Code   RO         1851    i.__scatterload_copy  mc_w.l(handlers.o)
    0x0800c93a   0x0800c93a   0x00000002   Code   RO         1852    i.__scatterload_null  mc_w.l(handlers.o)
    0x0800c93c   0x0800c93c   0x0000000e   Code   RO         1853    i.__scatterload_zeroinit  mc_w.l(handlers.o)
    0x0800c94a   0x0800c94a   0x00000002   PAD
    0x0800c94c   0x0800c94c   0x00000184   Code   RO         1782    i._fp_digits        mc_w.l(printfa.o)
    0x0800cad0   0x0800cad0   0x000001b8   Code   RO         1638    i._printf_core      mc_w.l(printf3.o)
    0x0800cc88   0x0800cc88   0x000006dc   Code   RO         1783    i._printf_core      mc_w.l(printfa.o)
    0x0800d364   0x0800d364   0x00000024   Code   RO         1784    i._printf_post_padding  mc_w.l(printfa.o)
    0x0800d388   0x0800d388   0x0000002e   Code   RO         1785    i._printf_pre_padding  mc_w.l(printfa.o)
    0x0800d3b6   0x0800d3b6   0x00000016   Code   RO         1786    i._snputc           mc_w.l(printfa.o)
    0x0800d3cc   0x0800d3cc   0x0000000a   Code   RO         1640    i._sputc            mc_w.l(printf3.o)
    0x0800d3d6   0x0800d3d6   0x00000c57   Data   RO          411    .constdata          fs.o
    0x0800e02d   0x0800e02d   0x00000aba   Data   RO          412    .constdata          fs.o
    0x0800eae7   0x0800eae7   0x0000665d   Data   RO          413    .constdata          fs.o
    0x08015144   0x08015144   0x000004db   Data   RO          414    .constdata          fs.o
    0x0801561f   0x0801561f   0x000026c4   Data   RO          415    .constdata          fs.o
    0x08017ce3   0x08017ce3   0x00000001   PAD
    0x08017ce4   0x08017ce4   0x00000014   Data   RO          416    .constdata          fs.o
    0x08017cf8   0x08017cf8   0x00000014   Data   RO          417    .constdata          fs.o
    0x08017d0c   0x08017d0c   0x00000014   Data   RO          418    .constdata          fs.o
    0x08017d20   0x08017d20   0x00000014   Data   RO          419    .constdata          fs.o
    0x08017d34   0x08017d34   0x00000014   Data   RO          420    .constdata          fs.o
    0x08017d48   0x08017d48   0x0000063c   Data   RO          447    .constdata          httpserver-netconn.o
    0x08018384   0x08018384   0x00000018   Data   RO          474    .constdata          custom_stm32f4_board.o
    0x0801839c   0x0801839c   0x00000014   Data   RO          495    .constdata          tm_stm32f4_dma.o
    0x080183b0   0x080183b0   0x000011d0   Data   RO          582    .constdata          stm32f4_discovery_lcd.o
    0x08019580   0x08019580   0x00000054   Data   RO          614    .constdata          stm32f4_discovery.o
    0x080195d4   0x080195d4   0x00000030   Data   RO         1052    .constdata          memp.o
    0x08019604   0x08019604   0x00000014   Data   RO         1155    .constdata          tcp.o
    0x08019618   0x08019618   0x00000004   Data   RO         1303    .constdata          ip_addr.o
    0x0801961c   0x0801961c   0x00000004   Data   RO         1304    .constdata          ip_addr.o
    0x08019620   0x08019620   0x0000000c   Data   RO         1333    .constdata          etharp.o
    0x0801962c   0x0801962c   0x00000075   Data   RO         1156    .conststring        tcp.o
    0x080196a1   0x080196a1   0x00000003   PAD
    0x080196a4   0x080196a4   0x00000020   Data   RO         1849    Region$$Table       anon$$obj.o


    Execution Region RW_IRAM1 (Exec base: 0x20000000, Load base: 0x080196c4, Size: 0x000100f8, Max: 0x00020000, ABSOLUTE, COMPRESSED[0x000000a4])

    Exec Addr    Load Addr    Size         Type   Attr      Idx    E Section Name        Object

    0x20000000   COMPRESSED   0x00000014   Data   RW          281    .data               system_stm32f4xx.o
    0x20000014   COMPRESSED   0x00000004   Data   RW          392    .data               stm32f4x7_eth_bsp.o
    0x20000018   COMPRESSED   0x00000004   Data   RW          448    .data               httpserver-netconn.o
    0x2000001c   COMPRESSED   0x0000000c   Data   RW          475    .data               custom_stm32f4_board.o
    0x20000028   COMPRESSED   0x00000060   Data   RW          523    .data               tm_stm32f4_usart.o
    0x20000088   COMPRESSED   0x00000030   Data   RW          543    .data               tm_stm32f4_usart_dma.o
    0x200000b8   COMPRESSED   0x00000010   Data   RW          586    .data               stm32f4_discovery_lcd.o
    0x200000c8   COMPRESSED   0x0000002c   Data   RW          615    .data               stm32f4_discovery.o
    0x200000f4   COMPRESSED   0x00000010   Data   RW          683    .data               stm32f4xx_rcc.o
    0x20000104   COMPRESSED   0x0000000c   Data   RW          802    .data               stm32f4x7_eth.o
    0x20000110   COMPRESSED   0x00000010   Data   RW          919    .data               tcpip.o
    0x20000120   COMPRESSED   0x00000004   Data   RW          966    .data               udp.o
    0x20000124   COMPRESSED   0x00000010   Data   RW         1037    .data               mem.o
    0x20000134   COMPRESSED   0x0000000c   Data   RW         1080    .data               netif.o
    0x20000140   COMPRESSED   0x00000004   Data   RW         1114    .data               raw.o
    0x20000144   COMPRESSED   0x0000004c   Data   RW         1157    .data               tcp.o
    0x20000190   COMPRESSED   0x0000001c   Data   RW         1177    .data               tcp_in.o
    0x200001ac   COMPRESSED   0x00000004   Data   RW         1214    .data               dhcp.o
    0x200001b0   COMPRESSED   0x0000000c   Data   RW         1285    .data               ip.o
    0x200001bc   COMPRESSED   0x00000001   Data   RW         1334    .data               etharp.o
    0x200001bd   COMPRESSED   0x00000003   PAD
    0x200001c0   COMPRESSED   0x0000000c   Data   RW         1368    .data               ethernetif.o
    0x200001cc   COMPRESSED   0x00000002   Data   RW         1388    .data               sys_arch.o
    0x200001ce   COMPRESSED   0x00000002   PAD
    0x200001d0   COMPRESSED   0x0000004c   Data   RW         1461    .data               tasks.o
    0x2000021c   COMPRESSED   0x00000004   Data   RW         1483    .data               port.o
    0x20000220   COMPRESSED   0x00000018   Data   RW         1501    .data               heap_2.o
    0x20000238   COMPRESSED   0x00000004   Data   RW         1825    .data               mc_w.l(stdout.o)
    0x2000023c        -       0x00000010   Zero   RW            3    .bss                main.o
    0x2000024c        -       0x00000038   Zero   RW          327    .bss                netconf.o
    0x20000284        -       0x000000f0   Zero   RW          410    .bss                fs.o
    0x20000374        -       0x00000020   Zero   RW          517    .bss                tm_stm32f4_usart.o
    0x20000394        -       0x00000020   Zero   RW          518    .bss                tm_stm32f4_usart.o
    0x200003b4        -       0x00000020   Zero   RW          519    .bss                tm_stm32f4_usart.o
    0x200003d4        -       0x00000020   Zero   RW          520    .bss                tm_stm32f4_usart.o
    0x200003f4        -       0x00000020   Zero   RW          521    .bss                tm_stm32f4_usart.o
    0x20000414        -       0x00000020   Zero   RW          522    .bss                tm_stm32f4_usart.o
    0x20000434        -       0x0000003c   Zero   RW          542    .bss                tm_stm32f4_usart_dma.o
    0x20000470        -       0x00000016   Zero   RW          564    .bss                tm_stm32f4_gpio.o
    0x20000486   COMPRESSED   0x00000002   PAD
    0x20000488        -       0x000000a0   Zero   RW          797    .bss                stm32f4x7_eth.o
    0x20000528        -       0x000000a0   Zero   RW          798    .bss                stm32f4x7_eth.o
    0x200005c8        -       0x00001dc4   Zero   RW          799    .bss                stm32f4x7_eth.o
    0x2000238c        -       0x00001dc4   Zero   RW          800    .bss                stm32f4x7_eth.o
    0x20004150        -       0x0000000c   Zero   RW          801    .bss                stm32f4x7_eth.o
    0x2000415c        -       0x00001414   Zero   RW         1036    .bss                mem.o
    0x20005570        -       0x00002b83   Zero   RW         1051    .bss                memp.o
    0x200080f3   COMPRESSED   0x00000001   PAD
    0x200080f4        -       0x00000014   Zero   RW         1176    .bss                tcp_in.o
    0x20008108        -       0x00000010   Zero   RW         1260    .bss                inet.o
    0x20008118        -       0x000000a0   Zero   RW         1332    .bss                etharp.o
    0x200081b8        -       0x00000030   Zero   RW         1387    .bss                sys_arch.o
    0x200081e8        -       0x0000010e   Zero   RW         1460    .bss                tasks.o
    0x200082f6   COMPRESSED   0x00000002   PAD
    0x200082f8        -       0x00003c00   Zero   RW         1500    .bss                heap_2.o
    0x2000bef8        -       0x00004200   Zero   RW         1514    STACK               startup_stm32f4xx.o


==============================================================================

Image component sizes


      Code (inc. data)   RO Data    RW Data    ZI Data      Debug   Object Name

       760         44          0          0          0      20638   api_lib.o
      2376         32          0          0          0       9403   api_msg.o
       816         32          0          0          0       4690   autoip.o
       196         10         24         12          0       2279   custom_stm32f4_board.o
      3620         48          0          4          0      12877   dhcp.o
      1464         24         12          1        160       9502   etharp.o
       572         56          0         12          0       4090   ethernetif.o
       220         10      43377          0        240       5113   fs.o
       248         10          0         24      15360       3860   heap_2.o
      1000        464       1596          4          0       8508   httpserver-netconn.o
       434          0          0          0          0       2791   icmp.o
       432         12          0          0         16       3404   inet.o
       276          0          0          0          0       2898   inet_chksum.o
        28          0          0          0          0       1971   init.o
       740         14          0         12          0       6582   ip.o
        62          0          8          0          0       5977   ip_addr.o
       140          0          0          0          0       3505   list.o
       332         80          0          0         16     382737   main.o
       656         10          0         16       5140       4278   mem.o
       136          8         48          0      11139       2774   memp.o
       188         14          0          0          0       2193   misc.o
       332          0          0          0          0       3485   netbuf.o
       192         22          0          0         56       9866   netconf.o
       412         12          0         12          0       5860   netif.o
      1086          0          0          0          0       6088   pbuf.o
       296         24          0          4          0       2841   port.o
      1162          0          0          0          0       8229   queue.o
       368          4          0          4          0       3989   raw.o
        36          8        392          0      16896        816   startup_stm32f4xx.o
      1084         30         84         44          0       5259   stm32f4_discovery.o
      3596         46       4560         16          0      15074   stm32f4_discovery_lcd.o
      2992         90          0         12      15572      21288   stm32f4x7_eth.o
       580         64          0          4          0       1981   stm32f4x7_eth_bsp.o
       836         34          0          0          0       7113   stm32f4xx_dma.o
       236         10          0          0          0       2679   stm32f4xx_exti.o
      1204          8          0          0          0       6255   stm32f4xx_fsmc.o
       548         36          0          0          0       4677   stm32f4xx_gpio.o
        80          4          0          0          0       1493   stm32f4xx_it.o
      1076         44          0         16          0      12023   stm32f4xx_rcc.o
       444         16          0          0          0       7620   stm32f4xx_sdio.o
       112         16          0          0          0       1679   stm32f4xx_syscfg.o
       948         24          0          0          0       8708   stm32f4xx_usart.o
       500          6          0          0          0       3696   sys.o
       508         10          0          2         48       5746   sys_arch.o
       388         36          0         20          0       1995   system_stm32f4xx.o
      2164         62          0         76        270      13937   tasks.o
      2396         46        137         76          0      18920   tcp.o
      3496         66          0         28         20      14144   tcp_in.o
      2334         12          0          0          0       7866   tcp_out.o
       804         58          0         16          0      15701   tcpip.o
       532         18         20          0          0      24009   tm_stm32f4_dma.o
       704         14          0          0         22       5520   tm_stm32f4_gpio.o
      1760         80          0         96        192       9403   tm_stm32f4_usart.o
       396         40          0         48         60       4099   tm_stm32f4_usart_dma.o
       908         10          0          4          0      14463   udp.o

    ----------------------------------------------------------------------
     49216       1818      50294        568      65212     776592   Object Totals
         0          0         32          0          0          0   (incl. Generated)
        10          0          4          5          5          0   (incl. Padding)

    ----------------------------------------------------------------------

      Code (inc. data)   RO Data    RW Data    ZI Data      Debug   Library Member Name

        86          0          0          0          0          0   __dczerorl2.o
         0          0          0          0          0          0   entry.o
         0          0          0          0          0          0   entry10a.o
         0          0          0          0          0          0   entry11a.o
         8          4          0          0          0          0   entry2.o
         4          0          0          0          0          0   entry5.o
         0          0          0          0          0          0   entry7b.o
         0          0          0          0          0          0   entry8b.o
         8          4          0          0          0          0   entry9a.o
        30          0          0          0          0          0   handlers.o
        36          8          0          0          0         68   init.o
         0          0          0          0          0          0   iusefp.o
        30          0          0          0          0         68   llshl.o
        36          0          0          0          0         68   llsshr.o
        32          0          0          0          0         68   llushr.o
        26          0          0          0          0         80   memcmp.o
        36          0          0          0          0         68   memcpya.o
        36          0          0          0          0        108   memseta.o
       522         20          0          0          0        336   printf3.o
      2292         84          0          0          0        516   printfa.o
         0          0          0          4          0          0   stdout.o
        24          0          0          0          0         68   strcat.o
        28          0          0          0          0         76   strcmp.o
        14          0          0          0          0         68   strlen.o
        30          0          0          0          0         80   strncmp.o
        24          0          0          0          0         76   strncpy.o
        44          0          0          0          0         80   uidiv.o
        98          0          0          0          0         92   uldiv.o
        48          0          0          0          0         68   cdcmple.o
        48          0          0          0          0         68   cdrcmple.o
       334          0          0          0          0        148   dadd.o
       222          0          0          0          0        100   ddiv.o
       186          0          0          0          0        176   depilogue.o
        48          0          0          0          0         68   dfixul.o
        34          0          0          0          0         76   dflti.o
        26          0          0          0          0         76   dfltui.o
       228          0          0          0          0         96   dmul.o

    ----------------------------------------------------------------------
      4622        120          0          4          0       2796   Library Totals
         4          0          0          0          0          0   (incl. Padding)

    ----------------------------------------------------------------------

      Code (inc. data)   RO Data    RW Data    ZI Data      Debug   Library Name

      3444        120          0          4          0       1920   mc_w.l
      1174          0          0          0          0        876   mf_w.l

    ----------------------------------------------------------------------
      4622        120          0          4          0       2796   Library Totals

    ----------------------------------------------------------------------

==============================================================================


      Code (inc. data)   RO Data    RW Data    ZI Data      Debug   

     53838       1938      50294        572      65212     772184   Grand Totals
     53838       1938      50294        164      65212     772184   ELF Image Totals (compressed)
     53838       1938      50294        164          0          0   ROM Totals

==============================================================================

    Total RO  Size (Code + RO Data)               104132 ( 101.69kB)
    Total RW  Size (RW Data + ZI Data)             65784 (  64.24kB)
    Total ROM Size (Code + RO Data + RW Data)     104296 ( 101.85kB)

==============================================================================

