Component: ARM Compiler 5.06 update 6 (build 750) Tool: armlink [4d35ed]

==============================================================================

Section Cross References

    main.o(.text) refers to stm32f4_discovery.o(.text) for STM_EVAL_LEDToggle
    main.o(.text) refers to tasks.o(.text) for vTaskDelay
    main.o(.text) refers to stm32f4x7_eth_bsp.o(.text) for ETH_BSP_Config
    main.o(.text) refers to netconf.o(.text) for LwIP_Init
    main.o(.text) refers to httpserver-netconn.o(.text) for http_server_netconn_init
    system_stm32f4xx.o(.text) refers to system_stm32f4xx.o(.data) for .data
    stm32f4xx_it.o(.text) refers to port.o(.text) for xPortSysTickHandler
    stm32f4xx_it.o(.text) refers to stm32f4x7_eth.o(.text) for ETH_GetDMAFlagStatus
    stm32f4xx_it.o(.text) refers to queue.o(.text) for xQueueGenericSendFromISR
    stm32f4xx_it.o(.text) refers to ethernetif.o(.data) for s_xSemaphore
    netconf.o(.text) refers to tcpip.o(.text) for tcpip_init
    netconf.o(.text) refers to netif.o(.text) for netif_add
    netconf.o(.text) refers to dhcp.o(.text) for dhcp_start
    netconf.o(.text) refers to tasks.o(.text) for vTaskDelete
    netconf.o(.text) refers to inet.o(.text) for htonl
    netconf.o(.text) refers to ethernetif.o(.text) for ethernetif_init
    netconf.o(.text) refers to netconf.o(.bss) for .bss
    stm32f4x7_eth_bsp.o(.text) refers to stm32f4xx_rcc.o(.text) for RCC_AHB1PeriphClockCmd
    stm32f4x7_eth_bsp.o(.text) refers to stm32f4x7_eth.o(.text) for ETH_DeInit
    stm32f4x7_eth_bsp.o(.text) refers to misc.o(.text) for NVIC_PriorityGroupConfig
    stm32f4x7_eth_bsp.o(.text) refers to stm32f4xx_syscfg.o(.text) for SYSCFG_ETH_MediaInterfaceConfig
    stm32f4x7_eth_bsp.o(.text) refers to stm32f4xx_gpio.o(.text) for GPIO_Init
    stm32f4x7_eth_bsp.o(.text) refers to stm32f4_discovery_lcd.o(.text) for LCD_SetTextColor
    stm32f4x7_eth_bsp.o(.text) refers to stm32f4x7_eth_bsp.o(.data) for .data
    fs.o(.text) refers to strcmp.o(.text) for strcmp
    fs.o(.text) refers to memcpya.o(.text) for __aeabi_memcpy
    fs.o(.text) refers to fs.o(.bss) for .bss
    fs.o(.text) refers to fs.o(.constdata) for .constdata
    fs.o(.constdata) refers to fs.o(.constdata) for data__STM32F4x7_files_logo_jpg
    fs.o(.constdata) refers to fs.o(.constdata) for file__STM32F4x7_files_logo_jpg
    fs.o(.constdata) refers to fs.o(.constdata) for data__STM32F4x7_files_ST_gif
    fs.o(.constdata) refers to fs.o(.constdata) for file__STM32F4x7_files_ST_gif
    fs.o(.constdata) refers to fs.o(.constdata) for data__STM32F4x7_files_stm32_jpg
    fs.o(.constdata) refers to fs.o(.constdata) for file__STM32F4x7_files_stm32_jpg
    fs.o(.constdata) refers to fs.o(.constdata) for data__404_html
    fs.o(.constdata) refers to fs.o(.constdata) for file__404_html
    fs.o(.constdata) refers to fs.o(.constdata) for data__STM32F4x7_html
    httpserver-netconn.o(.text) refers to memseta.o(.text) for __aeabi_memclr4
    httpserver-netconn.o(.text) refers to printf3.o(i.__0sprintf$3) for __2sprintf
    httpserver-netconn.o(.text) refers to strcat.o(.text) for strcat
    httpserver-netconn.o(.text) refers to strlen.o(.text) for strlen
    httpserver-netconn.o(.text) refers to tasks.o(.text) for vTaskList
    httpserver-netconn.o(.text) refers to api_lib.o(.text) for netconn_write
    httpserver-netconn.o(.text) refers to netbuf.o(.text) for netbuf_data
    httpserver-netconn.o(.text) refers to strncmp.o(.text) for strncmp
    httpserver-netconn.o(.text) refers to fs.o(.text) for fs_open
    httpserver-netconn.o(.text) refers to printf3.o(i.__0printf$3) for __2printf
    httpserver-netconn.o(.text) refers to sys_arch.o(.text) for sys_thread_new
    httpserver-netconn.o(.text) refers to httpserver-netconn.o(.data) for .data
    httpserver-netconn.o(.text) refers to httpserver-netconn.o(.constdata) for .constdata
    stm32f4_discovery_lcd.o(.text) refers to stm32f4xx_fsmc.o(.text) for FSMC_NORSRAMCmd
    stm32f4_discovery_lcd.o(.text) refers to stm32f4xx_gpio.o(.text) for GPIO_Init
    stm32f4_discovery_lcd.o(.text) refers to stm32f4xx_rcc.o(.text) for RCC_AHB1PeriphClockCmd
    stm32f4_discovery_lcd.o(.text) refers to stm32f4_discovery_lcd.o(.data) for .data
    stm32f4_discovery_lcd.o(.text) refers to dfltui.o(.text) for __aeabi_ui2d
    stm32f4_discovery_lcd.o(.text) refers to dflti.o(.text) for __aeabi_i2d
    stm32f4_discovery_lcd.o(.text) refers to cdcmple.o(.text) for __aeabi_cdcmple
    stm32f4_discovery_lcd.o(.text) refers to cdrcmple.o(.text) for __aeabi_cdrcmple
    stm32f4_discovery_lcd.o(.data) refers to stm32f4_discovery_lcd.o(.constdata) for ASCII16x24_Table
    stm32f4_discovery_lcd.o(.data) refers to stm32f4_discovery_lcd.o(.constdata) for ASCII12x12_Table
    stm32f4_discovery_lcd.o(.data) refers to stm32f4_discovery_lcd.o(.constdata) for ASCII8x12_Table
    stm32f4_discovery_lcd.o(.data) refers to stm32f4_discovery_lcd.o(.constdata) for ASCII8x8_Table
[...]
    LCD_PolyLine                             0x080017c1   Thumb Code    40  stm32f4_discovery_lcd.o(.text)
    LCD_ClosedPolyLine                       0x08001849   Thumb Code    34  stm32f4_discovery_lcd.o(.text)
    LCD_PolyLineRelative                     0x0800186b   Thumb Code     4  stm32f4_discovery_lcd.o(.text)
    LCD_ClosedPolyLineRelative               0x0800186f   Thumb Code     4  stm32f4_discovery_lcd.o(.text)
    LCD_FillPolyLine                         0x08001873   Thumb Code   458  stm32f4_discovery_lcd.o(.text)
    STM_EVAL_LEDInit                         0x08001a41   Thumb Code    62  stm32f4_discovery.o(.text)
    STM_EVAL_LEDOn                           0x08001a7f   Thumb Code    18  stm32f4_discovery.o(.text)
    STM_EVAL_LEDOff                          0x08001a91   Thumb Code    18  stm32f4_discovery.o(.text)
    STM_EVAL_LEDToggle                       0x08001aa3   Thumb Code    22  stm32f4_discovery.o(.text)
    STM_EVAL_PBInit                          0x08001ab9   Thumb Code   148  stm32f4_discovery.o(.text)
    STM_EVAL_PBGetState                      0x08001b4d   Thumb Code    20  stm32f4_discovery.o(.text)
    STM_EVAL_COMInit                         0x08001b61   Thumb Code   192  stm32f4_discovery.o(.text)
    SD_LowLevel_DeInit                       0x08001c21   Thumb Code   142  stm32f4_discovery.o(.text)
    SD_LowLevel_Init                         0x08001caf   Thumb Code   178  stm32f4_discovery.o(.text)
    SD_LowLevel_DMA_TxConfig                 0x08001d61   Thumb Code   128  stm32f4_discovery.o(.text)
    SD_LowLevel_DMA_RxConfig                 0x08001de1   Thumb Code   156  stm32f4_discovery.o(.text)
    EXTI_DeInit                              0x08001e7d   Thumb Code    28  stm32f4xx_exti.o(.text)
    EXTI_Init                                0x08001e99   Thumb Code   110  stm32f4xx_exti.o(.text)
    EXTI_StructInit                          0x08001f07   Thumb Code    14  stm32f4xx_exti.o(.text)
    EXTI_GenerateSWInterrupt                 0x08001f15   Thumb Code    12  stm32f4xx_exti.o(.text)
    EXTI_GetFlagStatus                       0x08001f21   Thumb Code    18  stm32f4xx_exti.o(.text)
    EXTI_ClearFlag                           0x08001f33   Thumb Code     8  stm32f4xx_exti.o(.text)
    EXTI_GetITStatus                         0x08001f3b   Thumb Code    28  stm32f4xx_exti.o(.text)
    EXTI_ClearITPendingBit                   0x08001f57   Thumb Code     8  stm32f4xx_exti.o(.text)
    FSMC_NORSRAMDeInit                       0x08001f69   Thumb Code    48  stm32f4xx_fsmc.o(.text)
    FSMC_NORSRAMInit                         0x08001f99   Thumb Code   202  stm32f4xx_fsmc.o(.text)
    FSMC_NORSRAMStructInit                   0x08002063   Thumb Code    98  stm32f4xx_fsmc.o(.text)
    FSMC_NORSRAMCmd                          0x080020c5   Thumb Code    30  stm32f4xx_fsmc.o(.text)
    FSMC_NANDDeInit                          0x080020e3   Thumb Code    40  stm32f4xx_fsmc.o(.text)
    FSMC_NANDInit                            0x0800210b   Thumb Code   104  stm32f4xx_fsmc.o(.text)
    FSMC_NANDStructInit                      0x08002173   Thumb Code    54  stm32f4xx_fsmc.o(.text)
    FSMC_NANDCmd                             0x080021a9   Thumb Code    60  stm32f4xx_fsmc.o(.text)
    FSMC_NANDECCCmd                          0x080021e5   Thumb Code    60  stm32f4xx_fsmc.o(.text)
    FSMC_GetECC                              0x08002221   Thumb Code    18  stm32f4xx_fsmc.o(.text)
    FSMC_PCCARDDeInit                        0x08002233   Thumb Code    22  stm32f4xx_fsmc.o(.text)
    FSMC_PCCARDInit                          0x08002249   Thumb Code    98  stm32f4xx_fsmc.o(.text)
    FSMC_PCCARDStructInit                    0x080022ab   Thumb Code    60  stm32f4xx_fsmc.o(.text)
    FSMC_PCCARDCmd                           0x080022e7   Thumb Code    34  stm32f4xx_fsmc.o(.text)
    FSMC_ITConfig                            0x08002309   Thumb Code    86  stm32f4xx_fsmc.o(.text)
    FSMC_GetFlagStatus                       0x0800235f   Thumb Code    40  stm32f4xx_fsmc.o(.text)
    FSMC_ClearFlag                           0x08002387   Thumb Code    42  stm32f4xx_fsmc.o(.text)
    FSMC_GetITStatus                         0x080023b1   Thumb Code    52  stm32f4xx_fsmc.o(.text)
    FSMC_ClearITPendingBit                   0x080023e5   Thumb Code    48  stm32f4xx_fsmc.o(.text)
    GPIO_DeInit                              0x0800241d   Thumb Code   240  stm32f4xx_gpio.o(.text)
    GPIO_Init                                0x0800250d   Thumb Code   124  stm32f4xx_gpio.o(.text)
    GPIO_StructInit                          0x08002589   Thumb Code    18  stm32f4xx_gpio.o(.text)
    GPIO_PinLockConfig                       0x0800259b   Thumb Code    26  stm32f4xx_gpio.o(.text)
    GPIO_ReadInputDataBit                    0x080025b5   Thumb Code    14  stm32f4xx_gpio.o(.text)
    GPIO_ReadInputData                       0x080025c3   Thumb Code     6  stm32f4xx_gpio.o(.text)
    GPIO_ReadOutputDataBit                   0x080025c9   Thumb Code    14  stm32f4xx_gpio.o(.text)
    GPIO_ReadOutputData                      0x080025d7   Thumb Code     6  stm32f4xx_gpio.o(.text)
    GPIO_SetBits                             0x080025dd   Thumb Code     4  stm32f4xx_gpio.o(.text)
    GPIO_ResetBits                           0x080025e1   Thumb Code     4  stm32f4xx_gpio.o(.text)
    GPIO_WriteBit                            0x080025e5   Thumb Code    12  stm32f4xx_gpio.o(.text)
    GPIO_Write                               0x080025f1   Thumb Code     4  stm32f4xx_gpio.o(.text)
    GPIO_ToggleBits                          0x080025f5   Thumb Code     8  stm32f4xx_gpio.o(.text)
    GPIO_PinAFConfig                         0x080025fd   Thumb Code    32  stm32f4xx_gpio.o(.text)
    RCC_DeInit                               0x08002641   Thumb Code    48  stm32f4xx_rcc.o(.text)
    RCC_HSEConfig                            0x08002671   Thumb Code    12  stm32f4xx_rcc.o(.text)
    RCC_GetFlagStatus                        0x0800267d   Thumb Code    50  stm32f4xx_rcc.o(.text)
    RCC_WaitForHSEStartUp                    0x080026af   Thumb Code    48  stm32f4xx_rcc.o(.text)
    RCC_AdjustHSICalibrationValue            0x080026df   Thumb Code    16  stm32f4xx_rcc.o(.text)
    RCC_HSICmd                               0x080026ef   Thumb Code     6  stm32f4xx_rcc.o(.text)
    RCC_LSEConfig                            0x080026f5   Thumb Code    30  stm32f4xx_rcc.o(.text)
    RCC_LSICmd                               0x08002713   Thumb Code     6  stm32f4xx_rcc.o(.text)
    RCC_PLLConfig                            0x08002719   Thumb Code    34  stm32f4xx_rcc.o(.text)
    RCC_PLLCmd                               0x0800273b   Thumb Code     6  stm32f4xx_rcc.o(.text)
    RCC_PLLI2SConfig                         0x08002741   Thumb Code    14  stm32f4xx_rcc.o(.text)
    RCC_PLLI2SCmd                            0x0800274f   Thumb Code     6  stm32f4xx_rcc.o(.text)
    RCC_ClockSecuritySystemCmd               0x08002755   Thumb Code     6  stm32f4xx_rcc.o(.text)
    RCC_MCO1Config                           0x0800275b   Thumb Code    18  stm32f4xx_rcc.o(.text)
    RCC_MCO2Config                           0x0800276d   Thumb Code    18  stm32f4xx_rcc.o(.text)
    RCC_SYSCLKConfig                         0x0800277f   Thumb Code    16  stm32f4xx_rcc.o(.text)
    RCC_GetSYSCLKSource                      0x0800278f   Thumb Code    12  stm32f4xx_rcc.o(.text)
    RCC_HCLKConfig                           0x0800279b   Thumb Code    16  stm32f4xx_rcc.o(.text)
    RCC_PCLK1Config                          0x080027ab   Thumb Code    16  stm32f4xx_rcc.o(.text)
    RCC_PCLK2Config                          0x080027bb   Thumb Code    18  stm32f4xx_rcc.o(.text)
    RCC_GetClocksFreq                        0x080027cd   Thumb Code   150  stm32f4xx_rcc.o(.text)
    RCC_RTCCLKConfig                         0x08002863   Thumb Code    42  stm32f4xx_rcc.o(.text)
    RCC_RTCCLKCmd                            0x0800288d   Thumb Code     8  stm32f4xx_rcc.o(.text)
    RCC_BackupResetCmd                       0x08002895   Thumb Code     8  stm32f4xx_rcc.o(.text)
    RCC_I2SCLKConfig                         0x0800289d   Thumb Code     6  stm32f4xx_rcc.o(.text)
    RCC_AHB1PeriphClockCmd                   0x080028a3   Thumb Code    24  stm32f4xx_rcc.o(.text)
    RCC_AHB2PeriphClockCmd                   0x080028bb   Thumb Code    24  stm32f4xx_rcc.o(.text)
    RCC_AHB3PeriphClockCmd                   0x080028d3   Thumb Code    24  stm32f4xx_rcc.o(.text)
    RCC_APB1PeriphClockCmd                   0x080028eb   Thumb Code    24  stm32f4xx_rcc.o(.text)
    RCC_APB2PeriphClockCmd                   0x08002903   Thumb Code    24  stm32f4xx_rcc.o(.text)
    RCC_AHB1PeriphResetCmd                   0x0800291b   Thumb Code    24  stm32f4xx_rcc.o(.text)
    RCC_AHB2PeriphResetCmd                   0x08002933   Thumb Code    24  stm32f4xx_rcc.o(.text)
    RCC_AHB3PeriphResetCmd                   0x0800294b   Thumb Code    24  stm32f4xx_rcc.o(.text)
    RCC_APB1PeriphResetCmd                   0x08002963   Thumb Code    24  stm32f4xx_rcc.o(.text)
    RCC_APB2PeriphResetCmd                   0x0800297b   Thumb Code    24  stm32f4xx_rcc.o(.text)
    RCC_AHB1PeriphClockLPModeCmd             0x08002993   Thumb Code    24  stm32f4xx_rcc.o(.text)
    RCC_AHB2PeriphClockLPModeCmd             0x080029ab   Thumb Code    24  stm32f4xx_rcc.o(.text)
    RCC_AHB3PeriphClockLPModeCmd             0x080029c3   Thumb Code    24  stm32f4xx_rcc.o(.text)
    RCC_APB1PeriphClockLPModeCmd             0x080029db   Thumb Code    24  stm32f4xx_rcc.o(.text)
    RCC_APB2PeriphClockLPModeCmd             0x080029f3   Thumb Code    24  stm32f4xx_rcc.o(.text)
    RCC_ITConfig                             0x08002a0b   Thumb Code    62  stm32f4xx_rcc.o(.text)
    RCC_ClearFlag                            0x08002a49   Thumb Code    12  stm32f4xx_rcc.o(.text)
    RCC_GetITStatus                          0x08002a55   Thumb Code    18  stm32f4xx_rcc.o(.text)
    RCC_ClearITPendingBit                    0x08002a67   Thumb Code     8  stm32f4xx_rcc.o(.text)
    SDIO_DeInit                              0x08002a75   Thumb Code    24  stm32f4xx_sdio.o(.text)
    SDIO_Init                                0x08002a8d   Thumb Code    40  stm32f4xx_sdio.o(.text)
    SDIO_StructInit                          0x08002ab5   Thumb Code    16  stm32f4xx_sdio.o(.text)
    SDIO_ClockCmd                            0x08002ac5   Thumb Code     6  stm32f4xx_sdio.o(.text)
    SDIO_SetPowerState                       0x08002acb   Thumb Code     8  stm32f4xx_sdio.o(.text)
    SDIO_GetPowerState                       0x08002ad3   Thumb Code    12  stm32f4xx_sdio.o(.text)
    SDIO_SendCommand                         0x08002adf   Thumb Code    38  stm32f4xx_sdio.o(.text)
    SDIO_CmdStructInit                       0x08002b05   Thumb Code    14  stm32f4xx_sdio.o(.text)
    SDIO_GetCommandResponse                  0x08002b13   Thumb Code    10  stm32f4xx_sdio.o(.text)
    SDIO_GetResponse                         0x08002b1d   Thumb Code    16  stm32f4xx_sdio.o(.text)
    SDIO_DataConfig                          0x08002b2d   Thumb Code    44  stm32f4xx_sdio.o(.text)
    SDIO_DataStructInit                      0x08002b59   Thumb Code    20  stm32f4xx_sdio.o(.text)
    SDIO_GetDataCounter                      0x08002b6d   Thumb Code     8  stm32f4xx_sdio.o(.text)
    SDIO_ReadData                            0x08002b75   Thumb Code     8  stm32f4xx_sdio.o(.text)
    SDIO_WriteData                           0x08002b7d   Thumb Code     8  stm32f4xx_sdio.o(.text)
    SDIO_GetFIFOCount                        0x08002b85   Thumb Code     8  stm32f4xx_sdio.o(.text)
    SDIO_StartSDIOReadWait                   0x08002b8d   Thumb Code     6  stm32f4xx_sdio.o(.text)
    SDIO_StopSDIOReadWait                    0x08002b93   Thumb Code     8  stm32f4xx_sdio.o(.text)
    SDIO_SetSDIOReadWaitMode                 0x08002b9b   Thumb Code     8  stm32f4xx_sdio.o(.text)
    SDIO_SetSDIOOperation                    0x08002ba3   Thumb Code     8  stm32f4xx_sdio.o(.text)
    SDIO_SendSDIOSuspendCmd                  0x08002bab   Thumb Code     6  stm32f4xx_sdio.o(.text)
    SDIO_CommandCompletionCmd                0x08002bb1   Thumb Code     8  stm32f4xx_sdio.o(.text)
    SDIO_CEATAITCmd                          0x08002bb9   Thumb Code    12  stm32f4xx_sdio.o(.text)
    SDIO_SendCEATACmd                        0x08002bc5   Thumb Code     8  stm32f4xx_sdio.o(.text)
    SDIO_DMACmd                              0x08002bcd   Thumb Code     8  stm32f4xx_sdio.o(.text)
    SDIO_ITConfig                            0x08002bd5   Thumb Code    24  stm32f4xx_sdio.o(.text)
    SDIO_GetFlagStatus                       0x08002bed   Thumb Code    18  stm32f4xx_sdio.o(.text)
    SDIO_ClearFlag                           0x08002bff   Thumb Code     8  stm32f4xx_sdio.o(.text)
    SDIO_GetITStatus                         0x08002c07   Thumb Code    18  stm32f4xx_sdio.o(.text)
    SDIO_ClearITPendingBit                   0x08002c19   Thumb Code     8  stm32f4xx_sdio.o(.text)
    SYSCFG_DeInit                            0x08002c31   Thumb Code    24  stm32f4xx_syscfg.o(.text)
    SYSCFG_MemoryRemapConfig                 0x08002c49   Thumb Code     6  stm32f4xx_syscfg.o(.text)
    SYSCFG_EXTILineConfig                    0x08002c4f   Thumb Code    38  stm32f4xx_syscfg.o(.text)
    SYSCFG_ETH_MediaInterfaceConfig          0x08002c75   Thumb Code     6  stm32f4xx_syscfg.o(.text)
    SYSCFG_CompensationCellCmd               0x08002c7b   Thumb Code     6  stm32f4xx_syscfg.o(.text)
    SYSCFG_GetCompensationCellStatus         0x08002c81   Thumb Code    16  stm32f4xx_syscfg.o(.text)
    USART_DeInit                             0x08002ca1   Thumb Code   168  stm32f4xx_usart.o(.text)
    USART_Init                               0x08002d49   Thumb Code   180  stm32f4xx_usart.o(.text)
    USART_StructInit                         0x08002dfd   Thumb Code    22  stm32f4xx_usart.o(.text)
    USART_ClockInit                          0x08002e13   Thumb Code    28  stm32f4xx_usart.o(.text)
    USART_ClockStructInit                    0x08002e2f   Thumb Code    12  stm32f4xx_usart.o(.text)
    USART_Cmd                                0x08002e3b   Thumb Code    24  stm32f4xx_usart.o(.text)
    USART_SetPrescaler                       0x08002e53   Thumb Code    16  stm32f4xx_usart.o(.text)
    USART_OverSampling8Cmd                   0x08002e63   Thumb Code    24  stm32f4xx_usart.o(.text)
    USART_OneBitMethodCmd                    0x08002e7b   Thumb Code    24  stm32f4xx_usart.o(.text)
    USART_SendData                           0x08002e93   Thumb Code     8  stm32f4xx_usart.o(.text)
    USART_ReceiveData                        0x08002e9b   Thumb Code     8  stm32f4xx_usart.o(.text)
    USART_SetAddress                         0x08002ea3   Thumb Code    16  stm32f4xx_usart.o(.text)
    USART_ReceiverWakeUpCmd                  0x08002eb3   Thumb Code    24  stm32f4xx_usart.o(.text)
    USART_WakeUpConfig                       0x08002ecb   Thumb Code    16  stm32f4xx_usart.o(.text)
    USART_LINBreakDetectLengthConfig         0x08002edb   Thumb Code    16  stm32f4xx_usart.o(.text)
    USART_LINCmd                             0x08002eeb   Thumb Code    24  stm32f4xx_usart.o(.text)
    USART_SendBreak                          0x08002f03   Thumb Code    10  stm32f4xx_usart.o(.text)
    USART_HalfDuplexCmd                      0x08002f0d   Thumb Code    24  stm32f4xx_usart.o(.text)
    USART_SetGuardTime                       0x08002f25   Thumb Code    16  stm32f4xx_usart.o(.text)
    USART_SmartCardCmd                       0x08002f35   Thumb Code    24  stm32f4xx_usart.o(.text)
    USART_SmartCardNACKCmd                   0x08002f4d   Thumb Code    24  stm32f4xx_usart.o(.text)
    USART_IrDAConfig                         0x08002f65   Thumb Code    16  stm32f4xx_usart.o(.text)
    USART_IrDACmd                            0x08002f75   Thumb Code    24  stm32f4xx_usart.o(.text)
    USART_DMACmd                             0x08002f8d   Thumb Code    20  stm32f4xx_usart.o(.text)
    USART_ITConfig                           0x08002fa1   Thumb Code    54  stm32f4xx_usart.o(.text)
    USART_GetFlagStatus                      0x08002fd7   Thumb Code    14  stm32f4xx_usart.o(.text)
    USART_ClearFlag                          0x08002fe5   Thumb Code     8  stm32f4xx_usart.o(.text)
    USART_GetITStatus                        0x08002fed   Thumb Code    64  stm32f4xx_usart.o(.text)
    USART_ClearITPendingBit                  0x0800302d   Thumb Code    16  stm32f4xx_usart.o(.text)
    NVIC_PriorityGroupConfig                 0x08003055   Thumb Code    10  misc.o(.text)
    NVIC_Init                                0x0800305f   Thumb Code    98  misc.o(.text)
    NVIC_SetVectorTable                      0x080030c1   Thumb Code    14  misc.o(.text)
    NVIC_SystemLPConfig                      0x080030cf   Thumb Code    24  misc.o(.text)
    SysTick_CLKSourceConfig                  0x080030e7   Thumb Code    28  misc.o(.text)
    DMA_DeInit                               0x08003111   Thumb Code   278  stm32f4xx_dma.o(.text)
    DMA_Init                                 0x08003227   Thumb Code    80  stm32f4xx_dma.o(.text)
    DMA_StructInit                           0x08003277   Thumb Code    34  stm32f4xx_dma.o(.text)
    DMA_Cmd                                  0x08003299   Thumb Code    24  stm32f4xx_dma.o(.text)
    DMA_PeriphIncOffsetSizeConfig            0x080032b1   Thumb Code    24  stm32f4xx_dma.o(.text)
    DMA_FlowControllerConfig                 0x080032c9   Thumb Code    24  stm32f4xx_dma.o(.text)
    DMA_SetCurrDataCounter                   0x080032e1   Thumb Code     4  stm32f4xx_dma.o(.text)
    DMA_GetCurrDataCounter                   0x080032e5   Thumb Code     6  stm32f4xx_dma.o(.text)
    DMA_DoubleBufferModeConfig               0x080032eb   Thumb Code    26  stm32f4xx_dma.o(.text)
    DMA_DoubleBufferModeCmd                  0x08003305   Thumb Code    24  stm32f4xx_dma.o(.text)
    DMA_MemoryTargetConfig                   0x0800331d   Thumb Code    12  stm32f4xx_dma.o(.text)
    DMA_GetCurrentMemoryTarget               0x08003329   Thumb Code    14  stm32f4xx_dma.o(.text)
    DMA_GetCmdStatus                         0x08003337   Thumb Code    14  stm32f4xx_dma.o(.text)
    DMA_GetFIFOStatus                        0x08003345   Thumb Code     8  stm32f4xx_dma.o(.text)
    DMA_GetFlagStatus                        0x0800334d   Thumb Code    42  stm32f4xx_dma.o(.text)
    DMA_ClearFlag                            0x08003377   Thumb Code    34  stm32f4xx_dma.o(.text)
    DMA_ITConfig                             0x08003399   Thumb Code    50  stm32f4xx_dma.o(.text)
    DMA_GetITStatus                          0x080033cb   Thumb Code    70  stm32f4xx_dma.o(.text)
    DMA_ClearITPendingBit                    0x08003411   Thumb Code    34  stm32f4xx_dma.o(.text)
    ETH_DeInit                               0x0800346d   Thumb Code    24  stm32f4x7_eth.o(.text)
    ETH_StructInit                           0x08003485   Thumb Code   154  stm32f4x7_eth.o(.text)
    ETH_WritePHYRegister                     0x0800351f   Thumb Code    80  stm32f4x7_eth.o(.text)
    ETH_ReadPHYRegister                      0x0800356f   Thumb Code    80  stm32f4x7_eth.o(.text)
    ETH_Init                                 0x080035bf   Thumb Code   560  stm32f4x7_eth.o(.text)
    ETH_DMAReceptionCmd                      0x080037ef   Thumb Code    26  stm32f4x7_eth.o(.text)
    ETH_DMATransmissionCmd                   0x08003809   Thumb Code    26  stm32f4x7_eth.o(.text)
    ETH_MACReceptionCmd                      0x08003823   Thumb Code    26  stm32f4x7_eth.o(.text)
    ETH_FlushTransmitFIFO                    0x0800383d   Thumb Code    12  stm32f4x7_eth.o(.text)
    ETH_MACTransmissionCmd                   0x08003849   Thumb Code    26  stm32f4x7_eth.o(.text)
    ETH_Start                                0x08003863   Thumb Code    32  stm32f4x7_eth.o(.text)
    ETH_GetFlowControlBusyStatus             0x08003883   Thumb Code    14  stm32f4x7_eth.o(.text)
    ETH_InitiatePauseControlFrame            0x08003891   Thumb Code    12  stm32f4x7_eth.o(.text)
    ETH_BackPressureActivationCmd            0x0800389d   Thumb Code    26  stm32f4x7_eth.o(.text)
    ETH_GetMACFlagStatus                     0x080038b7   Thumb Code    16  stm32f4x7_eth.o(.text)
    ETH_GetMACITStatus                       0x080038c7   Thumb Code    16  stm32f4x7_eth.o(.text)
    ETH_MACITConfig                          0x080038d7   Thumb Code    22  stm32f4x7_eth.o(.text)
    ETH_MACAddressConfig                     0x080038ed   Thumb Code    96  stm32f4x7_eth.o(.text)
    ETH_GetMACAddress                        0x0800394d   Thumb Code    30  stm32f4x7_eth.o(.text)
    ETH_MACAddressPerfectFilterCmd           0x0800396b   Thumb Code    28  stm32f4x7_eth.o(.text)
    ETH_MACAddressFilterConfig               0x08003987   Thumb Code    28  stm32f4x7_eth.o(.text)
    ETH_MACAddressMaskBytesFilterConfig      0x080039a3   Thumb Code    20  stm32f4x7_eth.o(.text)
    ETH_Get_Received_Frame                   0x080039b7   Thumb Code    56  stm32f4x7_eth.o(.text)
    ETH_Get_Received_Frame_interrupt         0x080039ef   Thumb Code   156  stm32f4x7_eth.o(.text)
    ETH_Prepare_Transmit_Descriptors         0x08003a8b   Thumb Code   166  stm32f4x7_eth.o(.text)
    ETH_DMARxDescChainInit                   0x08003b31   Thumb Code    78  stm32f4x7_eth.o(.text)
    ETH_CheckFrameReceived                   0x08003b7f   Thumb Code   100  stm32f4x7_eth.o(.text)
    ETH_DMATxDescChainInit                   0x08003be3   Thumb Code    62  stm32f4x7_eth.o(.text)
    ETH_GetDMATxDescFlagStatus               0x08003c21   Thumb Code    14  stm32f4x7_eth.o(.text)
    ETH_GetDMATxDescCollisionCount           0x08003c2f   Thumb Code     8  stm32f4x7_eth.o(.text)
    ETH_SetDMATxDescOwnBit                   0x08003c37   Thumb Code    10  stm32f4x7_eth.o(.text)
    ETH_DMATxDescTransmitITConfig            0x08003c41   Thumb Code    24  stm32f4x7_eth.o(.text)
    ETH_DMATxDescFrameSegmentConfig          0x08003c59   Thumb Code     8  stm32f4x7_eth.o(.text)
    ETH_DMATxDescChecksumInsertionConfig     0x08003c61   Thumb Code     8  stm32f4x7_eth.o(.text)
    ETH_DMATxDescCRCCmd                      0x08003c69   Thumb Code    24  stm32f4x7_eth.o(.text)
    ETH_DMATxDescSecondAddressChainedCmd     0x08003c81   Thumb Code    24  stm32f4x7_eth.o(.text)
    ETH_DMATxDescShortFramePaddingCmd        0x08003c99   Thumb Code    24  stm32f4x7_eth.o(.text)
    ETH_DMATxDescBufferSizeConfig            0x08003cb1   Thumb Code    12  stm32f4x7_eth.o(.text)
    ETH_GetDMARxDescFlagStatus               0x08003cbd   Thumb Code    14  stm32f4x7_eth.o(.text)
    ETH_GetDMAPTPRxDescExtendedFlagStatus    0x08003ccb   Thumb Code    14  stm32f4x7_eth.o(.text)
    ETH_SetDMARxDescOwnBit                   0x08003cd9   Thumb Code    10  stm32f4x7_eth.o(.text)
    ETH_GetDMARxDescFrameLength              0x08003ce3   Thumb Code     8  stm32f4x7_eth.o(.text)
    ETH_DMARxDescReceiveITConfig             0x08003ceb   Thumb Code    22  stm32f4x7_eth.o(.text)
    ETH_GetDMARxDescBufferSize               0x08003d01   Thumb Code    18  stm32f4x7_eth.o(.text)
    ETH_GetRxPktSize                         0x08003d13   Thumb Code    50  stm32f4x7_eth.o(.text)
    ETH_EnhancedDescriptorCmd                0x08003d45   Thumb Code    26  stm32f4x7_eth.o(.text)
    ETH_SoftwareReset                        0x08003d5f   Thumb Code    12  stm32f4x7_eth.o(.text)
    ETH_GetSoftwareResetStatus               0x08003d6b   Thumb Code    14  stm32f4x7_eth.o(.text)
    ETH_GetDMAFlagStatus                     0x08003d79   Thumb Code    16  stm32f4x7_eth.o(.text)
    ETH_DMAClearFlag                         0x08003d89   Thumb Code     6  stm32f4x7_eth.o(.text)
    ETH_DMAITConfig                          0x08003d8f   Thumb Code    22  stm32f4x7_eth.o(.text)
    ETH_GetDMAITStatus                       0x08003da5   Thumb Code    16  stm32f4x7_eth.o(.text)
    ETH_DMAClearITPendingBit                 0x08003db5   Thumb Code     6  stm32f4x7_eth.o(.text)
    ETH_GetTransmitProcessState              0x08003dbb   Thumb Code    10  stm32f4x7_eth.o(.text)
    ETH_GetReceiveProcessState               0x08003dc5   Thumb Code    10  stm32f4x7_eth.o(.text)
    ETH_GetFlushTransmitFIFOStatus           0x08003dcf   Thumb Code    14  stm32f4x7_eth.o(.text)
    ETH_GetDMAOverflowStatus                 0x08003ddd   Thumb Code    16  stm32f4x7_eth.o(.text)
    ETH_GetRxOverflowMissedFrameCounter      0x08003ded   Thumb Code    10  stm32f4x7_eth.o(.text)
    ETH_GetBufferUnavailableMissedFrameCounter 0x08003df7   Thumb Code     8  stm32f4x7_eth.o(.text)
    ETH_GetCurrentTxDescStartAddress         0x08003dff   Thumb Code     6  stm32f4x7_eth.o(.text)
    ETH_GetCurrentRxDescStartAddress         0x08003e05   Thumb Code     6  stm32f4x7_eth.o(.text)
    ETH_GetCurrentTxBufferAddress            0x08003e0b   Thumb Code     6  stm32f4x7_eth.o(.text)
    ETH_GetCurrentRxBufferAddress            0x08003e11   Thumb Code     6  stm32f4x7_eth.o(.text)
    ETH_ResumeDMATransmission                0x08003e17   Thumb Code     8  stm32f4x7_eth.o(.text)
    ETH_ResumeDMAReception                   0x08003e1f   Thumb Code     8  stm32f4x7_eth.o(.text)
    ETH_SetReceiveWatchdogTimer              0x08003e27   Thumb Code     6  stm32f4x7_eth.o(.text)
    ETH_PHYLoopBackCmd                       0x08003e2d   Thumb Code    44  stm32f4x7_eth.o(.text)
    ETH_ResetWakeUpFrameFilterRegisterPointer 0x08003e59   Thumb Code    12  stm32f4x7_eth.o(.text)
    ETH_SetWakeUpFrameFilterRegister         0x08003e65   Thumb Code    18  stm32f4x7_eth.o(.text)
    ETH_GlobalUnicastWakeUpCmd               0x08003e77   Thumb Code    26  stm32f4x7_eth.o(.text)
    ETH_GetPMTFlagStatus                     0x08003e91   Thumb Code    16  stm32f4x7_eth.o(.text)
    ETH_WakeUpFrameDetectionCmd              0x08003ea1   Thumb Code    26  stm32f4x7_eth.o(.text)
    ETH_MagicPacketDetectionCmd              0x08003ebb   Thumb Code    26  stm32f4x7_eth.o(.text)
    ETH_PowerDownCmd                         0x08003ed5   Thumb Code    26  stm32f4x7_eth.o(.text)
    ETH_MMCCounterFullPreset                 0x08003eef   Thumb Code    12  stm32f4x7_eth.o(.text)
    ETH_MMCCounterHalfPreset                 0x08003efb   Thumb Code    20  stm32f4x7_eth.o(.text)
    ETH_MMCCounterFreezeCmd                  0x08003f0f   Thumb Code    34  stm32f4x7_eth.o(.text)
    ETH_MMCResetOnReadCmd                    0x08003f31   Thumb Code    34  stm32f4x7_eth.o(.text)
    ETH_MMCCounterRolloverCmd                0x08003f53   Thumb Code    34  stm32f4x7_eth.o(.text)
    ETH_MMCCountersReset                     0x08003f75   Thumb Code    12  stm32f4x7_eth.o(.text)
    ETH_MMCITConfig                          0x08003f81   Thumb Code    62  stm32f4x7_eth.o(.text)
    ETH_GetMMCITStatus                       0x08003fbf   Thumb Code    50  stm32f4x7_eth.o(.text)
    ETH_GetMMCRegister                       0x08003ff1   Thumb Code     6  stm32f4x7_eth.o(.text)
    netconn_new_with_proto_and_callback      0x08004005   Thumb Code    66  api_lib.o(.text)
    netconn_delete                           0x08004047   Thumb Code    42  api_lib.o(.text)
    netconn_getaddr                          0x08004071   Thumb Code    48  api_lib.o(.text)
    netconn_bind                             0x080040a1   Thumb Code    40  api_lib.o(.text)
    netconn_connect                          0x080040c9   Thumb Code    40  api_lib.o(.text)
    netconn_disconnect                       0x080040f1   Thumb Code    34  api_lib.o(.text)
    netconn_listen_with_backlog              0x08004113   Thumb Code    34  api_lib.o(.text)
    netconn_accept                           0x08004135   Thumb Code    44  api_lib.o(.text)
    netconn_recv                             0x08004161   Thumb Code   228  api_lib.o(.text)
    netconn_send                             0x08004245   Thumb Code    36  api_lib.o(.text)
    netconn_sendto                           0x08004269   Thumb Code    16  api_lib.o(.text)
    netconn_write                            0x08004279   Thumb Code    54  api_lib.o(.text)
    netconn_close                            0x080042af   Thumb Code    34  api_lib.o(.text)
    netconn_free                             0x0800467f   Thumb Code   108  api_msg.o(.text)
    netconn_alloc                            0x080046eb   Thumb Code   138  api_msg.o(.text)
    do_newconn                               0x08004859   Thumb Code    30  api_msg.o(.text)
    do_delconn                               0x08004877   Thumb Code   104  api_msg.o(.text)
    do_bind                                  0x080048df   Thumb Code   100  api_msg.o(.text)
    do_connect                               0x08004971   Thumb Code   162  api_msg.o(.text)
    do_disconnect                            0x08004a13   Thumb Code    34  api_msg.o(.text)
    do_listen                                0x08004a35   Thumb Code   146  api_msg.o(.text)
    do_send                                  0x08004ac7   Thumb Code   106  api_msg.o(.text)
    do_recv                                  0x08004b31   Thumb Code    46  api_msg.o(.text)
    do_write                                 0x08004b5f   Thumb Code    52  api_msg.o(.text)
    do_getaddr                               0x08004b93   Thumb Code   136  api_msg.o(.text)
    do_close                                 0x08004c1b   Thumb Code    34  api_msg.o(.text)
    netbuf_new                               0x08004c45   Thumb Code    26  netbuf.o(.text)
    netbuf_delete                            0x08004c5f   Thumb Code    36  netbuf.o(.text)
    netbuf_alloc                             0x08004c83   Thumb Code    46  netbuf.o(.text)
    netbuf_free                              0x08004cb1   Thumb Code    24  netbuf.o(.text)
    netbuf_ref                               0x08004cc9   Thumb Code    66  netbuf.o(.text)
    netbuf_chain                             0x08004d0b   Thumb Code    40  netbuf.o(.text)
    netbuf_data                              0x08004d33   Thumb Code    48  netbuf.o(.text)
    netbuf_next                              0x08004d63   Thumb Code    36  netbuf.o(.text)
    netbuf_first                             0x08004d87   Thumb Code    10  netbuf.o(.text)
    tcp_timer_needed                         0x08004db9   Thumb Code    36  tcpip.o(.text)
    tcpip_input                              0x08004ef1   Thumb Code    76  tcpip.o(.text)
    tcpip_callback_with_block                0x08004f3d   Thumb Code    96  tcpip.o(.text)
    tcpip_timeout                            0x08004f9d   Thumb Code    60  tcpip.o(.text)
    tcpip_untimeout                          0x08004fd9   Thumb Code    54  tcpip.o(.text)
    tcpip_apimsg                             0x0800500f   Thumb Code    50  tcpip.o(.text)
    tcpip_init                               0x08005041   Thumb Code    44  tcpip.o(.text)
    pbuf_free_callback                       0x08005071   Thumb Code     8  tcpip.o(.text)
    mem_free_callback                        0x08005079   Thumb Code     8  tcpip.o(.text)
    udp_input                                0x080050b5   Thumb Code   408  udp.o(.text)
    udp_bind                                 0x0800524d   Thumb Code    94  udp.o(.text)
    udp_sendto_if                            0x080052ab   Thumb Code   182  udp.o(.text)
    udp_sendto                               0x08005361   Thumb Code    40  udp.o(.text)
    udp_send                                 0x08005389   Thumb Code     6  udp.o(.text)
    udp_connect                              0x0800538f   Thumb Code    74  udp.o(.text)
    udp_disconnect                           0x080053d9   Thumb Code    20  udp.o(.text)
    udp_recv                                 0x080053ed   Thumb Code     6  udp.o(.text)
    udp_remove                               0x080053f3   Thumb Code    40  udp.o(.text)
    udp_new                                  0x0800541b   Thumb Code    28  udp.o(.text)
    lwip_init                                0x08005443   Thumb Code    26  init.o(.text)
    mem_init                                 0x080054ab   Thumb Code    52  mem.o(.text)
    mem_free                                 0x080054df   Thumb Code    62  mem.o(.text)
    mem_realloc                              0x0800551d   Thumb Code   228  mem.o(.text)
    mem_malloc                               0x08005601   Thumb Code   198  mem.o(.text)
    mem_calloc                               0x080056c7   Thumb Code    28  mem.o(.text)
    memp_init                                0x080056ed   Thumb Code    78  memp.o(.text)
    memp_malloc                              0x0800573b   Thumb Code    30  memp.o(.text)
    memp_free                                0x08005759   Thumb Code    20  memp.o(.text)
    netif_set_gw                             0x08005775   Thumb Code    14  netif.o(.text)
    netif_set_netmask                        0x08005783   Thumb Code    14  netif.o(.text)
    netif_set_ipaddr                         0x08005791   Thumb Code    96  netif.o(.text)
    netif_set_addr                           0x080057f1   Thumb Code    32  netif.o(.text)
    netif_add                                0x08005811   Thumb Code    70  netif.o(.text)
    netif_set_default                        0x08005857   Thumb Code     6  netif.o(.text)
    netif_remove                             0x0800585d   Thumb Code    52  netif.o(.text)
    netif_find                               0x08005891   Thumb Code    60  netif.o(.text)
    netif_set_up                             0x080058cd   Thumb Code    28  netif.o(.text)
    netif_set_down                           0x080058e9   Thumb Code    18  netif.o(.text)
    netif_is_up                              0x080058fb   Thumb Code    10  netif.o(.text)
    pbuf_free                                0x08005911   Thumb Code    82  pbuf.o(.text)
    pbuf_alloc                               0x08005963   Thumb Code   298  pbuf.o(.text)
    pbuf_realloc                             0x08005a8d   Thumb Code    78  pbuf.o(.text)
    pbuf_header                              0x08005adb   Thumb Code   104  pbuf.o(.text)
    pbuf_clen                                0x08005b43   Thumb Code    18  pbuf.o(.text)
    pbuf_ref                                 0x08005b55   Thumb Code    12  pbuf.o(.text)
    pbuf_cat                                 0x08005b61   Thumb Code    40  pbuf.o(.text)
    pbuf_chain                               0x08005b89   Thumb Code    18  pbuf.o(.text)
    pbuf_dechain                             0x08005b9b   Thumb Code    44  pbuf.o(.text)
    pbuf_copy                                0x08005bc7   Thumb Code   148  pbuf.o(.text)
    pbuf_copy_partial                        0x08005c5b   Thumb Code   106  pbuf.o(.text)
    pbuf_take                                0x08005cc5   Thumb Code    86  pbuf.o(.text)
    pbuf_coalesce                            0x08005d1b   Thumb Code    52  pbuf.o(.text)
    raw_input                                0x08005d51   Thumb Code    98  raw.o(.text)
    raw_bind                                 0x08005db3   Thumb Code    16  raw.o(.text)
    raw_connect                              0x08005dc3   Thumb Code    16  raw.o(.text)
    raw_recv                                 0x08005dd3   Thumb Code     6  raw.o(.text)
    raw_sendto                               0x08005dd9   Thumb Code   144  raw.o(.text)
    raw_send                                 0x08005e69   Thumb Code     4  raw.o(.text)
    raw_remove                               0x08005e6d   Thumb Code    40  raw.o(.text)
    raw_new                                  0x08005e95   Thumb Code    40  raw.o(.text)
    sys_mbox_fetch                           0x08005ec1   Thumb Code   106  sys.o(.text)
    sys_sem_wait                             0x08005f2b   Thumb Code    96  sys.o(.text)
    sys_timeout                              0x08005f8b   Thumb Code   112  sys.o(.text)
    sys_untimeout                            0x08005ffb   Thumb Code    80  sys.o(.text)
    sys_sem_wait_timeout                     0x08006057   Thumb Code    58  sys.o(.text)
    sys_msleep                               0x08006091   Thumb Code    30  sys.o(.text)
    tcp_seg_free                             0x080060b5   Thumb Code    32  tcp.o(.text)
    tcp_segs_free                            0x080060d5   Thumb Code    26  tcp.o(.text)
    tcp_pcb_purge                            0x080060ef   Thumb Code    48  tcp.o(.text)
    tcp_slowtmr                              0x0800611f   Thumb Code   550  tcp.o(.text)
    tcp_pcb_remove                           0x08006345   Thumb Code    92  tcp.o(.text)
    tcp_close                                0x080063a1   Thumb Code   204  tcp.o(.text)
    tcp_update_rcv_ann_wnd                   0x0800646d   Thumb Code    54  tcp.o(.text)
    tcp_recved                               0x080064a3   Thumb Code    60  tcp.o(.text)
    tcp_recv_null                            0x080064df   Thumb Code    54  tcp.o(.text)
    tcp_fasttmr                              0x08006515   Thumb Code    86  tcp.o(.text)
    tcp_tmr                                  0x0800656b   Thumb Code    26  tcp.o(.text)
    tcp_abandon                              0x08006585   Thumb Code   148  tcp.o(.text)
    tcp_bind                                 0x0800666f   Thumb Code   200  tcp.o(.text)
    tcp_listen_with_backlog                  0x0800673d   Thumb Code   142  tcp.o(.text)
    tcp_eff_send_mss                         0x080067cb   Thumb Code    32  tcp.o(.text)
    tcp_next_iss                             0x080067eb   Thumb Code    12  tcp.o(.text)
    tcp_connect                              0x080067f7   Thumb Code   202  tcp.o(.text)
    tcp_setprio                              0x080068c1   Thumb Code     4  tcp.o(.text)
    tcp_alloc                                0x0800693b   Thumb Code   154  tcp.o(.text)
    tcp_new                                  0x080069d5   Thumb Code     4  tcp.o(.text)
    tcp_arg                                  0x080069d9   Thumb Code     4  tcp.o(.text)
    tcp_recv                                 0x080069dd   Thumb Code     6  tcp.o(.text)
    tcp_sent                                 0x080069e3   Thumb Code     6  tcp.o(.text)
    tcp_err                                  0x080069e9   Thumb Code     6  tcp.o(.text)
    tcp_accept                               0x080069ef   Thumb Code     4  tcp.o(.text)
    tcp_poll                                 0x080069f3   Thumb Code    10  tcp.o(.text)
    tcp_debug_state_str                      0x080069fd   Thumb Code    10  tcp.o(.text)
    tcp_input                                0x08007477   Thumb Code   834  tcp_in.o(.text)
    tcp_enqueue                              0x08007835   Thumb Code   858  tcp_out.o(.text)
    tcp_send_ctrl                            0x08007b8f   Thumb Code    20  tcp_out.o(.text)
    tcp_write                                0x08007ba3   Thumb Code    46  tcp_out.o(.text)
    tcp_send_empty_ack                       0x08007bd1   Thumb Code    86  tcp_out.o(.text)
    tcp_output                               0x08007cd1   Thumb Code   416  tcp_out.o(.text)
    tcp_rst                                  0x08007e71   Thumb Code   158  tcp_out.o(.text)
    tcp_rexmit_rto                           0x08007f0f   Thumb Code    44  tcp_out.o(.text)
    tcp_rexmit                               0x08007f3b   Thumb Code    70  tcp_out.o(.text)
    tcp_rexmit_fast                          0x08007f81   Thumb Code    96  tcp_out.o(.text)
    tcp_keepalive                            0x08007fe1   Thumb Code    72  tcp_out.o(.text)
    tcp_zero_window_probe                    0x08008029   Thumb Code   174  tcp_out.o(.text)
    dhcp_renew                               0x080085b5   Thumb Code   146  dhcp.o(.text)
    dhcp_coarse_tmr                          0x080086ff   Thumb Code    58  dhcp.o(.text)
    dhcp_release                             0x080087e3   Thumb Code   178  dhcp.o(.text)
    dhcp_fine_tmr                            0x08008a15   Thumb Code    46  dhcp.o(.text)
    dhcp_stop                                0x08008b3f   Thumb Code    48  dhcp.o(.text)
    dhcp_start                               0x08008cd7   Thumb Code   162  dhcp.o(.text)
    dhcp_inform                              0x08008d79   Thumb Code   150  dhcp.o(.text)
    dhcp_network_changed                     0x08008e0f   Thumb Code    68  dhcp.o(.text)
    dhcp_arp_reply                           0x08008ed5   Thumb Code    28  dhcp.o(.text)
    autoip_init                              0x08008efd   Thumb Code     2  autoip.o(.text)
    autoip_start                             0x08008f8b   Thumb Code    96  autoip.o(.text)
    autoip_network_changed                   0x08009085   Thumb Code    32  autoip.o(.text)
    autoip_stop                              0x080090a5   Thumb Code    16  autoip.o(.text)
    autoip_tmr                               0x080090b5   Thumb Code   204  autoip.o(.text)
    autoip_arp_reply                         0x08009181   Thumb Code   140  autoip.o(.text)
    icmp_input                               0x0800922d   Thumb Code   324  icmp.o(.text)
    icmp_dest_unreach                        0x080093d9   Thumb Code     6  icmp.o(.text)
    htonl                                    0x080093e1   Thumb Code    24  inet.o(.text)
    inet_aton                                0x080093f9   Thumb Code   276  inet.o(.text)
    inet_addr                                0x0800950d   Thumb Code    20  inet.o(.text)
    inet_ntoa                                0x08009521   Thumb Code    92  inet.o(.text)
    htons                                    0x0800957d   Thumb Code    10  inet.o(.text)
    ntohs                                    0x08009587   Thumb Code     2  inet.o(.text)
    ntohl                                    0x08009589   Thumb Code     2  inet.o(.text)
    inet_chksum_pseudo                       0x080095cb   Thumb Code   134  inet_chksum.o(.text)
    inet_chksum                              0x08009651   Thumb Code    12  inet_chksum.o(.text)
    inet_chksum_pbuf                         0x0800965d   Thumb Code    72  inet_chksum.o(.text)
    ip_route                                 0x080096a5   Thumb Code    62  ip.o(.text)
    ip_input                                 0x080096e3   Thumb Code   426  ip.o(.text)
    ip_output_if                             0x0800988d   Thumb Code   186  ip.o(.text)
    ip_output                                0x08009947   Thumb Code    52  ip.o(.text)
    ip_addr_isbroadcast                      0x08009989   Thumb Code    62  ip_addr.o(.text)
    etharp_tmr                               0x080099c9   Thumb Code    50  etharp.o(.text)
    etharp_find_addr                         0x08009b89   Thumb Code    44  etharp.o(.text)
    etharp_ip_input                          0x08009bb5   Thumb Code    40  etharp.o(.text)
    etharp_arp_input                         0x08009bdd   Thumb Code   296  etharp.o(.text)
    etharp_raw                               0x08009d05   Thumb Code   192  etharp.o(.text)
    etharp_request                           0x08009dc5   Thumb Code    32  etharp.o(.text)
    etharp_query                             0x08009de5   Thumb Code   140  etharp.o(.text)
    etharp_output                            0x08009e71   Thumb Code   180  etharp.o(.text)
    ethernet_input                           0x08009f25   Thumb Code    82  etharp.o(.text)
    ethernetif_init                          0x0800a15b   Thumb Code    42  ethernetif.o(.text)
    sys_mbox_new                             0x0800a1bd   Thumb Code     8  sys_arch.o(.text)
    sys_mbox_free                            0x0800a1c5   Thumb Code    20  sys_arch.o(.text)
    sys_mbox_post                            0x0800a1d9   Thumb Code    26  sys_arch.o(.text)
    sys_mbox_trypost                         0x0800a1f3   Thumb Code    26  sys_arch.o(.text)
    sys_arch_mbox_fetch                      0x0800a20d   Thumb Code    84  sys_arch.o(.text)
    sys_arch_mbox_tryfetch                   0x0800a261   Thumb Code    30  sys_arch.o(.text)
    sys_sem_new                              0x0800a27f   Thumb Code    54  sys_arch.o(.text)
    sys_arch_sem_wait                        0x0800a2b5   Thumb Code    74  sys_arch.o(.text)
    sys_sem_signal                           0x0800a2ff   Thumb Code    10  sys_arch.o(.text)
    sys_sem_free                             0x0800a309   Thumb Code     4  sys_arch.o(.text)
    sys_init                                 0x0800a30d   Thumb Code    28  sys_arch.o(.text)
    sys_arch_timeouts                        0x0800a329   Thumb Code    38  sys_arch.o(.text)
    sys_thread_new                           0x0800a34f   Thumb Code    76  sys_arch.o(.text)
    sys_arch_protect                         0x0800a39b   Thumb Code    10  sys_arch.o(.text)
    sys_arch_unprotect                       0x0800a3a5   Thumb Code     4  sys_arch.o(.text)
    sys_assert                               0x0800a3a9   Thumb Code     6  sys_arch.o(.text)
    vListInitialise                          0x0800a3b9   Thumb Code    22  list.o(.text)
    vListInitialiseItem                      0x0800a3cf   Thumb Code     6  list.o(.text)
    vListInsertEnd                           0x0800a3d5   Thumb Code    28  list.o(.text)
    vListInsert                              0x0800a3f1   Thumb Code    48  list.o(.text)
    vListRemove                              0x0800a421   Thumb Code    36  list.o(.text)
    xQueueCreate                             0x0800a445   Thumb Code    96  queue.o(.text)
    xQueueGenericSend                        0x0800a583   Thumb Code   200  queue.o(.text)
    xQueueCreateMutex                        0x0800a64b   Thumb Code    68  queue.o(.text)
    xQueueCreateCountingSemaphore            0x0800a68f   Thumb Code    18  queue.o(.text)
    xQueueGenericSendFromISR                 0x0800a6a1   Thumb Code    82  queue.o(.text)
    xQueueGenericReceive                     0x0800a735   Thumb Code   260  queue.o(.text)
    xQueueReceiveFromISR                     0x0800a839   Thumb Code    78  queue.o(.text)
    uxQueueMessagesWaiting                   0x0800a887   Thumb Code    18  queue.o(.text)
    uxQueueMessagesWaitingFromISR            0x0800a899   Thumb Code     4  queue.o(.text)
    vQueueDelete                             0x0800a89d   Thumb Code    20  queue.o(.text)
    xQueueIsQueueEmptyFromISR                0x0800a8b1   Thumb Code    14  queue.o(.text)
    xQueueIsQueueFullFromISR                 0x0800a8bf   Thumb Code    16  queue.o(.text)
    xTaskGenericCreate                       0x0800a989   Thumb Code   208  tasks.o(.text)
    vTaskDelete                              0x0800aa59   Thumb Code    90  tasks.o(.text)
    vTaskIncrementTick                       0x0800aab3   Thumb Code   118  tasks.o(.text)
    xTaskResumeAll                           0x0800ab29   Thumb Code   168  tasks.o(.text)
    vTaskSuspendAll                          0x0800abd1   Thumb Code    10  tasks.o(.text)
    vTaskDelay                               0x0800abdb   Thumb Code    78  tasks.o(.text)
    uxTaskPriorityGet                        0x0800ac29   Thumb Code    24  tasks.o(.text)
    vTaskPrioritySet                         0x0800ac41   Thumb Code   156  tasks.o(.text)
    vTaskStartScheduler                      0x0800ad57   Thumb Code    50  tasks.o(.text)
    vTaskEndScheduler                        0x0800ad89   Thumb Code    20  tasks.o(.text)
    xTaskGetTickCount                        0x0800ad9d   Thumb Code    18  tasks.o(.text)
    xTaskGetTickCountFromISR                 0x0800adaf   Thumb Code     6  tasks.o(.text)
    uxTaskGetNumberOfTasks                   0x0800adb5   Thumb Code     6  tasks.o(.text)
    vTaskList                                0x0800ae37   Thumb Code   114  tasks.o(.text)
    vTaskStartTrace                          0x0800aea9   Thumb Code    34  tasks.o(.text)
    ulTaskEndTrace                           0x0800aecb   Thumb Code    24  tasks.o(.text)
    vTaskSwitchContext                       0x0800aee3   Thumb Code   138  tasks.o(.text)
    vTaskPlaceOnEventList                    0x0800af6d   Thumb Code    64  tasks.o(.text)
    xTaskRemoveFromEventList                 0x0800afad   Thumb Code    96  tasks.o(.text)
    vTaskSetTimeOutState                     0x0800b00d   Thumb Code    12  tasks.o(.text)
    xTaskCheckForTimeOut                     0x0800b019   Thumb Code    72  tasks.o(.text)
    vTaskMissedYield                         0x0800b061   Thumb Code     8  tasks.o(.text)
    xTaskGetCurrentTaskHandle                0x0800b069   Thumb Code     6  tasks.o(.text)
    vTaskPriorityInherit                     0x0800b06f   Thumb Code    92  tasks.o(.text)
    vTaskPriorityDisinherit                  0x0800b0cb   Thumb Code   112  tasks.o(.text)
    pxPortInitialiseStack                    0x0800b145   Thumb Code    20  port.o(.text)
    xPortStartScheduler                      0x0800b167   Thumb Code    38  port.o(.text)
    vPortEndScheduler                        0x0800b18d   Thumb Code     2  port.o(.text)
    vPortYieldFromISR                        0x0800b18f   Thumb Code    12  port.o(.text)
    vPortEnterCritical                       0x0800b19b   Thumb Code    16  port.o(.text)
    vPortExitCritical                        0x0800b1ab   Thumb Code    18  port.o(.text)
    xPortSysTickHandler                      0x0800b1bd   Thumb Code    28  port.o(.text)
    pvPortMalloc                             0x0800b1e5   Thumb Code   172  heap_2.o(.text)
    vPortFree                                0x0800b291   Thumb Code    58  heap_2.o(.text)
    xPortGetFreeHeapSize                     0x0800b2cb   Thumb Code     6  heap_2.o(.text)
    vPortInitialiseBlocks                    0x0800b2d1   Thumb Code     2  heap_2.o(.text)
    Reset_Handler                            0x0800b2dd   Thumb Code     8  startup_stm32f4xx.o(.text)
    ADC_IRQHandler                           0x0800b2f7   Thumb Code     0  startup_stm32f4xx.o(.text)
    CAN1_RX0_IRQHandler                      0x0800b2f7   Thumb Code     0  startup_stm32f4xx.o(.text)
    CAN1_RX1_IRQHandler                      0x0800b2f7   Thumb Code     0  startup_stm32f4xx.o(.text)
    CAN1_SCE_IRQHandler                      0x0800b2f7   Thumb Code     0  startup_stm32f4xx.o(.text)
    CAN1_TX_IRQHandler                       0x0800b2f7   Thumb Code     0  startup_stm32f4xx.o(.text)
    CAN2_RX0_IRQHandler                      0x0800b2f7   Thumb Code     0  startup_stm32f4xx.o(.text)
    CAN2_RX1_IRQHandler                      0x0800b2f7   Thumb Code     0  startup_stm32f4xx.o(.text)
    CAN2_SCE_IRQHandler                      0x0800b2f7   Thumb Code     0  startup_stm32f4xx.o(.text)
    CAN2_TX_IRQHandler                       0x0800b2f7   Thumb Code     0  startup_stm32f4xx.o(.text)
    CRYP_IRQHandler                          0x0800b2f7   Thumb Code     0  startup_stm32f4xx.o(.text)
    DCMI_IRQHandler                          0x0800b2f7   Thumb Code     0  startup_stm32f4xx.o(.text)
    DMA1_Stream0_IRQHandler                  0x0800b2f7   Thumb Code     0  startup_stm32f4xx.o(.text)
    DMA1_Stream1_IRQHandler                  0x0800b2f7   Thumb Code     0  startup_stm32f4xx.o(.text)
    DMA1_Stream2_IRQHandler                  0x0800b2f7   Thumb Code     0  startup_stm32f4xx.o(.text)
    DMA1_Stream3_IRQHandler                  0x0800b2f7   Thumb Code     0  startup_stm32f4xx.o(.text)
    DMA1_Stream4_IRQHandler                  0x0800b2f7   Thumb Code     0  startup_stm32f4xx.o(.text)
    DMA1_Stream5_IRQHandler                  0x0800b2f7   Thumb Code     0  startup_stm32f4xx.o(.text)
    DMA1_Stream6_IRQHandler                  0x0800b2f7   Thumb Code     0  startup_stm32f4xx.o(.text)
    DMA1_Stream7_IRQHandler                  0x0800b2f7   Thumb Code     0  startup_stm32f4xx.o(.text)
    DMA2_Stream0_IRQHandler                  0x0800b2f7   Thumb Code     0  startup_stm32f4xx.o(.text)
    DMA2_Stream1_IRQHandler                  0x0800b2f7   Thumb Code     0  startup_stm32f4xx.o(.text)
    DMA2_Stream2_IRQHandler                  0x0800b2f7   Thumb Code     0  startup_stm32f4xx.o(.text)
    DMA2_Stream3_IRQHandler                  0x0800b2f7   Thumb Code     0  startup_stm32f4xx.o(.text)
    DMA2_Stream4_IRQHandler                  0x0800b2f7   Thumb Code     0  startup_stm32f4xx.o(.text)
    DMA2_Stream5_IRQHandler                  0x0800b2f7   Thumb Code     0  startup_stm32f4xx.o(.text)
    DMA2_Stream6_IRQHandler                  0x0800b2f7   Thumb Code     0  startup_stm32f4xx.o(.text)
    DMA2_Stream7_IRQHandler                  0x0800b2f7   Thumb Code     0  startup_stm32f4xx.o(.text)
    ETH_WKUP_IRQHandler                      0x0800b2f7   Thumb Code     0  startup_stm32f4xx.o(.text)
    EXTI0_IRQHandler                         0x0800b2f7   Thumb Code     0  startup_stm32f4xx.o(.text)
    EXTI15_10_IRQHandler                     0x0800b2f7   Thumb Code     0  startup_stm32f4xx.o(.text)
    EXTI1_IRQHandler                         0x0800b2f7   Thumb Code     0  startup_stm32f4xx.o(.text)
    EXTI2_IRQHandler                         0x0800b2f7   Thumb Code     0  startup_stm32f4xx.o(.text)
    EXTI3_IRQHandler                         0x0800b2f7   Thumb Code     0  startup_stm32f4xx.o(.text)
    EXTI4_IRQHandler                         0x0800b2f7   Thumb Code     0  startup_stm32f4xx.o(.text)
    EXTI9_5_IRQHandler                       0x0800b2f7   Thumb Code     0  startup_stm32f4xx.o(.text)
    FLASH_IRQHandler                         0x0800b2f7   Thumb Code     0  startup_stm32f4xx.o(.text)
    FPU_IRQHandler                           0x0800b2f7   Thumb Code     0  startup_stm32f4xx.o(.text)
    FSMC_IRQHandler                          0x0800b2f7   Thumb Code     0  startup_stm32f4xx.o(.text)
    HASH_RNG_IRQHandler                      0x0800b2f7   Thumb Code     0  startup_stm32f4xx.o(.text)
    I2C1_ER_IRQHandler                       0x0800b2f7   Thumb Code     0  startup_stm32f4xx.o(.text)
    I2C1_EV_IRQHandler                       0x0800b2f7   Thumb Code     0  startup_stm32f4xx.o(.text)
    I2C2_ER_IRQHandler                       0x0800b2f7   Thumb Code     0  startup_stm32f4xx.o(.text)
    I2C2_EV_IRQHandler                       0x0800b2f7   Thumb Code     0  startup_stm32f4xx.o(.text)
    I2C3_ER_IRQHandler                       0x0800b2f7   Thumb Code     0  startup_stm32f4xx.o(.text)
    I2C3_EV_IRQHandler                       0x0800b2f7   Thumb Code     0  startup_stm32f4xx.o(.text)
    OTG_FS_IRQHandler                        0x0800b2f7   Thumb Code     0  startup_stm32f4xx.o(.text)
    OTG_FS_WKUP_IRQHandler                   0x0800b2f7   Thumb Code     0  startup_stm32f4xx.o(.text)
    OTG_HS_EP1_IN_IRQHandler                 0x0800b2f7   Thumb Code     0  startup_stm32f4xx.o(.text)
    OTG_HS_EP1_OUT_IRQHandler                0x0800b2f7   Thumb Code     0  startup_stm32f4xx.o(.text)
    OTG_HS_IRQHandler                        0x0800b2f7   Thumb Code     0  startup_stm32f4xx.o(.text)
    OTG_HS_WKUP_IRQHandler                   0x0800b2f7   Thumb Code     0  startup_stm32f4xx.o(.text)
    PVD_IRQHandler                           0x0800b2f7   Thumb Code     0  startup_stm32f4xx.o(.text)
    RCC_IRQHandler                           0x0800b2f7   Thumb Code     0  startup_stm32f4xx.o(.text)
    RTC_Alarm_IRQHandler                     0x0800b2f7   Thumb Code     0  startup_stm32f4xx.o(.text)
    RTC_WKUP_IRQHandler                      0x0800b2f7   Thumb Code     0  startup_stm32f4xx.o(.text)
    SDIO_IRQHandler                          0x0800b2f7   Thumb Code     0  startup_stm32f4xx.o(.text)
    SPI1_IRQHandler                          0x0800b2f7   Thumb Code     0  startup_stm32f4xx.o(.text)
    SPI2_IRQHandler                          0x0800b2f7   Thumb Code     0  startup_stm32f4xx.o(.text)
    SPI3_IRQHandler                          0x0800b2f7   Thumb Code     0  startup_stm32f4xx.o(.text)
    TAMP_STAMP_IRQHandler                    0x0800b2f7   Thumb Code     0  startup_stm32f4xx.o(.text)
    TIM1_BRK_TIM9_IRQHandler                 0x0800b2f7   Thumb Code     0  startup_stm32f4xx.o(.text)
    TIM1_CC_IRQHandler                       0x0800b2f7   Thumb Code     0  startup_stm32f4xx.o(.text)
    TIM1_TRG_COM_TIM11_IRQHandler            0x0800b2f7   Thumb Code     0  startup_stm32f4xx.o(.text)
    TIM1_UP_TIM10_IRQHandler                 0x0800b2f7   Thumb Code     0  startup_stm32f4xx.o(.text)
    TIM2_IRQHandler                          0x0800b2f7   Thumb Code     0  startup_stm32f4xx.o(.text)
    TIM3_IRQHandler                          0x0800b2f7   Thumb Code     0  startup_stm32f4xx.o(.text)
    TIM4_IRQHandler                          0x0800b2f7   Thumb Code     0  startup_stm32f4xx.o(.text)
    TIM5_IRQHandler                          0x0800b2f7   Thumb Code     0  startup_stm32f4xx.o(.text)
    TIM6_DAC_IRQHandler                      0x0800b2f7   Thumb Code     0  startup_stm32f4xx.o(.text)
    TIM7_IRQHandler                          0x0800b2f7   Thumb Code     0  startup_stm32f4xx.o(.text)
    TIM8_BRK_TIM12_IRQHandler                0x0800b2f7   Thumb Code     0  startup_stm32f4xx.o(.text)
    TIM8_CC_IRQHandler                       0x0800b2f7   Thumb Code     0  startup_stm32f4xx.o(.text)
    TIM8_TRG_COM_TIM14_IRQHandler            0x0800b2f7   Thumb Code     0  startup_stm32f4xx.o(.text)
    TIM8_UP_TIM13_IRQHandler                 0x0800b2f7   Thumb Code     0  startup_stm32f4xx.o(.text)
    UART4_IRQHandler                         0x0800b2f7   Thumb Code     0  startup_stm32f4xx.o(.text)
    UART5_IRQHandler                         0x0800b2f7   Thumb Code     0  startup_stm32f4xx.o(.text)
    USART1_IRQHandler                        0x0800b2f7   Thumb Code     0  startup_stm32f4xx.o(.text)
    USART2_IRQHandler                        0x0800b2f7   Thumb Code     0  startup_stm32f4xx.o(.text)
    USART3_IRQHandler                        0x0800b2f7   Thumb Code     0  startup_stm32f4xx.o(.text)
    USART6_IRQHandler                        0x0800b2f7   Thumb Code     0  startup_stm32f4xx.o(.text)
    WWDG_IRQHandler                          0x0800b2f7   Thumb Code     0  startup_stm32f4xx.o(.text)
    __aeabi_memcpy                           0x0800b301   Thumb Code    36  memcpya.o(.text)
    __aeabi_memcpy4                          0x0800b301   Thumb Code     0  memcpya.o(.text)
    __aeabi_memcpy8                          0x0800b301   Thumb Code     0  memcpya.o(.text)
    __aeabi_memset                           0x0800b325   Thumb Code    14  memseta.o(.text)
    __aeabi_memset4                          0x0800b325   Thumb Code     0  memseta.o(.text)
    __aeabi_memset8                          0x0800b325   Thumb Code     0  memseta.o(.text)
    __aeabi_memclr                           0x0800b333   Thumb Code     4  memseta.o(.text)
    __aeabi_memclr4                          0x0800b333   Thumb Code     0  memseta.o(.text)
    __aeabi_memclr8                          0x0800b333   Thumb Code     0  memseta.o(.text)
    _memset$wrapper                          0x0800b337   Thumb Code    18  memseta.o(.text)
    strcat                                   0x0800b349   Thumb Code    24  strcat.o(.text)
    strncpy                                  0x0800b361   Thumb Code    24  strncpy.o(.text)
    strlen                                   0x0800b379   Thumb Code    14  strlen.o(.text)
    strcmp                                   0x0800b387   Thumb Code    28  strcmp.o(.text)
    memcmp                                   0x0800b3a3   Thumb Code    26  memcmp.o(.text)
    strncmp                                  0x0800b3bd   Thumb Code    30  strncmp.o(.text)
    __aeabi_i2d                              0x0800b3db   Thumb Code    34  dflti.o(.text)
    __aeabi_ui2d                             0x0800b3fd   Thumb Code    26  dfltui.o(.text)
    __aeabi_cdcmpeq                          0x0800b419   Thumb Code     0  cdcmple.o(.text)
    __aeabi_cdcmple                          0x0800b419   Thumb Code    48  cdcmple.o(.text)
    __aeabi_cdrcmple                         0x0800b449   Thumb Code    48  cdrcmple.o(.text)
    __aeabi_uidiv                            0x0800b479   Thumb Code     0  uidiv.o(.text)
    __aeabi_uidivmod                         0x0800b479   Thumb Code    44  uidiv.o(.text)
    __I$use$fp                               0x0800b4a5   Thumb Code     0  iusefp.o(.text)
    _double_round                            0x0800b4a5   Thumb Code    30  depilogue.o(.text)
    _double_epilogue                         0x0800b4c3   Thumb Code   156  depilogue.o(.text)
    __scatterload                            0x0800b561   Thumb Code    28  init.o(.text)
    __scatterload_rt2                        0x0800b561   Thumb Code     0  init.o(.text)
    __aeabi_llsl                             0x0800b585   Thumb Code    30  llshl.o(.text)
    __semihosting_library_function           0x0800b585   Thumb Code     0  semi.o(.text)
    _ll_shift_l                              0x0800b585   Thumb Code     0  llshl.o(.text)
    __aeabi_llsr                             0x0800b5a3   Thumb Code    32  llushr.o(.text)
    _ll_ushift_r                             0x0800b5a3   Thumb Code     0  llushr.o(.text)
    __I$use$semihosting$fputc                0x0800b5c3   Thumb Code     0  iusesemip.o(.text)
    __decompress                             0x0800b5c3   Thumb Code     0  __dczerorl2.o(.text)
    __decompress1                            0x0800b5c3   Thumb Code    86  __dczerorl2.o(.text)
    __0printf$3                              0x0800b619   Thumb Code    22  printf3.o(i.__0printf$3)
    __1printf$3                              0x0800b619   Thumb Code     0  printf3.o(i.__0printf$3)
    __2printf                                0x0800b619   Thumb Code     0  printf3.o(i.__0printf$3)
    __0sprintf$3                             0x0800b639   Thumb Code    34  printf3.o(i.__0sprintf$3)
    __1sprintf$3                             0x0800b639   Thumb Code     0  printf3.o(i.__0sprintf$3)
    __2sprintf                               0x0800b639   Thumb Code     0  printf3.o(i.__0sprintf$3)
    __scatterload_copy                       0x0800b661   Thumb Code    14  handlers.o(i.__scatterload_copy)
    __scatterload_null                       0x0800b66f   Thumb Code     2  handlers.o(i.__scatterload_null)
    __scatterload_zeroinit                   0x0800b671   Thumb Code    14  handlers.o(i.__scatterload_zeroinit)
    fputc                                    0x0800b843   Thumb Code    18  fputc.o(i.fputc)
    file__STM32F4x7_files_logo_jpg           0x08016164   Data          20  fs.o(.constdata)
    file__STM32F4x7_files_ST_gif             0x08016178   Data          20  fs.o(.constdata)
    file__STM32F4x7_files_stm32_jpg          0x0801618c   Data          20  fs.o(.constdata)
    file__404_html                           0x080161a0   Data          20  fs.o(.constdata)
    file__STM32F4x7_html                     0x080161b4   Data          20  fs.o(.constdata)
    ASCII16x24_Table                         0x08016804   Data        4560  stm32f4_discovery_lcd.o(.constdata)
    BUTTON_PORT_SOURCE                       0x080179d4   Data           1  stm32f4_discovery.o(.constdata)
    BUTTON_PIN_SOURCE                        0x080179d5   Data           1  stm32f4_discovery.o(.constdata)
    BUTTON_IRQn                              0x080179d6   Data           1  stm32f4_discovery.o(.constdata)
    BUTTON_PIN                               0x080179d8   Data           2  stm32f4_discovery.o(.constdata)
    BUTTON_EXTI_LINE                         0x080179da   Data           2  stm32f4_discovery.o(.constdata)
    BUTTON_CLK                               0x080179dc   Data           4  stm32f4_discovery.o(.constdata)
    COM_TX_PIN                               0x080179e0   Data           4  stm32f4_discovery.o(.constdata)
    COM_RX_PIN                               0x080179e4   Data           4  stm32f4_discovery.o(.constdata)
    COM_TX_PIN_SOURCE                        0x080179e8   Data           4  stm32f4_discovery.o(.constdata)
    COM_RX_PIN_SOURCE                        0x080179ec   Data           4  stm32f4_discovery.o(.constdata)
    COM_TX_AF                                0x080179f0   Data           4  stm32f4_discovery.o(.constdata)
    COM_RX_AF                                0x080179f4   Data           4  stm32f4_discovery.o(.constdata)
    GPIO_PIN                                 0x080179f8   Data           8  stm32f4_discovery.o(.constdata)
    COM_USART_CLK                            0x08017a00   Data           8  stm32f4_discovery.o(.constdata)
    COM_TX_PORT_CLK                          0x08017a08   Data           8  stm32f4_discovery.o(.constdata)
    COM_RX_PORT_CLK                          0x08017a10   Data           8  stm32f4_discovery.o(.constdata)
    GPIO_CLK                                 0x08017a18   Data          16  stm32f4_discovery.o(.constdata)
    tcp_persist_backoff                      0x08017a58   Data           7  tcp.o(.constdata)
    tcp_backoff                              0x08017a5f   Data          13  tcp.o(.constdata)
    ip_addr_any                              0x08017a6c   Data           4  ip_addr.o(.constdata)
    ip_addr_broadcast                        0x08017a70   Data           4  ip_addr.o(.constdata)
    ethbroadcast                             0x08017a74   Data           6  etharp.o(.constdata)
    ethzero                                  0x08017a7a   Data           6  etharp.o(.constdata)
    Region$$Table$$Base                      0x08017af8   Number         0  anon$$obj.o(Region$$Table)
    Region$$Table$$Limit                     0x08017b18   Number         0  anon$$obj.o(Region$$Table)
    SystemCoreClock                          0x20000000   Data           4  system_stm32f4xx.o(.data)
    AHBPrescTable                            0x20000004   Data          16  system_stm32f4xx.o(.data)
    EthInitStatus                            0x20000014   Data           4  stm32f4x7_eth_bsp.o(.data)
    nPageHits                                0x20000018   Data           4  httpserver-netconn.o(.data)
    Font16x24                                0x20000024   Data           8  stm32f4_discovery_lcd.o(.data)
    BUTTON_PORT                              0x2000002c   Data           4  stm32f4_discovery.o(.data)
    COM_USART                                0x20000030   Data           8  stm32f4_discovery.o(.data)
    COM_TX_PORT                              0x20000038   Data           8  stm32f4_discovery.o(.data)
    COM_RX_PORT                              0x20000040   Data           8  stm32f4_discovery.o(.data)
    GPIO_PORT                                0x20000048   Data          16  stm32f4_discovery.o(.data)
    DMATxDescToSet                           0x20000068   Data           4  stm32f4x7_eth.o(.data)
    DMARxDescToGet                           0x2000006c   Data           4  stm32f4x7_eth.o(.data)
    DMA_RX_FRAME_infos                       0x20000070   Data           4  stm32f4x7_eth.o(.data)
    udp_pcbs                                 0x20000084   Data           4  udp.o(.data)
    netif_list                               0x2000009c   Data           4  netif.o(.data)
    netif_default                            0x200000a0   Data           4  netif.o(.data)
    tcp_ticks                                0x200000b0   Data           4  tcp.o(.data)
    tcp_bound_pcbs                           0x200000b4   Data           4  tcp.o(.data)
    tcp_listen_pcbs                          0x200000b8   Data           4  tcp.o(.data)
    tcp_active_pcbs                          0x200000bc   Data           4  tcp.o(.data)
    tcp_tw_pcbs                              0x200000c0   Data           4  tcp.o(.data)
    tcp_tmp_pcb                              0x200000c4   Data           4  tcp.o(.data)
    tcp_state_str                            0x200000c8   Data          44  tcp.o(.data)
    tcp_input_pcb                            0x2000010c   Data           4  tcp_in.o(.data)
    current_netif                            0x20000118   Data           4  ip.o(.data)
    current_header                           0x2000011c   Data           4  ip.o(.data)
    s_xSemaphore                             0x20000128   Data           4  ethernetif.o(.data)
    pxCurrentTCB                             0x20000134   Data           4  tasks.o(.data)
    __stdout                                 0x2000019c   Data           4  stdout.o(.data)
    xnetif                                   0x200001a0   Data          56  netconf.o(.bss)
    fs_memory                                0x200001d8   Data         240  fs.o(.bss)
    DMARxDscrTab                             0x200002c8   Data         160  stm32f4x7_eth.o(.bss)
    DMATxDscrTab                             0x20000368   Data         160  stm32f4x7_eth.o(.bss)
    Rx_Buff                                  0x20000408   Data        7620  stm32f4x7_eth.o(.bss)
    Tx_Buff                                  0x200021cc   Data        7620  stm32f4x7_eth.o(.bss)
    RX_Frame_Descriptor                      0x20003f90   Data          12  stm32f4x7_eth.o(.bss)
    __initial_sp                             0x2000c138   Data           0  startup_stm32f4xx.o(STACK)



==============================================================================

Memory Map of the image

  Image Entry point : 0x08000189

  Load Region LR_IROM1 (Base: 0x08000000, Size: 0x00017cb8, Max: 0x00100000, ABSOLUTE, COMPRESSED[0x00017b84])

    Execution Region ER_IROM1 (Exec base: 0x08000000, Load base: 0x08000000, Size: 0x00017b18, Max: 0x00100000, ABSOLUTE)

    Exec Addr    Load Addr    Size         Type   Attr      Idx    E Section Name        Object

    0x08000000   0x08000000   0x00000188   Data   RO         1377    RESET               startup_stm32f4xx.o
    0x08000188   0x08000188   0x00000000   Code   RO         1382  * .ARM.Collect$$$$00000000  mc_w.l(entry.o)
    0x08000188   0x08000188   0x00000004   Code   RO         1672    .ARM.Collect$$$$00000001  mc_w.l(entry2.o)
    0x0800018c   0x0800018c   0x00000004   Code   RO         1675    .ARM.Collect$$$$00000004  mc_w.l(entry5.o)
    0x08000190   0x08000190   0x00000000   Code   RO         1677    .ARM.Collect$$$$00000008  mc_w.l(entry7b.o)
    0x08000190   0x08000190   0x00000000   Code   RO         1679    .ARM.Collect$$$$0000000A  mc_w.l(entry8b.o)
    0x08000190   0x08000190   0x00000008   Code   RO         1680    .ARM.Collect$$$$0000000B  mc_w.l(entry9a.o)
    0x08000198   0x08000198   0x00000000   Code   RO         1682    .ARM.Collect$$$$0000000D  mc_w.l(entry10a.o)
    0x08000198   0x08000198   0x00000000   Code   RO         1684    .ARM.Collect$$$$0000000F  mc_w.l(entry11a.o)
    0x08000198   0x08000198   0x00000004   Code   RO         1673    .ARM.Collect$$$$00002712  mc_w.l(entry2.o)
    0x0800019c   0x0800019c   0x00000088   Code   RO         1342    .emb_text           port.o
    0x08000224   0x08000224   0x00000074   Code   RO            2    .text               main.o
    0x08000298   0x08000298   0x00000184   Code   RO          250    .text               system_stm32f4xx.o
    0x0800041c   0x0800041c   0x00000050   Code   RO          272    .text               stm32f4xx_it.o
    0x0800046c   0x0800046c   0x000000c0   Code   RO          292    .text               netconf.o
    0x0800052c   0x0800052c   0x00000244   Code   RO          357    .text               stm32f4x7_eth_bsp.o
    0x08000770   0x08000770   0x000000dc   Code   RO          375    .text               fs.o
    0x0800084c   0x0800084c   0x000003e8   Code   RO          412    .text               httpserver-netconn.o
    0x08000c34   0x08000c34   0x00000e0c   Code   RO          439    .text               stm32f4_discovery_lcd.o
    0x08001a40   0x08001a40   0x0000043c   Code   RO          471    .text               stm32f4_discovery.o
    0x08001e7c   0x08001e7c   0x000000ec   Code   RO          492    .text               stm32f4xx_exti.o
    0x08001f68   0x08001f68   0x000004b4   Code   RO          508    .text               stm32f4xx_fsmc.o
    0x0800241c   0x0800241c   0x00000224   Code   RO          524    .text               stm32f4xx_gpio.o
    0x08002640   0x08002640   0x00000434   Code   RO          540    .text               stm32f4xx_rcc.o
    0x08002a74   0x08002a74   0x000001bc   Code   RO          558    .text               stm32f4xx_sdio.o
    0x08002c30   0x08002c30   0x00000070   Code   RO          574    .text               stm32f4xx_syscfg.o
    0x08002ca0   0x08002ca0   0x000003b4   Code   RO          590    .text               stm32f4xx_usart.o
    0x08003054   0x08003054   0x000000bc   Code   RO          606    .text               misc.o
    0x08003110   0x08003110   0x00000344   Code   RO          638    .text               stm32f4xx_dma.o
    0x08003454   0x08003454   0x00000bb0   Code   RO          654    .text               stm32f4x7_eth.o
    0x08004004   0x08004004   0x000002f8   Code   RO          681    .text               api_lib.o
    0x080042fc   0x080042fc   0x00000948   Code   RO          716    .text               api_msg.o
    0x08004c44   0x08004c44   0x0000014c   Code   RO          746    .text               netbuf.o
    0x08004d90   0x08004d90   0x00000324   Code   RO          779    .text               tcpip.o
    0x080050b4   0x080050b4   0x0000038c   Code   RO          826    .text               udp.o
    0x08005440   0x08005440   0x0000001c   Code   RO          867    .text               init.o
    0x0800545c   0x0800545c   0x00000290   Code   RO          896    .text               mem.o
    0x080056ec   0x080056ec   0x00000088   Code   RO          911    .text               memp.o
    0x08005774   0x08005774   0x0000019c   Code   RO          940    .text               netif.o
    0x08005910   0x08005910   0x0000043e   Code   RO          962    .text               pbuf.o
    0x08005d4e   0x08005d4e   0x00000002   PAD
    0x08005d50   0x08005d50   0x00000170   Code   RO          974    .text               raw.o
    0x08005ec0   0x08005ec0   0x000001f4   Code   RO          994    .text               sys.o
    0x080060b4   0x080060b4   0x0000095c   Code   RO         1015    .text               tcp.o
    0x08006a10   0x08006a10   0x00000da8   Code   RO         1036    .text               tcp_in.o
    0x080077b8   0x080077b8   0x0000091e   Code   RO         1056    .text               tcp_out.o
    0x080080d6   0x080080d6   0x00000002   PAD
    0x080080d8   0x080080d8   0x00000e24   Code   RO         1074    .text               dhcp.o
    0x08008efc   0x08008efc   0x00000330   Code   RO         1087    .text               autoip.o
    0x0800922c   0x0800922c   0x000001b2   Code   RO         1102    .text               icmp.o
    0x080093de   0x080093de   0x00000002   PAD
    0x080093e0   0x080093e0   0x000001b0   Code   RO         1120    .text               inet.o
    0x08009590   0x08009590   0x00000114   Code   RO         1133    .text               inet_chksum.o
    0x080096a4   0x080096a4   0x000002e4   Code   RO         1145    .text               ip.o
    0x08009988   0x08009988   0x0000003e   Code   RO         1163    .text               ip_addr.o
    0x080099c6   0x080099c6   0x00000002   PAD
    0x080099c8   0x080099c8   0x000005b8   Code   RO         1192    .text               etharp.o
    0x08009f80   0x08009f80   0x0000023c   Code   RO         1228    .text               ethernetif.o
    0x0800a1bc   0x0800a1bc   0x000001fc   Code   RO         1247    .text               sys_arch.o
    0x0800a3b8   0x0800a3b8   0x0000008c   Code   RO         1287    .text               list.o
    0x0800a444   0x0800a444   0x0000048a   Code   RO         1305    .text               queue.o
    0x0800a8ce   0x0800a8ce   0x00000002   PAD
    0x0800a8d0   0x0800a8d0   0x00000874   Code   RO         1320    .text               tasks.o
    0x0800b144   0x0800b144   0x000000a0   Code   RO         1343    .text               port.o
    0x0800b1e4   0x0800b1e4   0x000000f8   Code   RO         1360    .text               heap_2.o
    0x0800b2dc   0x0800b2dc   0x00000024   Code   RO         1378    .text               startup_stm32f4xx.o
    0x0800b300   0x0800b300   0x00000024   Code   RO         1385    .text               mc_w.l(memcpya.o)
    0x0800b324   0x0800b324   0x00000024   Code   RO         1387    .text               mc_w.l(memseta.o)
    0x0800b348   0x0800b348   0x00000018   Code   RO         1389    .text               mc_w.l(strcat.o)
    0x0800b360   0x0800b360   0x00000018   Code   RO         1391    .text               mc_w.l(strncpy.o)
    0x0800b378   0x0800b378   0x0000000e   Code   RO         1393    .text               mc_w.l(strlen.o)
    0x0800b386   0x0800b386   0x0000001c   Code   RO         1395    .text               mc_w.l(strcmp.o)
    0x0800b3a2   0x0800b3a2   0x0000001a   Code   RO         1397    .text               mc_w.l(memcmp.o)
    0x0800b3bc   0x0800b3bc   0x0000001e   Code   RO         1399    .text               mc_w.l(strncmp.o)
    0x0800b3da   0x0800b3da   0x00000022   Code   RO         1664    .text               mf_w.l(dflti.o)
    0x0800b3fc   0x0800b3fc   0x0000001a   Code   RO         1666    .text               mf_w.l(dfltui.o)
    0x0800b416   0x0800b416   0x00000002   PAD
    0x0800b418   0x0800b418   0x00000030   Code   RO         1668    .text               mf_w.l(cdcmple.o)
    0x0800b448   0x0800b448   0x00000030   Code   RO         1670    .text               mf_w.l(cdrcmple.o)
    0x0800b478   0x0800b478   0x0000002c   Code   RO         1689    .text               mc_w.l(uidiv.o)
    0x0800b4a4   0x0800b4a4   0x00000000   Code   RO         1693    .text               mc_w.l(iusefp.o)
    0x0800b4a4   0x0800b4a4   0x000000ba   Code   RO         1694    .text               mf_w.l(depilogue.o)
    0x0800b55e   0x0800b55e   0x00000002   PAD
    0x0800b560   0x0800b560   0x00000024   Code   RO         1704    .text               mc_w.l(init.o)
    0x0800b584   0x0800b584   0x00000000   Code   RO         1706    .text               mc_w.l(semi.o)
    0x0800b584   0x0800b584   0x0000001e   Code   RO         1707    .text               mc_w.l(llshl.o)
    0x0800b5a2   0x0800b5a2   0x00000020   Code   RO         1709    .text               mc_w.l(llushr.o)
    0x0800b5c2   0x0800b5c2   0x00000000   Code   RO         1713    .text               mc_w.l(iusesemip.o)
    0x0800b5c2   0x0800b5c2   0x00000056   Code   RO         1722    .text               mc_w.l(__dczerorl2.o)
    0x0800b618   0x0800b618   0x00000020   Code   RO         1492    i.__0printf$3       mc_w.l(printf3.o)
    0x0800b638   0x0800b638   0x00000028   Code   RO         1494    i.__0sprintf$3      mc_w.l(printf3.o)
    0x0800b660   0x0800b660   0x0000000e   Code   RO         1716    i.__scatterload_copy  mc_w.l(handlers.o)
    0x0800b66e   0x0800b66e   0x00000002   Code   RO         1717    i.__scatterload_null  mc_w.l(handlers.o)
    0x0800b670   0x0800b670   0x0000000e   Code   RO         1718    i.__scatterload_zeroinit  mc_w.l(handlers.o)
    0x0800b67e   0x0800b67e   0x00000002   PAD
    0x0800b680   0x0800b680   0x000001b8   Code   RO         1499    i._printf_core      mc_w.l(printf3.o)
    0x0800b838   0x0800b838   0x0000000a   Code   RO         1501    i._sputc            mc_w.l(printf3.o)
    0x0800b842   0x0800b842   0x00000012   Code   RO         1686    i.fputc             mc_w.l(fputc.o)
    0x0800b854   0x0800b854   0x00000c57   Data   RO          377    .constdata          fs.o
    0x0800c4ab   0x0800c4ab   0x00000aba   Data   RO          378    .constdata          fs.o
    0x0800cf65   0x0800cf65   0x0000665d   Data   RO          379    .constdata          fs.o
    0x080135c2   0x080135c2   0x000004db   Data   RO          380    .constdata          fs.o
    0x08013a9d   0x08013a9d   0x000026c4   Data   RO          381    .constdata          fs.o
    0x08016161   0x08016161   0x00000003   PAD
    0x08016164   0x08016164   0x00000014   Data   RO          382    .constdata          fs.o
    0x08016178   0x08016178   0x00000014   Data   RO          383    .constdata          fs.o
    0x0801618c   0x0801618c   0x00000014   Data   RO          384    .constdata          fs.o
    0x080161a0   0x080161a0   0x00000014   Data   RO          385    .constdata          fs.o
    0x080161b4   0x080161b4   0x00000014   Data   RO          386    .constdata          fs.o
    0x080161c8   0x080161c8   0x0000063c   Data   RO          413    .constdata          httpserver-netconn.o
    0x08016804   0x08016804   0x000011d0   Data   RO          440    .constdata          stm32f4_discovery_lcd.o
    0x080179d4   0x080179d4   0x00000054   Data   RO          472    .constdata          stm32f4_discovery.o
    0x08017a28   0x08017a28   0x00000030   Data   RO          913    .constdata          memp.o
    0x08017a58   0x08017a58   0x00000014   Data   RO         1016    .constdata          tcp.o
    0x08017a6c   0x08017a6c   0x00000004   Data   RO         1164    .constdata          ip_addr.o
    0x08017a70   0x08017a70   0x00000004   Data   RO         1165    .constdata          ip_addr.o
    0x08017a74   0x08017a74   0x0000000c   Data   RO         1194    .constdata          etharp.o
    0x08017a80   0x08017a80   0x00000075   Data   RO         1017    .conststring        tcp.o
    0x08017af5   0x08017af5   0x00000003   PAD
    0x08017af8   0x08017af8   0x00000020   Data   RO         1714    Region$$Table       anon$$obj.o


    Execution Region RW_IRAM1 (Exec base: 0x20000000, Load base: 0x08017b18, Size: 0x0000c138, Max: 0x00020000, ABSOLUTE, COMPRESSED[0x0000006c])

    Exec Addr    Load Addr    Size         Type   Attr      Idx    E Section Name        Object

    0x20000000   COMPRESSED   0x00000014   Data   RW          251    .data               system_stm32f4xx.o
    0x20000014   COMPRESSED   0x00000004   Data   RW          358    .data               stm32f4x7_eth_bsp.o
    0x20000018   COMPRESSED   0x00000004   Data   RW          414    .data               httpserver-netconn.o
    0x2000001c   COMPRESSED   0x00000010   Data   RW          444    .data               stm32f4_discovery_lcd.o
    0x2000002c   COMPRESSED   0x0000002c   Data   RW          473    .data               stm32f4_discovery.o
    0x20000058   COMPRESSED   0x00000010   Data   RW          541    .data               stm32f4xx_rcc.o
    0x20000068   COMPRESSED   0x0000000c   Data   RW          660    .data               stm32f4x7_eth.o
    0x20000074   COMPRESSED   0x00000010   Data   RW          780    .data               tcpip.o
    0x20000084   COMPRESSED   0x00000004   Data   RW          827    .data               udp.o
    0x20000088   COMPRESSED   0x00000010   Data   RW          898    .data               mem.o
    0x20000098   COMPRESSED   0x0000000c   Data   RW          941    .data               netif.o
    0x200000a4   COMPRESSED   0x00000004   Data   RW          975    .data               raw.o
    0x200000a8   COMPRESSED   0x0000004c   Data   RW         1018    .data               tcp.o
    0x200000f4   COMPRESSED   0x0000001c   Data   RW         1038    .data               tcp_in.o
    0x20000110   COMPRESSED   0x00000004   Data   RW         1075    .data               dhcp.o
    0x20000114   COMPRESSED   0x0000000c   Data   RW         1146    .data               ip.o
    0x20000120   COMPRESSED   0x00000001   Data   RW         1195    .data               etharp.o
    0x20000121   COMPRESSED   0x00000003   PAD
    0x20000124   COMPRESSED   0x0000000c   Data   RW         1229    .data               ethernetif.o
    0x20000130   COMPRESSED   0x00000002   Data   RW         1249    .data               sys_arch.o
    0x20000132   COMPRESSED   0x00000002   PAD
    0x20000134   COMPRESSED   0x0000004c   Data   RW         1322    .data               tasks.o
    0x20000180   COMPRESSED   0x00000004   Data   RW         1344    .data               port.o
    0x20000184   COMPRESSED   0x00000018   Data   RW         1362    .data               heap_2.o
    0x2000019c   COMPRESSED   0x00000004   Data   RW         1688    .data               mc_w.l(stdout.o)
    0x200001a0        -       0x00000038   Zero   RW          293    .bss                netconf.o
    0x200001d8        -       0x000000f0   Zero   RW          376    .bss                fs.o
    0x200002c8        -       0x000000a0   Zero   RW          655    .bss                stm32f4x7_eth.o
    0x20000368        -       0x000000a0   Zero   RW          656    .bss                stm32f4x7_eth.o
    0x20000408        -       0x00001dc4   Zero   RW          657    .bss                stm32f4x7_eth.o
    0x200021cc        -       0x00001dc4   Zero   RW          658    .bss                stm32f4x7_eth.o
    0x20003f90        -       0x0000000c   Zero   RW          659    .bss                stm32f4x7_eth.o
    0x20003f9c        -       0x00001414   Zero   RW          897    .bss                mem.o
    0x200053b0        -       0x00002b83   Zero   RW          912    .bss                memp.o
    0x20007f33   COMPRESSED   0x00000001   PAD
    0x20007f34        -       0x00000014   Zero   RW         1037    .bss                tcp_in.o
    0x20007f48        -       0x00000010   Zero   RW         1121    .bss                inet.o
    0x20007f58        -       0x000000a0   Zero   RW         1193    .bss                etharp.o
    0x20007ff8        -       0x00000030   Zero   RW         1248    .bss                sys_arch.o
    0x20008028        -       0x0000010e   Zero   RW         1321    .bss                tasks.o
    0x20008136   COMPRESSED   0x00000002   PAD
    0x20008138        -       0x00003c00   Zero   RW         1361    .bss                heap_2.o
    0x2000bd38        -       0x00000400   Zero   RW         1375    STACK               startup_stm32f4xx.o


==============================================================================

Image component sizes


      Code (inc. data)   RO Data    RW Data    ZI Data      Debug   Object Name

       760         44          0          0          0      20606   api_lib.o
      2376         32          0          0          0       9395   api_msg.o
       816         32          0          0          0       4682   autoip.o
      3620         48          0          4          0      12869   dhcp.o
      1464         24         12          1        160       9486   etharp.o
       572         56          0         12          0       4078   ethernetif.o
       220         10      43377          0        240       5089   fs.o
       248         10          0         24      15360       3848   heap_2.o
      1000        464       1596          4          0       8484   httpserver-netconn.o
       434          0          0          0          0       2783   icmp.o
       432         12          0          0         16       3396   inet.o
       276          0          0          0          0       2890   inet_chksum.o
        28          0          0          0          0       1963   init.o
       740         14          0         12          0       6566   ip.o
        62          0          8          0          0       5957   ip_addr.o
       140          0          0          0          0       3497   list.o
       116         24          0          0          0     372870   main.o
       656         10          0         16       5140       4266   mem.o
       136          8         48          0      11139       2762   memp.o
       188         14          0          0          0       2185   misc.o
       332          0          0          0          0       3477   netbuf.o
       192         22          0          0         56       9838   netconf.o
       412         12          0         12          0       5844   netif.o
      1086          0          0          0          0       6084   pbuf.o
       296         24          0          4          0       2829   port.o
      1162          0          0          0          0       8221   queue.o
       368          4          0          4          0       3977   raw.o
        36          8        392          0       1024        812   startup_stm32f4xx.o
      1084         30         84         44          0       5247   stm32f4_discovery.o
      3596         46       4560         16          0      15054   stm32f4_discovery_lcd.o
      2992         90          0         12      15572      21276   stm32f4x7_eth.o
       580         64          0          4          0       1969   stm32f4x7_eth_bsp.o
       836         34          0          0          0       7105   stm32f4xx_dma.o
       236         10          0          0          0       2671   stm32f4xx_exti.o
      1204          8          0          0          0       6247   stm32f4xx_fsmc.o
       548         36          0          0          0       4669   stm32f4xx_gpio.o
        80          4          0          0          0       1489   stm32f4xx_it.o
      1076         44          0         16          0      12011   stm32f4xx_rcc.o
       444         16          0          0          0       7612   stm32f4xx_sdio.o
       112         16          0          0          0       1675   stm32f4xx_syscfg.o
       948         24          0          0          0       8700   stm32f4xx_usart.o
       500          6          0          0          0       3688   sys.o
       508         10          0          2         48       5734   sys_arch.o
       388         36          0         20          0       1983   system_stm32f4xx.o
      2164         62          0         76        270      13925   tasks.o
      2396         46        137         76          0      18904   tcp.o
      3496         66          0         28         20      14128   tcp_in.o
      2334         12          0          0          0       7858   tcp_out.o
       804         58          0         16          0      15661   tcpip.o
       908         10          0          4          0      14435   udp.o

    ----------------------------------------------------------------------
     45412       1600      50252        412      49048     720795   Object Totals
         0          0         32          0          0          0   (incl. Generated)
        10          0          6          5          3          0   (incl. Padding)

    ----------------------------------------------------------------------

      Code (inc. data)   RO Data    RW Data    ZI Data      Debug   Library Member Name

        86          0          0          0          0          0   __dczerorl2.o
         0          0          0          0          0          0   entry.o
         0          0          0          0          0          0   entry10a.o
         0          0          0          0          0          0   entry11a.o
         8          4          0          0          0          0   entry2.o
         4          0          0          0          0          0   entry5.o
         0          0          0          0          0          0   entry7b.o
         0          0          0          0          0          0   entry8b.o
         8          4          0          0          0          0   entry9a.o
        18          0          0          0          0         80   fputc.o
        30          0          0          0          0          0   handlers.o
        36          8          0          0          0         68   init.o
         0          0          0          0          0          0   iusefp.o
         0          0          0          0          0          0   iusesemip.o
        30          0          0          0          0         68   llshl.o
        32          0          0          0          0         68   llushr.o
        26          0          0          0          0         80   memcmp.o
        36          0          0          0          0         68   memcpya.o
        36          0          0          0          0        108   memseta.o
       522         20          0          0          0        336   printf3.o
         0          0          0          0          0          0   semi.o
         0          0          0          4          0          0   stdout.o
        24          0          0          0          0         68   strcat.o
        28          0          0          0          0         76   strcmp.o
        14          0          0          0          0         68   strlen.o
        30          0          0          0          0         80   strncmp.o
        24          0          0          0          0         76   strncpy.o
        44          0          0          0          0         80   uidiv.o
        48          0          0          0          0         68   cdcmple.o
        48          0          0          0          0         68   cdrcmple.o
       186          0          0          0          0        176   depilogue.o
        34          0          0          0          0         76   dflti.o
        26          0          0          0          0         76   dfltui.o

    ----------------------------------------------------------------------
      1384         36          0          4          0       1788   Library Totals
         6          0          0          0          0          0   (incl. Padding)

    ----------------------------------------------------------------------

      Code (inc. data)   RO Data    RW Data    ZI Data      Debug   Library Name

      1036         36          0          4          0       1324   mc_w.l
       342          0          0          0          0        464   mf_w.l

    ----------------------------------------------------------------------
      1384         36          0          4          0       1788   Library Totals

    ----------------------------------------------------------------------

==============================================================================


      Code (inc. data)   RO Data    RW Data    ZI Data      Debug   

     46796       1636      50252        416      49048     716367   Grand Totals
     46796       1636      50252        108      49048     716367   ELF Image Totals (compressed)
     46796       1636      50252        108          0          0   ROM Totals

==============================================================================

    Total RO  Size (Code + RO Data)                97048 (  94.77kB)
    Total RW  Size (RW Data + ZI Data)             49464 (  48.30kB)
    Total ROM Size (Code + RO Data + RW Data)      97156 (  94.88kB)

==============================================================================

