Component: ARM Compiler 5.06 update 6 (build 750) Tool: armlink [4d35ed]

==============================================================================

Section Cross References

    main.o(.text) refers to stm32f4xx_usart.o(.text) for USART_GetFlagStatus
    main.o(.text) refers to printf3.o(i.__0printf$3) for __2printf
    main.o(.text) refers to stm32f4_discovery.o(.text) for STM_EVAL_LEDToggle
    main.o(.text) refers to tasks.o(.text) for vTaskDelay
    main.o(.text) refers to custom_stm32f4_board.o(.text) for STM_CUSTOM_COMInit
    main.o(.text) refers to stm32f4x7_eth_bsp.o(.text) for ETH_BSP_Config
    main.o(.text) refers to netconf.o(.text) for LwIP_Init
    main.o(.text) refers to httpserver-netconn.o(.text) for http_server_netconn_init
    main.o(.text) refers to main.o(.bss) for .bss
    system_stm32f4xx.o(.text) refers to system_stm32f4xx.o(.data) for .data
    stm32f4xx_it.o(.text) refers to port.o(.text) for xPortSysTickHandler
    stm32f4xx_it.o(.text) refers to stm32f4x7_eth.o(.text) for ETH_GetDMAFlagStatus
    stm32f4xx_it.o(.text) refers to queue.o(.text) for xQueueGenericSendFromISR
    stm32f4xx_it.o(.text) refers to ethernetif.o(.data) for s_xSemaphore
    netconf.o(.text) refers to tcpip.o(.text) for tcpip_init
    netconf.o(.text) refers to netif.o(.text) for netif_add
    netconf.o(.text) refers to dhcp.o(.text) for dhcp_start
    netconf.o(.text) refers to tasks.o(.text) for vTaskDelete
    netconf.o(.text) refers to inet.o(.text) for htonl
    netconf.o(.text) refers to ethernetif.o(.text) for ethernetif_init
    netconf.o(.text) refers to netconf.o(.bss) for .bss
    stm32f4x7_eth_bsp.o(.text) refers to stm32f4xx_rcc.o(.text) for RCC_AHB1PeriphClockCmd
    stm32f4x7_eth_bsp.o(.text) refers to stm32f4x7_eth.o(.text) for ETH_DeInit
    stm32f4x7_eth_bsp.o(.text) refers to misc.o(.text) for NVIC_PriorityGroupConfig
    stm32f4x7_eth_bsp.o(.text) refers to stm32f4xx_syscfg.o(.text) for SYSCFG_ETH_MediaInterfaceConfig
    stm32f4x7_eth_bsp.o(.text) refers to stm32f4xx_gpio.o(.text) for GPIO_Init
    stm32f4x7_eth_bsp.o(.text) refers to stm32f4_discovery_lcd.o(.text) for LCD_SetTextColor
    stm32f4x7_eth_bsp.o(.text) refers to stm32f4x7_eth_bsp.o(.data) for .data
    fs.o(.text) refers to strcmp.o(.text) for strcmp
    fs.o(.text) refers to memcpya.o(.text) for __aeabi_memcpy
    fs.o(.text) refers to fs.o(.bss) for .bss
    fs.o(.text) refers to fs.o(.constdata) for .constdata
    fs.o(.constdata) refers to fs.o(.constdata) for data__STM32F4x7_files_logo_jpg
    fs.o(.constdata) refers to fs.o(.constdata) for file__STM32F4x7_files_logo_jpg
    fs.o(.constdata) refers to fs.o(.constdata) for data__STM32F4x7_files_ST_gif
    fs.o(.constdata) refers to fs.o(.constdata) for file__STM32F4x7_files_ST_gif
    fs.o(.constdata) refers to fs.o(.constdata) for data__STM32F4x7_files_stm32_jpg
    fs.o(.constdata) refers to fs.o(.constdata) for file__STM32F4x7_files_stm32_jpg
    fs.o(.constdata) refers to fs.o(.constdata) for data__404_html
    fs.o(.constdata) refers to fs.o(.constdata) for file__404_html
    fs.o(.constdata) refers to fs.o(.constdata) for data__STM32F4x7_html
    httpserver-netconn.o(.text) refers to memseta.o(.text) for __aeabi_memclr4
    httpserver-netconn.o(.text) refers to printf3.o(i.__0sprintf$3) for __2sprintf
    httpserver-netconn.o(.text) refers to strcat.o(.text) for strcat
    httpserver-netconn.o(.text) refers to strlen.o(.text) for strlen
    httpserver-netconn.o(.text) refers to tasks.o(.text) for vTaskList
    httpserver-netconn.o(.text) refers to api_lib.o(.text) for netconn_write
    httpserver-netconn.o(.text) refers to netbuf.o(.text) for netbuf_data
    httpserver-netconn.o(.text) refers to strncmp.o(.text) for strncmp
    httpserver-netconn.o(.text) refers to fs.o(.text) for fs_open
    httpserver-netconn.o(.text) refers to printf3.o(i.__0printf$3) for __2printf
    httpserver-netconn.o(.text) refers to sys_arch.o(.text) for sys_thread_new
    httpserver-netconn.o(.text) refers to httpserver-netconn.o(.data) for .data
    httpserver-netconn.o(.text) refers to httpserver-netconn.o(.constdata) for .constdata
    custom_stm32f4_board.o(.text) refers to stm32f4xx_rcc.o(.text) for RCC_AHB1PeriphClockCmd
    custom_stm32f4_board.o(.text) refers to stm32f4xx_gpio.o(.text) for GPIO_PinAFConfig
    custom_stm32f4_board.o(.text) refers to stm32f4xx_usart.o(.text) for USART_Init
    custom_stm32f4_board.o(.text) refers to custom_stm32f4_board.o(.constdata) for .constdata
    custom_stm32f4_board.o(.text) refers to custom_stm32f4_board.o(.data) for .data
    stm32f4_discovery_lcd.o(.text) refers to stm32f4xx_fsmc.o(.text) for FSMC_NORSRAMCmd
    stm32f4_discovery_lcd.o(.text) refers to stm32f4xx_gpio.o(.text) for GPIO_Init
    stm32f4_discovery_lcd.o(.text) refers to stm32f4xx_rcc.o(.text) for RCC_AHB1PeriphClockCmd
    stm32f4_discovery_lcd.o(.text) refers to stm32f4_discovery_lcd.o(.data) for .data
[...]
    STM_EVAL_COMInit                         0x08001cd5   Thumb Code   192  stm32f4_discovery.o(.text)
    SD_LowLevel_DeInit                       0x08001d95   Thumb Code   142  stm32f4_discovery.o(.text)
    SD_LowLevel_Init                         0x08001e23   Thumb Code   178  stm32f4_discovery.o(.text)
    SD_LowLevel_DMA_TxConfig                 0x08001ed5   Thumb Code   128  stm32f4_discovery.o(.text)
    SD_LowLevel_DMA_RxConfig                 0x08001f55   Thumb Code   156  stm32f4_discovery.o(.text)
    EXTI_DeInit                              0x08001ff1   Thumb Code    28  stm32f4xx_exti.o(.text)
    EXTI_Init                                0x0800200d   Thumb Code   110  stm32f4xx_exti.o(.text)
    EXTI_StructInit                          0x0800207b   Thumb Code    14  stm32f4xx_exti.o(.text)
    EXTI_GenerateSWInterrupt                 0x08002089   Thumb Code    12  stm32f4xx_exti.o(.text)
    EXTI_GetFlagStatus                       0x08002095   Thumb Code    18  stm32f4xx_exti.o(.text)
    EXTI_ClearFlag                           0x080020a7   Thumb Code     8  stm32f4xx_exti.o(.text)
    EXTI_GetITStatus                         0x080020af   Thumb Code    28  stm32f4xx_exti.o(.text)
    EXTI_ClearITPendingBit                   0x080020cb   Thumb Code     8  stm32f4xx_exti.o(.text)
    FSMC_NORSRAMDeInit                       0x080020dd   Thumb Code    48  stm32f4xx_fsmc.o(.text)
    FSMC_NORSRAMInit                         0x0800210d   Thumb Code   202  stm32f4xx_fsmc.o(.text)
    FSMC_NORSRAMStructInit                   0x080021d7   Thumb Code    98  stm32f4xx_fsmc.o(.text)
    FSMC_NORSRAMCmd                          0x08002239   Thumb Code    30  stm32f4xx_fsmc.o(.text)
    FSMC_NANDDeInit                          0x08002257   Thumb Code    40  stm32f4xx_fsmc.o(.text)
    FSMC_NANDInit                            0x0800227f   Thumb Code   104  stm32f4xx_fsmc.o(.text)
    FSMC_NANDStructInit                      0x080022e7   Thumb Code    54  stm32f4xx_fsmc.o(.text)
    FSMC_NANDCmd                             0x0800231d   Thumb Code    60  stm32f4xx_fsmc.o(.text)
    FSMC_NANDECCCmd                          0x08002359   Thumb Code    60  stm32f4xx_fsmc.o(.text)
    FSMC_GetECC                              0x08002395   Thumb Code    18  stm32f4xx_fsmc.o(.text)
    FSMC_PCCARDDeInit                        0x080023a7   Thumb Code    22  stm32f4xx_fsmc.o(.text)
    FSMC_PCCARDInit                          0x080023bd   Thumb Code    98  stm32f4xx_fsmc.o(.text)
    FSMC_PCCARDStructInit                    0x0800241f   Thumb Code    60  stm32f4xx_fsmc.o(.text)
    FSMC_PCCARDCmd                           0x0800245b   Thumb Code    34  stm32f4xx_fsmc.o(.text)
    FSMC_ITConfig                            0x0800247d   Thumb Code    86  stm32f4xx_fsmc.o(.text)
    FSMC_GetFlagStatus                       0x080024d3   Thumb Code    40  stm32f4xx_fsmc.o(.text)
    FSMC_ClearFlag                           0x080024fb   Thumb Code    42  stm32f4xx_fsmc.o(.text)
    FSMC_GetITStatus                         0x08002525   Thumb Code    52  stm32f4xx_fsmc.o(.text)
    FSMC_ClearITPendingBit                   0x08002559   Thumb Code    48  stm32f4xx_fsmc.o(.text)
    GPIO_DeInit                              0x08002591   Thumb Code   240  stm32f4xx_gpio.o(.text)
    GPIO_Init                                0x08002681   Thumb Code   124  stm32f4xx_gpio.o(.text)
    GPIO_StructInit                          0x080026fd   Thumb Code    18  stm32f4xx_gpio.o(.text)
    GPIO_PinLockConfig                       0x0800270f   Thumb Code    26  stm32f4xx_gpio.o(.text)
    GPIO_ReadInputDataBit                    0x08002729   Thumb Code    14  stm32f4xx_gpio.o(.text)
    GPIO_ReadInputData                       0x08002737   Thumb Code     6  stm32f4xx_gpio.o(.text)
    GPIO_ReadOutputDataBit                   0x0800273d   Thumb Code    14  stm32f4xx_gpio.o(.text)
    GPIO_ReadOutputData                      0x0800274b   Thumb Code     6  stm32f4xx_gpio.o(.text)
    GPIO_SetBits                             0x08002751   Thumb Code     4  stm32f4xx_gpio.o(.text)
    GPIO_ResetBits                           0x08002755   Thumb Code     4  stm32f4xx_gpio.o(.text)
    GPIO_WriteBit                            0x08002759   Thumb Code    12  stm32f4xx_gpio.o(.text)
    GPIO_Write                               0x08002765   Thumb Code     4  stm32f4xx_gpio.o(.text)
    GPIO_ToggleBits                          0x08002769   Thumb Code     8  stm32f4xx_gpio.o(.text)
    GPIO_PinAFConfig                         0x08002771   Thumb Code    32  stm32f4xx_gpio.o(.text)
    RCC_DeInit                               0x080027b5   Thumb Code    48  stm32f4xx_rcc.o(.text)
    RCC_HSEConfig                            0x080027e5   Thumb Code    12  stm32f4xx_rcc.o(.text)
    RCC_GetFlagStatus                        0x080027f1   Thumb Code    50  stm32f4xx_rcc.o(.text)
    RCC_WaitForHSEStartUp                    0x08002823   Thumb Code    48  stm32f4xx_rcc.o(.text)
    RCC_AdjustHSICalibrationValue            0x08002853   Thumb Code    16  stm32f4xx_rcc.o(.text)
    RCC_HSICmd                               0x08002863   Thumb Code     6  stm32f4xx_rcc.o(.text)
    RCC_LSEConfig                            0x08002869   Thumb Code    30  stm32f4xx_rcc.o(.text)
    RCC_LSICmd                               0x08002887   Thumb Code     6  stm32f4xx_rcc.o(.text)
    RCC_PLLConfig                            0x0800288d   Thumb Code    34  stm32f4xx_rcc.o(.text)
    RCC_PLLCmd                               0x080028af   Thumb Code     6  stm32f4xx_rcc.o(.text)
    RCC_PLLI2SConfig                         0x080028b5   Thumb Code    14  stm32f4xx_rcc.o(.text)
    RCC_PLLI2SCmd                            0x080028c3   Thumb Code     6  stm32f4xx_rcc.o(.text)
    RCC_ClockSecuritySystemCmd               0x080028c9   Thumb Code     6  stm32f4xx_rcc.o(.text)
    RCC_MCO1Config                           0x080028cf   Thumb Code    18  stm32f4xx_rcc.o(.text)
    RCC_MCO2Config                           0x080028e1   Thumb Code    18  stm32f4xx_rcc.o(.text)
    RCC_SYSCLKConfig                         0x080028f3   Thumb Code    16  stm32f4xx_rcc.o(.text)
    RCC_GetSYSCLKSource                      0x08002903   Thumb Code    12  stm32f4xx_rcc.o(.text)
    RCC_HCLKConfig                           0x0800290f   Thumb Code    16  stm32f4xx_rcc.o(.text)
    RCC_PCLK1Config                          0x0800291f   Thumb Code    16  stm32f4xx_rcc.o(.text)
    RCC_PCLK2Config                          0x0800292f   Thumb Code    18  stm32f4xx_rcc.o(.text)
    RCC_GetClocksFreq                        0x08002941   Thumb Code   150  stm32f4xx_rcc.o(.text)
    RCC_RTCCLKConfig                         0x080029d7   Thumb Code    42  stm32f4xx_rcc.o(.text)
    RCC_RTCCLKCmd                            0x08002a01   Thumb Code     8  stm32f4xx_rcc.o(.text)
    RCC_BackupResetCmd                       0x08002a09   Thumb Code     8  stm32f4xx_rcc.o(.text)
    RCC_I2SCLKConfig                         0x08002a11   Thumb Code     6  stm32f4xx_rcc.o(.text)
    RCC_AHB1PeriphClockCmd                   0x08002a17   Thumb Code    24  stm32f4xx_rcc.o(.text)
    RCC_AHB2PeriphClockCmd                   0x08002a2f   Thumb Code    24  stm32f4xx_rcc.o(.text)
    RCC_AHB3PeriphClockCmd                   0x08002a47   Thumb Code    24  stm32f4xx_rcc.o(.text)
    RCC_APB1PeriphClockCmd                   0x08002a5f   Thumb Code    24  stm32f4xx_rcc.o(.text)
    RCC_APB2PeriphClockCmd                   0x08002a77   Thumb Code    24  stm32f4xx_rcc.o(.text)
    RCC_AHB1PeriphResetCmd                   0x08002a8f   Thumb Code    24  stm32f4xx_rcc.o(.text)
    RCC_AHB2PeriphResetCmd                   0x08002aa7   Thumb Code    24  stm32f4xx_rcc.o(.text)
    RCC_AHB3PeriphResetCmd                   0x08002abf   Thumb Code    24  stm32f4xx_rcc.o(.text)
    RCC_APB1PeriphResetCmd                   0x08002ad7   Thumb Code    24  stm32f4xx_rcc.o(.text)
    RCC_APB2PeriphResetCmd                   0x08002aef   Thumb Code    24  stm32f4xx_rcc.o(.text)
    RCC_AHB1PeriphClockLPModeCmd             0x08002b07   Thumb Code    24  stm32f4xx_rcc.o(.text)
    RCC_AHB2PeriphClockLPModeCmd             0x08002b1f   Thumb Code    24  stm32f4xx_rcc.o(.text)
    RCC_AHB3PeriphClockLPModeCmd             0x08002b37   Thumb Code    24  stm32f4xx_rcc.o(.text)
    RCC_APB1PeriphClockLPModeCmd             0x08002b4f   Thumb Code    24  stm32f4xx_rcc.o(.text)
    RCC_APB2PeriphClockLPModeCmd             0x08002b67   Thumb Code    24  stm32f4xx_rcc.o(.text)
    RCC_ITConfig                             0x08002b7f   Thumb Code    62  stm32f4xx_rcc.o(.text)
    RCC_ClearFlag                            0x08002bbd   Thumb Code    12  stm32f4xx_rcc.o(.text)
    RCC_GetITStatus                          0x08002bc9   Thumb Code    18  stm32f4xx_rcc.o(.text)
    RCC_ClearITPendingBit                    0x08002bdb   Thumb Code     8  stm32f4xx_rcc.o(.text)
    SDIO_DeInit                              0x08002be9   Thumb Code    24  stm32f4xx_sdio.o(.text)
    SDIO_Init                                0x08002c01   Thumb Code    40  stm32f4xx_sdio.o(.text)
    SDIO_StructInit                          0x08002c29   Thumb Code    16  stm32f4xx_sdio.o(.text)
    SDIO_ClockCmd                            0x08002c39   Thumb Code     6  stm32f4xx_sdio.o(.text)
    SDIO_SetPowerState                       0x08002c3f   Thumb Code     8  stm32f4xx_sdio.o(.text)
    SDIO_GetPowerState                       0x08002c47   Thumb Code    12  stm32f4xx_sdio.o(.text)
    SDIO_SendCommand                         0x08002c53   Thumb Code    38  stm32f4xx_sdio.o(.text)
    SDIO_CmdStructInit                       0x08002c79   Thumb Code    14  stm32f4xx_sdio.o(.text)
    SDIO_GetCommandResponse                  0x08002c87   Thumb Code    10  stm32f4xx_sdio.o(.text)
    SDIO_GetResponse                         0x08002c91   Thumb Code    16  stm32f4xx_sdio.o(.text)
    SDIO_DataConfig                          0x08002ca1   Thumb Code    44  stm32f4xx_sdio.o(.text)
    SDIO_DataStructInit                      0x08002ccd   Thumb Code    20  stm32f4xx_sdio.o(.text)
    SDIO_GetDataCounter                      0x08002ce1   Thumb Code     8  stm32f4xx_sdio.o(.text)
    SDIO_ReadData                            0x08002ce9   Thumb Code     8  stm32f4xx_sdio.o(.text)
    SDIO_WriteData                           0x08002cf1   Thumb Code     8  stm32f4xx_sdio.o(.text)
    SDIO_GetFIFOCount                        0x08002cf9   Thumb Code     8  stm32f4xx_sdio.o(.text)
    SDIO_StartSDIOReadWait                   0x08002d01   Thumb Code     6  stm32f4xx_sdio.o(.text)
    SDIO_StopSDIOReadWait                    0x08002d07   Thumb Code     8  stm32f4xx_sdio.o(.text)
    SDIO_SetSDIOReadWaitMode                 0x08002d0f   Thumb Code     8  stm32f4xx_sdio.o(.text)
    SDIO_SetSDIOOperation                    0x08002d17   Thumb Code     8  stm32f4xx_sdio.o(.text)
    SDIO_SendSDIOSuspendCmd                  0x08002d1f   Thumb Code     6  stm32f4xx_sdio.o(.text)
    SDIO_CommandCompletionCmd                0x08002d25   Thumb Code     8  stm32f4xx_sdio.o(.text)
    SDIO_CEATAITCmd                          0x08002d2d   Thumb Code    12  stm32f4xx_sdio.o(.text)
    SDIO_SendCEATACmd                        0x08002d39   Thumb Code     8  stm32f4xx_sdio.o(.text)
    SDIO_DMACmd                              0x08002d41   Thumb Code     8  stm32f4xx_sdio.o(.text)
    SDIO_ITConfig                            0x08002d49   Thumb Code    24  stm32f4xx_sdio.o(.text)
    SDIO_GetFlagStatus                       0x08002d61   Thumb Code    18  stm32f4xx_sdio.o(.text)
    SDIO_ClearFlag                           0x08002d73   Thumb Code     8  stm32f4xx_sdio.o(.text)
    SDIO_GetITStatus                         0x08002d7b   Thumb Code    18  stm32f4xx_sdio.o(.text)
    SDIO_ClearITPendingBit                   0x08002d8d   Thumb Code     8  stm32f4xx_sdio.o(.text)
    SYSCFG_DeInit                            0x08002da5   Thumb Code    24  stm32f4xx_syscfg.o(.text)
    SYSCFG_MemoryRemapConfig                 0x08002dbd   Thumb Code     6  stm32f4xx_syscfg.o(.text)
    SYSCFG_EXTILineConfig                    0x08002dc3   Thumb Code    38  stm32f4xx_syscfg.o(.text)
    SYSCFG_ETH_MediaInterfaceConfig          0x08002de9   Thumb Code     6  stm32f4xx_syscfg.o(.text)
    SYSCFG_CompensationCellCmd               0x08002def   Thumb Code     6  stm32f4xx_syscfg.o(.text)
    SYSCFG_GetCompensationCellStatus         0x08002df5   Thumb Code    16  stm32f4xx_syscfg.o(.text)
    USART_DeInit                             0x08002e15   Thumb Code   168  stm32f4xx_usart.o(.text)
    USART_Init                               0x08002ebd   Thumb Code   180  stm32f4xx_usart.o(.text)
    USART_StructInit                         0x08002f71   Thumb Code    22  stm32f4xx_usart.o(.text)
    USART_ClockInit                          0x08002f87   Thumb Code    28  stm32f4xx_usart.o(.text)
    USART_ClockStructInit                    0x08002fa3   Thumb Code    12  stm32f4xx_usart.o(.text)
    USART_Cmd                                0x08002faf   Thumb Code    24  stm32f4xx_usart.o(.text)
    USART_SetPrescaler                       0x08002fc7   Thumb Code    16  stm32f4xx_usart.o(.text)
    USART_OverSampling8Cmd                   0x08002fd7   Thumb Code    24  stm32f4xx_usart.o(.text)
    USART_OneBitMethodCmd                    0x08002fef   Thumb Code    24  stm32f4xx_usart.o(.text)
    USART_SendData                           0x08003007   Thumb Code     8  stm32f4xx_usart.o(.text)
    USART_ReceiveData                        0x0800300f   Thumb Code     8  stm32f4xx_usart.o(.text)
    USART_SetAddress                         0x08003017   Thumb Code    16  stm32f4xx_usart.o(.text)
    USART_ReceiverWakeUpCmd                  0x08003027   Thumb Code    24  stm32f4xx_usart.o(.text)
    USART_WakeUpConfig                       0x0800303f   Thumb Code    16  stm32f4xx_usart.o(.text)
    USART_LINBreakDetectLengthConfig         0x0800304f   Thumb Code    16  stm32f4xx_usart.o(.text)
    USART_LINCmd                             0x0800305f   Thumb Code    24  stm32f4xx_usart.o(.text)
    USART_SendBreak                          0x08003077   Thumb Code    10  stm32f4xx_usart.o(.text)
    USART_HalfDuplexCmd                      0x08003081   Thumb Code    24  stm32f4xx_usart.o(.text)
    USART_SetGuardTime                       0x08003099   Thumb Code    16  stm32f4xx_usart.o(.text)
    USART_SmartCardCmd                       0x080030a9   Thumb Code    24  stm32f4xx_usart.o(.text)
    USART_SmartCardNACKCmd                   0x080030c1   Thumb Code    24  stm32f4xx_usart.o(.text)
    USART_IrDAConfig                         0x080030d9   Thumb Code    16  stm32f4xx_usart.o(.text)
    USART_IrDACmd                            0x080030e9   Thumb Code    24  stm32f4xx_usart.o(.text)
    USART_DMACmd                             0x08003101   Thumb Code    20  stm32f4xx_usart.o(.text)
    USART_ITConfig                           0x08003115   Thumb Code    54  stm32f4xx_usart.o(.text)
    USART_GetFlagStatus                      0x0800314b   Thumb Code    14  stm32f4xx_usart.o(.text)
    USART_ClearFlag                          0x08003159   Thumb Code     8  stm32f4xx_usart.o(.text)
    USART_GetITStatus                        0x08003161   Thumb Code    64  stm32f4xx_usart.o(.text)
    USART_ClearITPendingBit                  0x080031a1   Thumb Code    16  stm32f4xx_usart.o(.text)
    NVIC_PriorityGroupConfig                 0x080031c9   Thumb Code    10  misc.o(.text)
    NVIC_Init                                0x080031d3   Thumb Code    98  misc.o(.text)
    NVIC_SetVectorTable                      0x08003235   Thumb Code    14  misc.o(.text)
    NVIC_SystemLPConfig                      0x08003243   Thumb Code    24  misc.o(.text)
    SysTick_CLKSourceConfig                  0x0800325b   Thumb Code    28  misc.o(.text)
    DMA_DeInit                               0x08003285   Thumb Code   278  stm32f4xx_dma.o(.text)
    DMA_Init                                 0x0800339b   Thumb Code    80  stm32f4xx_dma.o(.text)
    DMA_StructInit                           0x080033eb   Thumb Code    34  stm32f4xx_dma.o(.text)
    DMA_Cmd                                  0x0800340d   Thumb Code    24  stm32f4xx_dma.o(.text)
    DMA_PeriphIncOffsetSizeConfig            0x08003425   Thumb Code    24  stm32f4xx_dma.o(.text)
    DMA_FlowControllerConfig                 0x0800343d   Thumb Code    24  stm32f4xx_dma.o(.text)
    DMA_SetCurrDataCounter                   0x08003455   Thumb Code     4  stm32f4xx_dma.o(.text)
    DMA_GetCurrDataCounter                   0x08003459   Thumb Code     6  stm32f4xx_dma.o(.text)
    DMA_DoubleBufferModeConfig               0x0800345f   Thumb Code    26  stm32f4xx_dma.o(.text)
    DMA_DoubleBufferModeCmd                  0x08003479   Thumb Code    24  stm32f4xx_dma.o(.text)
    DMA_MemoryTargetConfig                   0x08003491   Thumb Code    12  stm32f4xx_dma.o(.text)
    DMA_GetCurrentMemoryTarget               0x0800349d   Thumb Code    14  stm32f4xx_dma.o(.text)
    DMA_GetCmdStatus                         0x080034ab   Thumb Code    14  stm32f4xx_dma.o(.text)
    DMA_GetFIFOStatus                        0x080034b9   Thumb Code     8  stm32f4xx_dma.o(.text)
    DMA_GetFlagStatus                        0x080034c1   Thumb Code    42  stm32f4xx_dma.o(.text)
    DMA_ClearFlag                            0x080034eb   Thumb Code    34  stm32f4xx_dma.o(.text)
    DMA_ITConfig                             0x0800350d   Thumb Code    50  stm32f4xx_dma.o(.text)
    DMA_GetITStatus                          0x0800353f   Thumb Code    70  stm32f4xx_dma.o(.text)
    DMA_ClearITPendingBit                    0x08003585   Thumb Code    34  stm32f4xx_dma.o(.text)
    ETH_DeInit                               0x080035e1   Thumb Code    24  stm32f4x7_eth.o(.text)
    ETH_StructInit                           0x080035f9   Thumb Code   154  stm32f4x7_eth.o(.text)
    ETH_WritePHYRegister                     0x08003693   Thumb Code    80  stm32f4x7_eth.o(.text)
    ETH_ReadPHYRegister                      0x080036e3   Thumb Code    80  stm32f4x7_eth.o(.text)
    ETH_Init                                 0x08003733   Thumb Code   560  stm32f4x7_eth.o(.text)
    ETH_DMAReceptionCmd                      0x08003963   Thumb Code    26  stm32f4x7_eth.o(.text)
    ETH_DMATransmissionCmd                   0x0800397d   Thumb Code    26  stm32f4x7_eth.o(.text)
    ETH_MACReceptionCmd                      0x08003997   Thumb Code    26  stm32f4x7_eth.o(.text)
    ETH_FlushTransmitFIFO                    0x080039b1   Thumb Code    12  stm32f4x7_eth.o(.text)
    ETH_MACTransmissionCmd                   0x080039bd   Thumb Code    26  stm32f4x7_eth.o(.text)
    ETH_Start                                0x080039d7   Thumb Code    32  stm32f4x7_eth.o(.text)
    ETH_GetFlowControlBusyStatus             0x080039f7   Thumb Code    14  stm32f4x7_eth.o(.text)
    ETH_InitiatePauseControlFrame            0x08003a05   Thumb Code    12  stm32f4x7_eth.o(.text)
    ETH_BackPressureActivationCmd            0x08003a11   Thumb Code    26  stm32f4x7_eth.o(.text)
    ETH_GetMACFlagStatus                     0x08003a2b   Thumb Code    16  stm32f4x7_eth.o(.text)
    ETH_GetMACITStatus                       0x08003a3b   Thumb Code    16  stm32f4x7_eth.o(.text)
    ETH_MACITConfig                          0x08003a4b   Thumb Code    22  stm32f4x7_eth.o(.text)
    ETH_MACAddressConfig                     0x08003a61   Thumb Code    96  stm32f4x7_eth.o(.text)
    ETH_GetMACAddress                        0x08003ac1   Thumb Code    30  stm32f4x7_eth.o(.text)
    ETH_MACAddressPerfectFilterCmd           0x08003adf   Thumb Code    28  stm32f4x7_eth.o(.text)
    ETH_MACAddressFilterConfig               0x08003afb   Thumb Code    28  stm32f4x7_eth.o(.text)
    ETH_MACAddressMaskBytesFilterConfig      0x08003b17   Thumb Code    20  stm32f4x7_eth.o(.text)
    ETH_Get_Received_Frame                   0x08003b2b   Thumb Code    56  stm32f4x7_eth.o(.text)
    ETH_Get_Received_Frame_interrupt         0x08003b63   Thumb Code   156  stm32f4x7_eth.o(.text)
    ETH_Prepare_Transmit_Descriptors         0x08003bff   Thumb Code   166  stm32f4x7_eth.o(.text)
    ETH_DMARxDescChainInit                   0x08003ca5   Thumb Code    78  stm32f4x7_eth.o(.text)
    ETH_CheckFrameReceived                   0x08003cf3   Thumb Code   100  stm32f4x7_eth.o(.text)
    ETH_DMATxDescChainInit                   0x08003d57   Thumb Code    62  stm32f4x7_eth.o(.text)
    ETH_GetDMATxDescFlagStatus               0x08003d95   Thumb Code    14  stm32f4x7_eth.o(.text)
    ETH_GetDMATxDescCollisionCount           0x08003da3   Thumb Code     8  stm32f4x7_eth.o(.text)
    ETH_SetDMATxDescOwnBit                   0x08003dab   Thumb Code    10  stm32f4x7_eth.o(.text)
    ETH_DMATxDescTransmitITConfig            0x08003db5   Thumb Code    24  stm32f4x7_eth.o(.text)
    ETH_DMATxDescFrameSegmentConfig          0x08003dcd   Thumb Code     8  stm32f4x7_eth.o(.text)
    ETH_DMATxDescChecksumInsertionConfig     0x08003dd5   Thumb Code     8  stm32f4x7_eth.o(.text)
    ETH_DMATxDescCRCCmd                      0x08003ddd   Thumb Code    24  stm32f4x7_eth.o(.text)
    ETH_DMATxDescSecondAddressChainedCmd     0x08003df5   Thumb Code    24  stm32f4x7_eth.o(.text)
    ETH_DMATxDescShortFramePaddingCmd        0x08003e0d   Thumb Code    24  stm32f4x7_eth.o(.text)
    ETH_DMATxDescBufferSizeConfig            0x08003e25   Thumb Code    12  stm32f4x7_eth.o(.text)
    ETH_GetDMARxDescFlagStatus               0x08003e31   Thumb Code    14  stm32f4x7_eth.o(.text)
    ETH_GetDMAPTPRxDescExtendedFlagStatus    0x08003e3f   Thumb Code    14  stm32f4x7_eth.o(.text)
    ETH_SetDMARxDescOwnBit                   0x08003e4d   Thumb Code    10  stm32f4x7_eth.o(.text)
    ETH_GetDMARxDescFrameLength              0x08003e57   Thumb Code     8  stm32f4x7_eth.o(.text)
    ETH_DMARxDescReceiveITConfig             0x08003e5f   Thumb Code    22  stm32f4x7_eth.o(.text)
    ETH_GetDMARxDescBufferSize               0x08003e75   Thumb Code    18  stm32f4x7_eth.o(.text)
    ETH_GetRxPktSize                         0x08003e87   Thumb Code    50  stm32f4x7_eth.o(.text)
    ETH_EnhancedDescriptorCmd                0x08003eb9   Thumb Code    26  stm32f4x7_eth.o(.text)
    ETH_SoftwareReset                        0x08003ed3   Thumb Code    12  stm32f4x7_eth.o(.text)
    ETH_GetSoftwareResetStatus               0x08003edf   Thumb Code    14  stm32f4x7_eth.o(.text)
    ETH_GetDMAFlagStatus                     0x08003eed   Thumb Code    16  stm32f4x7_eth.o(.text)
    ETH_DMAClearFlag                         0x08003efd   Thumb Code     6  stm32f4x7_eth.o(.text)
    ETH_DMAITConfig                          0x08003f03   Thumb Code    22  stm32f4x7_eth.o(.text)
    ETH_GetDMAITStatus                       0x08003f19   Thumb Code    16  stm32f4x7_eth.o(.text)
    ETH_DMAClearITPendingBit                 0x08003f29   Thumb Code     6  stm32f4x7_eth.o(.text)
    ETH_GetTransmitProcessState              0x08003f2f   Thumb Code    10  stm32f4x7_eth.o(.text)
    ETH_GetReceiveProcessState               0x08003f39   Thumb Code    10  stm32f4x7_eth.o(.text)
    ETH_GetFlushTransmitFIFOStatus           0x08003f43   Thumb Code    14  stm32f4x7_eth.o(.text)
    ETH_GetDMAOverflowStatus                 0x08003f51   Thumb Code    16  stm32f4x7_eth.o(.text)
    ETH_GetRxOverflowMissedFrameCounter      0x08003f61   Thumb Code    10  stm32f4x7_eth.o(.text)
    ETH_GetBufferUnavailableMissedFrameCounter 0x08003f6b   Thumb Code     8  stm32f4x7_eth.o(.text)
    ETH_GetCurrentTxDescStartAddress         0x08003f73   Thumb Code     6  stm32f4x7_eth.o(.text)
    ETH_GetCurrentRxDescStartAddress         0x08003f79   Thumb Code     6  stm32f4x7_eth.o(.text)
    ETH_GetCurrentTxBufferAddress            0x08003f7f   Thumb Code     6  stm32f4x7_eth.o(.text)
    ETH_GetCurrentRxBufferAddress            0x08003f85   Thumb Code     6  stm32f4x7_eth.o(.text)
    ETH_ResumeDMATransmission                0x08003f8b   Thumb Code     8  stm32f4x7_eth.o(.text)
    ETH_ResumeDMAReception                   0x08003f93   Thumb Code     8  stm32f4x7_eth.o(.text)
    ETH_SetReceiveWatchdogTimer              0x08003f9b   Thumb Code     6  stm32f4x7_eth.o(.text)
    ETH_PHYLoopBackCmd                       0x08003fa1   Thumb Code    44  stm32f4x7_eth.o(.text)
    ETH_ResetWakeUpFrameFilterRegisterPointer 0x08003fcd   Thumb Code    12  stm32f4x7_eth.o(.text)
    ETH_SetWakeUpFrameFilterRegister         0x08003fd9   Thumb Code    18  stm32f4x7_eth.o(.text)
    ETH_GlobalUnicastWakeUpCmd               0x08003feb   Thumb Code    26  stm32f4x7_eth.o(.text)
    ETH_GetPMTFlagStatus                     0x08004005   Thumb Code    16  stm32f4x7_eth.o(.text)
    ETH_WakeUpFrameDetectionCmd              0x08004015   Thumb Code    26  stm32f4x7_eth.o(.text)
    ETH_MagicPacketDetectionCmd              0x0800402f   Thumb Code    26  stm32f4x7_eth.o(.text)
    ETH_PowerDownCmd                         0x08004049   Thumb Code    26  stm32f4x7_eth.o(.text)
    ETH_MMCCounterFullPreset                 0x08004063   Thumb Code    12  stm32f4x7_eth.o(.text)
    ETH_MMCCounterHalfPreset                 0x0800406f   Thumb Code    20  stm32f4x7_eth.o(.text)
    ETH_MMCCounterFreezeCmd                  0x08004083   Thumb Code    34  stm32f4x7_eth.o(.text)
    ETH_MMCResetOnReadCmd                    0x080040a5   Thumb Code    34  stm32f4x7_eth.o(.text)
    ETH_MMCCounterRolloverCmd                0x080040c7   Thumb Code    34  stm32f4x7_eth.o(.text)
    ETH_MMCCountersReset                     0x080040e9   Thumb Code    12  stm32f4x7_eth.o(.text)
    ETH_MMCITConfig                          0x080040f5   Thumb Code    62  stm32f4x7_eth.o(.text)
    ETH_GetMMCITStatus                       0x08004133   Thumb Code    50  stm32f4x7_eth.o(.text)
    ETH_GetMMCRegister                       0x08004165   Thumb Code     6  stm32f4x7_eth.o(.text)
    netconn_new_with_proto_and_callback      0x08004179   Thumb Code    66  api_lib.o(.text)
    netconn_delete                           0x080041bb   Thumb Code    42  api_lib.o(.text)
    netconn_getaddr                          0x080041e5   Thumb Code    48  api_lib.o(.text)
    netconn_bind                             0x08004215   Thumb Code    40  api_lib.o(.text)
    netconn_connect                          0x0800423d   Thumb Code    40  api_lib.o(.text)
    netconn_disconnect                       0x08004265   Thumb Code    34  api_lib.o(.text)
    netconn_listen_with_backlog              0x08004287   Thumb Code    34  api_lib.o(.text)
    netconn_accept                           0x080042a9   Thumb Code    44  api_lib.o(.text)
    netconn_recv                             0x080042d5   Thumb Code   228  api_lib.o(.text)
    netconn_send                             0x080043b9   Thumb Code    36  api_lib.o(.text)
    netconn_sendto                           0x080043dd   Thumb Code    16  api_lib.o(.text)
    netconn_write                            0x080043ed   Thumb Code    54  api_lib.o(.text)
    netconn_close                            0x08004423   Thumb Code    34  api_lib.o(.text)
    netconn_free                             0x080047f3   Thumb Code   108  api_msg.o(.text)
    netconn_alloc                            0x0800485f   Thumb Code   138  api_msg.o(.text)
    do_newconn                               0x080049cd   Thumb Code    30  api_msg.o(.text)
    do_delconn                               0x080049eb   Thumb Code   104  api_msg.o(.text)
    do_bind                                  0x08004a53   Thumb Code   100  api_msg.o(.text)
    do_connect                               0x08004ae5   Thumb Code   162  api_msg.o(.text)
    do_disconnect                            0x08004b87   Thumb Code    34  api_msg.o(.text)
    do_listen                                0x08004ba9   Thumb Code   146  api_msg.o(.text)
    do_send                                  0x08004c3b   Thumb Code   106  api_msg.o(.text)
    do_recv                                  0x08004ca5   Thumb Code    46  api_msg.o(.text)
    do_write                                 0x08004cd3   Thumb Code    52  api_msg.o(.text)
    do_getaddr                               0x08004d07   Thumb Code   136  api_msg.o(.text)
    do_close                                 0x08004d8f   Thumb Code    34  api_msg.o(.text)
    netbuf_new                               0x08004db9   Thumb Code    26  netbuf.o(.text)
    netbuf_delete                            0x08004dd3   Thumb Code    36  netbuf.o(.text)
    netbuf_alloc                             0x08004df7   Thumb Code    46  netbuf.o(.text)
    netbuf_free                              0x08004e25   Thumb Code    24  netbuf.o(.text)
    netbuf_ref                               0x08004e3d   Thumb Code    66  netbuf.o(.text)
    netbuf_chain                             0x08004e7f   Thumb Code    40  netbuf.o(.text)
    netbuf_data                              0x08004ea7   Thumb Code    48  netbuf.o(.text)
    netbuf_next                              0x08004ed7   Thumb Code    36  netbuf.o(.text)
    netbuf_first                             0x08004efb   Thumb Code    10  netbuf.o(.text)
    tcp_timer_needed                         0x08004f2d   Thumb Code    36  tcpip.o(.text)
    tcpip_input                              0x08005065   Thumb Code    76  tcpip.o(.text)
    tcpip_callback_with_block                0x080050b1   Thumb Code    96  tcpip.o(.text)
    tcpip_timeout                            0x08005111   Thumb Code    60  tcpip.o(.text)
    tcpip_untimeout                          0x0800514d   Thumb Code    54  tcpip.o(.text)
    tcpip_apimsg                             0x08005183   Thumb Code    50  tcpip.o(.text)
    tcpip_init                               0x080051b5   Thumb Code    44  tcpip.o(.text)
    pbuf_free_callback                       0x080051e5   Thumb Code     8  tcpip.o(.text)
    mem_free_callback                        0x080051ed   Thumb Code     8  tcpip.o(.text)
    udp_input                                0x08005229   Thumb Code   408  udp.o(.text)
    udp_bind                                 0x080053c1   Thumb Code    94  udp.o(.text)
    udp_sendto_if                            0x0800541f   Thumb Code   182  udp.o(.text)
    udp_sendto                               0x080054d5   Thumb Code    40  udp.o(.text)
    udp_send                                 0x080054fd   Thumb Code     6  udp.o(.text)
    udp_connect                              0x08005503   Thumb Code    74  udp.o(.text)
    udp_disconnect                           0x0800554d   Thumb Code    20  udp.o(.text)
    udp_recv                                 0x08005561   Thumb Code     6  udp.o(.text)
    udp_remove                               0x08005567   Thumb Code    40  udp.o(.text)
    udp_new                                  0x0800558f   Thumb Code    28  udp.o(.text)
    lwip_init                                0x080055b7   Thumb Code    26  init.o(.text)
    mem_init                                 0x0800561f   Thumb Code    52  mem.o(.text)
    mem_free                                 0x08005653   Thumb Code    62  mem.o(.text)
    mem_realloc                              0x08005691   Thumb Code   228  mem.o(.text)
    mem_malloc                               0x08005775   Thumb Code   198  mem.o(.text)
    mem_calloc                               0x0800583b   Thumb Code    28  mem.o(.text)
    memp_init                                0x08005861   Thumb Code    78  memp.o(.text)
    memp_malloc                              0x080058af   Thumb Code    30  memp.o(.text)
    memp_free                                0x080058cd   Thumb Code    20  memp.o(.text)
    netif_set_gw                             0x080058e9   Thumb Code    14  netif.o(.text)
    netif_set_netmask                        0x080058f7   Thumb Code    14  netif.o(.text)
    netif_set_ipaddr                         0x08005905   Thumb Code    96  netif.o(.text)
    netif_set_addr                           0x08005965   Thumb Code    32  netif.o(.text)
    netif_add                                0x08005985   Thumb Code    70  netif.o(.text)
    netif_set_default                        0x080059cb   Thumb Code     6  netif.o(.text)
    netif_remove                             0x080059d1   Thumb Code    52  netif.o(.text)
    netif_find                               0x08005a05   Thumb Code    60  netif.o(.text)
    netif_set_up                             0x08005a41   Thumb Code    28  netif.o(.text)
    netif_set_down                           0x08005a5d   Thumb Code    18  netif.o(.text)
    netif_is_up                              0x08005a6f   Thumb Code    10  netif.o(.text)
    pbuf_free                                0x08005a85   Thumb Code    82  pbuf.o(.text)
    pbuf_alloc                               0x08005ad7   Thumb Code   298  pbuf.o(.text)
    pbuf_realloc                             0x08005c01   Thumb Code    78  pbuf.o(.text)
    pbuf_header                              0x08005c4f   Thumb Code   104  pbuf.o(.text)
    pbuf_clen                                0x08005cb7   Thumb Code    18  pbuf.o(.text)
    pbuf_ref                                 0x08005cc9   Thumb Code    12  pbuf.o(.text)
    pbuf_cat                                 0x08005cd5   Thumb Code    40  pbuf.o(.text)
    pbuf_chain                               0x08005cfd   Thumb Code    18  pbuf.o(.text)
    pbuf_dechain                             0x08005d0f   Thumb Code    44  pbuf.o(.text)
    pbuf_copy                                0x08005d3b   Thumb Code   148  pbuf.o(.text)
    pbuf_copy_partial                        0x08005dcf   Thumb Code   106  pbuf.o(.text)
    pbuf_take                                0x08005e39   Thumb Code    86  pbuf.o(.text)
    pbuf_coalesce                            0x08005e8f   Thumb Code    52  pbuf.o(.text)
    raw_input                                0x08005ec5   Thumb Code    98  raw.o(.text)
    raw_bind                                 0x08005f27   Thumb Code    16  raw.o(.text)
    raw_connect                              0x08005f37   Thumb Code    16  raw.o(.text)
    raw_recv                                 0x08005f47   Thumb Code     6  raw.o(.text)
    raw_sendto                               0x08005f4d   Thumb Code   144  raw.o(.text)
    raw_send                                 0x08005fdd   Thumb Code     4  raw.o(.text)
    raw_remove                               0x08005fe1   Thumb Code    40  raw.o(.text)
    raw_new                                  0x08006009   Thumb Code    40  raw.o(.text)
    sys_mbox_fetch                           0x08006035   Thumb Code   106  sys.o(.text)
    sys_sem_wait                             0x0800609f   Thumb Code    96  sys.o(.text)
    sys_timeout                              0x080060ff   Thumb Code   112  sys.o(.text)
    sys_untimeout                            0x0800616f   Thumb Code    80  sys.o(.text)
    sys_sem_wait_timeout                     0x080061cb   Thumb Code    58  sys.o(.text)
    sys_msleep                               0x08006205   Thumb Code    30  sys.o(.text)
    tcp_seg_free                             0x08006229   Thumb Code    32  tcp.o(.text)
    tcp_segs_free                            0x08006249   Thumb Code    26  tcp.o(.text)
    tcp_pcb_purge                            0x08006263   Thumb Code    48  tcp.o(.text)
    tcp_slowtmr                              0x08006293   Thumb Code   550  tcp.o(.text)
    tcp_pcb_remove                           0x080064b9   Thumb Code    92  tcp.o(.text)
    tcp_close                                0x08006515   Thumb Code   204  tcp.o(.text)
    tcp_update_rcv_ann_wnd                   0x080065e1   Thumb Code    54  tcp.o(.text)
    tcp_recved                               0x08006617   Thumb Code    60  tcp.o(.text)
    tcp_recv_null                            0x08006653   Thumb Code    54  tcp.o(.text)
    tcp_fasttmr                              0x08006689   Thumb Code    86  tcp.o(.text)
    tcp_tmr                                  0x080066df   Thumb Code    26  tcp.o(.text)
    tcp_abandon                              0x080066f9   Thumb Code   148  tcp.o(.text)
    tcp_bind                                 0x080067e3   Thumb Code   200  tcp.o(.text)
    tcp_listen_with_backlog                  0x080068b1   Thumb Code   142  tcp.o(.text)
    tcp_eff_send_mss                         0x0800693f   Thumb Code    32  tcp.o(.text)
    tcp_next_iss                             0x0800695f   Thumb Code    12  tcp.o(.text)
    tcp_connect                              0x0800696b   Thumb Code   202  tcp.o(.text)
    tcp_setprio                              0x08006a35   Thumb Code     4  tcp.o(.text)
    tcp_alloc                                0x08006aaf   Thumb Code   154  tcp.o(.text)
    tcp_new                                  0x08006b49   Thumb Code     4  tcp.o(.text)
    tcp_arg                                  0x08006b4d   Thumb Code     4  tcp.o(.text)
    tcp_recv                                 0x08006b51   Thumb Code     6  tcp.o(.text)
    tcp_sent                                 0x08006b57   Thumb Code     6  tcp.o(.text)
    tcp_err                                  0x08006b5d   Thumb Code     6  tcp.o(.text)
    tcp_accept                               0x08006b63   Thumb Code     4  tcp.o(.text)
    tcp_poll                                 0x08006b67   Thumb Code    10  tcp.o(.text)
    tcp_debug_state_str                      0x08006b71   Thumb Code    10  tcp.o(.text)
    tcp_input                                0x080075eb   Thumb Code   834  tcp_in.o(.text)
    tcp_enqueue                              0x080079a9   Thumb Code   858  tcp_out.o(.text)
    tcp_send_ctrl                            0x08007d03   Thumb Code    20  tcp_out.o(.text)
    tcp_write                                0x08007d17   Thumb Code    46  tcp_out.o(.text)
    tcp_send_empty_ack                       0x08007d45   Thumb Code    86  tcp_out.o(.text)
    tcp_output                               0x08007e45   Thumb Code   416  tcp_out.o(.text)
    tcp_rst                                  0x08007fe5   Thumb Code   158  tcp_out.o(.text)
    tcp_rexmit_rto                           0x08008083   Thumb Code    44  tcp_out.o(.text)
    tcp_rexmit                               0x080080af   Thumb Code    70  tcp_out.o(.text)
    tcp_rexmit_fast                          0x080080f5   Thumb Code    96  tcp_out.o(.text)
    tcp_keepalive                            0x08008155   Thumb Code    72  tcp_out.o(.text)
    tcp_zero_window_probe                    0x0800819d   Thumb Code   174  tcp_out.o(.text)
    dhcp_renew                               0x08008729   Thumb Code   146  dhcp.o(.text)
    dhcp_coarse_tmr                          0x08008873   Thumb Code    58  dhcp.o(.text)
    dhcp_release                             0x08008957   Thumb Code   178  dhcp.o(.text)
    dhcp_fine_tmr                            0x08008b89   Thumb Code    46  dhcp.o(.text)
    dhcp_stop                                0x08008cb3   Thumb Code    48  dhcp.o(.text)
    dhcp_start                               0x08008e4b   Thumb Code   162  dhcp.o(.text)
    dhcp_inform                              0x08008eed   Thumb Code   150  dhcp.o(.text)
    dhcp_network_changed                     0x08008f83   Thumb Code    68  dhcp.o(.text)
    dhcp_arp_reply                           0x08009049   Thumb Code    28  dhcp.o(.text)
    autoip_init                              0x08009071   Thumb Code     2  autoip.o(.text)
    autoip_start                             0x080090ff   Thumb Code    96  autoip.o(.text)
    autoip_network_changed                   0x080091f9   Thumb Code    32  autoip.o(.text)
    autoip_stop                              0x08009219   Thumb Code    16  autoip.o(.text)
    autoip_tmr                               0x08009229   Thumb Code   204  autoip.o(.text)
    autoip_arp_reply                         0x080092f5   Thumb Code   140  autoip.o(.text)
    icmp_input                               0x080093a1   Thumb Code   324  icmp.o(.text)
    icmp_dest_unreach                        0x0800954d   Thumb Code     6  icmp.o(.text)
    htonl                                    0x08009555   Thumb Code    24  inet.o(.text)
    inet_aton                                0x0800956d   Thumb Code   276  inet.o(.text)
    inet_addr                                0x08009681   Thumb Code    20  inet.o(.text)
    inet_ntoa                                0x08009695   Thumb Code    92  inet.o(.text)
    htons                                    0x080096f1   Thumb Code    10  inet.o(.text)
    ntohs                                    0x080096fb   Thumb Code     2  inet.o(.text)
    ntohl                                    0x080096fd   Thumb Code     2  inet.o(.text)
    inet_chksum_pseudo                       0x0800973f   Thumb Code   134  inet_chksum.o(.text)
    inet_chksum                              0x080097c5   Thumb Code    12  inet_chksum.o(.text)
    inet_chksum_pbuf                         0x080097d1   Thumb Code    72  inet_chksum.o(.text)
    ip_route                                 0x08009819   Thumb Code    62  ip.o(.text)
    ip_input                                 0x08009857   Thumb Code   426  ip.o(.text)
    ip_output_if                             0x08009a01   Thumb Code   186  ip.o(.text)
    ip_output                                0x08009abb   Thumb Code    52  ip.o(.text)
    ip_addr_isbroadcast                      0x08009afd   Thumb Code    62  ip_addr.o(.text)
    etharp_tmr                               0x08009b3d   Thumb Code    50  etharp.o(.text)
    etharp_find_addr                         0x08009cfd   Thumb Code    44  etharp.o(.text)
    etharp_ip_input                          0x08009d29   Thumb Code    40  etharp.o(.text)
    etharp_arp_input                         0x08009d51   Thumb Code   296  etharp.o(.text)
    etharp_raw                               0x08009e79   Thumb Code   192  etharp.o(.text)
    etharp_request                           0x08009f39   Thumb Code    32  etharp.o(.text)
    etharp_query                             0x08009f59   Thumb Code   140  etharp.o(.text)
    etharp_output                            0x08009fe5   Thumb Code   180  etharp.o(.text)
    ethernet_input                           0x0800a099   Thumb Code    82  etharp.o(.text)
    ethernetif_init                          0x0800a2cf   Thumb Code    42  ethernetif.o(.text)
    sys_mbox_new                             0x0800a331   Thumb Code     8  sys_arch.o(.text)
    sys_mbox_free                            0x0800a339   Thumb Code    20  sys_arch.o(.text)
    sys_mbox_post                            0x0800a34d   Thumb Code    26  sys_arch.o(.text)
    sys_mbox_trypost                         0x0800a367   Thumb Code    26  sys_arch.o(.text)
    sys_arch_mbox_fetch                      0x0800a381   Thumb Code    84  sys_arch.o(.text)
    sys_arch_mbox_tryfetch                   0x0800a3d5   Thumb Code    30  sys_arch.o(.text)
    sys_sem_new                              0x0800a3f3   Thumb Code    54  sys_arch.o(.text)
    sys_arch_sem_wait                        0x0800a429   Thumb Code    74  sys_arch.o(.text)
    sys_sem_signal                           0x0800a473   Thumb Code    10  sys_arch.o(.text)
    sys_sem_free                             0x0800a47d   Thumb Code     4  sys_arch.o(.text)
    sys_init                                 0x0800a481   Thumb Code    28  sys_arch.o(.text)
    sys_arch_timeouts                        0x0800a49d   Thumb Code    38  sys_arch.o(.text)
    sys_thread_new                           0x0800a4c3   Thumb Code    76  sys_arch.o(.text)
    sys_arch_protect                         0x0800a50f   Thumb Code    10  sys_arch.o(.text)
    sys_arch_unprotect                       0x0800a519   Thumb Code     4  sys_arch.o(.text)
    sys_assert                               0x0800a51d   Thumb Code     6  sys_arch.o(.text)
    vListInitialise                          0x0800a52d   Thumb Code    22  list.o(.text)
    vListInitialiseItem                      0x0800a543   Thumb Code     6  list.o(.text)
    vListInsertEnd                           0x0800a549   Thumb Code    28  list.o(.text)
    vListInsert                              0x0800a565   Thumb Code    48  list.o(.text)
    vListRemove                              0x0800a595   Thumb Code    36  list.o(.text)
    xQueueCreate                             0x0800a5b9   Thumb Code    96  queue.o(.text)
    xQueueGenericSend                        0x0800a6f7   Thumb Code   200  queue.o(.text)
    xQueueCreateMutex                        0x0800a7bf   Thumb Code    68  queue.o(.text)
    xQueueCreateCountingSemaphore            0x0800a803   Thumb Code    18  queue.o(.text)
    xQueueGenericSendFromISR                 0x0800a815   Thumb Code    82  queue.o(.text)
    xQueueGenericReceive                     0x0800a8a9   Thumb Code   260  queue.o(.text)
    xQueueReceiveFromISR                     0x0800a9ad   Thumb Code    78  queue.o(.text)
    uxQueueMessagesWaiting                   0x0800a9fb   Thumb Code    18  queue.o(.text)
    uxQueueMessagesWaitingFromISR            0x0800aa0d   Thumb Code     4  queue.o(.text)
    vQueueDelete                             0x0800aa11   Thumb Code    20  queue.o(.text)
    xQueueIsQueueEmptyFromISR                0x0800aa25   Thumb Code    14  queue.o(.text)
    xQueueIsQueueFullFromISR                 0x0800aa33   Thumb Code    16  queue.o(.text)
    xTaskGenericCreate                       0x0800aafd   Thumb Code   208  tasks.o(.text)
    vTaskDelete                              0x0800abcd   Thumb Code    90  tasks.o(.text)
    vTaskIncrementTick                       0x0800ac27   Thumb Code   118  tasks.o(.text)
    xTaskResumeAll                           0x0800ac9d   Thumb Code   168  tasks.o(.text)
    vTaskSuspendAll                          0x0800ad45   Thumb Code    10  tasks.o(.text)
    vTaskDelay                               0x0800ad4f   Thumb Code    78  tasks.o(.text)
    uxTaskPriorityGet                        0x0800ad9d   Thumb Code    24  tasks.o(.text)
    vTaskPrioritySet                         0x0800adb5   Thumb Code   156  tasks.o(.text)
    vTaskStartScheduler                      0x0800aecb   Thumb Code    50  tasks.o(.text)
    vTaskEndScheduler                        0x0800aefd   Thumb Code    20  tasks.o(.text)
    xTaskGetTickCount                        0x0800af11   Thumb Code    18  tasks.o(.text)
    xTaskGetTickCountFromISR                 0x0800af23   Thumb Code     6  tasks.o(.text)
    uxTaskGetNumberOfTasks                   0x0800af29   Thumb Code     6  tasks.o(.text)
    vTaskList                                0x0800afab   Thumb Code   114  tasks.o(.text)
    vTaskStartTrace                          0x0800b01d   Thumb Code    34  tasks.o(.text)
    ulTaskEndTrace                           0x0800b03f   Thumb Code    24  tasks.o(.text)
    vTaskSwitchContext                       0x0800b057   Thumb Code   138  tasks.o(.text)
    vTaskPlaceOnEventList                    0x0800b0e1   Thumb Code    64  tasks.o(.text)
    xTaskRemoveFromEventList                 0x0800b121   Thumb Code    96  tasks.o(.text)
    vTaskSetTimeOutState                     0x0800b181   Thumb Code    12  tasks.o(.text)
    xTaskCheckForTimeOut                     0x0800b18d   Thumb Code    72  tasks.o(.text)
    vTaskMissedYield                         0x0800b1d5   Thumb Code     8  tasks.o(.text)
    xTaskGetCurrentTaskHandle                0x0800b1dd   Thumb Code     6  tasks.o(.text)
    vTaskPriorityInherit                     0x0800b1e3   Thumb Code    92  tasks.o(.text)
    vTaskPriorityDisinherit                  0x0800b23f   Thumb Code   112  tasks.o(.text)
    pxPortInitialiseStack                    0x0800b2b9   Thumb Code    20  port.o(.text)
    xPortStartScheduler                      0x0800b2db   Thumb Code    38  port.o(.text)
    vPortEndScheduler                        0x0800b301   Thumb Code     2  port.o(.text)
    vPortYieldFromISR                        0x0800b303   Thumb Code    12  port.o(.text)
    vPortEnterCritical                       0x0800b30f   Thumb Code    16  port.o(.text)
    vPortExitCritical                        0x0800b31f   Thumb Code    18  port.o(.text)
    xPortSysTickHandler                      0x0800b331   Thumb Code    28  port.o(.text)
    pvPortMalloc                             0x0800b359   Thumb Code   172  heap_2.o(.text)
    vPortFree                                0x0800b405   Thumb Code    58  heap_2.o(.text)
    xPortGetFreeHeapSize                     0x0800b43f   Thumb Code     6  heap_2.o(.text)
    vPortInitialiseBlocks                    0x0800b445   Thumb Code     2  heap_2.o(.text)
    Reset_Handler                            0x0800b451   Thumb Code     8  startup_stm32f4xx.o(.text)
    ADC_IRQHandler                           0x0800b46b   Thumb Code     0  startup_stm32f4xx.o(.text)
    CAN1_RX0_IRQHandler                      0x0800b46b   Thumb Code     0  startup_stm32f4xx.o(.text)
    CAN1_RX1_IRQHandler                      0x0800b46b   Thumb Code     0  startup_stm32f4xx.o(.text)
    CAN1_SCE_IRQHandler                      0x0800b46b   Thumb Code     0  startup_stm32f4xx.o(.text)
    CAN1_TX_IRQHandler                       0x0800b46b   Thumb Code     0  startup_stm32f4xx.o(.text)
    CAN2_RX0_IRQHandler                      0x0800b46b   Thumb Code     0  startup_stm32f4xx.o(.text)
    CAN2_RX1_IRQHandler                      0x0800b46b   Thumb Code     0  startup_stm32f4xx.o(.text)
    CAN2_SCE_IRQHandler                      0x0800b46b   Thumb Code     0  startup_stm32f4xx.o(.text)
    CAN2_TX_IRQHandler                       0x0800b46b   Thumb Code     0  startup_stm32f4xx.o(.text)
    CRYP_IRQHandler                          0x0800b46b   Thumb Code     0  startup_stm32f4xx.o(.text)
    DCMI_IRQHandler                          0x0800b46b   Thumb Code     0  startup_stm32f4xx.o(.text)
    DMA1_Stream0_IRQHandler                  0x0800b46b   Thumb Code     0  startup_stm32f4xx.o(.text)
    DMA1_Stream1_IRQHandler                  0x0800b46b   Thumb Code     0  startup_stm32f4xx.o(.text)
    DMA1_Stream2_IRQHandler                  0x0800b46b   Thumb Code     0  startup_stm32f4xx.o(.text)
    DMA1_Stream3_IRQHandler                  0x0800b46b   Thumb Code     0  startup_stm32f4xx.o(.text)
    DMA1_Stream4_IRQHandler                  0x0800b46b   Thumb Code     0  startup_stm32f4xx.o(.text)
    DMA1_Stream5_IRQHandler                  0x0800b46b   Thumb Code     0  startup_stm32f4xx.o(.text)
    DMA1_Stream6_IRQHandler                  0x0800b46b   Thumb Code     0  startup_stm32f4xx.o(.text)
    DMA1_Stream7_IRQHandler                  0x0800b46b   Thumb Code     0  startup_stm32f4xx.o(.text)
    DMA2_Stream0_IRQHandler                  0x0800b46b   Thumb Code     0  startup_stm32f4xx.o(.text)
    DMA2_Stream1_IRQHandler                  0x0800b46b   Thumb Code     0  startup_stm32f4xx.o(.text)
    DMA2_Stream2_IRQHandler                  0x0800b46b   Thumb Code     0  startup_stm32f4xx.o(.text)
    DMA2_Stream3_IRQHandler                  0x0800b46b   Thumb Code     0  startup_stm32f4xx.o(.text)
    DMA2_Stream4_IRQHandler                  0x0800b46b   Thumb Code     0  startup_stm32f4xx.o(.text)
    DMA2_Stream5_IRQHandler                  0x0800b46b   Thumb Code     0  startup_stm32f4xx.o(.text)
    DMA2_Stream6_IRQHandler                  0x0800b46b   Thumb Code     0  startup_stm32f4xx.o(.text)
    DMA2_Stream7_IRQHandler                  0x0800b46b   Thumb Code     0  startup_stm32f4xx.o(.text)
    ETH_WKUP_IRQHandler                      0x0800b46b   Thumb Code     0  startup_stm32f4xx.o(.text)
    EXTI0_IRQHandler                         0x0800b46b   Thumb Code     0  startup_stm32f4xx.o(.text)
    EXTI15_10_IRQHandler                     0x0800b46b   Thumb Code     0  startup_stm32f4xx.o(.text)
    EXTI1_IRQHandler                         0x0800b46b   Thumb Code     0  startup_stm32f4xx.o(.text)
    EXTI2_IRQHandler                         0x0800b46b   Thumb Code     0  startup_stm32f4xx.o(.text)
    EXTI3_IRQHandler                         0x0800b46b   Thumb Code     0  startup_stm32f4xx.o(.text)
    EXTI4_IRQHandler                         0x0800b46b   Thumb Code     0  startup_stm32f4xx.o(.text)
    EXTI9_5_IRQHandler                       0x0800b46b   Thumb Code     0  startup_stm32f4xx.o(.text)
    FLASH_IRQHandler                         0x0800b46b   Thumb Code     0  startup_stm32f4xx.o(.text)
    FPU_IRQHandler                           0x0800b46b   Thumb Code     0  startup_stm32f4xx.o(.text)
    FSMC_IRQHandler                          0x0800b46b   Thumb Code     0  startup_stm32f4xx.o(.text)
    HASH_RNG_IRQHandler                      0x0800b46b   Thumb Code     0  startup_stm32f4xx.o(.text)
    I2C1_ER_IRQHandler                       0x0800b46b   Thumb Code     0  startup_stm32f4xx.o(.text)
    I2C1_EV_IRQHandler                       0x0800b46b   Thumb Code     0  startup_stm32f4xx.o(.text)
    I2C2_ER_IRQHandler                       0x0800b46b   Thumb Code     0  startup_stm32f4xx.o(.text)
    I2C2_EV_IRQHandler                       0x0800b46b   Thumb Code     0  startup_stm32f4xx.o(.text)
    I2C3_ER_IRQHandler                       0x0800b46b   Thumb Code     0  startup_stm32f4xx.o(.text)
    I2C3_EV_IRQHandler                       0x0800b46b   Thumb Code     0  startup_stm32f4xx.o(.text)
    OTG_FS_IRQHandler                        0x0800b46b   Thumb Code     0  startup_stm32f4xx.o(.text)
    OTG_FS_WKUP_IRQHandler                   0x0800b46b   Thumb Code     0  startup_stm32f4xx.o(.text)
    OTG_HS_EP1_IN_IRQHandler                 0x0800b46b   Thumb Code     0  startup_stm32f4xx.o(.text)
    OTG_HS_EP1_OUT_IRQHandler                0x0800b46b   Thumb Code     0  startup_stm32f4xx.o(.text)
    OTG_HS_IRQHandler                        0x0800b46b   Thumb Code     0  startup_stm32f4xx.o(.text)
    OTG_HS_WKUP_IRQHandler                   0x0800b46b   Thumb Code     0  startup_stm32f4xx.o(.text)
    PVD_IRQHandler                           0x0800b46b   Thumb Code     0  startup_stm32f4xx.o(.text)
    RCC_IRQHandler                           0x0800b46b   Thumb Code     0  startup_stm32f4xx.o(.text)
    RTC_Alarm_IRQHandler                     0x0800b46b   Thumb Code     0  startup_stm32f4xx.o(.text)
    RTC_WKUP_IRQHandler                      0x0800b46b   Thumb Code     0  startup_stm32f4xx.o(.text)
    SDIO_IRQHandler                          0x0800b46b   Thumb Code     0  startup_stm32f4xx.o(.text)
    SPI1_IRQHandler                          0x0800b46b   Thumb Code     0  startup_stm32f4xx.o(.text)
    SPI2_IRQHandler                          0x0800b46b   Thumb Code     0  startup_stm32f4xx.o(.text)
    SPI3_IRQHandler                          0x0800b46b   Thumb Code     0  startup_stm32f4xx.o(.text)
    TAMP_STAMP_IRQHandler                    0x0800b46b   Thumb Code     0  startup_stm32f4xx.o(.text)
    TIM1_BRK_TIM9_IRQHandler                 0x0800b46b   Thumb Code     0  startup_stm32f4xx.o(.text)
    TIM1_CC_IRQHandler                       0x0800b46b   Thumb Code     0  startup_stm32f4xx.o(.text)
    TIM1_TRG_COM_TIM11_IRQHandler            0x0800b46b   Thumb Code     0  startup_stm32f4xx.o(.text)
    TIM1_UP_TIM10_IRQHandler                 0x0800b46b   Thumb Code     0  startup_stm32f4xx.o(.text)
    TIM2_IRQHandler                          0x0800b46b   Thumb Code     0  startup_stm32f4xx.o(.text)
    TIM3_IRQHandler                          0x0800b46b   Thumb Code     0  startup_stm32f4xx.o(.text)
    TIM4_IRQHandler                          0x0800b46b   Thumb Code     0  startup_stm32f4xx.o(.text)
    TIM5_IRQHandler                          0x0800b46b   Thumb Code     0  startup_stm32f4xx.o(.text)
    TIM6_DAC_IRQHandler                      0x0800b46b   Thumb Code     0  startup_stm32f4xx.o(.text)
    TIM7_IRQHandler                          0x0800b46b   Thumb Code     0  startup_stm32f4xx.o(.text)
    TIM8_BRK_TIM12_IRQHandler                0x0800b46b   Thumb Code     0  startup_stm32f4xx.o(.text)
    TIM8_CC_IRQHandler                       0x0800b46b   Thumb Code     0  startup_stm32f4xx.o(.text)
    TIM8_TRG_COM_TIM14_IRQHandler            0x0800b46b   Thumb Code     0  startup_stm32f4xx.o(.text)
    TIM8_UP_TIM13_IRQHandler                 0x0800b46b   Thumb Code     0  startup_stm32f4xx.o(.text)
    UART4_IRQHandler                         0x0800b46b   Thumb Code     0  startup_stm32f4xx.o(.text)
    UART5_IRQHandler                         0x0800b46b   Thumb Code     0  startup_stm32f4xx.o(.text)
    USART1_IRQHandler                        0x0800b46b   Thumb Code     0  startup_stm32f4xx.o(.text)
    USART2_IRQHandler                        0x0800b46b   Thumb Code     0  startup_stm32f4xx.o(.text)
    USART3_IRQHandler                        0x0800b46b   Thumb Code     0  startup_stm32f4xx.o(.text)
    USART6_IRQHandler                        0x0800b46b   Thumb Code     0  startup_stm32f4xx.o(.text)
    WWDG_IRQHandler                          0x0800b46b   Thumb Code     0  startup_stm32f4xx.o(.text)
    __aeabi_memcpy                           0x0800b475   Thumb Code    36  memcpya.o(.text)
    __aeabi_memcpy4                          0x0800b475   Thumb Code     0  memcpya.o(.text)
    __aeabi_memcpy8                          0x0800b475   Thumb Code     0  memcpya.o(.text)
    __aeabi_memset                           0x0800b499   Thumb Code    14  memseta.o(.text)
    __aeabi_memset4                          0x0800b499   Thumb Code     0  memseta.o(.text)
    __aeabi_memset8                          0x0800b499   Thumb Code     0  memseta.o(.text)
    __aeabi_memclr                           0x0800b4a7   Thumb Code     4  memseta.o(.text)
    __aeabi_memclr4                          0x0800b4a7   Thumb Code     0  memseta.o(.text)
    __aeabi_memclr8                          0x0800b4a7   Thumb Code     0  memseta.o(.text)
    _memset$wrapper                          0x0800b4ab   Thumb Code    18  memseta.o(.text)
    strcat                                   0x0800b4bd   Thumb Code    24  strcat.o(.text)
    strncpy                                  0x0800b4d5   Thumb Code    24  strncpy.o(.text)
    strlen                                   0x0800b4ed   Thumb Code    14  strlen.o(.text)
    strcmp                                   0x0800b4fb   Thumb Code    28  strcmp.o(.text)
    memcmp                                   0x0800b517   Thumb Code    26  memcmp.o(.text)
    strncmp                                  0x0800b531   Thumb Code    30  strncmp.o(.text)
    __aeabi_i2d                              0x0800b54f   Thumb Code    34  dflti.o(.text)
    __aeabi_ui2d                             0x0800b571   Thumb Code    26  dfltui.o(.text)
    __aeabi_cdcmpeq                          0x0800b58d   Thumb Code     0  cdcmple.o(.text)
    __aeabi_cdcmple                          0x0800b58d   Thumb Code    48  cdcmple.o(.text)
    __aeabi_cdrcmple                         0x0800b5bd   Thumb Code    48  cdrcmple.o(.text)
    __aeabi_uidiv                            0x0800b5ed   Thumb Code     0  uidiv.o(.text)
    __aeabi_uidivmod                         0x0800b5ed   Thumb Code    44  uidiv.o(.text)
    __I$use$fp                               0x0800b619   Thumb Code     0  iusefp.o(.text)
    _double_round                            0x0800b619   Thumb Code    30  depilogue.o(.text)
    _double_epilogue                         0x0800b637   Thumb Code   156  depilogue.o(.text)
    __scatterload                            0x0800b6d5   Thumb Code    28  init.o(.text)
    __scatterload_rt2                        0x0800b6d5   Thumb Code     0  init.o(.text)
    __aeabi_llsl                             0x0800b6f9   Thumb Code    30  llshl.o(.text)
    _ll_shift_l                              0x0800b6f9   Thumb Code     0  llshl.o(.text)
    __aeabi_llsr                             0x0800b717   Thumb Code    32  llushr.o(.text)
    _ll_ushift_r                             0x0800b717   Thumb Code     0  llushr.o(.text)
    __decompress                             0x0800b737   Thumb Code     0  __dczerorl2.o(.text)
    __decompress1                            0x0800b737   Thumb Code    86  __dczerorl2.o(.text)
    __0printf$3                              0x0800b78d   Thumb Code    22  printf3.o(i.__0printf$3)
    __1printf$3                              0x0800b78d   Thumb Code     0  printf3.o(i.__0printf$3)
    __2printf                                0x0800b78d   Thumb Code     0  printf3.o(i.__0printf$3)
    __0sprintf$3                             0x0800b7ad   Thumb Code    34  printf3.o(i.__0sprintf$3)
    __1sprintf$3                             0x0800b7ad   Thumb Code     0  printf3.o(i.__0sprintf$3)
    __2sprintf                               0x0800b7ad   Thumb Code     0  printf3.o(i.__0sprintf$3)
    __scatterload_copy                       0x0800b7d5   Thumb Code    14  handlers.o(i.__scatterload_copy)
    __scatterload_null                       0x0800b7e3   Thumb Code     2  handlers.o(i.__scatterload_null)
    __scatterload_zeroinit                   0x0800b7e5   Thumb Code    14  handlers.o(i.__scatterload_zeroinit)
    file__STM32F4x7_files_logo_jpg           0x080162c4   Data          20  fs.o(.constdata)
    file__STM32F4x7_files_ST_gif             0x080162d8   Data          20  fs.o(.constdata)
    file__STM32F4x7_files_stm32_jpg          0x080162ec   Data          20  fs.o(.constdata)
    file__404_html                           0x08016300   Data          20  fs.o(.constdata)
    file__STM32F4x7_html                     0x08016314   Data          20  fs.o(.constdata)
    CUSTOM_COM_TX_PIN                        0x08016964   Data           2  custom_stm32f4_board.o(.constdata)
    CUSTOM_COM_RX_PIN                        0x08016966   Data           2  custom_stm32f4_board.o(.constdata)
    CUSTOM_COM_TX_PIN_SOURCE                 0x08016968   Data           2  custom_stm32f4_board.o(.constdata)
    CUSTOM_COM_RX_PIN_SOURCE                 0x0801696a   Data           2  custom_stm32f4_board.o(.constdata)
    CUSTOM_COM_TX_AF                         0x0801696c   Data           2  custom_stm32f4_board.o(.constdata)
    CUSTOM_COM_RX_AF                         0x0801696e   Data           2  custom_stm32f4_board.o(.constdata)
    CUSTOM_COM_USART_CLK                     0x08016970   Data           4  custom_stm32f4_board.o(.constdata)
    CUSTOM_COM_TX_PORT_CLK                   0x08016974   Data           4  custom_stm32f4_board.o(.constdata)
    CUSTOM_COM_RX_PORT_CLK                   0x08016978   Data           4  custom_stm32f4_board.o(.constdata)
    ASCII16x24_Table                         0x0801697c   Data        4560  stm32f4_discovery_lcd.o(.constdata)
    BUTTON_PORT_SOURCE                       0x08017b4c   Data           1  stm32f4_discovery.o(.constdata)
    BUTTON_PIN_SOURCE                        0x08017b4d   Data           1  stm32f4_discovery.o(.constdata)
    BUTTON_IRQn                              0x08017b4e   Data           1  stm32f4_discovery.o(.constdata)
    BUTTON_PIN                               0x08017b50   Data           2  stm32f4_discovery.o(.constdata)
    BUTTON_EXTI_LINE                         0x08017b52   Data           2  stm32f4_discovery.o(.constdata)
    BUTTON_CLK                               0x08017b54   Data           4  stm32f4_discovery.o(.constdata)
    COM_TX_PIN                               0x08017b58   Data           4  stm32f4_discovery.o(.constdata)
    COM_RX_PIN                               0x08017b5c   Data           4  stm32f4_discovery.o(.constdata)
    COM_TX_PIN_SOURCE                        0x08017b60   Data           4  stm32f4_discovery.o(.constdata)
    COM_RX_PIN_SOURCE                        0x08017b64   Data           4  stm32f4_discovery.o(.constdata)
    COM_TX_AF                                0x08017b68   Data           4  stm32f4_discovery.o(.constdata)
    COM_RX_AF                                0x08017b6c   Data           4  stm32f4_discovery.o(.constdata)
    GPIO_PIN                                 0x08017b70   Data           8  stm32f4_discovery.o(.constdata)
    COM_USART_CLK                            0x08017b78   Data           8  stm32f4_discovery.o(.constdata)
    COM_TX_PORT_CLK                          0x08017b80   Data           8  stm32f4_discovery.o(.constdata)
    COM_RX_PORT_CLK                          0x08017b88   Data           8  stm32f4_discovery.o(.constdata)
    GPIO_CLK                                 0x08017b90   Data          16  stm32f4_discovery.o(.constdata)
    tcp_persist_backoff                      0x08017bd0   Data           7  tcp.o(.constdata)
    tcp_backoff                              0x08017bd7   Data          13  tcp.o(.constdata)
    ip_addr_any                              0x08017be4   Data           4  ip_addr.o(.constdata)
    ip_addr_broadcast                        0x08017be8   Data           4  ip_addr.o(.constdata)
    ethbroadcast                             0x08017bec   Data           6  etharp.o(.constdata)
    ethzero                                  0x08017bf2   Data           6  etharp.o(.constdata)
    Region$$Table$$Base                      0x08017c70   Number         0  anon$$obj.o(Region$$Table)
    Region$$Table$$Limit                     0x08017c90   Number         0  anon$$obj.o(Region$$Table)
    SystemCoreClock                          0x20000000   Data           4  system_stm32f4xx.o(.data)
    AHBPrescTable                            0x20000004   Data          16  system_stm32f4xx.o(.data)
    EthInitStatus                            0x20000014   Data           4  stm32f4x7_eth_bsp.o(.data)
    nPageHits                                0x20000018   Data           4  httpserver-netconn.o(.data)
    CUSTOM_COM_USART                         0x2000001c   Data           4  custom_stm32f4_board.o(.data)
    CUSTOM_COM_TX_PORT                       0x20000020   Data           4  custom_stm32f4_board.o(.data)
    CUSTOM_COM_RX_PORT                       0x20000024   Data           4  custom_stm32f4_board.o(.data)
    Font16x24                                0x20000030   Data           8  stm32f4_discovery_lcd.o(.data)
    BUTTON_PORT                              0x20000038   Data           4  stm32f4_discovery.o(.data)
    COM_USART                                0x2000003c   Data           8  stm32f4_discovery.o(.data)
    COM_TX_PORT                              0x20000044   Data           8  stm32f4_discovery.o(.data)
    COM_RX_PORT                              0x2000004c   Data           8  stm32f4_discovery.o(.data)
    GPIO_PORT                                0x20000054   Data          16  stm32f4_discovery.o(.data)
    DMATxDescToSet                           0x20000074   Data           4  stm32f4x7_eth.o(.data)
    DMARxDescToGet                           0x20000078   Data           4  stm32f4x7_eth.o(.data)
    DMA_RX_FRAME_infos                       0x2000007c   Data           4  stm32f4x7_eth.o(.data)
    udp_pcbs                                 0x20000090   Data           4  udp.o(.data)
    netif_list                               0x200000a8   Data           4  netif.o(.data)
    netif_default                            0x200000ac   Data           4  netif.o(.data)
    tcp_ticks                                0x200000bc   Data           4  tcp.o(.data)
    tcp_bound_pcbs                           0x200000c0   Data           4  tcp.o(.data)
    tcp_listen_pcbs                          0x200000c4   Data           4  tcp.o(.data)
    tcp_active_pcbs                          0x200000c8   Data           4  tcp.o(.data)
    tcp_tw_pcbs                              0x200000cc   Data           4  tcp.o(.data)
    tcp_tmp_pcb                              0x200000d0   Data           4  tcp.o(.data)
    tcp_state_str                            0x200000d4   Data          44  tcp.o(.data)
    tcp_input_pcb                            0x20000118   Data           4  tcp_in.o(.data)
    current_netif                            0x20000124   Data           4  ip.o(.data)
    current_header                           0x20000128   Data           4  ip.o(.data)
    s_xSemaphore                             0x20000134   Data           4  ethernetif.o(.data)
    pxCurrentTCB                             0x20000140   Data           4  tasks.o(.data)
    __stdout                                 0x200001a8   Data           4  stdout.o(.data)
    USART_InitStructure                      0x200001ac   Data          16  main.o(.bss)
    xnetif                                   0x200001bc   Data          56  netconf.o(.bss)
    fs_memory                                0x200001f4   Data         240  fs.o(.bss)
    DMARxDscrTab                             0x200002e4   Data         160  stm32f4x7_eth.o(.bss)
    DMATxDscrTab                             0x20000384   Data         160  stm32f4x7_eth.o(.bss)
    Rx_Buff                                  0x20000424   Data        7620  stm32f4x7_eth.o(.bss)
    Tx_Buff                                  0x200021e8   Data        7620  stm32f4x7_eth.o(.bss)
    RX_Frame_Descriptor                      0x20003fac   Data          12  stm32f4x7_eth.o(.bss)
    __initial_sp                             0x2000ff58   Data           0  startup_stm32f4xx.o(STACK)



==============================================================================

Memory Map of the image

  Image Entry point : 0x08000189

  Load Region LR_IROM1 (Base: 0x08000000, Size: 0x00017e3c, Max: 0x00100000, ABSOLUTE, COMPRESSED[0x00017d04])

    Execution Region ER_IROM1 (Exec base: 0x08000000, Load base: 0x08000000, Size: 0x00017c90, Max: 0x00100000, ABSOLUTE)

    Exec Addr    Load Addr    Size         Type   Attr      Idx    E Section Name        Object

    0x08000000   0x08000000   0x00000188   Data   RO         1607    RESET               startup_stm32f4xx.o
    0x08000188   0x08000188   0x00000000   Code   RO         1612  * .ARM.Collect$$$$00000000  mc_w.l(entry.o)
    0x08000188   0x08000188   0x00000004   Code   RO         1902    .ARM.Collect$$$$00000001  mc_w.l(entry2.o)
    0x0800018c   0x0800018c   0x00000004   Code   RO         1905    .ARM.Collect$$$$00000004  mc_w.l(entry5.o)
    0x08000190   0x08000190   0x00000000   Code   RO         1907    .ARM.Collect$$$$00000008  mc_w.l(entry7b.o)
    0x08000190   0x08000190   0x00000000   Code   RO         1909    .ARM.Collect$$$$0000000A  mc_w.l(entry8b.o)
    0x08000190   0x08000190   0x00000008   Code   RO         1910    .ARM.Collect$$$$0000000B  mc_w.l(entry9a.o)
    0x08000198   0x08000198   0x00000000   Code   RO         1912    .ARM.Collect$$$$0000000D  mc_w.l(entry10a.o)
    0x08000198   0x08000198   0x00000000   Code   RO         1914    .ARM.Collect$$$$0000000F  mc_w.l(entry11a.o)
    0x08000198   0x08000198   0x00000004   Code   RO         1903    .ARM.Collect$$$$00002712  mc_w.l(entry2.o)
    0x0800019c   0x0800019c   0x00000088   Code   RO         1572    .emb_text           port.o
    0x08000224   0x08000224   0x00000124   Code   RO            2    .text               main.o
    0x08000348   0x08000348   0x00000184   Code   RO          256    .text               system_stm32f4xx.o
    0x080004cc   0x080004cc   0x00000050   Code   RO          372    .text               stm32f4xx_it.o
    0x0800051c   0x0800051c   0x000000c0   Code   RO          472    .text               netconf.o
    0x080005dc   0x080005dc   0x00000244   Code   RO          559    .text               stm32f4x7_eth_bsp.o
    0x08000820   0x08000820   0x000000dc   Code   RO          577    .text               fs.o
    0x080008fc   0x080008fc   0x000003e8   Code   RO          614    .text               httpserver-netconn.o
    0x08000ce4   0x08000ce4   0x000000c4   Code   RO          644    .text               custom_stm32f4_board.o
    0x08000da8   0x08000da8   0x00000e0c   Code   RO          665    .text               stm32f4_discovery_lcd.o
    0x08001bb4   0x08001bb4   0x0000043c   Code   RO          697    .text               stm32f4_discovery.o
    0x08001ff0   0x08001ff0   0x000000ec   Code   RO          718    .text               stm32f4xx_exti.o
    0x080020dc   0x080020dc   0x000004b4   Code   RO          734    .text               stm32f4xx_fsmc.o
    0x08002590   0x08002590   0x00000224   Code   RO          750    .text               stm32f4xx_gpio.o
    0x080027b4   0x080027b4   0x00000434   Code   RO          766    .text               stm32f4xx_rcc.o
    0x08002be8   0x08002be8   0x000001bc   Code   RO          784    .text               stm32f4xx_sdio.o
    0x08002da4   0x08002da4   0x00000070   Code   RO          800    .text               stm32f4xx_syscfg.o
    0x08002e14   0x08002e14   0x000003b4   Code   RO          816    .text               stm32f4xx_usart.o
    0x080031c8   0x080031c8   0x000000bc   Code   RO          832    .text               misc.o
    0x08003284   0x08003284   0x00000344   Code   RO          864    .text               stm32f4xx_dma.o
    0x080035c8   0x080035c8   0x00000bb0   Code   RO          880    .text               stm32f4x7_eth.o
    0x08004178   0x08004178   0x000002f8   Code   RO          907    .text               api_lib.o
    0x08004470   0x08004470   0x00000948   Code   RO          946    .text               api_msg.o
    0x08004db8   0x08004db8   0x0000014c   Code   RO          976    .text               netbuf.o
    0x08004f04   0x08004f04   0x00000324   Code   RO         1009    .text               tcpip.o
    0x08005228   0x08005228   0x0000038c   Code   RO         1056    .text               udp.o
    0x080055b4   0x080055b4   0x0000001c   Code   RO         1097    .text               init.o
    0x080055d0   0x080055d0   0x00000290   Code   RO         1126    .text               mem.o
    0x08005860   0x08005860   0x00000088   Code   RO         1141    .text               memp.o
    0x080058e8   0x080058e8   0x0000019c   Code   RO         1170    .text               netif.o
    0x08005a84   0x08005a84   0x0000043e   Code   RO         1192    .text               pbuf.o
    0x08005ec2   0x08005ec2   0x00000002   PAD
    0x08005ec4   0x08005ec4   0x00000170   Code   RO         1204    .text               raw.o
    0x08006034   0x08006034   0x000001f4   Code   RO         1224    .text               sys.o
    0x08006228   0x08006228   0x0000095c   Code   RO         1245    .text               tcp.o
    0x08006b84   0x08006b84   0x00000da8   Code   RO         1266    .text               tcp_in.o
    0x0800792c   0x0800792c   0x0000091e   Code   RO         1286    .text               tcp_out.o
    0x0800824a   0x0800824a   0x00000002   PAD
    0x0800824c   0x0800824c   0x00000e24   Code   RO         1304    .text               dhcp.o
    0x08009070   0x08009070   0x00000330   Code   RO         1317    .text               autoip.o
    0x080093a0   0x080093a0   0x000001b2   Code   RO         1332    .text               icmp.o
    0x08009552   0x08009552   0x00000002   PAD
    0x08009554   0x08009554   0x000001b0   Code   RO         1350    .text               inet.o
    0x08009704   0x08009704   0x00000114   Code   RO         1363    .text               inet_chksum.o
    0x08009818   0x08009818   0x000002e4   Code   RO         1375    .text               ip.o
    0x08009afc   0x08009afc   0x0000003e   Code   RO         1393    .text               ip_addr.o
    0x08009b3a   0x08009b3a   0x00000002   PAD
    0x08009b3c   0x08009b3c   0x000005b8   Code   RO         1422    .text               etharp.o
    0x0800a0f4   0x0800a0f4   0x0000023c   Code   RO         1458    .text               ethernetif.o
    0x0800a330   0x0800a330   0x000001fc   Code   RO         1477    .text               sys_arch.o
    0x0800a52c   0x0800a52c   0x0000008c   Code   RO         1517    .text               list.o
    0x0800a5b8   0x0800a5b8   0x0000048a   Code   RO         1535    .text               queue.o
    0x0800aa42   0x0800aa42   0x00000002   PAD
    0x0800aa44   0x0800aa44   0x00000874   Code   RO         1550    .text               tasks.o
    0x0800b2b8   0x0800b2b8   0x000000a0   Code   RO         1573    .text               port.o
    0x0800b358   0x0800b358   0x000000f8   Code   RO         1590    .text               heap_2.o
    0x0800b450   0x0800b450   0x00000024   Code   RO         1608    .text               startup_stm32f4xx.o
    0x0800b474   0x0800b474   0x00000024   Code   RO         1615    .text               mc_w.l(memcpya.o)
    0x0800b498   0x0800b498   0x00000024   Code   RO         1617    .text               mc_w.l(memseta.o)
    0x0800b4bc   0x0800b4bc   0x00000018   Code   RO         1619    .text               mc_w.l(strcat.o)
    0x0800b4d4   0x0800b4d4   0x00000018   Code   RO         1621    .text               mc_w.l(strncpy.o)
    0x0800b4ec   0x0800b4ec   0x0000000e   Code   RO         1623    .text               mc_w.l(strlen.o)
    0x0800b4fa   0x0800b4fa   0x0000001c   Code   RO         1625    .text               mc_w.l(strcmp.o)
    0x0800b516   0x0800b516   0x0000001a   Code   RO         1627    .text               mc_w.l(memcmp.o)
    0x0800b530   0x0800b530   0x0000001e   Code   RO         1629    .text               mc_w.l(strncmp.o)
    0x0800b54e   0x0800b54e   0x00000022   Code   RO         1894    .text               mf_w.l(dflti.o)
    0x0800b570   0x0800b570   0x0000001a   Code   RO         1896    .text               mf_w.l(dfltui.o)
    0x0800b58a   0x0800b58a   0x00000002   PAD
    0x0800b58c   0x0800b58c   0x00000030   Code   RO         1898    .text               mf_w.l(cdcmple.o)
    0x0800b5bc   0x0800b5bc   0x00000030   Code   RO         1900    .text               mf_w.l(cdrcmple.o)
    0x0800b5ec   0x0800b5ec   0x0000002c   Code   RO         1917    .text               mc_w.l(uidiv.o)
    0x0800b618   0x0800b618   0x00000000   Code   RO         1921    .text               mc_w.l(iusefp.o)
    0x0800b618   0x0800b618   0x000000ba   Code   RO         1922    .text               mf_w.l(depilogue.o)
    0x0800b6d2   0x0800b6d2   0x00000002   PAD
    0x0800b6d4   0x0800b6d4   0x00000024   Code   RO         1932    .text               mc_w.l(init.o)
    0x0800b6f8   0x0800b6f8   0x0000001e   Code   RO         1934    .text               mc_w.l(llshl.o)
    0x0800b716   0x0800b716   0x00000020   Code   RO         1936    .text               mc_w.l(llushr.o)
    0x0800b736   0x0800b736   0x00000056   Code   RO         1948    .text               mc_w.l(__dczerorl2.o)
    0x0800b78c   0x0800b78c   0x00000020   Code   RO         1722    i.__0printf$3       mc_w.l(printf3.o)
    0x0800b7ac   0x0800b7ac   0x00000028   Code   RO         1724    i.__0sprintf$3      mc_w.l(printf3.o)
    0x0800b7d4   0x0800b7d4   0x0000000e   Code   RO         1942    i.__scatterload_copy  mc_w.l(handlers.o)
    0x0800b7e2   0x0800b7e2   0x00000002   Code   RO         1943    i.__scatterload_null  mc_w.l(handlers.o)
    0x0800b7e4   0x0800b7e4   0x0000000e   Code   RO         1944    i.__scatterload_zeroinit  mc_w.l(handlers.o)
    0x0800b7f2   0x0800b7f2   0x00000002   PAD
    0x0800b7f4   0x0800b7f4   0x000001b8   Code   RO         1729    i._printf_core      mc_w.l(printf3.o)
    0x0800b9ac   0x0800b9ac   0x0000000a   Code   RO         1731    i._sputc            mc_w.l(printf3.o)
    0x0800b9b6   0x0800b9b6   0x00000c57   Data   RO          579    .constdata          fs.o
    0x0800c60d   0x0800c60d   0x00000aba   Data   RO          580    .constdata          fs.o
    0x0800d0c7   0x0800d0c7   0x0000665d   Data   RO          581    .constdata          fs.o
    0x08013724   0x08013724   0x000004db   Data   RO          582    .constdata          fs.o
    0x08013bff   0x08013bff   0x000026c4   Data   RO          583    .constdata          fs.o
    0x080162c3   0x080162c3   0x00000001   PAD
    0x080162c4   0x080162c4   0x00000014   Data   RO          584    .constdata          fs.o
    0x080162d8   0x080162d8   0x00000014   Data   RO          585    .constdata          fs.o
    0x080162ec   0x080162ec   0x00000014   Data   RO          586    .constdata          fs.o
    0x08016300   0x08016300   0x00000014   Data   RO          587    .constdata          fs.o
    0x08016314   0x08016314   0x00000014   Data   RO          588    .constdata          fs.o
    0x08016328   0x08016328   0x0000063c   Data   RO          615    .constdata          httpserver-netconn.o
    0x08016964   0x08016964   0x00000018   Data   RO          645    .constdata          custom_stm32f4_board.o
    0x0801697c   0x0801697c   0x000011d0   Data   RO          666    .constdata          stm32f4_discovery_lcd.o
    0x08017b4c   0x08017b4c   0x00000054   Data   RO          698    .constdata          stm32f4_discovery.o
    0x08017ba0   0x08017ba0   0x00000030   Data   RO         1143    .constdata          memp.o
    0x08017bd0   0x08017bd0   0x00000014   Data   RO         1246    .constdata          tcp.o
    0x08017be4   0x08017be4   0x00000004   Data   RO         1394    .constdata          ip_addr.o
    0x08017be8   0x08017be8   0x00000004   Data   RO         1395    .constdata          ip_addr.o
    0x08017bec   0x08017bec   0x0000000c   Data   RO         1424    .constdata          etharp.o
    0x08017bf8   0x08017bf8   0x00000075   Data   RO         1247    .conststring        tcp.o
    0x08017c6d   0x08017c6d   0x00000003   PAD
    0x08017c70   0x08017c70   0x00000020   Data   RO         1940    Region$$Table       anon$$obj.o


    Execution Region RW_IRAM1 (Exec base: 0x20000000, Load base: 0x08017c90, Size: 0x0000ff58, Max: 0x00020000, ABSOLUTE, COMPRESSED[0x00000074])

    Exec Addr    Load Addr    Size         Type   Attr      Idx    E Section Name        Object

    0x20000000   COMPRESSED   0x00000014   Data   RW          257    .data               system_stm32f4xx.o
    0x20000014   COMPRESSED   0x00000004   Data   RW          560    .data               stm32f4x7_eth_bsp.o
    0x20000018   COMPRESSED   0x00000004   Data   RW          616    .data               httpserver-netconn.o
    0x2000001c   COMPRESSED   0x0000000c   Data   RW          646    .data               custom_stm32f4_board.o
    0x20000028   COMPRESSED   0x00000010   Data   RW          670    .data               stm32f4_discovery_lcd.o
    0x20000038   COMPRESSED   0x0000002c   Data   RW          699    .data               stm32f4_discovery.o
    0x20000064   COMPRESSED   0x00000010   Data   RW          767    .data               stm32f4xx_rcc.o
    0x20000074   COMPRESSED   0x0000000c   Data   RW          886    .data               stm32f4x7_eth.o
    0x20000080   COMPRESSED   0x00000010   Data   RW         1010    .data               tcpip.o
    0x20000090   COMPRESSED   0x00000004   Data   RW         1057    .data               udp.o
    0x20000094   COMPRESSED   0x00000010   Data   RW         1128    .data               mem.o
    0x200000a4   COMPRESSED   0x0000000c   Data   RW         1171    .data               netif.o
    0x200000b0   COMPRESSED   0x00000004   Data   RW         1205    .data               raw.o
    0x200000b4   COMPRESSED   0x0000004c   Data   RW         1248    .data               tcp.o
    0x20000100   COMPRESSED   0x0000001c   Data   RW         1268    .data               tcp_in.o
    0x2000011c   COMPRESSED   0x00000004   Data   RW         1305    .data               dhcp.o
    0x20000120   COMPRESSED   0x0000000c   Data   RW         1376    .data               ip.o
    0x2000012c   COMPRESSED   0x00000001   Data   RW         1425    .data               etharp.o
    0x2000012d   COMPRESSED   0x00000003   PAD
    0x20000130   COMPRESSED   0x0000000c   Data   RW         1459    .data               ethernetif.o
    0x2000013c   COMPRESSED   0x00000002   Data   RW         1479    .data               sys_arch.o
    0x2000013e   COMPRESSED   0x00000002   PAD
    0x20000140   COMPRESSED   0x0000004c   Data   RW         1552    .data               tasks.o
    0x2000018c   COMPRESSED   0x00000004   Data   RW         1574    .data               port.o
    0x20000190   COMPRESSED   0x00000018   Data   RW         1592    .data               heap_2.o
    0x200001a8   COMPRESSED   0x00000004   Data   RW         1916    .data               mc_w.l(stdout.o)
    0x200001ac        -       0x00000010   Zero   RW            3    .bss                main.o
    0x200001bc        -       0x00000038   Zero   RW          473    .bss                netconf.o
    0x200001f4        -       0x000000f0   Zero   RW          578    .bss                fs.o
    0x200002e4        -       0x000000a0   Zero   RW          881    .bss                stm32f4x7_eth.o
    0x20000384        -       0x000000a0   Zero   RW          882    .bss                stm32f4x7_eth.o
    0x20000424        -       0x00001dc4   Zero   RW          883    .bss                stm32f4x7_eth.o
    0x200021e8        -       0x00001dc4   Zero   RW          884    .bss                stm32f4x7_eth.o
    0x20003fac        -       0x0000000c   Zero   RW          885    .bss                stm32f4x7_eth.o
    0x20003fb8        -       0x00001414   Zero   RW         1127    .bss                mem.o
    0x200053cc        -       0x00002b83   Zero   RW         1142    .bss                memp.o
    0x20007f4f   COMPRESSED   0x00000001   PAD
    0x20007f50        -       0x00000014   Zero   RW         1267    .bss                tcp_in.o
    0x20007f64        -       0x00000010   Zero   RW         1351    .bss                inet.o
    0x20007f74        -       0x000000a0   Zero   RW         1423    .bss                etharp.o
    0x20008014        -       0x00000030   Zero   RW         1478    .bss                sys_arch.o
    0x20008044        -       0x0000010e   Zero   RW         1551    .bss                tasks.o
    0x20008152   COMPRESSED   0x00000006   PAD
    0x20008158        -       0x00003c00   Zero   RW         1591    .bss                heap_2.o
    0x2000bd58        -       0x00004200   Zero   RW         1605    STACK               startup_stm32f4xx.o


==============================================================================

Image component sizes


      Code (inc. data)   RO Data    RW Data    ZI Data      Debug   Object Name

       760         44          0          0          0      21933   api_lib.o
      2376         32          0          0          0       9395   api_msg.o
       816         32          0          0          0       4682   autoip.o
       196         10         24         12          0       2279   custom_stm32f4_board.o
      3620         48          0          4          0      12869   dhcp.o
      1464         24         12          1        160       9486   etharp.o
       572         56          0         12          0       4078   ethernetif.o
       220         10      43377          0        240       5089   fs.o
       248         10          0         24      15360       3848   heap_2.o
      1000        464       1596          4          0       8484   httpserver-netconn.o
       434          0          0          0          0       2783   icmp.o
       432         12          0          0         16       3396   inet.o
       276          0          0          0          0       2890   inet_chksum.o
        28          0          0          0          0       1963   init.o
       740         14          0         12          0       6566   ip.o
        62          0          8          0          0       5957   ip_addr.o
       140          0          0          0          0       3497   list.o
       292         82          0          0         16     267891   main.o
       656         10          0         16       5140       4266   mem.o
       136          8         48          0      11139       2762   memp.o
       188         14          0          0          0       2185   misc.o
       332          0          0          0          0       3477   netbuf.o
       192         22          0          0         56      15102   netconf.o
       412         12          0         12          0       5844   netif.o
      1086          0          0          0          0       6084   pbuf.o
       296         24          0          4          0       2829   port.o
      1162          0          0          0          0       8221   queue.o
       368          4          0          4          0       3977   raw.o
        36          8        392          0      16896        816   startup_stm32f4xx.o
      1084         30         84         44          0       5247   stm32f4_discovery.o
      3596         46       4560         16          0      15054   stm32f4_discovery_lcd.o
      2992         90          0         12      15572      21276   stm32f4x7_eth.o
       580         64          0          4          0       1969   stm32f4x7_eth_bsp.o
       836         34          0          0          0       7105   stm32f4xx_dma.o
       236         10          0          0          0       2671   stm32f4xx_exti.o
      1204          8          0          0          0       6247   stm32f4xx_fsmc.o
       548         36          0          0          0       4669   stm32f4xx_gpio.o
        80          4          0          0          0      57509   stm32f4xx_it.o
      1076         44          0         16          0      12011   stm32f4xx_rcc.o
       444         16          0          0          0       7612   stm32f4xx_sdio.o
       112         16          0          0          0       1675   stm32f4xx_syscfg.o
       948         24          0          0          0       8700   stm32f4xx_usart.o
       500          6          0          0          0       3688   sys.o
       508         10          0          2         48       5734   sys_arch.o
       388         36          0         20          0      62023   system_stm32f4xx.o
      2164         62          0         76        270      13925   tasks.o
      2396         46        137         76          0      18904   tcp.o
      3496         66          0         28         20      14128   tcp_in.o
      2334         12          0          0          0       7858   tcp_out.o
       804         58          0         16          0      15661   tcpip.o
       908         10          0          4          0      14435   udp.o

    ----------------------------------------------------------------------
     45784       1668      50274        424      64940     740750   Object Totals
         0          0         32          0          0          0   (incl. Generated)
        10          0          4          5          7          0   (incl. Padding)

    ----------------------------------------------------------------------

      Code (inc. data)   RO Data    RW Data    ZI Data      Debug   Library Member Name

        86          0          0          0          0          0   __dczerorl2.o
         0          0          0          0          0          0   entry.o
         0          0          0          0          0          0   entry10a.o
         0          0          0          0          0          0   entry11a.o
         8          4          0          0          0          0   entry2.o
         4          0          0          0          0          0   entry5.o
         0          0          0          0          0          0   entry7b.o
         0          0          0          0          0          0   entry8b.o
         8          4          0          0          0          0   entry9a.o
        30          0          0          0          0          0   handlers.o
        36          8          0          0          0         68   init.o
         0          0          0          0          0          0   iusefp.o
        30          0          0          0          0         68   llshl.o
        32          0          0          0          0         68   llushr.o
        26          0          0          0          0         80   memcmp.o
        36          0          0          0          0         68   memcpya.o
        36          0          0          0          0        108   memseta.o
       522         20          0          0          0        336   printf3.o
         0          0          0          4          0          0   stdout.o
        24          0          0          0          0         68   strcat.o
        28          0          0          0          0         76   strcmp.o
        14          0          0          0          0         68   strlen.o
        30          0          0          0          0         80   strncmp.o
        24          0          0          0          0         76   strncpy.o
        44          0          0          0          0         80   uidiv.o
        48          0          0          0          0         68   cdcmple.o
        48          0          0          0          0         68   cdrcmple.o
       186          0          0          0          0        176   depilogue.o
        34          0          0          0          0         76   dflti.o
        26          0          0          0          0         76   dfltui.o

    ----------------------------------------------------------------------
      1366         36          0          4          0       1708   Library Totals
         6          0          0          0          0          0   (incl. Padding)

    ----------------------------------------------------------------------

      Code (inc. data)   RO Data    RW Data    ZI Data      Debug   Library Name

      1018         36          0          4          0       1244   mc_w.l
       342          0          0          0          0        464   mf_w.l

    ----------------------------------------------------------------------
      1366         36          0          4          0       1708   Library Totals

    ----------------------------------------------------------------------

==============================================================================


      Code (inc. data)   RO Data    RW Data    ZI Data      Debug   

     47150       1704      50274        428      64940     736242   Grand Totals
     47150       1704      50274        116      64940     736242   ELF Image Totals (compressed)
     47150       1704      50274        116          0          0   ROM Totals

==============================================================================

    Total RO  Size (Code + RO Data)                97424 (  95.14kB)
    Total RW  Size (RW Data + ZI Data)             65368 (  63.84kB)
    Total ROM Size (Code + RO Data + RW Data)      97540 (  95.25kB)

==============================================================================

