Component: ARM Compiler 5.06 update 6 (build 750) Tool: armlink [4d35ed]

==============================================================================

Section Cross References

    main.o(.text) refers to stm32f4xx_usart.o(.text) for USART_GetFlagStatus
    main.o(.text) refers to pbuf.o(.text) for pbuf_alloc
    main.o(.text) refers to memcpya.o(.text) for __aeabi_memcpy
    main.o(.text) refers to udp.o(.text) for udp_sendto_if
    main.o(.text) refers to stm32f4_discovery.o(.text) for STM_EVAL_LEDToggle
    main.o(.text) refers to tasks.o(.text) for vTaskDelay
    main.o(.text) refers to printfa.o(i.__0vsnprintf) for __c89vsnprintf
    main.o(.text) refers to tm_stm32f4_usart_dma.o(.text) for TM_USART_DMA_Send
    main.o(.text) refers to custom_stm32f4_board.o(.text) for STM_CUSTOM_COMInit
    main.o(.text) refers to stm32f4x7_eth_bsp.o(.text) for ETH_BSP_Config
    main.o(.text) refers to netconf.o(.text) for LwIP_Init
    main.o(.text) refers to httpserver-netconn.o(.text) for http_server_netconn_init
    main.o(.text) refers to main.o(.data) for .data
    main.o(.text) refers to netconf.o(.data) for p
    main.o(.text) refers to netconf.o(.bss) for xnetif
    main.o(.text) refers to netconf.o(.constdata) for dst_port
    main.o(.text) refers to netconf.o(.data) for dst_addr
    main.o(.text) refers to main.o(.bss) for .bss
    system_stm32f4xx.o(.text) refers to system_stm32f4xx.o(.data) for .data
    stm32f4xx_it.o(.text) refers to port.o(.text) for xPortSysTickHandler
    stm32f4xx_it.o(.text) refers to stm32f4x7_eth.o(.text) for ETH_GetDMAFlagStatus
    stm32f4xx_it.o(.text) refers to queue.o(.text) for xQueueGenericSendFromISR
    stm32f4xx_it.o(.text) refers to ethernetif.o(.data) for s_xSemaphore
    netconf.o(.text) refers to tcpip.o(.text) for tcpip_init
    netconf.o(.text) refers to netif.o(.text) for netif_add
    netconf.o(.text) refers to dhcp.o(.text) for dhcp_start
    netconf.o(.text) refers to inet.o(.text) for htonl
    netconf.o(.text) refers to udp.o(.text) for udp_new
    netconf.o(.text) refers to tasks.o(.text) for vTaskDelete
    netconf.o(.text) refers to ethernetif.o(.text) for ethernetif_init
    netconf.o(.text) refers to netconf.o(.bss) for .bss
    netconf.o(.text) refers to netconf.o(.data) for .data
    netconf.o(.text) refers to ip_addr.o(.constdata) for ip_addr_any
    netconf.o(.text) refers to main.o(.text) for udp_recv_fn
    stm32f4x7_eth_bsp.o(.text) refers to stm32f4xx_rcc.o(.text) for RCC_AHB1PeriphClockCmd
    stm32f4x7_eth_bsp.o(.text) refers to stm32f4x7_eth.o(.text) for ETH_DeInit
    stm32f4x7_eth_bsp.o(.text) refers to misc.o(.text) for NVIC_PriorityGroupConfig
    stm32f4x7_eth_bsp.o(.text) refers to stm32f4xx_syscfg.o(.text) for SYSCFG_ETH_MediaInterfaceConfig
    stm32f4x7_eth_bsp.o(.text) refers to stm32f4xx_gpio.o(.text) for GPIO_Init
    stm32f4x7_eth_bsp.o(.text) refers to stm32f4_discovery_lcd.o(.text) for LCD_SetTextColor
    stm32f4x7_eth_bsp.o(.text) refers to stm32f4x7_eth_bsp.o(.data) for .data
    fs.o(.text) refers to strcmp.o(.text) for strcmp
    fs.o(.text) refers to memcpya.o(.text) for __aeabi_memcpy
    fs.o(.text) refers to fs.o(.bss) for .bss
    fs.o(.text) refers to fs.o(.constdata) for .constdata
    fs.o(.constdata) refers to fs.o(.constdata) for data__STM32F4x7_files_logo_jpg
    fs.o(.constdata) refers to fs.o(.constdata) for file__STM32F4x7_files_logo_jpg
    fs.o(.constdata) refers to fs.o(.constdata) for data__STM32F4x7_files_ST_gif
    fs.o(.constdata) refers to fs.o(.constdata) for file__STM32F4x7_files_ST_gif
    fs.o(.constdata) refers to fs.o(.constdata) for data__STM32F4x7_files_stm32_jpg
    fs.o(.constdata) refers to fs.o(.constdata) for file__STM32F4x7_files_stm32_jpg
    fs.o(.constdata) refers to fs.o(.constdata) for data__404_html
    fs.o(.constdata) refers to fs.o(.constdata) for file__404_html
    fs.o(.constdata) refers to fs.o(.constdata) for data__STM32F4x7_html
    httpserver-netconn.o(.text) refers to memseta.o(.text) for __aeabi_memclr4
    httpserver-netconn.o(.text) refers to printf3.o(i.__0sprintf$3) for __2sprintf
    httpserver-netconn.o(.text) refers to strcat.o(.text) for strcat
    httpserver-netconn.o(.text) refers to strlen.o(.text) for strlen
    httpserver-netconn.o(.text) refers to tasks.o(.text) for vTaskList
    httpserver-netconn.o(.text) refers to api_lib.o(.text) for netconn_write
    httpserver-netconn.o(.text) refers to netbuf.o(.text) for netbuf_data
    httpserver-netconn.o(.text) refers to strncmp.o(.text) for strncmp
    httpserver-netconn.o(.text) refers to fs.o(.text) for fs_open
    httpserver-netconn.o(.text) refers to printf3.o(i.__0printf$3) for __2printf
    httpserver-netconn.o(.text) refers to sys_arch.o(.text) for sys_thread_new
    httpserver-netconn.o(.text) refers to httpserver-netconn.o(.data) for .data
    httpserver-netconn.o(.text) refers to httpserver-netconn.o(.constdata) for .constdata
[...]
    RCC_WaitForHSEStartUp                    0x0800379f   Thumb Code    48  stm32f4xx_rcc.o(.text)
    RCC_AdjustHSICalibrationValue            0x080037cf   Thumb Code    16  stm32f4xx_rcc.o(.text)
    RCC_HSICmd                               0x080037df   Thumb Code     6  stm32f4xx_rcc.o(.text)
    RCC_LSEConfig                            0x080037e5   Thumb Code    30  stm32f4xx_rcc.o(.text)
    RCC_LSICmd                               0x08003803   Thumb Code     6  stm32f4xx_rcc.o(.text)
    RCC_PLLConfig                            0x08003809   Thumb Code    34  stm32f4xx_rcc.o(.text)
    RCC_PLLCmd                               0x0800382b   Thumb Code     6  stm32f4xx_rcc.o(.text)
    RCC_PLLI2SConfig                         0x08003831   Thumb Code    14  stm32f4xx_rcc.o(.text)
    RCC_PLLI2SCmd                            0x0800383f   Thumb Code     6  stm32f4xx_rcc.o(.text)
    RCC_ClockSecuritySystemCmd               0x08003845   Thumb Code     6  stm32f4xx_rcc.o(.text)
    RCC_MCO1Config                           0x0800384b   Thumb Code    18  stm32f4xx_rcc.o(.text)
    RCC_MCO2Config                           0x0800385d   Thumb Code    18  stm32f4xx_rcc.o(.text)
    RCC_SYSCLKConfig                         0x0800386f   Thumb Code    16  stm32f4xx_rcc.o(.text)
    RCC_GetSYSCLKSource                      0x0800387f   Thumb Code    12  stm32f4xx_rcc.o(.text)
    RCC_HCLKConfig                           0x0800388b   Thumb Code    16  stm32f4xx_rcc.o(.text)
    RCC_PCLK1Config                          0x0800389b   Thumb Code    16  stm32f4xx_rcc.o(.text)
    RCC_PCLK2Config                          0x080038ab   Thumb Code    18  stm32f4xx_rcc.o(.text)
    RCC_GetClocksFreq                        0x080038bd   Thumb Code   150  stm32f4xx_rcc.o(.text)
    RCC_RTCCLKConfig                         0x08003953   Thumb Code    42  stm32f4xx_rcc.o(.text)
    RCC_RTCCLKCmd                            0x0800397d   Thumb Code     8  stm32f4xx_rcc.o(.text)
    RCC_BackupResetCmd                       0x08003985   Thumb Code     8  stm32f4xx_rcc.o(.text)
    RCC_I2SCLKConfig                         0x0800398d   Thumb Code     6  stm32f4xx_rcc.o(.text)
    RCC_AHB1PeriphClockCmd                   0x08003993   Thumb Code    24  stm32f4xx_rcc.o(.text)
    RCC_AHB2PeriphClockCmd                   0x080039ab   Thumb Code    24  stm32f4xx_rcc.o(.text)
    RCC_AHB3PeriphClockCmd                   0x080039c3   Thumb Code    24  stm32f4xx_rcc.o(.text)
    RCC_APB1PeriphClockCmd                   0x080039db   Thumb Code    24  stm32f4xx_rcc.o(.text)
    RCC_APB2PeriphClockCmd                   0x080039f3   Thumb Code    24  stm32f4xx_rcc.o(.text)
    RCC_AHB1PeriphResetCmd                   0x08003a0b   Thumb Code    24  stm32f4xx_rcc.o(.text)
    RCC_AHB2PeriphResetCmd                   0x08003a23   Thumb Code    24  stm32f4xx_rcc.o(.text)
    RCC_AHB3PeriphResetCmd                   0x08003a3b   Thumb Code    24  stm32f4xx_rcc.o(.text)
    RCC_APB1PeriphResetCmd                   0x08003a53   Thumb Code    24  stm32f4xx_rcc.o(.text)
    RCC_APB2PeriphResetCmd                   0x08003a6b   Thumb Code    24  stm32f4xx_rcc.o(.text)
    RCC_AHB1PeriphClockLPModeCmd             0x08003a83   Thumb Code    24  stm32f4xx_rcc.o(.text)
    RCC_AHB2PeriphClockLPModeCmd             0x08003a9b   Thumb Code    24  stm32f4xx_rcc.o(.text)
    RCC_AHB3PeriphClockLPModeCmd             0x08003ab3   Thumb Code    24  stm32f4xx_rcc.o(.text)
    RCC_APB1PeriphClockLPModeCmd             0x08003acb   Thumb Code    24  stm32f4xx_rcc.o(.text)
    RCC_APB2PeriphClockLPModeCmd             0x08003ae3   Thumb Code    24  stm32f4xx_rcc.o(.text)
    RCC_ITConfig                             0x08003afb   Thumb Code    62  stm32f4xx_rcc.o(.text)
    RCC_ClearFlag                            0x08003b39   Thumb Code    12  stm32f4xx_rcc.o(.text)
    RCC_GetITStatus                          0x08003b45   Thumb Code    18  stm32f4xx_rcc.o(.text)
    RCC_ClearITPendingBit                    0x08003b57   Thumb Code     8  stm32f4xx_rcc.o(.text)
    SDIO_DeInit                              0x08003b65   Thumb Code    24  stm32f4xx_sdio.o(.text)
    SDIO_Init                                0x08003b7d   Thumb Code    40  stm32f4xx_sdio.o(.text)
    SDIO_StructInit                          0x08003ba5   Thumb Code    16  stm32f4xx_sdio.o(.text)
    SDIO_ClockCmd                            0x08003bb5   Thumb Code     6  stm32f4xx_sdio.o(.text)
    SDIO_SetPowerState                       0x08003bbb   Thumb Code     8  stm32f4xx_sdio.o(.text)
    SDIO_GetPowerState                       0x08003bc3   Thumb Code    12  stm32f4xx_sdio.o(.text)
    SDIO_SendCommand                         0x08003bcf   Thumb Code    38  stm32f4xx_sdio.o(.text)
    SDIO_CmdStructInit                       0x08003bf5   Thumb Code    14  stm32f4xx_sdio.o(.text)
    SDIO_GetCommandResponse                  0x08003c03   Thumb Code    10  stm32f4xx_sdio.o(.text)
    SDIO_GetResponse                         0x08003c0d   Thumb Code    16  stm32f4xx_sdio.o(.text)
    SDIO_DataConfig                          0x08003c1d   Thumb Code    44  stm32f4xx_sdio.o(.text)
    SDIO_DataStructInit                      0x08003c49   Thumb Code    20  stm32f4xx_sdio.o(.text)
    SDIO_GetDataCounter                      0x08003c5d   Thumb Code     8  stm32f4xx_sdio.o(.text)
    SDIO_ReadData                            0x08003c65   Thumb Code     8  stm32f4xx_sdio.o(.text)
    SDIO_WriteData                           0x08003c6d   Thumb Code     8  stm32f4xx_sdio.o(.text)
    SDIO_GetFIFOCount                        0x08003c75   Thumb Code     8  stm32f4xx_sdio.o(.text)
    SDIO_StartSDIOReadWait                   0x08003c7d   Thumb Code     6  stm32f4xx_sdio.o(.text)
    SDIO_StopSDIOReadWait                    0x08003c83   Thumb Code     8  stm32f4xx_sdio.o(.text)
    SDIO_SetSDIOReadWaitMode                 0x08003c8b   Thumb Code     8  stm32f4xx_sdio.o(.text)
    SDIO_SetSDIOOperation                    0x08003c93   Thumb Code     8  stm32f4xx_sdio.o(.text)
    SDIO_SendSDIOSuspendCmd                  0x08003c9b   Thumb Code     6  stm32f4xx_sdio.o(.text)
    SDIO_CommandCompletionCmd                0x08003ca1   Thumb Code     8  stm32f4xx_sdio.o(.text)
    SDIO_CEATAITCmd                          0x08003ca9   Thumb Code    12  stm32f4xx_sdio.o(.text)
    SDIO_SendCEATACmd                        0x08003cb5   Thumb Code     8  stm32f4xx_sdio.o(.text)
    SDIO_DMACmd                              0x08003cbd   Thumb Code     8  stm32f4xx_sdio.o(.text)
    SDIO_ITConfig                            0x08003cc5   Thumb Code    24  stm32f4xx_sdio.o(.text)
    SDIO_GetFlagStatus                       0x08003cdd   Thumb Code    18  stm32f4xx_sdio.o(.text)
    SDIO_ClearFlag                           0x08003cef   Thumb Code     8  stm32f4xx_sdio.o(.text)
    SDIO_GetITStatus                         0x08003cf7   Thumb Code    18  stm32f4xx_sdio.o(.text)
    SDIO_ClearITPendingBit                   0x08003d09   Thumb Code     8  stm32f4xx_sdio.o(.text)
    SYSCFG_DeInit                            0x08003d21   Thumb Code    24  stm32f4xx_syscfg.o(.text)
    SYSCFG_MemoryRemapConfig                 0x08003d39   Thumb Code     6  stm32f4xx_syscfg.o(.text)
    SYSCFG_EXTILineConfig                    0x08003d3f   Thumb Code    38  stm32f4xx_syscfg.o(.text)
    SYSCFG_ETH_MediaInterfaceConfig          0x08003d65   Thumb Code     6  stm32f4xx_syscfg.o(.text)
    SYSCFG_CompensationCellCmd               0x08003d6b   Thumb Code     6  stm32f4xx_syscfg.o(.text)
    SYSCFG_GetCompensationCellStatus         0x08003d71   Thumb Code    16  stm32f4xx_syscfg.o(.text)
    USART_DeInit                             0x08003d91   Thumb Code   168  stm32f4xx_usart.o(.text)
    USART_Init                               0x08003e39   Thumb Code   180  stm32f4xx_usart.o(.text)
    USART_StructInit                         0x08003eed   Thumb Code    22  stm32f4xx_usart.o(.text)
    USART_ClockInit                          0x08003f03   Thumb Code    28  stm32f4xx_usart.o(.text)
    USART_ClockStructInit                    0x08003f1f   Thumb Code    12  stm32f4xx_usart.o(.text)
    USART_Cmd                                0x08003f2b   Thumb Code    24  stm32f4xx_usart.o(.text)
    USART_SetPrescaler                       0x08003f43   Thumb Code    16  stm32f4xx_usart.o(.text)
    USART_OverSampling8Cmd                   0x08003f53   Thumb Code    24  stm32f4xx_usart.o(.text)
    USART_OneBitMethodCmd                    0x08003f6b   Thumb Code    24  stm32f4xx_usart.o(.text)
    USART_SendData                           0x08003f83   Thumb Code     8  stm32f4xx_usart.o(.text)
    USART_ReceiveData                        0x08003f8b   Thumb Code     8  stm32f4xx_usart.o(.text)
    USART_SetAddress                         0x08003f93   Thumb Code    16  stm32f4xx_usart.o(.text)
    USART_ReceiverWakeUpCmd                  0x08003fa3   Thumb Code    24  stm32f4xx_usart.o(.text)
    USART_WakeUpConfig                       0x08003fbb   Thumb Code    16  stm32f4xx_usart.o(.text)
    USART_LINBreakDetectLengthConfig         0x08003fcb   Thumb Code    16  stm32f4xx_usart.o(.text)
    USART_LINCmd                             0x08003fdb   Thumb Code    24  stm32f4xx_usart.o(.text)
    USART_SendBreak                          0x08003ff3   Thumb Code    10  stm32f4xx_usart.o(.text)
    USART_HalfDuplexCmd                      0x08003ffd   Thumb Code    24  stm32f4xx_usart.o(.text)
    USART_SetGuardTime                       0x08004015   Thumb Code    16  stm32f4xx_usart.o(.text)
    USART_SmartCardCmd                       0x08004025   Thumb Code    24  stm32f4xx_usart.o(.text)
    USART_SmartCardNACKCmd                   0x0800403d   Thumb Code    24  stm32f4xx_usart.o(.text)
    USART_IrDAConfig                         0x08004055   Thumb Code    16  stm32f4xx_usart.o(.text)
    USART_IrDACmd                            0x08004065   Thumb Code    24  stm32f4xx_usart.o(.text)
    USART_DMACmd                             0x0800407d   Thumb Code    20  stm32f4xx_usart.o(.text)
    USART_ITConfig                           0x08004091   Thumb Code    54  stm32f4xx_usart.o(.text)
    USART_GetFlagStatus                      0x080040c7   Thumb Code    14  stm32f4xx_usart.o(.text)
    USART_ClearFlag                          0x080040d5   Thumb Code     8  stm32f4xx_usart.o(.text)
    USART_GetITStatus                        0x080040dd   Thumb Code    64  stm32f4xx_usart.o(.text)
    USART_ClearITPendingBit                  0x0800411d   Thumb Code    16  stm32f4xx_usart.o(.text)
    NVIC_PriorityGroupConfig                 0x08004145   Thumb Code    10  misc.o(.text)
    NVIC_Init                                0x0800414f   Thumb Code    98  misc.o(.text)
    NVIC_SetVectorTable                      0x080041b1   Thumb Code    14  misc.o(.text)
    NVIC_SystemLPConfig                      0x080041bf   Thumb Code    24  misc.o(.text)
    SysTick_CLKSourceConfig                  0x080041d7   Thumb Code    28  misc.o(.text)
    DMA_DeInit                               0x08004201   Thumb Code   278  stm32f4xx_dma.o(.text)
    DMA_Init                                 0x08004317   Thumb Code    80  stm32f4xx_dma.o(.text)
    DMA_StructInit                           0x08004367   Thumb Code    34  stm32f4xx_dma.o(.text)
    DMA_Cmd                                  0x08004389   Thumb Code    24  stm32f4xx_dma.o(.text)
    DMA_PeriphIncOffsetSizeConfig            0x080043a1   Thumb Code    24  stm32f4xx_dma.o(.text)
    DMA_FlowControllerConfig                 0x080043b9   Thumb Code    24  stm32f4xx_dma.o(.text)
    DMA_SetCurrDataCounter                   0x080043d1   Thumb Code     4  stm32f4xx_dma.o(.text)
    DMA_GetCurrDataCounter                   0x080043d5   Thumb Code     6  stm32f4xx_dma.o(.text)
    DMA_DoubleBufferModeConfig               0x080043db   Thumb Code    26  stm32f4xx_dma.o(.text)
    DMA_DoubleBufferModeCmd                  0x080043f5   Thumb Code    24  stm32f4xx_dma.o(.text)
    DMA_MemoryTargetConfig                   0x0800440d   Thumb Code    12  stm32f4xx_dma.o(.text)
    DMA_GetCurrentMemoryTarget               0x08004419   Thumb Code    14  stm32f4xx_dma.o(.text)
    DMA_GetCmdStatus                         0x08004427   Thumb Code    14  stm32f4xx_dma.o(.text)
    DMA_GetFIFOStatus                        0x08004435   Thumb Code     8  stm32f4xx_dma.o(.text)
    DMA_GetFlagStatus                        0x0800443d   Thumb Code    42  stm32f4xx_dma.o(.text)
    DMA_ClearFlag                            0x08004467   Thumb Code    34  stm32f4xx_dma.o(.text)
    DMA_ITConfig                             0x08004489   Thumb Code    50  stm32f4xx_dma.o(.text)
    DMA_GetITStatus                          0x080044bb   Thumb Code    70  stm32f4xx_dma.o(.text)
    DMA_ClearITPendingBit                    0x08004501   Thumb Code    34  stm32f4xx_dma.o(.text)
    ETH_DeInit                               0x0800455d   Thumb Code    24  stm32f4x7_eth.o(.text)
    ETH_StructInit                           0x08004575   Thumb Code   154  stm32f4x7_eth.o(.text)
    ETH_WritePHYRegister                     0x0800460f   Thumb Code    80  stm32f4x7_eth.o(.text)
    ETH_ReadPHYRegister                      0x0800465f   Thumb Code    80  stm32f4x7_eth.o(.text)
    ETH_Init                                 0x080046af   Thumb Code   560  stm32f4x7_eth.o(.text)
    ETH_DMAReceptionCmd                      0x080048df   Thumb Code    26  stm32f4x7_eth.o(.text)
    ETH_DMATransmissionCmd                   0x080048f9   Thumb Code    26  stm32f4x7_eth.o(.text)
    ETH_MACReceptionCmd                      0x08004913   Thumb Code    26  stm32f4x7_eth.o(.text)
    ETH_FlushTransmitFIFO                    0x0800492d   Thumb Code    12  stm32f4x7_eth.o(.text)
    ETH_MACTransmissionCmd                   0x08004939   Thumb Code    26  stm32f4x7_eth.o(.text)
    ETH_Start                                0x08004953   Thumb Code    32  stm32f4x7_eth.o(.text)
    ETH_GetFlowControlBusyStatus             0x08004973   Thumb Code    14  stm32f4x7_eth.o(.text)
    ETH_InitiatePauseControlFrame            0x08004981   Thumb Code    12  stm32f4x7_eth.o(.text)
    ETH_BackPressureActivationCmd            0x0800498d   Thumb Code    26  stm32f4x7_eth.o(.text)
    ETH_GetMACFlagStatus                     0x080049a7   Thumb Code    16  stm32f4x7_eth.o(.text)
    ETH_GetMACITStatus                       0x080049b7   Thumb Code    16  stm32f4x7_eth.o(.text)
    ETH_MACITConfig                          0x080049c7   Thumb Code    22  stm32f4x7_eth.o(.text)
    ETH_MACAddressConfig                     0x080049dd   Thumb Code    96  stm32f4x7_eth.o(.text)
    ETH_GetMACAddress                        0x08004a3d   Thumb Code    30  stm32f4x7_eth.o(.text)
    ETH_MACAddressPerfectFilterCmd           0x08004a5b   Thumb Code    28  stm32f4x7_eth.o(.text)
    ETH_MACAddressFilterConfig               0x08004a77   Thumb Code    28  stm32f4x7_eth.o(.text)
    ETH_MACAddressMaskBytesFilterConfig      0x08004a93   Thumb Code    20  stm32f4x7_eth.o(.text)
    ETH_Get_Received_Frame                   0x08004aa7   Thumb Code    56  stm32f4x7_eth.o(.text)
    ETH_Get_Received_Frame_interrupt         0x08004adf   Thumb Code   156  stm32f4x7_eth.o(.text)
    ETH_Prepare_Transmit_Descriptors         0x08004b7b   Thumb Code   166  stm32f4x7_eth.o(.text)
    ETH_DMARxDescChainInit                   0x08004c21   Thumb Code    78  stm32f4x7_eth.o(.text)
    ETH_CheckFrameReceived                   0x08004c6f   Thumb Code   100  stm32f4x7_eth.o(.text)
    ETH_DMATxDescChainInit                   0x08004cd3   Thumb Code    62  stm32f4x7_eth.o(.text)
    ETH_GetDMATxDescFlagStatus               0x08004d11   Thumb Code    14  stm32f4x7_eth.o(.text)
    ETH_GetDMATxDescCollisionCount           0x08004d1f   Thumb Code     8  stm32f4x7_eth.o(.text)
    ETH_SetDMATxDescOwnBit                   0x08004d27   Thumb Code    10  stm32f4x7_eth.o(.text)
    ETH_DMATxDescTransmitITConfig            0x08004d31   Thumb Code    24  stm32f4x7_eth.o(.text)
    ETH_DMATxDescFrameSegmentConfig          0x08004d49   Thumb Code     8  stm32f4x7_eth.o(.text)
    ETH_DMATxDescChecksumInsertionConfig     0x08004d51   Thumb Code     8  stm32f4x7_eth.o(.text)
    ETH_DMATxDescCRCCmd                      0x08004d59   Thumb Code    24  stm32f4x7_eth.o(.text)
    ETH_DMATxDescSecondAddressChainedCmd     0x08004d71   Thumb Code    24  stm32f4x7_eth.o(.text)
    ETH_DMATxDescShortFramePaddingCmd        0x08004d89   Thumb Code    24  stm32f4x7_eth.o(.text)
    ETH_DMATxDescBufferSizeConfig            0x08004da1   Thumb Code    12  stm32f4x7_eth.o(.text)
    ETH_GetDMARxDescFlagStatus               0x08004dad   Thumb Code    14  stm32f4x7_eth.o(.text)
    ETH_GetDMAPTPRxDescExtendedFlagStatus    0x08004dbb   Thumb Code    14  stm32f4x7_eth.o(.text)
    ETH_SetDMARxDescOwnBit                   0x08004dc9   Thumb Code    10  stm32f4x7_eth.o(.text)
    ETH_GetDMARxDescFrameLength              0x08004dd3   Thumb Code     8  stm32f4x7_eth.o(.text)
    ETH_DMARxDescReceiveITConfig             0x08004ddb   Thumb Code    22  stm32f4x7_eth.o(.text)
    ETH_GetDMARxDescBufferSize               0x08004df1   Thumb Code    18  stm32f4x7_eth.o(.text)
    ETH_GetRxPktSize                         0x08004e03   Thumb Code    50  stm32f4x7_eth.o(.text)
    ETH_EnhancedDescriptorCmd                0x08004e35   Thumb Code    26  stm32f4x7_eth.o(.text)
    ETH_SoftwareReset                        0x08004e4f   Thumb Code    12  stm32f4x7_eth.o(.text)
    ETH_GetSoftwareResetStatus               0x08004e5b   Thumb Code    14  stm32f4x7_eth.o(.text)
    ETH_GetDMAFlagStatus                     0x08004e69   Thumb Code    16  stm32f4x7_eth.o(.text)
    ETH_DMAClearFlag                         0x08004e79   Thumb Code     6  stm32f4x7_eth.o(.text)
    ETH_DMAITConfig                          0x08004e7f   Thumb Code    22  stm32f4x7_eth.o(.text)
    ETH_GetDMAITStatus                       0x08004e95   Thumb Code    16  stm32f4x7_eth.o(.text)
    ETH_DMAClearITPendingBit                 0x08004ea5   Thumb Code     6  stm32f4x7_eth.o(.text)
    ETH_GetTransmitProcessState              0x08004eab   Thumb Code    10  stm32f4x7_eth.o(.text)
    ETH_GetReceiveProcessState               0x08004eb5   Thumb Code    10  stm32f4x7_eth.o(.text)
    ETH_GetFlushTransmitFIFOStatus           0x08004ebf   Thumb Code    14  stm32f4x7_eth.o(.text)
    ETH_GetDMAOverflowStatus                 0x08004ecd   Thumb Code    16  stm32f4x7_eth.o(.text)
    ETH_GetRxOverflowMissedFrameCounter      0x08004edd   Thumb Code    10  stm32f4x7_eth.o(.text)
    ETH_GetBufferUnavailableMissedFrameCounter 0x08004ee7   Thumb Code     8  stm32f4x7_eth.o(.text)
    ETH_GetCurrentTxDescStartAddress         0x08004eef   Thumb Code     6  stm32f4x7_eth.o(.text)
    ETH_GetCurrentRxDescStartAddress         0x08004ef5   Thumb Code     6  stm32f4x7_eth.o(.text)
    ETH_GetCurrentTxBufferAddress            0x08004efb   Thumb Code     6  stm32f4x7_eth.o(.text)
    ETH_GetCurrentRxBufferAddress            0x08004f01   Thumb Code     6  stm32f4x7_eth.o(.text)
    ETH_ResumeDMATransmission                0x08004f07   Thumb Code     8  stm32f4x7_eth.o(.text)
    ETH_ResumeDMAReception                   0x08004f0f   Thumb Code     8  stm32f4x7_eth.o(.text)
    ETH_SetReceiveWatchdogTimer              0x08004f17   Thumb Code     6  stm32f4x7_eth.o(.text)
    ETH_PHYLoopBackCmd                       0x08004f1d   Thumb Code    44  stm32f4x7_eth.o(.text)
    ETH_ResetWakeUpFrameFilterRegisterPointer 0x08004f49   Thumb Code    12  stm32f4x7_eth.o(.text)
    ETH_SetWakeUpFrameFilterRegister         0x08004f55   Thumb Code    18  stm32f4x7_eth.o(.text)
    ETH_GlobalUnicastWakeUpCmd               0x08004f67   Thumb Code    26  stm32f4x7_eth.o(.text)
    ETH_GetPMTFlagStatus                     0x08004f81   Thumb Code    16  stm32f4x7_eth.o(.text)
    ETH_WakeUpFrameDetectionCmd              0x08004f91   Thumb Code    26  stm32f4x7_eth.o(.text)
    ETH_MagicPacketDetectionCmd              0x08004fab   Thumb Code    26  stm32f4x7_eth.o(.text)
    ETH_PowerDownCmd                         0x08004fc5   Thumb Code    26  stm32f4x7_eth.o(.text)
    ETH_MMCCounterFullPreset                 0x08004fdf   Thumb Code    12  stm32f4x7_eth.o(.text)
    ETH_MMCCounterHalfPreset                 0x08004feb   Thumb Code    20  stm32f4x7_eth.o(.text)
    ETH_MMCCounterFreezeCmd                  0x08004fff   Thumb Code    34  stm32f4x7_eth.o(.text)
    ETH_MMCResetOnReadCmd                    0x08005021   Thumb Code    34  stm32f4x7_eth.o(.text)
    ETH_MMCCounterRolloverCmd                0x08005043   Thumb Code    34  stm32f4x7_eth.o(.text)
    ETH_MMCCountersReset                     0x08005065   Thumb Code    12  stm32f4x7_eth.o(.text)
    ETH_MMCITConfig                          0x08005071   Thumb Code    62  stm32f4x7_eth.o(.text)
    ETH_GetMMCITStatus                       0x080050af   Thumb Code    50  stm32f4x7_eth.o(.text)
    ETH_GetMMCRegister                       0x080050e1   Thumb Code     6  stm32f4x7_eth.o(.text)
    netconn_new_with_proto_and_callback      0x080050f5   Thumb Code    66  api_lib.o(.text)
    netconn_delete                           0x08005137   Thumb Code    42  api_lib.o(.text)
    netconn_getaddr                          0x08005161   Thumb Code    48  api_lib.o(.text)
    netconn_bind                             0x08005191   Thumb Code    40  api_lib.o(.text)
    netconn_connect                          0x080051b9   Thumb Code    40  api_lib.o(.text)
    netconn_disconnect                       0x080051e1   Thumb Code    34  api_lib.o(.text)
    netconn_listen_with_backlog              0x08005203   Thumb Code    34  api_lib.o(.text)
    netconn_accept                           0x08005225   Thumb Code    44  api_lib.o(.text)
    netconn_recv                             0x08005251   Thumb Code   228  api_lib.o(.text)
    netconn_send                             0x08005335   Thumb Code    36  api_lib.o(.text)
    netconn_sendto                           0x08005359   Thumb Code    16  api_lib.o(.text)
    netconn_write                            0x08005369   Thumb Code    54  api_lib.o(.text)
    netconn_close                            0x0800539f   Thumb Code    34  api_lib.o(.text)
    netconn_free                             0x0800576f   Thumb Code   108  api_msg.o(.text)
    netconn_alloc                            0x080057db   Thumb Code   138  api_msg.o(.text)
    do_newconn                               0x08005949   Thumb Code    30  api_msg.o(.text)
    do_delconn                               0x08005967   Thumb Code   104  api_msg.o(.text)
    do_bind                                  0x080059cf   Thumb Code   100  api_msg.o(.text)
    do_connect                               0x08005a61   Thumb Code   162  api_msg.o(.text)
    do_disconnect                            0x08005b03   Thumb Code    34  api_msg.o(.text)
    do_listen                                0x08005b25   Thumb Code   146  api_msg.o(.text)
    do_send                                  0x08005bb7   Thumb Code   106  api_msg.o(.text)
    do_recv                                  0x08005c21   Thumb Code    46  api_msg.o(.text)
    do_write                                 0x08005c4f   Thumb Code    52  api_msg.o(.text)
    do_getaddr                               0x08005c83   Thumb Code   136  api_msg.o(.text)
    do_close                                 0x08005d0b   Thumb Code    34  api_msg.o(.text)
    netbuf_new                               0x08005d35   Thumb Code    26  netbuf.o(.text)
    netbuf_delete                            0x08005d4f   Thumb Code    36  netbuf.o(.text)
    netbuf_alloc                             0x08005d73   Thumb Code    46  netbuf.o(.text)
    netbuf_free                              0x08005da1   Thumb Code    24  netbuf.o(.text)
    netbuf_ref                               0x08005db9   Thumb Code    66  netbuf.o(.text)
    netbuf_chain                             0x08005dfb   Thumb Code    40  netbuf.o(.text)
    netbuf_data                              0x08005e23   Thumb Code    48  netbuf.o(.text)
    netbuf_next                              0x08005e53   Thumb Code    36  netbuf.o(.text)
    netbuf_first                             0x08005e77   Thumb Code    10  netbuf.o(.text)
    tcp_timer_needed                         0x08005ea9   Thumb Code    36  tcpip.o(.text)
    tcpip_input                              0x08005fe1   Thumb Code    76  tcpip.o(.text)
    tcpip_callback_with_block                0x0800602d   Thumb Code    96  tcpip.o(.text)
    tcpip_timeout                            0x0800608d   Thumb Code    60  tcpip.o(.text)
    tcpip_untimeout                          0x080060c9   Thumb Code    54  tcpip.o(.text)
    tcpip_apimsg                             0x080060ff   Thumb Code    50  tcpip.o(.text)
    tcpip_init                               0x08006131   Thumb Code    44  tcpip.o(.text)
    pbuf_free_callback                       0x08006161   Thumb Code     8  tcpip.o(.text)
    mem_free_callback                        0x08006169   Thumb Code     8  tcpip.o(.text)
    udp_input                                0x080061a5   Thumb Code   408  udp.o(.text)
    udp_bind                                 0x0800633d   Thumb Code    94  udp.o(.text)
    udp_sendto_if                            0x0800639b   Thumb Code   182  udp.o(.text)
    udp_sendto                               0x08006451   Thumb Code    40  udp.o(.text)
    udp_send                                 0x08006479   Thumb Code     6  udp.o(.text)
    udp_connect                              0x0800647f   Thumb Code    74  udp.o(.text)
    udp_disconnect                           0x080064c9   Thumb Code    20  udp.o(.text)
    udp_recv                                 0x080064dd   Thumb Code     6  udp.o(.text)
    udp_remove                               0x080064e3   Thumb Code    40  udp.o(.text)
    udp_new                                  0x0800650b   Thumb Code    28  udp.o(.text)
    lwip_init                                0x08006533   Thumb Code    26  init.o(.text)
    mem_init                                 0x0800659b   Thumb Code    52  mem.o(.text)
    mem_free                                 0x080065cf   Thumb Code    62  mem.o(.text)
    mem_realloc                              0x0800660d   Thumb Code   228  mem.o(.text)
    mem_malloc                               0x080066f1   Thumb Code   198  mem.o(.text)
    mem_calloc                               0x080067b7   Thumb Code    28  mem.o(.text)
    memp_init                                0x080067dd   Thumb Code    78  memp.o(.text)
    memp_malloc                              0x0800682b   Thumb Code    30  memp.o(.text)
    memp_free                                0x08006849   Thumb Code    20  memp.o(.text)
    netif_set_gw                             0x08006865   Thumb Code    14  netif.o(.text)
    netif_set_netmask                        0x08006873   Thumb Code    14  netif.o(.text)
    netif_set_ipaddr                         0x08006881   Thumb Code    96  netif.o(.text)
    netif_set_addr                           0x080068e1   Thumb Code    32  netif.o(.text)
    netif_add                                0x08006901   Thumb Code    70  netif.o(.text)
    netif_set_default                        0x08006947   Thumb Code     6  netif.o(.text)
    netif_remove                             0x0800694d   Thumb Code    52  netif.o(.text)
    netif_find                               0x08006981   Thumb Code    60  netif.o(.text)
    netif_set_up                             0x080069bd   Thumb Code    28  netif.o(.text)
    netif_set_down                           0x080069d9   Thumb Code    18  netif.o(.text)
    netif_is_up                              0x080069eb   Thumb Code    10  netif.o(.text)
    pbuf_free                                0x08006a01   Thumb Code    82  pbuf.o(.text)
    pbuf_alloc                               0x08006a53   Thumb Code   298  pbuf.o(.text)
    pbuf_realloc                             0x08006b7d   Thumb Code    78  pbuf.o(.text)
    pbuf_header                              0x08006bcb   Thumb Code   104  pbuf.o(.text)
    pbuf_clen                                0x08006c33   Thumb Code    18  pbuf.o(.text)
    pbuf_ref                                 0x08006c45   Thumb Code    12  pbuf.o(.text)
    pbuf_cat                                 0x08006c51   Thumb Code    40  pbuf.o(.text)
    pbuf_chain                               0x08006c79   Thumb Code    18  pbuf.o(.text)
    pbuf_dechain                             0x08006c8b   Thumb Code    44  pbuf.o(.text)
    pbuf_copy                                0x08006cb7   Thumb Code   148  pbuf.o(.text)
    pbuf_copy_partial                        0x08006d4b   Thumb Code   106  pbuf.o(.text)
    pbuf_take                                0x08006db5   Thumb Code    86  pbuf.o(.text)
    pbuf_coalesce                            0x08006e0b   Thumb Code    52  pbuf.o(.text)
    raw_input                                0x08006e41   Thumb Code    98  raw.o(.text)
    raw_bind                                 0x08006ea3   Thumb Code    16  raw.o(.text)
    raw_connect                              0x08006eb3   Thumb Code    16  raw.o(.text)
    raw_recv                                 0x08006ec3   Thumb Code     6  raw.o(.text)
    raw_sendto                               0x08006ec9   Thumb Code   144  raw.o(.text)
    raw_send                                 0x08006f59   Thumb Code     4  raw.o(.text)
    raw_remove                               0x08006f5d   Thumb Code    40  raw.o(.text)
    raw_new                                  0x08006f85   Thumb Code    40  raw.o(.text)
    sys_mbox_fetch                           0x08006fb1   Thumb Code   106  sys.o(.text)
    sys_sem_wait                             0x0800701b   Thumb Code    96  sys.o(.text)
    sys_timeout                              0x0800707b   Thumb Code   112  sys.o(.text)
    sys_untimeout                            0x080070eb   Thumb Code    80  sys.o(.text)
    sys_sem_wait_timeout                     0x08007147   Thumb Code    58  sys.o(.text)
    sys_msleep                               0x08007181   Thumb Code    30  sys.o(.text)
    tcp_seg_free                             0x080071a5   Thumb Code    32  tcp.o(.text)
    tcp_segs_free                            0x080071c5   Thumb Code    26  tcp.o(.text)
    tcp_pcb_purge                            0x080071df   Thumb Code    48  tcp.o(.text)
    tcp_slowtmr                              0x0800720f   Thumb Code   550  tcp.o(.text)
    tcp_pcb_remove                           0x08007435   Thumb Code    92  tcp.o(.text)
    tcp_close                                0x08007491   Thumb Code   204  tcp.o(.text)
    tcp_update_rcv_ann_wnd                   0x0800755d   Thumb Code    54  tcp.o(.text)
    tcp_recved                               0x08007593   Thumb Code    60  tcp.o(.text)
    tcp_recv_null                            0x080075cf   Thumb Code    54  tcp.o(.text)
    tcp_fasttmr                              0x08007605   Thumb Code    86  tcp.o(.text)
    tcp_tmr                                  0x0800765b   Thumb Code    26  tcp.o(.text)
    tcp_abandon                              0x08007675   Thumb Code   148  tcp.o(.text)
    tcp_bind                                 0x0800775f   Thumb Code   200  tcp.o(.text)
    tcp_listen_with_backlog                  0x0800782d   Thumb Code   142  tcp.o(.text)
    tcp_eff_send_mss                         0x080078bb   Thumb Code    32  tcp.o(.text)
    tcp_next_iss                             0x080078db   Thumb Code    12  tcp.o(.text)
    tcp_connect                              0x080078e7   Thumb Code   202  tcp.o(.text)
    tcp_setprio                              0x080079b1   Thumb Code     4  tcp.o(.text)
    tcp_alloc                                0x08007a2b   Thumb Code   154  tcp.o(.text)
    tcp_new                                  0x08007ac5   Thumb Code     4  tcp.o(.text)
    tcp_arg                                  0x08007ac9   Thumb Code     4  tcp.o(.text)
    tcp_recv                                 0x08007acd   Thumb Code     6  tcp.o(.text)
    tcp_sent                                 0x08007ad3   Thumb Code     6  tcp.o(.text)
    tcp_err                                  0x08007ad9   Thumb Code     6  tcp.o(.text)
    tcp_accept                               0x08007adf   Thumb Code     4  tcp.o(.text)
    tcp_poll                                 0x08007ae3   Thumb Code    10  tcp.o(.text)
    tcp_debug_state_str                      0x08007aed   Thumb Code    10  tcp.o(.text)
    tcp_input                                0x08008567   Thumb Code   834  tcp_in.o(.text)
    tcp_enqueue                              0x08008925   Thumb Code   858  tcp_out.o(.text)
    tcp_send_ctrl                            0x08008c7f   Thumb Code    20  tcp_out.o(.text)
    tcp_write                                0x08008c93   Thumb Code    46  tcp_out.o(.text)
    tcp_send_empty_ack                       0x08008cc1   Thumb Code    86  tcp_out.o(.text)
    tcp_output                               0x08008dc1   Thumb Code   416  tcp_out.o(.text)
    tcp_rst                                  0x08008f61   Thumb Code   158  tcp_out.o(.text)
    tcp_rexmit_rto                           0x08008fff   Thumb Code    44  tcp_out.o(.text)
    tcp_rexmit                               0x0800902b   Thumb Code    70  tcp_out.o(.text)
    tcp_rexmit_fast                          0x08009071   Thumb Code    96  tcp_out.o(.text)
    tcp_keepalive                            0x080090d1   Thumb Code    72  tcp_out.o(.text)
    tcp_zero_window_probe                    0x08009119   Thumb Code   174  tcp_out.o(.text)
    dhcp_renew                               0x080096a5   Thumb Code   146  dhcp.o(.text)
    dhcp_coarse_tmr                          0x080097ef   Thumb Code    58  dhcp.o(.text)
    dhcp_release                             0x080098d3   Thumb Code   178  dhcp.o(.text)
    dhcp_fine_tmr                            0x08009b05   Thumb Code    46  dhcp.o(.text)
    dhcp_stop                                0x08009c2f   Thumb Code    48  dhcp.o(.text)
    dhcp_start                               0x08009dc7   Thumb Code   162  dhcp.o(.text)
    dhcp_inform                              0x08009e69   Thumb Code   150  dhcp.o(.text)
    dhcp_network_changed                     0x08009eff   Thumb Code    68  dhcp.o(.text)
    dhcp_arp_reply                           0x08009fc5   Thumb Code    28  dhcp.o(.text)
    autoip_init                              0x08009fed   Thumb Code     2  autoip.o(.text)
    autoip_start                             0x0800a07b   Thumb Code    96  autoip.o(.text)
    autoip_network_changed                   0x0800a175   Thumb Code    32  autoip.o(.text)
    autoip_stop                              0x0800a195   Thumb Code    16  autoip.o(.text)
    autoip_tmr                               0x0800a1a5   Thumb Code   204  autoip.o(.text)
    autoip_arp_reply                         0x0800a271   Thumb Code   140  autoip.o(.text)
    icmp_input                               0x0800a31d   Thumb Code   324  icmp.o(.text)
    icmp_dest_unreach                        0x0800a4c9   Thumb Code     6  icmp.o(.text)
    htonl                                    0x0800a4d1   Thumb Code    24  inet.o(.text)
    inet_aton                                0x0800a4e9   Thumb Code   276  inet.o(.text)
    inet_addr                                0x0800a5fd   Thumb Code    20  inet.o(.text)
    inet_ntoa                                0x0800a611   Thumb Code    92  inet.o(.text)
    htons                                    0x0800a66d   Thumb Code    10  inet.o(.text)
    ntohs                                    0x0800a677   Thumb Code     2  inet.o(.text)
    ntohl                                    0x0800a679   Thumb Code     2  inet.o(.text)
    inet_chksum_pseudo                       0x0800a6bb   Thumb Code   134  inet_chksum.o(.text)
    inet_chksum                              0x0800a741   Thumb Code    12  inet_chksum.o(.text)
    inet_chksum_pbuf                         0x0800a74d   Thumb Code    72  inet_chksum.o(.text)
    ip_route                                 0x0800a795   Thumb Code    62  ip.o(.text)
    ip_input                                 0x0800a7d3   Thumb Code   426  ip.o(.text)
    ip_output_if                             0x0800a97d   Thumb Code   186  ip.o(.text)
    ip_output                                0x0800aa37   Thumb Code    52  ip.o(.text)
    ip_addr_isbroadcast                      0x0800aa79   Thumb Code    62  ip_addr.o(.text)
    etharp_tmr                               0x0800aab9   Thumb Code    50  etharp.o(.text)
    etharp_find_addr                         0x0800ac79   Thumb Code    44  etharp.o(.text)
    etharp_ip_input                          0x0800aca5   Thumb Code    40  etharp.o(.text)
    etharp_arp_input                         0x0800accd   Thumb Code   296  etharp.o(.text)
    etharp_raw                               0x0800adf5   Thumb Code   192  etharp.o(.text)
    etharp_request                           0x0800aeb5   Thumb Code    32  etharp.o(.text)
    etharp_query                             0x0800aed5   Thumb Code   140  etharp.o(.text)
    etharp_output                            0x0800af61   Thumb Code   180  etharp.o(.text)
    ethernet_input                           0x0800b015   Thumb Code    82  etharp.o(.text)
    ethernetif_init                          0x0800b24b   Thumb Code    42  ethernetif.o(.text)
    sys_mbox_new                             0x0800b2ad   Thumb Code     8  sys_arch.o(.text)
    sys_mbox_free                            0x0800b2b5   Thumb Code    20  sys_arch.o(.text)
    sys_mbox_post                            0x0800b2c9   Thumb Code    26  sys_arch.o(.text)
    sys_mbox_trypost                         0x0800b2e3   Thumb Code    26  sys_arch.o(.text)
    sys_arch_mbox_fetch                      0x0800b2fd   Thumb Code    84  sys_arch.o(.text)
    sys_arch_mbox_tryfetch                   0x0800b351   Thumb Code    30  sys_arch.o(.text)
    sys_sem_new                              0x0800b36f   Thumb Code    54  sys_arch.o(.text)
    sys_arch_sem_wait                        0x0800b3a5   Thumb Code    74  sys_arch.o(.text)
    sys_sem_signal                           0x0800b3ef   Thumb Code    10  sys_arch.o(.text)
    sys_sem_free                             0x0800b3f9   Thumb Code     4  sys_arch.o(.text)
    sys_init                                 0x0800b3fd   Thumb Code    28  sys_arch.o(.text)
    sys_arch_timeouts                        0x0800b419   Thumb Code    38  sys_arch.o(.text)
    sys_thread_new                           0x0800b43f   Thumb Code    76  sys_arch.o(.text)
    sys_arch_protect                         0x0800b48b   Thumb Code    10  sys_arch.o(.text)
    sys_arch_unprotect                       0x0800b495   Thumb Code     4  sys_arch.o(.text)
    sys_assert                               0x0800b499   Thumb Code     6  sys_arch.o(.text)
    vListInitialise                          0x0800b4a9   Thumb Code    22  list.o(.text)
    vListInitialiseItem                      0x0800b4bf   Thumb Code     6  list.o(.text)
    vListInsertEnd                           0x0800b4c5   Thumb Code    28  list.o(.text)
    vListInsert                              0x0800b4e1   Thumb Code    48  list.o(.text)
    vListRemove                              0x0800b511   Thumb Code    36  list.o(.text)
    xQueueCreate                             0x0800b535   Thumb Code    96  queue.o(.text)
    xQueueGenericSend                        0x0800b673   Thumb Code   200  queue.o(.text)
    xQueueCreateMutex                        0x0800b73b   Thumb Code    68  queue.o(.text)
    xQueueCreateCountingSemaphore            0x0800b77f   Thumb Code    18  queue.o(.text)
    xQueueGenericSendFromISR                 0x0800b791   Thumb Code    82  queue.o(.text)
    xQueueGenericReceive                     0x0800b825   Thumb Code   260  queue.o(.text)
    xQueueReceiveFromISR                     0x0800b929   Thumb Code    78  queue.o(.text)
    uxQueueMessagesWaiting                   0x0800b977   Thumb Code    18  queue.o(.text)
    uxQueueMessagesWaitingFromISR            0x0800b989   Thumb Code     4  queue.o(.text)
    vQueueDelete                             0x0800b98d   Thumb Code    20  queue.o(.text)
    xQueueIsQueueEmptyFromISR                0x0800b9a1   Thumb Code    14  queue.o(.text)
    xQueueIsQueueFullFromISR                 0x0800b9af   Thumb Code    16  queue.o(.text)
    xTaskGenericCreate                       0x0800ba79   Thumb Code   208  tasks.o(.text)
    vTaskDelete                              0x0800bb49   Thumb Code    90  tasks.o(.text)
    vTaskIncrementTick                       0x0800bba3   Thumb Code   118  tasks.o(.text)
    xTaskResumeAll                           0x0800bc19   Thumb Code   168  tasks.o(.text)
    vTaskSuspendAll                          0x0800bcc1   Thumb Code    10  tasks.o(.text)
    vTaskDelay                               0x0800bccb   Thumb Code    78  tasks.o(.text)
    uxTaskPriorityGet                        0x0800bd19   Thumb Code    24  tasks.o(.text)
    vTaskPrioritySet                         0x0800bd31   Thumb Code   156  tasks.o(.text)
    vTaskStartScheduler                      0x0800be47   Thumb Code    50  tasks.o(.text)
    vTaskEndScheduler                        0x0800be79   Thumb Code    20  tasks.o(.text)
    xTaskGetTickCount                        0x0800be8d   Thumb Code    18  tasks.o(.text)
    xTaskGetTickCountFromISR                 0x0800be9f   Thumb Code     6  tasks.o(.text)
    uxTaskGetNumberOfTasks                   0x0800bea5   Thumb Code     6  tasks.o(.text)
    vTaskList                                0x0800bf27   Thumb Code   114  tasks.o(.text)
    vTaskStartTrace                          0x0800bf99   Thumb Code    34  tasks.o(.text)
    ulTaskEndTrace                           0x0800bfbb   Thumb Code    24  tasks.o(.text)
    vTaskSwitchContext                       0x0800bfd3   Thumb Code   138  tasks.o(.text)
    vTaskPlaceOnEventList                    0x0800c05d   Thumb Code    64  tasks.o(.text)
    xTaskRemoveFromEventList                 0x0800c09d   Thumb Code    96  tasks.o(.text)
    vTaskSetTimeOutState                     0x0800c0fd   Thumb Code    12  tasks.o(.text)
    xTaskCheckForTimeOut                     0x0800c109   Thumb Code    72  tasks.o(.text)
    vTaskMissedYield                         0x0800c151   Thumb Code     8  tasks.o(.text)
    xTaskGetCurrentTaskHandle                0x0800c159   Thumb Code     6  tasks.o(.text)
    vTaskPriorityInherit                     0x0800c15f   Thumb Code    92  tasks.o(.text)
    vTaskPriorityDisinherit                  0x0800c1bb   Thumb Code   112  tasks.o(.text)
    pxPortInitialiseStack                    0x0800c235   Thumb Code    20  port.o(.text)
    xPortStartScheduler                      0x0800c257   Thumb Code    38  port.o(.text)
    vPortEndScheduler                        0x0800c27d   Thumb Code     2  port.o(.text)
    vPortYieldFromISR                        0x0800c27f   Thumb Code    12  port.o(.text)
    vPortEnterCritical                       0x0800c28b   Thumb Code    16  port.o(.text)
    vPortExitCritical                        0x0800c29b   Thumb Code    18  port.o(.text)
    xPortSysTickHandler                      0x0800c2ad   Thumb Code    28  port.o(.text)
    pvPortMalloc                             0x0800c2d5   Thumb Code   172  heap_2.o(.text)
    vPortFree                                0x0800c381   Thumb Code    58  heap_2.o(.text)
    xPortGetFreeHeapSize                     0x0800c3bb   Thumb Code     6  heap_2.o(.text)
    vPortInitialiseBlocks                    0x0800c3c1   Thumb Code     2  heap_2.o(.text)
    Reset_Handler                            0x0800c3cd   Thumb Code     8  startup_stm32f4xx.o(.text)
    ADC_IRQHandler                           0x0800c3e7   Thumb Code     0  startup_stm32f4xx.o(.text)
    CAN1_RX0_IRQHandler                      0x0800c3e7   Thumb Code     0  startup_stm32f4xx.o(.text)
    CAN1_RX1_IRQHandler                      0x0800c3e7   Thumb Code     0  startup_stm32f4xx.o(.text)
    CAN1_SCE_IRQHandler                      0x0800c3e7   Thumb Code     0  startup_stm32f4xx.o(.text)
    CAN1_TX_IRQHandler                       0x0800c3e7   Thumb Code     0  startup_stm32f4xx.o(.text)
    CAN2_RX0_IRQHandler                      0x0800c3e7   Thumb Code     0  startup_stm32f4xx.o(.text)
    CAN2_RX1_IRQHandler                      0x0800c3e7   Thumb Code     0  startup_stm32f4xx.o(.text)
    CAN2_SCE_IRQHandler                      0x0800c3e7   Thumb Code     0  startup_stm32f4xx.o(.text)
    CAN2_TX_IRQHandler                       0x0800c3e7   Thumb Code     0  startup_stm32f4xx.o(.text)
    CRYP_IRQHandler                          0x0800c3e7   Thumb Code     0  startup_stm32f4xx.o(.text)
    DCMI_IRQHandler                          0x0800c3e7   Thumb Code     0  startup_stm32f4xx.o(.text)
    ETH_WKUP_IRQHandler                      0x0800c3e7   Thumb Code     0  startup_stm32f4xx.o(.text)
    EXTI0_IRQHandler                         0x0800c3e7   Thumb Code     0  startup_stm32f4xx.o(.text)
    EXTI15_10_IRQHandler                     0x0800c3e7   Thumb Code     0  startup_stm32f4xx.o(.text)
    EXTI1_IRQHandler                         0x0800c3e7   Thumb Code     0  startup_stm32f4xx.o(.text)
    EXTI2_IRQHandler                         0x0800c3e7   Thumb Code     0  startup_stm32f4xx.o(.text)
    EXTI3_IRQHandler                         0x0800c3e7   Thumb Code     0  startup_stm32f4xx.o(.text)
    EXTI4_IRQHandler                         0x0800c3e7   Thumb Code     0  startup_stm32f4xx.o(.text)
    EXTI9_5_IRQHandler                       0x0800c3e7   Thumb Code     0  startup_stm32f4xx.o(.text)
    FLASH_IRQHandler                         0x0800c3e7   Thumb Code     0  startup_stm32f4xx.o(.text)
    FPU_IRQHandler                           0x0800c3e7   Thumb Code     0  startup_stm32f4xx.o(.text)
    FSMC_IRQHandler                          0x0800c3e7   Thumb Code     0  startup_stm32f4xx.o(.text)
    HASH_RNG_IRQHandler                      0x0800c3e7   Thumb Code     0  startup_stm32f4xx.o(.text)
    I2C1_ER_IRQHandler                       0x0800c3e7   Thumb Code     0  startup_stm32f4xx.o(.text)
    I2C1_EV_IRQHandler                       0x0800c3e7   Thumb Code     0  startup_stm32f4xx.o(.text)
    I2C2_ER_IRQHandler                       0x0800c3e7   Thumb Code     0  startup_stm32f4xx.o(.text)
    I2C2_EV_IRQHandler                       0x0800c3e7   Thumb Code     0  startup_stm32f4xx.o(.text)
    I2C3_ER_IRQHandler                       0x0800c3e7   Thumb Code     0  startup_stm32f4xx.o(.text)
    I2C3_EV_IRQHandler                       0x0800c3e7   Thumb Code     0  startup_stm32f4xx.o(.text)
    OTG_FS_IRQHandler                        0x0800c3e7   Thumb Code     0  startup_stm32f4xx.o(.text)
    OTG_FS_WKUP_IRQHandler                   0x0800c3e7   Thumb Code     0  startup_stm32f4xx.o(.text)
    OTG_HS_EP1_IN_IRQHandler                 0x0800c3e7   Thumb Code     0  startup_stm32f4xx.o(.text)
    OTG_HS_EP1_OUT_IRQHandler                0x0800c3e7   Thumb Code     0  startup_stm32f4xx.o(.text)
    OTG_HS_IRQHandler                        0x0800c3e7   Thumb Code     0  startup_stm32f4xx.o(.text)
    OTG_HS_WKUP_IRQHandler                   0x0800c3e7   Thumb Code     0  startup_stm32f4xx.o(.text)
    PVD_IRQHandler                           0x0800c3e7   Thumb Code     0  startup_stm32f4xx.o(.text)
    RCC_IRQHandler                           0x0800c3e7   Thumb Code     0  startup_stm32f4xx.o(.text)
    RTC_Alarm_IRQHandler                     0x0800c3e7   Thumb Code     0  startup_stm32f4xx.o(.text)
    RTC_WKUP_IRQHandler                      0x0800c3e7   Thumb Code     0  startup_stm32f4xx.o(.text)
    SDIO_IRQHandler                          0x0800c3e7   Thumb Code     0  startup_stm32f4xx.o(.text)
    SPI1_IRQHandler                          0x0800c3e7   Thumb Code     0  startup_stm32f4xx.o(.text)
    SPI2_IRQHandler                          0x0800c3e7   Thumb Code     0  startup_stm32f4xx.o(.text)
    SPI3_IRQHandler                          0x0800c3e7   Thumb Code     0  startup_stm32f4xx.o(.text)
    TAMP_STAMP_IRQHandler                    0x0800c3e7   Thumb Code     0  startup_stm32f4xx.o(.text)
    TIM1_BRK_TIM9_IRQHandler                 0x0800c3e7   Thumb Code     0  startup_stm32f4xx.o(.text)
    TIM1_CC_IRQHandler                       0x0800c3e7   Thumb Code     0  startup_stm32f4xx.o(.text)
    TIM1_TRG_COM_TIM11_IRQHandler            0x0800c3e7   Thumb Code     0  startup_stm32f4xx.o(.text)
    TIM1_UP_TIM10_IRQHandler                 0x0800c3e7   Thumb Code     0  startup_stm32f4xx.o(.text)
    TIM2_IRQHandler                          0x0800c3e7   Thumb Code     0  startup_stm32f4xx.o(.text)
    TIM3_IRQHandler                          0x0800c3e7   Thumb Code     0  startup_stm32f4xx.o(.text)
    TIM4_IRQHandler                          0x0800c3e7   Thumb Code     0  startup_stm32f4xx.o(.text)
    TIM5_IRQHandler                          0x0800c3e7   Thumb Code     0  startup_stm32f4xx.o(.text)
    TIM6_DAC_IRQHandler                      0x0800c3e7   Thumb Code     0  startup_stm32f4xx.o(.text)
    TIM7_IRQHandler                          0x0800c3e7   Thumb Code     0  startup_stm32f4xx.o(.text)
    TIM8_BRK_TIM12_IRQHandler                0x0800c3e7   Thumb Code     0  startup_stm32f4xx.o(.text)
    TIM8_CC_IRQHandler                       0x0800c3e7   Thumb Code     0  startup_stm32f4xx.o(.text)
    TIM8_TRG_COM_TIM14_IRQHandler            0x0800c3e7   Thumb Code     0  startup_stm32f4xx.o(.text)
    TIM8_UP_TIM13_IRQHandler                 0x0800c3e7   Thumb Code     0  startup_stm32f4xx.o(.text)
    WWDG_IRQHandler                          0x0800c3e7   Thumb Code     0  startup_stm32f4xx.o(.text)
    __aeabi_memcpy                           0x0800c3f1   Thumb Code    36  memcpya.o(.text)
    __aeabi_memcpy4                          0x0800c3f1   Thumb Code     0  memcpya.o(.text)
    __aeabi_memcpy8                          0x0800c3f1   Thumb Code     0  memcpya.o(.text)
    __aeabi_memset                           0x0800c415   Thumb Code    14  memseta.o(.text)
    __aeabi_memset4                          0x0800c415   Thumb Code     0  memseta.o(.text)
    __aeabi_memset8                          0x0800c415   Thumb Code     0  memseta.o(.text)
    __aeabi_memclr                           0x0800c423   Thumb Code     4  memseta.o(.text)
    __aeabi_memclr4                          0x0800c423   Thumb Code     0  memseta.o(.text)
    __aeabi_memclr8                          0x0800c423   Thumb Code     0  memseta.o(.text)
    _memset$wrapper                          0x0800c427   Thumb Code    18  memseta.o(.text)
    strcat                                   0x0800c439   Thumb Code    24  strcat.o(.text)
    strncpy                                  0x0800c451   Thumb Code    24  strncpy.o(.text)
    strlen                                   0x0800c469   Thumb Code    14  strlen.o(.text)
    strcmp                                   0x0800c477   Thumb Code    28  strcmp.o(.text)
    memcmp                                   0x0800c493   Thumb Code    26  memcmp.o(.text)
    strncmp                                  0x0800c4ad   Thumb Code    30  strncmp.o(.text)
    __aeabi_i2d                              0x0800c4cb   Thumb Code    34  dflti.o(.text)
    __aeabi_ui2d                             0x0800c4ed   Thumb Code    26  dfltui.o(.text)
    __aeabi_cdcmpeq                          0x0800c509   Thumb Code     0  cdcmple.o(.text)
    __aeabi_cdcmple                          0x0800c509   Thumb Code    48  cdcmple.o(.text)
    __aeabi_cdrcmple                         0x0800c539   Thumb Code    48  cdrcmple.o(.text)
    __aeabi_uidiv                            0x0800c569   Thumb Code     0  uidiv.o(.text)
    __aeabi_uidivmod                         0x0800c569   Thumb Code    44  uidiv.o(.text)
    __aeabi_uldivmod                         0x0800c595   Thumb Code    98  uldiv.o(.text)
    __I$use$fp                               0x0800c5f7   Thumb Code     0  iusefp.o(.text)
    _double_round                            0x0800c5f7   Thumb Code    30  depilogue.o(.text)
    _double_epilogue                         0x0800c615   Thumb Code   156  depilogue.o(.text)
    __aeabi_dadd                             0x0800c6b1   Thumb Code   322  dadd.o(.text)
    __aeabi_dsub                             0x0800c7f3   Thumb Code     6  dadd.o(.text)
    __aeabi_drsub                            0x0800c7f9   Thumb Code     6  dadd.o(.text)
    __aeabi_dmul                             0x0800c7ff   Thumb Code   228  dmul.o(.text)
    __aeabi_ddiv                             0x0800c8e3   Thumb Code   222  ddiv.o(.text)
    __aeabi_d2ulz                            0x0800c9c1   Thumb Code    48  dfixul.o(.text)
    __scatterload                            0x0800c9f1   Thumb Code    28  init.o(.text)
    __scatterload_rt2                        0x0800c9f1   Thumb Code     0  init.o(.text)
    __aeabi_llsl                             0x0800ca15   Thumb Code    30  llshl.o(.text)
    _ll_shift_l                              0x0800ca15   Thumb Code     0  llshl.o(.text)
    __aeabi_llsr                             0x0800ca33   Thumb Code    32  llushr.o(.text)
    _ll_ushift_r                             0x0800ca33   Thumb Code     0  llushr.o(.text)
    __aeabi_lasr                             0x0800ca53   Thumb Code    36  llsshr.o(.text)
    _ll_sshift_r                             0x0800ca53   Thumb Code     0  llsshr.o(.text)
    __decompress                             0x0800ca77   Thumb Code     0  __dczerorl2.o(.text)
    __decompress1                            0x0800ca77   Thumb Code    86  __dczerorl2.o(.text)
    __0printf$3                              0x0800cacd   Thumb Code    22  printf3.o(i.__0printf$3)
    __1printf$3                              0x0800cacd   Thumb Code     0  printf3.o(i.__0printf$3)
    __2printf                                0x0800cacd   Thumb Code     0  printf3.o(i.__0printf$3)
    __0sprintf$3                             0x0800caed   Thumb Code    34  printf3.o(i.__0sprintf$3)
    __1sprintf$3                             0x0800caed   Thumb Code     0  printf3.o(i.__0sprintf$3)
    __2sprintf                               0x0800caed   Thumb Code     0  printf3.o(i.__0sprintf$3)
    __0vsnprintf                             0x0800cb15   Thumb Code    40  printfa.o(i.__0vsnprintf)
    __1vsnprintf                             0x0800cb15   Thumb Code     0  printfa.o(i.__0vsnprintf)
    __2vsnprintf                             0x0800cb15   Thumb Code     0  printfa.o(i.__0vsnprintf)
    __c89vsnprintf                           0x0800cb15   Thumb Code     0  printfa.o(i.__0vsnprintf)
    vsnprintf                                0x0800cb15   Thumb Code     0  printfa.o(i.__0vsnprintf)
    __scatterload_copy                       0x0800cb41   Thumb Code    14  handlers.o(i.__scatterload_copy)
    __scatterload_null                       0x0800cb4f   Thumb Code     2  handlers.o(i.__scatterload_null)
    __scatterload_zeroinit                   0x0800cb51   Thumb Code    14  handlers.o(i.__scatterload_zeroinit)
    dst_port                                 0x0800d5ea   Data           2  netconf.o(.constdata)
    file__STM32F4x7_files_logo_jpg           0x08017efc   Data          20  fs.o(.constdata)
    file__STM32F4x7_files_ST_gif             0x08017f10   Data          20  fs.o(.constdata)
    file__STM32F4x7_files_stm32_jpg          0x08017f24   Data          20  fs.o(.constdata)
    file__404_html                           0x08017f38   Data          20  fs.o(.constdata)
    file__STM32F4x7_html                     0x08017f4c   Data          20  fs.o(.constdata)
    CUSTOM_COM_TX_PIN                        0x0801859c   Data           8  custom_stm32f4_board.o(.constdata)
    CUSTOM_COM_RX_PIN                        0x080185a4   Data           8  custom_stm32f4_board.o(.constdata)
    CUSTOM_COM_TX_PIN_SOURCE                 0x080185ac   Data           8  custom_stm32f4_board.o(.constdata)
    CUSTOM_COM_RX_PIN_SOURCE                 0x080185b4   Data           8  custom_stm32f4_board.o(.constdata)
    CUSTOM_COM_TX_AF                         0x080185bc   Data           8  custom_stm32f4_board.o(.constdata)
    CUSTOM_COM_RX_AF                         0x080185c4   Data           8  custom_stm32f4_board.o(.constdata)
    CUSTOM_COM_USART_CLK                     0x080185cc   Data          16  custom_stm32f4_board.o(.constdata)
    CUSTOM_COM_TX_PORT_CLK                   0x080185dc   Data          16  custom_stm32f4_board.o(.constdata)
    CUSTOM_COM_RX_PORT_CLK                   0x080185ec   Data          16  custom_stm32f4_board.o(.constdata)
    ASCII16x24_Table                         0x08018610   Data        4560  stm32f4_discovery_lcd.o(.constdata)
    BUTTON_PORT_SOURCE                       0x080197e0   Data           1  stm32f4_discovery.o(.constdata)
    BUTTON_PIN_SOURCE                        0x080197e1   Data           1  stm32f4_discovery.o(.constdata)
    BUTTON_IRQn                              0x080197e2   Data           1  stm32f4_discovery.o(.constdata)
    BUTTON_PIN                               0x080197e4   Data           2  stm32f4_discovery.o(.constdata)
    BUTTON_EXTI_LINE                         0x080197e6   Data           2  stm32f4_discovery.o(.constdata)
    BUTTON_CLK                               0x080197e8   Data           4  stm32f4_discovery.o(.constdata)
    COM_TX_PIN                               0x080197ec   Data           4  stm32f4_discovery.o(.constdata)
    COM_RX_PIN                               0x080197f0   Data           4  stm32f4_discovery.o(.constdata)
    COM_TX_PIN_SOURCE                        0x080197f4   Data           4  stm32f4_discovery.o(.constdata)
    COM_RX_PIN_SOURCE                        0x080197f8   Data           4  stm32f4_discovery.o(.constdata)
    COM_TX_AF                                0x080197fc   Data           4  stm32f4_discovery.o(.constdata)
    COM_RX_AF                                0x08019800   Data           4  stm32f4_discovery.o(.constdata)
    GPIO_PIN                                 0x08019804   Data           8  stm32f4_discovery.o(.constdata)
    COM_USART_CLK                            0x0801980c   Data           8  stm32f4_discovery.o(.constdata)
    COM_TX_PORT_CLK                          0x08019814   Data           8  stm32f4_discovery.o(.constdata)
    COM_RX_PORT_CLK                          0x0801981c   Data           8  stm32f4_discovery.o(.constdata)
    GPIO_CLK                                 0x08019824   Data          16  stm32f4_discovery.o(.constdata)
    tcp_persist_backoff                      0x08019864   Data           7  tcp.o(.constdata)
    tcp_backoff                              0x0801986b   Data          13  tcp.o(.constdata)
    ip_addr_any                              0x08019878   Data           4  ip_addr.o(.constdata)
    ip_addr_broadcast                        0x0801987c   Data           4  ip_addr.o(.constdata)
    ethbroadcast                             0x08019880   Data           6  etharp.o(.constdata)
    ethzero                                  0x08019886   Data           6  etharp.o(.constdata)
    Region$$Table$$Base                      0x08019904   Number         0  anon$$obj.o(Region$$Table)
    Region$$Table$$Limit                     0x08019924   Number         0  anon$$obj.o(Region$$Table)
    ETH_length                               0x20000000   Data           4  main.o(.data)
    SystemCoreClock                          0x20000004   Data           4  system_stm32f4xx.o(.data)
    AHBPrescTable                            0x20000008   Data          16  system_stm32f4xx.o(.data)
    pcb                                      0x20000018   Data           4  netconf.o(.data)
    dst_addr                                 0x2000001c   Data           4  netconf.o(.data)
    p                                        0x20000020   Data           4  netconf.o(.data)
    EthInitStatus                            0x20000024   Data           4  stm32f4x7_eth_bsp.o(.data)
    nPageHits                                0x20000028   Data           4  httpserver-netconn.o(.data)
    CUSTOM_COM_USART                         0x2000002c   Data          16  custom_stm32f4_board.o(.data)
    CUSTOM_COM_TX_PORT                       0x2000003c   Data          16  custom_stm32f4_board.o(.data)
    CUSTOM_COM_RX_PORT                       0x2000004c   Data          16  custom_stm32f4_board.o(.data)
    TM_USART1                                0x2000005c   Data          16  tm_stm32f4_usart.o(.data)
    TM_USART2                                0x2000006c   Data          16  tm_stm32f4_usart.o(.data)
    TM_USART3                                0x2000007c   Data          16  tm_stm32f4_usart.o(.data)
    TM_UART4                                 0x2000008c   Data          16  tm_stm32f4_usart.o(.data)
    TM_UART5                                 0x2000009c   Data          16  tm_stm32f4_usart.o(.data)
    TM_USART6                                0x200000ac   Data          16  tm_stm32f4_usart.o(.data)
    Font16x24                                0x200000f4   Data           8  stm32f4_discovery_lcd.o(.data)
    BUTTON_PORT                              0x200000fc   Data           4  stm32f4_discovery.o(.data)
    COM_USART                                0x20000100   Data           8  stm32f4_discovery.o(.data)
    COM_TX_PORT                              0x20000108   Data           8  stm32f4_discovery.o(.data)
    COM_RX_PORT                              0x20000110   Data           8  stm32f4_discovery.o(.data)
    GPIO_PORT                                0x20000118   Data          16  stm32f4_discovery.o(.data)
    DMATxDescToSet                           0x20000138   Data           4  stm32f4x7_eth.o(.data)
    DMARxDescToGet                           0x2000013c   Data           4  stm32f4x7_eth.o(.data)
    DMA_RX_FRAME_infos                       0x20000140   Data           4  stm32f4x7_eth.o(.data)
    udp_pcbs                                 0x20000154   Data           4  udp.o(.data)
    netif_list                               0x2000016c   Data           4  netif.o(.data)
    netif_default                            0x20000170   Data           4  netif.o(.data)
    tcp_ticks                                0x20000180   Data           4  tcp.o(.data)
    tcp_bound_pcbs                           0x20000184   Data           4  tcp.o(.data)
    tcp_listen_pcbs                          0x20000188   Data           4  tcp.o(.data)
    tcp_active_pcbs                          0x2000018c   Data           4  tcp.o(.data)
    tcp_tw_pcbs                              0x20000190   Data           4  tcp.o(.data)
    tcp_tmp_pcb                              0x20000194   Data           4  tcp.o(.data)
    tcp_state_str                            0x20000198   Data          44  tcp.o(.data)
    tcp_input_pcb                            0x200001dc   Data           4  tcp_in.o(.data)
    current_netif                            0x200001e8   Data           4  ip.o(.data)
    current_header                           0x200001ec   Data           4  ip.o(.data)
    s_xSemaphore                             0x200001f8   Data           4  ethernetif.o(.data)
    pxCurrentTCB                             0x20000204   Data           4  tasks.o(.data)
    __stdout                                 0x2000026c   Data           4  stdout.o(.data)
    USART_InitStructure                      0x20000270   Data          16  main.o(.bss)
    xnetif                                   0x20000280   Data          56  netconf.o(.bss)
    fs_memory                                0x200002b8   Data         240  fs.o(.bss)
    TM_USART1_Buffer                         0x200003a8   Data          32  tm_stm32f4_usart.o(.bss)
    TM_USART2_Buffer                         0x200003c8   Data          32  tm_stm32f4_usart.o(.bss)
    TM_USART3_Buffer                         0x200003e8   Data          32  tm_stm32f4_usart.o(.bss)
    TM_UART4_Buffer                          0x20000408   Data          32  tm_stm32f4_usart.o(.bss)
    TM_UART5_Buffer                          0x20000428   Data          32  tm_stm32f4_usart.o(.bss)
    TM_USART6_Buffer                         0x20000448   Data          32  tm_stm32f4_usart.o(.bss)
    DMARxDscrTab                             0x200004bc   Data         160  stm32f4x7_eth.o(.bss)
    DMATxDscrTab                             0x2000055c   Data         160  stm32f4x7_eth.o(.bss)
    Rx_Buff                                  0x200005fc   Data        7620  stm32f4x7_eth.o(.bss)
    Tx_Buff                                  0x200023c0   Data        7620  stm32f4x7_eth.o(.bss)
    RX_Frame_Descriptor                      0x20004184   Data          12  stm32f4x7_eth.o(.bss)
    __initial_sp                             0x20010130   Data           0  startup_stm32f4xx.o(STACK)



==============================================================================

Memory Map of the image

  Image Entry point : 0x08000189

  Load Region LR_IROM1 (Base: 0x08000000, Size: 0x00019b94, Max: 0x00100000, ABSOLUTE, COMPRESSED[0x000199e0])

    Execution Region ER_IROM1 (Exec base: 0x08000000, Load base: 0x08000000, Size: 0x00019924, Max: 0x00100000, ABSOLUTE)

    Exec Addr    Load Addr    Size         Type   Attr      Idx    E Section Name        Object

    0x08000000   0x08000000   0x00000188   Data   RO         1542    RESET               startup_stm32f4xx.o
    0x08000188   0x08000188   0x00000000   Code   RO         1547  * .ARM.Collect$$$$00000000  mc_w.l(entry.o)
    0x08000188   0x08000188   0x00000004   Code   RO         1837    .ARM.Collect$$$$00000001  mc_w.l(entry2.o)
    0x0800018c   0x0800018c   0x00000004   Code   RO         1840    .ARM.Collect$$$$00000004  mc_w.l(entry5.o)
    0x08000190   0x08000190   0x00000000   Code   RO         1842    .ARM.Collect$$$$00000008  mc_w.l(entry7b.o)
    0x08000190   0x08000190   0x00000000   Code   RO         1844    .ARM.Collect$$$$0000000A  mc_w.l(entry8b.o)
    0x08000190   0x08000190   0x00000008   Code   RO         1845    .ARM.Collect$$$$0000000B  mc_w.l(entry9a.o)
    0x08000198   0x08000198   0x00000000   Code   RO         1847    .ARM.Collect$$$$0000000D  mc_w.l(entry10a.o)
    0x08000198   0x08000198   0x00000000   Code   RO         1849    .ARM.Collect$$$$0000000F  mc_w.l(entry11a.o)
    0x08000198   0x08000198   0x00000004   Code   RO         1838    .ARM.Collect$$$$00002712  mc_w.l(entry2.o)
    0x0800019c   0x0800019c   0x00000088   Code   RO         1507    .emb_text           port.o
    0x08000224   0x08000224   0x0000024c   Code   RO            2    .text               main.o
    0x08000470   0x08000470   0x00000184   Code   RO          294    .text               system_stm32f4xx.o
    0x080005f4   0x080005f4   0x00000050   Code   RO          316    .text               stm32f4xx_it.o
    0x08000644   0x08000644   0x00000118   Code   RO          349    .text               netconf.o
    0x0800075c   0x0800075c   0x00000248   Code   RO          408    .text               stm32f4x7_eth_bsp.o
    0x080009a4   0x080009a4   0x000000dc   Code   RO          426    .text               fs.o
    0x08000a80   0x08000a80   0x000003e8   Code   RO          460    .text               httpserver-netconn.o
    0x08000e68   0x08000e68   0x0000017c   Code   RO          487    .text               custom_stm32f4_board.o
    0x08000fe4   0x08000fe4   0x00000214   Code   RO          508    .text               tm_stm32f4_dma.o
    0x080011f8   0x080011f8   0x000006e0   Code   RO          530    .text               tm_stm32f4_usart.o
    0x080018d8   0x080018d8   0x0000018c   Code   RO          555    .text               tm_stm32f4_usart_dma.o
    0x08001a64   0x08001a64   0x000002c0   Code   RO          577    .text               tm_stm32f4_gpio.o
    0x08001d24   0x08001d24   0x00000e0c   Code   RO          595    .text               stm32f4_discovery_lcd.o
    0x08002b30   0x08002b30   0x0000043c   Code   RO          627    .text               stm32f4_discovery.o
    0x08002f6c   0x08002f6c   0x000000ec   Code   RO          648    .text               stm32f4xx_exti.o
    0x08003058   0x08003058   0x000004b4   Code   RO          664    .text               stm32f4xx_fsmc.o
    0x0800350c   0x0800350c   0x00000224   Code   RO          680    .text               stm32f4xx_gpio.o
    0x08003730   0x08003730   0x00000434   Code   RO          696    .text               stm32f4xx_rcc.o
    0x08003b64   0x08003b64   0x000001bc   Code   RO          714    .text               stm32f4xx_sdio.o
    0x08003d20   0x08003d20   0x00000070   Code   RO          730    .text               stm32f4xx_syscfg.o
    0x08003d90   0x08003d90   0x000003b4   Code   RO          746    .text               stm32f4xx_usart.o
    0x08004144   0x08004144   0x000000bc   Code   RO          762    .text               misc.o
    0x08004200   0x08004200   0x00000344   Code   RO          794    .text               stm32f4xx_dma.o
    0x08004544   0x08004544   0x00000bb0   Code   RO          810    .text               stm32f4x7_eth.o
    0x080050f4   0x080050f4   0x000002f8   Code   RO          834    .text               api_lib.o
    0x080053ec   0x080053ec   0x00000948   Code   RO          865    .text               api_msg.o
    0x08005d34   0x08005d34   0x0000014c   Code   RO          895    .text               netbuf.o
    0x08005e80   0x08005e80   0x00000324   Code   RO          928    .text               tcpip.o
    0x080061a4   0x080061a4   0x0000038c   Code   RO          975    .text               udp.o
    0x08006530   0x08006530   0x0000001c   Code   RO         1016    .text               init.o
    0x0800654c   0x0800654c   0x00000290   Code   RO         1045    .text               mem.o
    0x080067dc   0x080067dc   0x00000088   Code   RO         1060    .text               memp.o
    0x08006864   0x08006864   0x0000019c   Code   RO         1089    .text               netif.o
    0x08006a00   0x08006a00   0x0000043e   Code   RO         1111    .text               pbuf.o
    0x08006e3e   0x08006e3e   0x00000002   PAD
    0x08006e40   0x08006e40   0x00000170   Code   RO         1123    .text               raw.o
    0x08006fb0   0x08006fb0   0x000001f4   Code   RO         1143    .text               sys.o
    0x080071a4   0x080071a4   0x0000095c   Code   RO         1164    .text               tcp.o
    0x08007b00   0x08007b00   0x00000da8   Code   RO         1185    .text               tcp_in.o
    0x080088a8   0x080088a8   0x0000091e   Code   RO         1205    .text               tcp_out.o
    0x080091c6   0x080091c6   0x00000002   PAD
    0x080091c8   0x080091c8   0x00000e24   Code   RO         1223    .text               dhcp.o
    0x08009fec   0x08009fec   0x00000330   Code   RO         1236    .text               autoip.o
    0x0800a31c   0x0800a31c   0x000001b2   Code   RO         1251    .text               icmp.o
    0x0800a4ce   0x0800a4ce   0x00000002   PAD
    0x0800a4d0   0x0800a4d0   0x000001b0   Code   RO         1269    .text               inet.o
    0x0800a680   0x0800a680   0x00000114   Code   RO         1282    .text               inet_chksum.o
    0x0800a794   0x0800a794   0x000002e4   Code   RO         1294    .text               ip.o
    0x0800aa78   0x0800aa78   0x0000003e   Code   RO         1312    .text               ip_addr.o
    0x0800aab6   0x0800aab6   0x00000002   PAD
    0x0800aab8   0x0800aab8   0x000005b8   Code   RO         1341    .text               etharp.o
    0x0800b070   0x0800b070   0x0000023c   Code   RO         1377    .text               ethernetif.o
    0x0800b2ac   0x0800b2ac   0x000001fc   Code   RO         1409    .text               sys_arch.o
    0x0800b4a8   0x0800b4a8   0x0000008c   Code   RO         1452    .text               list.o
    0x0800b534   0x0800b534   0x0000048a   Code   RO         1470    .text               queue.o
    0x0800b9be   0x0800b9be   0x00000002   PAD
    0x0800b9c0   0x0800b9c0   0x00000874   Code   RO         1485    .text               tasks.o
    0x0800c234   0x0800c234   0x000000a0   Code   RO         1508    .text               port.o
    0x0800c2d4   0x0800c2d4   0x000000f8   Code   RO         1525    .text               heap_2.o
    0x0800c3cc   0x0800c3cc   0x00000024   Code   RO         1543    .text               startup_stm32f4xx.o
    0x0800c3f0   0x0800c3f0   0x00000024   Code   RO         1550    .text               mc_w.l(memcpya.o)
    0x0800c414   0x0800c414   0x00000024   Code   RO         1552    .text               mc_w.l(memseta.o)
    0x0800c438   0x0800c438   0x00000018   Code   RO         1554    .text               mc_w.l(strcat.o)
    0x0800c450   0x0800c450   0x00000018   Code   RO         1556    .text               mc_w.l(strncpy.o)
    0x0800c468   0x0800c468   0x0000000e   Code   RO         1558    .text               mc_w.l(strlen.o)
    0x0800c476   0x0800c476   0x0000001c   Code   RO         1560    .text               mc_w.l(strcmp.o)
    0x0800c492   0x0800c492   0x0000001a   Code   RO         1562    .text               mc_w.l(memcmp.o)
    0x0800c4ac   0x0800c4ac   0x0000001e   Code   RO         1564    .text               mc_w.l(strncmp.o)
    0x0800c4ca   0x0800c4ca   0x00000022   Code   RO         1829    .text               mf_w.l(dflti.o)
    0x0800c4ec   0x0800c4ec   0x0000001a   Code   RO         1831    .text               mf_w.l(dfltui.o)
    0x0800c506   0x0800c506   0x00000002   PAD
    0x0800c508   0x0800c508   0x00000030   Code   RO         1833    .text               mf_w.l(cdcmple.o)
    0x0800c538   0x0800c538   0x00000030   Code   RO         1835    .text               mf_w.l(cdrcmple.o)
    0x0800c568   0x0800c568   0x0000002c   Code   RO         1852    .text               mc_w.l(uidiv.o)
    0x0800c594   0x0800c594   0x00000062   Code   RO         1854    .text               mc_w.l(uldiv.o)
    0x0800c5f6   0x0800c5f6   0x00000000   Code   RO         1856    .text               mc_w.l(iusefp.o)
    0x0800c5f6   0x0800c5f6   0x000000ba   Code   RO         1857    .text               mf_w.l(depilogue.o)
    0x0800c6b0   0x0800c6b0   0x0000014e   Code   RO         1859    .text               mf_w.l(dadd.o)
    0x0800c7fe   0x0800c7fe   0x000000e4   Code   RO         1861    .text               mf_w.l(dmul.o)
    0x0800c8e2   0x0800c8e2   0x000000de   Code   RO         1863    .text               mf_w.l(ddiv.o)
    0x0800c9c0   0x0800c9c0   0x00000030   Code   RO         1865    .text               mf_w.l(dfixul.o)
    0x0800c9f0   0x0800c9f0   0x00000024   Code   RO         1867    .text               mc_w.l(init.o)
    0x0800ca14   0x0800ca14   0x0000001e   Code   RO         1869    .text               mc_w.l(llshl.o)
    0x0800ca32   0x0800ca32   0x00000020   Code   RO         1871    .text               mc_w.l(llushr.o)
    0x0800ca52   0x0800ca52   0x00000024   Code   RO         1873    .text               mc_w.l(llsshr.o)
    0x0800ca76   0x0800ca76   0x00000056   Code   RO         1883    .text               mc_w.l(__dczerorl2.o)
    0x0800cacc   0x0800cacc   0x00000020   Code   RO         1657    i.__0printf$3       mc_w.l(printf3.o)
    0x0800caec   0x0800caec   0x00000028   Code   RO         1659    i.__0sprintf$3      mc_w.l(printf3.o)
    0x0800cb14   0x0800cb14   0x0000002c   Code   RO         1806    i.__0vsnprintf      mc_w.l(printfa.o)
    0x0800cb40   0x0800cb40   0x0000000e   Code   RO         1877    i.__scatterload_copy  mc_w.l(handlers.o)
    0x0800cb4e   0x0800cb4e   0x00000002   Code   RO         1878    i.__scatterload_null  mc_w.l(handlers.o)
    0x0800cb50   0x0800cb50   0x0000000e   Code   RO         1879    i.__scatterload_zeroinit  mc_w.l(handlers.o)
    0x0800cb5e   0x0800cb5e   0x00000002   PAD
    0x0800cb60   0x0800cb60   0x00000184   Code   RO         1808    i._fp_digits        mc_w.l(printfa.o)
    0x0800cce4   0x0800cce4   0x000001b8   Code   RO         1664    i._printf_core      mc_w.l(printf3.o)
    0x0800ce9c   0x0800ce9c   0x000006dc   Code   RO         1809    i._printf_core      mc_w.l(printfa.o)
    0x0800d578   0x0800d578   0x00000024   Code   RO         1810    i._printf_post_padding  mc_w.l(printfa.o)
    0x0800d59c   0x0800d59c   0x0000002e   Code   RO         1811    i._printf_pre_padding  mc_w.l(printfa.o)
    0x0800d5ca   0x0800d5ca   0x00000016   Code   RO         1812    i._snputc           mc_w.l(printfa.o)
    0x0800d5e0   0x0800d5e0   0x0000000a   Code   RO         1666    i._sputc            mc_w.l(printf3.o)
    0x0800d5ea   0x0800d5ea   0x00000002   Data   RO          351    .constdata          netconf.o
    0x0800d5ec   0x0800d5ec   0x00000c57   Data   RO          428    .constdata          fs.o
    0x0800e243   0x0800e243   0x00000aba   Data   RO          429    .constdata          fs.o
    0x0800ecfd   0x0800ecfd   0x0000665d   Data   RO          430    .constdata          fs.o
    0x0801535a   0x0801535a   0x000004db   Data   RO          431    .constdata          fs.o
    0x08015835   0x08015835   0x000026c4   Data   RO          432    .constdata          fs.o
    0x08017ef9   0x08017ef9   0x00000003   PAD
    0x08017efc   0x08017efc   0x00000014   Data   RO          433    .constdata          fs.o
    0x08017f10   0x08017f10   0x00000014   Data   RO          434    .constdata          fs.o
    0x08017f24   0x08017f24   0x00000014   Data   RO          435    .constdata          fs.o
    0x08017f38   0x08017f38   0x00000014   Data   RO          436    .constdata          fs.o
    0x08017f4c   0x08017f4c   0x00000014   Data   RO          437    .constdata          fs.o
    0x08017f60   0x08017f60   0x0000063c   Data   RO          461    .constdata          httpserver-netconn.o
    0x0801859c   0x0801859c   0x00000060   Data   RO          488    .constdata          custom_stm32f4_board.o
    0x080185fc   0x080185fc   0x00000014   Data   RO          509    .constdata          tm_stm32f4_dma.o
    0x08018610   0x08018610   0x000011d0   Data   RO          596    .constdata          stm32f4_discovery_lcd.o
    0x080197e0   0x080197e0   0x00000054   Data   RO          628    .constdata          stm32f4_discovery.o
    0x08019834   0x08019834   0x00000030   Data   RO         1062    .constdata          memp.o
    0x08019864   0x08019864   0x00000014   Data   RO         1165    .constdata          tcp.o
    0x08019878   0x08019878   0x00000004   Data   RO         1313    .constdata          ip_addr.o
    0x0801987c   0x0801987c   0x00000004   Data   RO         1314    .constdata          ip_addr.o
    0x08019880   0x08019880   0x0000000c   Data   RO         1343    .constdata          etharp.o
    0x0801988c   0x0801988c   0x00000075   Data   RO         1166    .conststring        tcp.o
    0x08019901   0x08019901   0x00000003   PAD
    0x08019904   0x08019904   0x00000020   Data   RO         1875    Region$$Table       anon$$obj.o


    Execution Region RW_IRAM1 (Exec base: 0x20000000, Load base: 0x08019924, Size: 0x00010130, Max: 0x00020000, ABSOLUTE, COMPRESSED[0x000000bc])

    Exec Addr    Load Addr    Size         Type   Attr      Idx    E Section Name        Object

    0x20000000   COMPRESSED   0x00000004   Data   RW            5    .data               main.o
    0x20000004   COMPRESSED   0x00000014   Data   RW          295    .data               system_stm32f4xx.o
    0x20000018   COMPRESSED   0x00000008   Data   RW          353    .data               netconf.o
    0x20000020   COMPRESSED   0x00000004   Data   RW          354    .data               netconf.o
    0x20000024   COMPRESSED   0x00000004   Data   RW          409    .data               stm32f4x7_eth_bsp.o
    0x20000028   COMPRESSED   0x00000004   Data   RW          462    .data               httpserver-netconn.o
    0x2000002c   COMPRESSED   0x00000030   Data   RW          489    .data               custom_stm32f4_board.o
    0x2000005c   COMPRESSED   0x00000060   Data   RW          537    .data               tm_stm32f4_usart.o
    0x200000bc   COMPRESSED   0x00000030   Data   RW          557    .data               tm_stm32f4_usart_dma.o
    0x200000ec   COMPRESSED   0x00000010   Data   RW          600    .data               stm32f4_discovery_lcd.o
    0x200000fc   COMPRESSED   0x0000002c   Data   RW          629    .data               stm32f4_discovery.o
    0x20000128   COMPRESSED   0x00000010   Data   RW          697    .data               stm32f4xx_rcc.o
    0x20000138   COMPRESSED   0x0000000c   Data   RW          816    .data               stm32f4x7_eth.o
    0x20000144   COMPRESSED   0x00000010   Data   RW          929    .data               tcpip.o
    0x20000154   COMPRESSED   0x00000004   Data   RW          976    .data               udp.o
    0x20000158   COMPRESSED   0x00000010   Data   RW         1047    .data               mem.o
    0x20000168   COMPRESSED   0x0000000c   Data   RW         1090    .data               netif.o
    0x20000174   COMPRESSED   0x00000004   Data   RW         1124    .data               raw.o
    0x20000178   COMPRESSED   0x0000004c   Data   RW         1167    .data               tcp.o
    0x200001c4   COMPRESSED   0x0000001c   Data   RW         1187    .data               tcp_in.o
    0x200001e0   COMPRESSED   0x00000004   Data   RW         1224    .data               dhcp.o
    0x200001e4   COMPRESSED   0x0000000c   Data   RW         1295    .data               ip.o
    0x200001f0   COMPRESSED   0x00000001   Data   RW         1344    .data               etharp.o
    0x200001f1   COMPRESSED   0x00000003   PAD
    0x200001f4   COMPRESSED   0x0000000c   Data   RW         1378    .data               ethernetif.o
    0x20000200   COMPRESSED   0x00000002   Data   RW         1411    .data               sys_arch.o
    0x20000202   COMPRESSED   0x00000002   PAD
    0x20000204   COMPRESSED   0x0000004c   Data   RW         1487    .data               tasks.o
    0x20000250   COMPRESSED   0x00000004   Data   RW         1509    .data               port.o
    0x20000254   COMPRESSED   0x00000018   Data   RW         1527    .data               heap_2.o
    0x2000026c   COMPRESSED   0x00000004   Data   RW         1851    .data               mc_w.l(stdout.o)
    0x20000270        -       0x00000010   Zero   RW            3    .bss                main.o
    0x20000280        -       0x00000038   Zero   RW          350    .bss                netconf.o
    0x200002b8        -       0x000000f0   Zero   RW          427    .bss                fs.o
    0x200003a8        -       0x00000020   Zero   RW          531    .bss                tm_stm32f4_usart.o
    0x200003c8        -       0x00000020   Zero   RW          532    .bss                tm_stm32f4_usart.o
    0x200003e8        -       0x00000020   Zero   RW          533    .bss                tm_stm32f4_usart.o
    0x20000408        -       0x00000020   Zero   RW          534    .bss                tm_stm32f4_usart.o
    0x20000428        -       0x00000020   Zero   RW          535    .bss                tm_stm32f4_usart.o
    0x20000448        -       0x00000020   Zero   RW          536    .bss                tm_stm32f4_usart.o
    0x20000468        -       0x0000003c   Zero   RW          556    .bss                tm_stm32f4_usart_dma.o
    0x200004a4        -       0x00000016   Zero   RW          578    .bss                tm_stm32f4_gpio.o
    0x200004ba   COMPRESSED   0x00000002   PAD
    0x200004bc        -       0x000000a0   Zero   RW          811    .bss                stm32f4x7_eth.o
    0x2000055c        -       0x000000a0   Zero   RW          812    .bss                stm32f4x7_eth.o
    0x200005fc        -       0x00001dc4   Zero   RW          813    .bss                stm32f4x7_eth.o
    0x200023c0        -       0x00001dc4   Zero   RW          814    .bss                stm32f4x7_eth.o
    0x20004184        -       0x0000000c   Zero   RW          815    .bss                stm32f4x7_eth.o
    0x20004190        -       0x00001414   Zero   RW         1046    .bss                mem.o
    0x200055a4        -       0x00002b83   Zero   RW         1061    .bss                memp.o
    0x20008127   COMPRESSED   0x00000001   PAD
    0x20008128        -       0x00000014   Zero   RW         1186    .bss                tcp_in.o
    0x2000813c        -       0x00000010   Zero   RW         1270    .bss                inet.o
    0x2000814c        -       0x000000a0   Zero   RW         1342    .bss                etharp.o
    0x200081ec        -       0x00000030   Zero   RW         1410    .bss                sys_arch.o
    0x2000821c        -       0x0000010e   Zero   RW         1486    .bss                tasks.o
    0x2000832a   COMPRESSED   0x00000006   PAD
    0x20008330        -       0x00003c00   Zero   RW         1526    .bss                heap_2.o
    0x2000bf30        -       0x00004200   Zero   RW         1540    STACK               startup_stm32f4xx.o


==============================================================================

Image component sizes


      Code (inc. data)   RO Data    RW Data    ZI Data      Debug   Object Name

       760         44          0          0          0      18155   api_lib.o
      2376         32          0          0          0       9403   api_msg.o
       816         32          0          0          0       4690   autoip.o
       380         20         96         48          0       2568   custom_stm32f4_board.o
      3620         48          0          4          0      12877   dhcp.o
      1464         24         12          1        160       9502   etharp.o
       572         56          0         12          0       4090   ethernetif.o
       220         10      43377          0        240       5113   fs.o
       248         10          0         24      15360       3860   heap_2.o
      1000        464       1596          4          0       8508   httpserver-netconn.o
       434          0          0          0          0       2791   icmp.o
       432         12          0          0         16       3404   inet.o
       276          0          0          0          0       2898   inet_chksum.o
        28          0          0          0          0       1971   init.o
       740         14          0         12          0       6582   ip.o
        62          0          8          0          0       5977   ip_addr.o
       140          0          0          0          0       3505   list.o
       588        100          0          4         16     390950   main.o
       656         10          0         16       5140       4278   mem.o
       136          8         48          0      11139       2774   memp.o
       188         14          0          0          0       2193   misc.o
       332          0          0          0          0       3485   netbuf.o
       280         32          2         12         56       8831   netconf.o
       412         12          0         12          0       5860   netif.o
      1086          0          0          0          0       6088   pbuf.o
       296         24          0          4          0       2841   port.o
      1162          0          0          0          0       8229   queue.o
       368          4          0          4          0       3989   raw.o
        36          8        392          0      16896        816   startup_stm32f4xx.o
      1084         30         84         44          0       5259   stm32f4_discovery.o
      3596         46       4560         16          0      15074   stm32f4_discovery_lcd.o
      2992         90          0         12      15572      21288   stm32f4x7_eth.o
       584         64          0          4          0       1985   stm32f4x7_eth_bsp.o
       836         34          0          0          0       7113   stm32f4xx_dma.o
       236         10          0          0          0       2679   stm32f4xx_exti.o
      1204          8          0          0          0       6255   stm32f4xx_fsmc.o
       548         36          0          0          0       4677   stm32f4xx_gpio.o
        80          4          0          0          0       2753   stm32f4xx_it.o
      1076         44          0         16          0      12023   stm32f4xx_rcc.o
       444         16          0          0          0       7620   stm32f4xx_sdio.o
       112         16          0          0          0       1679   stm32f4xx_syscfg.o
       948         24          0          0          0       8708   stm32f4xx_usart.o
       500          6          0          0          0       3696   sys.o
       508         10          0          2         48       5746   sys_arch.o
       388         36          0         20          0       1995   system_stm32f4xx.o
      2164         62          0         76        270      13937   tasks.o
      2396         46        137         76          0      18920   tcp.o
      3496         66          0         28         20      14144   tcp_in.o
      2334         12          0          0          0       7866   tcp_out.o
       804         58          0         16          0      15701   tcpip.o
       532         18         20          0          0      24009   tm_stm32f4_dma.o
       704         14          0          0         22       5520   tm_stm32f4_gpio.o
      1760         80          0         96        192       9403   tm_stm32f4_usart.o
       396         40          0         48         60       4099   tm_stm32f4_usart_dma.o
       908         10          0          4          0      14463   udp.o

    ----------------------------------------------------------------------
     49748       1858      50370        620      65216     782840   Object Totals
         0          0         32          0          0          0   (incl. Generated)
        10          0          6          5          9          0   (incl. Padding)

    ----------------------------------------------------------------------

      Code (inc. data)   RO Data    RW Data    ZI Data      Debug   Library Member Name

        86          0          0          0          0          0   __dczerorl2.o
         0          0          0          0          0          0   entry.o
         0          0          0          0          0          0   entry10a.o
         0          0          0          0          0          0   entry11a.o
         8          4          0          0          0          0   entry2.o
         4          0          0          0          0          0   entry5.o
         0          0          0          0          0          0   entry7b.o
         0          0          0          0          0          0   entry8b.o
         8          4          0          0          0          0   entry9a.o
        30          0          0          0          0          0   handlers.o
        36          8          0          0          0         68   init.o
         0          0          0          0          0          0   iusefp.o
        30          0          0          0          0         68   llshl.o
        36          0          0          0          0         68   llsshr.o
        32          0          0          0          0         68   llushr.o
        26          0          0          0          0         80   memcmp.o
        36          0          0          0          0         68   memcpya.o
        36          0          0          0          0        108   memseta.o
       522         20          0          0          0        336   printf3.o
      2292         84          0          0          0        516   printfa.o
         0          0          0          4          0          0   stdout.o
        24          0          0          0          0         68   strcat.o
        28          0          0          0          0         76   strcmp.o
        14          0          0          0          0         68   strlen.o
        30          0          0          0          0         80   strncmp.o
        24          0          0          0          0         76   strncpy.o
        44          0          0          0          0         80   uidiv.o
        98          0          0          0          0         92   uldiv.o
        48          0          0          0          0         68   cdcmple.o
        48          0          0          0          0         68   cdrcmple.o
       334          0          0          0          0        148   dadd.o
       222          0          0          0          0        100   ddiv.o
       186          0          0          0          0        176   depilogue.o
        48          0          0          0          0         68   dfixul.o
        34          0          0          0          0         76   dflti.o
        26          0          0          0          0         76   dfltui.o
       228          0          0          0          0         96   dmul.o

    ----------------------------------------------------------------------
      4622        120          0          4          0       2796   Library Totals
         4          0          0          0          0          0   (incl. Padding)

    ----------------------------------------------------------------------

      Code (inc. data)   RO Data    RW Data    ZI Data      Debug   Library Name

      3444        120          0          4          0       1920   mc_w.l
      1174          0          0          0          0        876   mf_w.l

    ----------------------------------------------------------------------
      4622        120          0          4          0       2796   Library Totals

    ----------------------------------------------------------------------

==============================================================================


      Code (inc. data)   RO Data    RW Data    ZI Data      Debug   

     54370       1978      50370        624      65216     778432   Grand Totals
     54370       1978      50370        188      65216     778432   ELF Image Totals (compressed)
     54370       1978      50370        188          0          0   ROM Totals

==============================================================================

    Total RO  Size (Code + RO Data)               104740 ( 102.29kB)
    Total RW  Size (RW Data + ZI Data)             65840 (  64.30kB)
    Total ROM Size (Code + RO Data + RW Data)     104928 ( 102.47kB)

==============================================================================

